[16:51:04] Taxonomy from cache: 96 specializations
[16:51:07] Loaded 115 cities from parallel/cities-1.txt
[16:51:07] 96 specializations x 115 cities = 11040 pairs
[16:51:07] 11040 remaining; roughly 121440 requests at ~0.3s apart = ~607 min
[16:51:07] [1/11040] אורתופדיה @ א לובאן
[16:51:18]     58 total, 58 rows over 9 page(s)
[16:51:18] [2/11040] אורתופדיה @ אבו כף אום בטין
[16:51:30]     43 total, 43 rows over 7 page(s)
[16:51:30] [3/11040] אורתופדיה @ אדמית
[16:51:42]     71 total, 71 rows over 11 page(s)
[16:51:42] [4/11040] אורתופדיה @ אום אל קוטוף
[16:52:04]     128 total, 128 rows over 19 page(s)
[16:52:04] [5/11040] אורתופדיה @ אחיהוד
[16:52:20]     91 total, 91 rows over 14 page(s)
[16:52:20] [6/11040] אורתופדיה @ איכתאבא
[16:52:34]     89 total, 89 rows over 13 page(s)
[16:52:34] [7/11040] אורתופדיה @ אל חדב
[16:52:52]     63 total, 63 rows over 10 page(s)
[16:52:52] [8/11040] אורתופדיה @ אניעם
[16:53:08]     98 total, 98 rows over 15 page(s)
[16:53:08] [9/11040] אורתופדיה @ ארגמן
[16:53:16]     50 total, 50 rows over 8 page(s)
[16:53:16] [10/11040] אורתופדיה @ אשחר
[16:53:31]     91 total, 91 rows over 14 page(s)
[16:53:31] [11/11040] אורתופדיה @ באר טוביה
[16:53:39]     37 total, 37 rows over 6 page(s)
[16:53:39] [12/11040] אורתופדיה @ בורגתה
[16:53:55]     89 total, 89 rows over 13 page(s)
[16:53:55] [13/11040] אורתופדיה @ בידיה
[16:54:04]     58 total, 58 rows over 9 page(s)
[16:54:04] [14/11040] אורתופדיה @ בלפוריה
[16:54:27]     146 total, 139 rows over 21 page(s)  (MISSING 7)
[16:54:27] [15/11040] אורתופדיה @ בני עי''ש
[16:54:35]     37 total, 37 rows over 6 page(s)
[16:54:35] [16/11040] אורתופדיה @ ברדלה
[16:54:43]     50 total, 50 rows over 8 page(s)
[16:54:43] [17/11040] אורתופדיה @ בת ים
[16:54:56]     69 total, 69 rows over 10 page(s)
[16:54:56] [18/11040] אורתופדיה @ גאליה
[16:55:14]     97 total, 97 rows over 14 page(s)
[16:55:14] [19/11040] אורתופדיה @ גבעות עדן
[16:55:22]     50 total, 50 rows over 8 page(s)
[16:55:22] [20/11040] אורתופדיה @ גיאה
[16:55:35]     47 total, 47 rows over 7 page(s)
[16:55:35] [21/11040] אורתופדיה @ גלאון
[16:55:49]     47 total, 47 rows over 7 page(s)
[16:55:49] [22/11040] אורתופדיה @ גני מודיעין
[16:56:03]     73 total, 73 rows over 11 page(s)
[16:56:03] [23/11040] אורתופדיה @ גת
[16:56:18]     47 total, 47 rows over 7 page(s)
[16:56:18] [24/11040] אורתופדיה @ דהרייה
[16:56:37]     63 total, 63 rows over 10 page(s)
[16:56:37] [25/11040] אורתופדיה @ דייר אל אסד
[16:56:56]     116 total, 116 rows over 17 page(s)
[16:56:56] [26/11040] אורתופדיה @ דליה
[16:57:15]     116 total, 116 rows over 17 page(s)
[16:57:15] [27/11040] אורתופדיה @ הגושרים
[16:57:31]     98 total, 98 rows over 15 page(s)
[16:57:31] [28/11040] אורתופדיה @ החותרים
[16:57:50]     116 total, 116 rows over 17 page(s)
[16:57:50] [29/11040] אורתופדיה @ הראל
[16:57:59]     50 total, 50 rows over 8 page(s)
[16:57:59] [30/11040] אורתופדיה @ זבארגה
[16:58:11]     43 total, 43 rows over 7 page(s)
[16:58:11] [31/11040] אורתופדיה @ זכרון יעקב
[16:58:34]     128 total, 128 rows over 19 page(s)
[16:58:34] [32/11040] אורתופדיה @ ח'אן יונס
[16:58:52]     63 total, 63 rows over 10 page(s)
[16:58:52] [33/11040] אורתופדיה @ חד נס
[16:59:09]     98 total, 98 rows over 15 page(s)
[16:59:09] [34/11040] אורתופדיה @ חוסנייה
[16:59:24]     91 total, 91 rows over 14 page(s)
[16:59:24] [35/11040] אורתופדיה @ חלץ
[16:59:37]     47 total, 47 rows over 7 page(s)
[16:59:37] [36/11040] אורתופדיה @ חפץ חיים
[16:59:45]     37 total, 37 rows over 6 page(s)
[16:59:45] [37/11040] אורתופדיה @ חריש
[17:00:07]     128 total, 128 rows over 19 page(s)
[17:00:07] [38/11040] אורתופדיה @ טייבה
[17:00:22]     89 total, 89 rows over 13 page(s)
[17:00:22] [39/11040] אורתופדיה @ טללים
[17:00:35]     43 total, 43 rows over 7 page(s)
[17:00:35] [40/11040] אורתופדיה @ יאסוף
[17:00:46]     58 total, 58 rows over 9 page(s)
[17:00:46] [41/11040] אורתופדיה @ יד השמונה
[17:00:53]     50 total, 50 rows over 8 page(s)
[17:00:53] [42/11040] אורתופדיה @ יודפת
[17:01:08]     91 total, 91 rows over 14 page(s)
[17:01:08] [43/11040] אורתופדיה @ ינון
[17:01:17]     37 total, 37 rows over 6 page(s)
[17:01:17] [44/11040] אורתופדיה @ יפית
[17:01:25]     50 total, 50 rows over 8 page(s)
[17:01:25] [45/11040] אורתופדיה @ ירדנה
[17:01:48]     146 total, 139 rows over 21 page(s)  (MISSING 7)
[17:01:48] [46/11040] אורתופדיה @ יתד
[17:02:02]     47 total, 47 rows over 7 page(s)
[17:02:02] [47/11040] אורתופדיה @ כוכב יאיר
[17:02:25]     130 total, 130 rows over 19 page(s)
[17:02:25] [48/11040] אורתופדיה @ כיסופים
[17:02:39]     47 total, 47 rows over 7 page(s)
[17:02:39] [49/11040] אורתופדיה @ כנות
[17:02:48]     37 total, 37 rows over 6 page(s)
[17:02:48] [50/11040] אורתופדיה @ כפר אחים
[17:03:03]     73 total, 73 rows over 11 page(s)
[17:03:03] [51/11040] אורתופדיה @ כרם יבנה
[17:03:12]     37 total, 37 rows over 6 page(s)
[17:03:12] [52/11040] אורתופדיה @ להב
[17:03:30]     63 total, 63 rows over 10 page(s)
[17:03:30] [53/11040] אורתופדיה @ לימן
[17:03:42]     71 total, 71 rows over 11 page(s)
[17:03:42] [54/11040] אורתופדיה @ מבוא חמה
[17:03:59]     98 total, 98 rows over 15 page(s)
[17:03:59] [55/11040] אורתופדיה @ מג'דל שמס
[17:04:15]     98 total, 98 rows over 15 page(s)
[17:04:15] [56/11040] אורתופדיה @ מודיעין מכבים רעות
[17:04:27]     61 total, 61 rows over 9 page(s)
[17:04:27] [57/11040] אורתופדיה @ מזאריע א נובאני
[17:04:37]     58 total, 58 rows over 9 page(s)
[17:04:37] [58/11040] אורתופדיה @ מטולה
[17:04:54]     98 total, 98 rows over 15 page(s)
[17:04:54] [59/11040] אורתופדיה @ מישר
[17:05:02]     37 total, 37 rows over 6 page(s)
[17:05:02] [60/11040] אורתופדיה @ מנוחה
[17:05:17]     47 total, 47 rows over 7 page(s)
[17:05:17] [61/11040] אורתופדיה @ מסיליה
[17:05:32]     89 total, 89 rows over 13 page(s)
[17:05:32] [62/11040] אורתופדיה @ מעון
[17:05:46]     47 total, 47 rows over 7 page(s)
[17:05:46] [63/11040] אורתופדיה @ מפעלי גרנות
[17:06:01]     89 total, 89 rows over 13 page(s)
[17:06:01] [64/11040] אורתופדיה @ מצפה אבי''ב
[17:06:16]     91 total, 91 rows over 14 page(s)
[17:06:16] [65/11040] אורתופדיה @ מרחב עם
[17:06:28]     43 total, 43 rows over 7 page(s)
[17:06:28] [66/11040] אורתופדיה @ משואה
[17:06:36]     50 total, 50 rows over 8 page(s)
[17:06:36] [67/11040] אורתופדיה @ נאות הכיכר
[17:06:48]     43 total, 43 rows over 7 page(s)
[17:06:48] [68/11040] אורתופדיה @ נהורה
[17:07:02]     47 total, 47 rows over 7 page(s)
[17:07:02] [69/11040] אורתופדיה @ נווה איתן
[17:07:25]     146 total, 139 rows over 21 page(s)  (MISSING 7)
[17:07:25] [70/11040] אורתופדיה @ נחלה
[17:07:40]     47 total, 47 rows over 7 page(s)
[17:07:40] [71/11040] אורתופדיה @ נטעים
[17:07:57]     97 total, 97 rows over 14 page(s)
[17:07:57] [72/11040] אורתופדיה @ ניצני עוז
[17:08:12]     89 total, 89 rows over 13 page(s)
[17:08:12] [73/11040] אורתופדיה @ נען
[17:08:24]     61 total, 61 rows over 9 page(s)
[17:08:24] [74/11040] אורתופדיה @ נתיבות
[17:08:42]     63 total, 63 rows over 10 page(s)
[17:08:42] [75/11040] אורתופדיה @ סואעד חמרייה
[17:09:02]     116 total, 116 rows over 17 page(s)
[17:09:02] [76/11040] אורתופדיה @ סילואד
[17:09:10]     50 total, 50 rows over 8 page(s)
[17:09:10] [77/11040] אורתופדיה @ סמוע
[17:09:28]     63 total, 63 rows over 10 page(s)
[17:09:28] [78/11040] אורתופדיה @ ספסופה
[17:09:44]     98 total, 98 rows over 15 page(s)
[17:09:44] [79/11040] אורתופדיה @ עבסאן אל כביר
[17:10:02]     63 total, 63 rows over 10 page(s)
[17:10:02] [80/11040] אורתופדיה @ עוורתא
[17:10:17]     89 total, 89 rows over 13 page(s)
[17:10:17] [81/11040] אורתופדיה @ עזון
[17:10:32]     89 total, 89 rows over 13 page(s)
[17:10:32] [82/11040] אורתופדיה @ עטרת
[17:10:40]     50 total, 50 rows over 8 page(s)
[17:10:40] [83/11040] אורתופדיה @ עין גדי
[17:10:48]     50 total, 50 rows over 8 page(s)
[17:10:48] [84/11040] אורתופדיה @ עמינדב
[17:10:56]     50 total, 50 rows over 8 page(s)
[17:10:56] [85/11040] אורתופדיה @ ענזה
[17:11:10]     89 total, 89 rows over 13 page(s)
[17:11:10] [86/11040] אורתופדיה @ עקרבה
[17:11:19]     50 total, 50 rows over 8 page(s)
[17:11:19] [87/11040] אורתופדיה @ ערערה בנגב
[17:11:31]     43 total, 43 rows over 7 page(s)
[17:11:31] [88/11040] אורתופדיה @ פארק תעשיות ראם
[17:11:45]     73 total, 73 rows over 11 page(s)
[17:11:45] [89/11040] אורתופדיה @ פורת
[17:12:00]     89 total, 89 rows over 13 page(s)
[17:12:00] [90/11040] אורתופדיה @ פסוטה
[17:12:12]     71 total, 71 rows over 11 page(s)
[17:12:12] [91/11040] אורתופדיה @ פרח'ה
[17:12:22]     58 total, 58 rows over 9 page(s)
[17:12:22] [92/11040] אורתופדיה @ צוחר
[17:12:37]     47 total, 47 rows over 7 page(s)
[17:12:37] [93/11040] אורתופדיה @ צלפון
[17:12:45]     50 total, 50 rows over 8 page(s)
[17:12:45] [94/11040] אורתופדיה @ קבלאן
[17:12:53]     50 total, 50 rows over 8 page(s)
[17:12:53] [95/11040] אורתופדיה @ קודייראת א צאנה
[17:13:06]     43 total, 43 rows over 7 page(s)
[17:13:06] [96/11040] אורתופדיה @ קירה
[17:13:16]     58 total, 58 rows over 9 page(s)
[17:13:16] [97/11040] אורתופדיה @ קצרין
[17:13:32]     98 total, 98 rows over 15 page(s)
[17:13:32] [98/11040] אורתופדיה @ קרית חינוך שדות נגב
[17:13:49]     63 total, 63 rows over 10 page(s)
[17:13:49] [99/11040] אורתופדיה @ ראפאת ליד סמוע
[17:14:08]     63 total, 63 rows over 10 page(s)
[17:14:08] [100/11040] אורתופדיה @ רווחה
[17:14:22]     47 total, 47 rows over 7 page(s)
[17:14:22] [101/11040] אורתופדיה @ רחובות
[17:14:40]     97 total, 97 rows over 14 page(s)
[17:14:40] [102/11040] אורתופדיה @ רמון
[17:14:47]     50 total, 50 rows over 8 page(s)
[17:14:47] [103/11040] אורתופדיה @ רעים
[17:15:01]     47 total, 47 rows over 7 page(s)
[17:15:01] [104/11040] אורתופדיה @ שבי ציון
[17:15:13]     71 total, 71 rows over 11 page(s)
[17:15:13] [105/11040] אורתופדיה @ שדה ורבורג
[17:15:35]     130 total, 130 rows over 19 page(s)
[17:15:35] [106/11040] אורתופדיה @ שומרה
[17:15:46]     71 total, 71 rows over 11 page(s)
[17:15:46] [107/11040] אורתופדיה @ שיבטה
[17:16:05]     63 total, 63 rows over 10 page(s)
[17:16:05] [108/11040] אורתופדיה @ שלוחות
[17:16:29]     146 total, 139 rows over 21 page(s)  (MISSING 7)
[17:16:29] [109/11040] אורתופדיה @ שעב
[17:16:45]     91 total, 91 rows over 14 page(s)
[17:16:45] [110/11040] אורתופדיה @ שפר
[17:17:01]     98 total, 98 rows over 15 page(s)
[17:17:01] [111/11040] אורתופדיה @ תאשור
[17:17:19]     63 total, 63 rows over 10 page(s)
[17:17:19] [112/11040] אורתופדיה @ תירוש
[17:17:28]     37 total, 37 rows over 6 page(s)
[17:17:28] [113/11040] אורתופדיה @ תל קציר
[17:17:43]     98 total, 98 rows over 15 page(s)
[17:17:43] [114/11040] אורתופדיה @ תעשיון תמ''ד
[17:18:01]     63 total, 63 rows over 10 page(s)
[17:18:01] [115/11040] אורתופדיה @ תרקומיא
[17:18:09]     50 total, 50 rows over 8 page(s)
[17:18:09] [116/11040] אף אוזן גרון @ א לובאן
[17:18:16]     38 total, 38 rows over 6 page(s)
[17:18:16] [117/11040] אף אוזן גרון @ אבו כף אום בטין
[17:18:28]     47 total, 47 rows over 7 page(s)
[17:18:28] [118/11040] אף אוזן גרון @ אדמית
[17:18:35]     38 total, 38 rows over 6 page(s)
[17:18:35] [119/11040] אף אוזן גרון @ אום אל קוטוף
[17:18:51]     92 total, 92 rows over 14 page(s)
[17:18:51] [120/11040] אף אוזן גרון @ אחיהוד
[17:19:00]     55 total, 55 rows over 8 page(s)
[17:19:00] [121/11040] אף אוזן גרון @ איכתאבא
[17:19:11]     67 total, 67 rows over 10 page(s)
[17:19:11] [122/11040] אף אוזן גרון @ אל חדב
[17:19:26]     63 total, 63 rows over 10 page(s)
[17:19:26] [123/11040] אף אוזן גרון @ אניעם
[17:19:36]     59 total, 59 rows over 9 page(s)
[17:19:36] [124/11040] אף אוזן גרון @ ארגמן
[17:19:43]     42 total, 42 rows over 7 page(s)
[17:19:43] [125/11040] אף אוזן גרון @ אשחר
[17:19:52]     55 total, 55 rows over 8 page(s)
[17:19:52] [126/11040] אף אוזן גרון @ באר טוביה
[17:19:57]     27 total, 27 rows over 4 page(s)
[17:19:57] [127/11040] אף אוזן גרון @ בורגתה
[17:20:09]     67 total, 67 rows over 10 page(s)
[17:20:09] [128/11040] אף אוזן גרון @ בידיה
[17:20:17]     38 total, 38 rows over 6 page(s)
[17:20:17] [129/11040] אף אוזן גרון @ בלפוריה
[17:20:32]     95 total, 95 rows over 14 page(s)
[17:20:32] [130/11040] אף אוזן גרון @ בני עי''ש
[17:20:37]     27 total, 27 rows over 4 page(s)
[17:20:37] [131/11040] אף אוזן גרון @ ברדלה
[17:20:44]     42 total, 42 rows over 7 page(s)
[17:20:44] [132/11040] אף אוזן גרון @ בת ים
[17:20:53]     49 total, 49 rows over 8 page(s)
[17:20:53] [133/11040] אף אוזן גרון @ גאליה
[17:21:05]     62 total, 62 rows over 9 page(s)
[17:21:05] [134/11040] אף אוזן גרון @ גבעות עדן
[17:21:12]     42 total, 42 rows over 7 page(s)
[17:21:12] [135/11040] אף אוזן גרון @ גיאה
[17:21:23]     41 total, 41 rows over 6 page(s)
[17:21:23] [136/11040] אף אוזן גרון @ גלאון
[17:21:33]     41 total, 41 rows over 6 page(s)
[17:21:33] [137/11040] אף אוזן גרון @ גני מודיעין
[17:21:42]     44 total, 44 rows over 7 page(s)
[17:21:42] [138/11040] אף אוזן גרון @ גת
[17:21:53]     41 total, 41 rows over 6 page(s)
[17:21:53] [139/11040] אף אוזן גרון @ דהרייה
[17:22:08]     63 total, 63 rows over 10 page(s)
[17:22:08] [140/11040] אף אוזן גרון @ דייר אל אסד
[17:22:21]     77 total, 77 rows over 12 page(s)
[17:22:21] [141/11040] אף אוזן גרון @ דליה
[17:22:36]     82 total, 82 rows over 12 page(s)
[17:22:36] [142/11040] אף אוזן גרון @ הגושרים
[17:22:46]     59 total, 59 rows over 9 page(s)
[17:22:46] [143/11040] אף אוזן גרון @ החותרים
[17:23:00]     82 total, 82 rows over 12 page(s)
[17:23:00] [144/11040] אף אוזן גרון @ הראל
[17:23:07]     42 total, 42 rows over 7 page(s)
[17:23:07] [145/11040] אף אוזן גרון @ זבארגה
[17:23:19]     47 total, 47 rows over 7 page(s)
[17:23:19] [146/11040] אף אוזן גרון @ זכרון יעקב
[17:23:35]     92 total, 92 rows over 14 page(s)
[17:23:35] [147/11040] אף אוזן גרון @ ח'אן יונס
[17:23:50]     63 total, 63 rows over 10 page(s)
[17:23:50] [148/11040] אף אוזן גרון @ חד נס
[17:24:00]     59 total, 59 rows over 9 page(s)
[17:24:00] [149/11040] אף אוזן גרון @ חוסנייה
[17:24:10]     55 total, 55 rows over 8 page(s)
[17:24:10] [150/11040] אף אוזן גרון @ חלץ
[17:24:20]     41 total, 41 rows over 6 page(s)
[17:24:20] [151/11040] אף אוזן גרון @ חפץ חיים
[17:24:27]     27 total, 27 rows over 4 page(s)
[17:24:27] [152/11040] אף אוזן גרון @ חריש
[17:24:43]     92 total, 92 rows over 14 page(s)
[17:24:43] [153/11040] אף אוזן גרון @ טייבה
[17:24:54]     67 total, 67 rows over 10 page(s)
[17:24:54] [154/11040] אף אוזן גרון @ טללים
[17:25:06]     47 total, 47 rows over 7 page(s)
[17:25:06] [155/11040] אף אוזן גרון @ יאסוף
[17:25:13]     38 total, 38 rows over 6 page(s)
[17:25:13] [156/11040] אף אוזן גרון @ יד השמונה
[17:25:21]     42 total, 42 rows over 7 page(s)
[17:25:21] [157/11040] אף אוזן גרון @ יודפת
[17:25:30]     55 total, 55 rows over 8 page(s)
[17:25:30] [158/11040] אף אוזן גרון @ ינון
[17:25:35]     27 total, 27 rows over 4 page(s)
[17:25:35] [159/11040] אף אוזן גרון @ יפית
[17:25:42]     42 total, 42 rows over 7 page(s)
[17:25:42] [160/11040] אף אוזן גרון @ ירדנה
[17:25:58]     95 total, 95 rows over 14 page(s)
[17:25:58] [161/11040] אף אוזן גרון @ יתד
[17:26:09]     41 total, 41 rows over 6 page(s)
[17:26:09] [162/11040] אף אוזן גרון @ כוכב יאיר
[17:26:25]     91 total, 91 rows over 14 page(s)
[17:26:25] [163/11040] אף אוזן גרון @ כיסופים
[17:26:37]     41 total, 41 rows over 6 page(s)
[17:26:37] [164/11040] אף אוזן גרון @ כנות
[17:26:42]     27 total, 27 rows over 4 page(s)
[17:26:42] [165/11040] אף אוזן גרון @ כפר אחים
[17:26:52]     44 total, 44 rows over 7 page(s)
[17:26:52] [166/11040] אף אוזן גרון @ כרם יבנה
[17:26:58]     27 total, 27 rows over 4 page(s)
[17:26:58] [167/11040] אף אוזן גרון @ להב
[17:27:14]     63 total, 63 rows over 10 page(s)
[17:27:14] [168/11040] אף אוזן גרון @ לימן
[17:27:21]     38 total, 38 rows over 6 page(s)
[17:27:21] [169/11040] אף אוזן גרון @ מבוא חמה
[17:27:31]     59 total, 59 rows over 9 page(s)
[17:27:31] [170/11040] אף אוזן גרון @ מג'דל שמס
[17:27:41]     59 total, 59 rows over 9 page(s)
[17:27:41] [171/11040] אף אוזן גרון @ מודיעין מכבים רעות
[17:27:48]     32 total, 32 rows over 5 page(s)
[17:27:48] [172/11040] אף אוזן גרון @ מזאריע א נובאני
[17:27:55]     38 total, 38 rows over 6 page(s)
[17:27:55] [173/11040] אף אוזן גרון @ מטולה
[17:28:05]     59 total, 59 rows over 9 page(s)
[17:28:05] [174/11040] אף אוזן גרון @ מישר
[17:28:10]     27 total, 27 rows over 4 page(s)
[17:28:10] [175/11040] אף אוזן גרון @ מנוחה
[17:28:22]     41 total, 41 rows over 6 page(s)
[17:28:22] [176/11040] אף אוזן גרון @ מסיליה
[17:28:33]     67 total, 67 rows over 10 page(s)
[17:28:33] [177/11040] אף אוזן גרון @ מעון
[17:28:43]     41 total, 41 rows over 6 page(s)
[17:28:43] [178/11040] אף אוזן גרון @ מפעלי גרנות
[17:28:54]     67 total, 67 rows over 10 page(s)
[17:28:54] [179/11040] אף אוזן גרון @ מצפה אבי''ב
[17:29:03]     55 total, 55 rows over 8 page(s)
[17:29:03] [180/11040] אף אוזן גרון @ מרחב עם
[17:29:15]     47 total, 47 rows over 7 page(s)
[17:29:15] [181/11040] אף אוזן גרון @ משואה
[17:29:22]     42 total, 42 rows over 7 page(s)
[17:29:22] [182/11040] אף אוזן גרון @ נאות הכיכר
[17:29:33]     47 total, 47 rows over 7 page(s)
[17:29:33] [183/11040] אף אוזן גרון @ נהורה
[17:29:44]     41 total, 41 rows over 6 page(s)
[17:29:44] [184/11040] אף אוזן גרון @ נווה איתן
[17:30:00]     95 total, 95 rows over 14 page(s)
[17:30:00] [185/11040] אף אוזן גרון @ נחלה
[17:30:11]     41 total, 41 rows over 6 page(s)
[17:30:11] [186/11040] אף אוזן גרון @ נטעים
[17:30:23]     62 total, 62 rows over 9 page(s)
[17:30:23] [187/11040] אף אוזן גרון @ ניצני עוז
[17:30:35]     67 total, 67 rows over 10 page(s)
[17:30:35] [188/11040] אף אוזן גרון @ נען
[17:30:41]     32 total, 32 rows over 5 page(s)
[17:30:41] [189/11040] אף אוזן גרון @ נתיבות
[17:30:57]     63 total, 63 rows over 10 page(s)
[17:30:57] [190/11040] אף אוזן גרון @ סואעד חמרייה
[17:31:12]     82 total, 82 rows over 12 page(s)
[17:31:12] [191/11040] אף אוזן גרון @ סילואד
[17:31:19]     42 total, 42 rows over 7 page(s)
[17:31:19] [192/11040] אף אוזן גרון @ סמוע
[17:31:34]     63 total, 63 rows over 10 page(s)
[17:31:34] [193/11040] אף אוזן גרון @ ספסופה
[17:31:44]     59 total, 59 rows over 9 page(s)
[17:31:44] [194/11040] אף אוזן גרון @ עבסאן אל כביר
[17:32:01]     63 total, 63 rows over 10 page(s)
[17:32:01] [195/11040] אף אוזן גרון @ עוורתא
[17:32:13]     67 total, 67 rows over 10 page(s)
[17:32:13] [196/11040] אף אוזן גרון @ עזון
[17:32:24]     67 total, 67 rows over 10 page(s)
[17:32:24] [197/11040] אף אוזן גרון @ עטרת
[17:32:31]     42 total, 42 rows over 7 page(s)
[17:32:31] [198/11040] אף אוזן גרון @ עין גדי
[17:32:38]     42 total, 42 rows over 7 page(s)
[17:32:38] [199/11040] אף אוזן גרון @ עמינדב
[17:32:45]     42 total, 42 rows over 7 page(s)
[17:32:45] [200/11040] אף אוזן גרון @ ענזה
[17:32:57]     67 total, 67 rows over 10 page(s)
[17:32:57] [201/11040] אף אוזן גרון @ עקרבה
[17:33:04]     42 total, 42 rows over 7 page(s)
[17:33:04] [202/11040] אף אוזן גרון @ ערערה בנגב
[17:33:16]     47 total, 47 rows over 7 page(s)
[17:33:16] [203/11040] אף אוזן גרון @ פארק תעשיות ראם
[17:33:25]     44 total, 44 rows over 7 page(s)
[17:33:25] [204/11040] אף אוזן גרון @ פורת
[17:33:37]     67 total, 67 rows over 10 page(s)
[17:33:37] [205/11040] אף אוזן גרון @ פסוטה
[17:33:43]     38 total, 38 rows over 6 page(s)
[17:33:43] [206/11040] אף אוזן גרון @ פרח'ה
[17:33:51]     38 total, 38 rows over 6 page(s)
[17:33:51] [207/11040] אף אוזן גרון @ צוחר
[17:34:02]     41 total, 41 rows over 6 page(s)
[17:34:02] [208/11040] אף אוזן גרון @ צלפון
[17:34:08]     42 total, 42 rows over 7 page(s)
[17:34:08] [209/11040] אף אוזן גרון @ קבלאן
[17:34:15]     42 total, 42 rows over 7 page(s)
[17:34:15] [210/11040] אף אוזן גרון @ קודייראת א צאנה
[17:34:28]     47 total, 47 rows over 7 page(s)
[17:34:28] [211/11040] אף אוזן גרון @ קירה
[17:34:35]     38 total, 38 rows over 6 page(s)
[17:34:35] [212/11040] אף אוזן גרון @ קצרין
[17:34:44]     59 total, 59 rows over 9 page(s)
[17:34:44] [213/11040] אף אוזן גרון @ קרית חינוך שדות נגב
[17:34:59]     63 total, 63 rows over 10 page(s)
[17:34:59] [214/11040] אף אוזן גרון @ ראפאת ליד סמוע
[17:35:15]     63 total, 63 rows over 10 page(s)
[17:35:15] [215/11040] אף אוזן גרון @ רווחה
[17:35:25]     41 total, 41 rows over 6 page(s)
[17:35:25] [216/11040] אף אוזן גרון @ רחובות
[17:35:36]     62 total, 62 rows over 9 page(s)
[17:35:36] [217/11040] אף אוזן גרון @ רמון
[17:35:43]     42 total, 42 rows over 7 page(s)
[17:35:43] [218/11040] אף אוזן גרון @ רעים
[17:35:54]     41 total, 41 rows over 6 page(s)
[17:35:54] [219/11040] אף אוזן גרון @ שבי ציון
[17:36:01]     38 total, 38 rows over 6 page(s)
[17:36:01] [220/11040] אף אוזן גרון @ שדה ורבורג
[17:36:17]     91 total, 91 rows over 14 page(s)
[17:36:17] [221/11040] אף אוזן גרון @ שומרה
[17:36:24]     38 total, 38 rows over 6 page(s)
[17:36:24] [222/11040] אף אוזן גרון @ שיבטה
[17:36:39]     63 total, 63 rows over 10 page(s)
[17:36:39] [223/11040] אף אוזן גרון @ שלוחות
[17:36:55]     95 total, 95 rows over 14 page(s)
[17:36:55] [224/11040] אף אוזן גרון @ שעב
[17:37:04]     55 total, 55 rows over 8 page(s)
[17:37:04] [225/11040] אף אוזן גרון @ שפר
[17:37:15]     59 total, 59 rows over 9 page(s)
[17:37:15] [226/11040] אף אוזן גרון @ תאשור
[17:37:29]     63 total, 63 rows over 10 page(s)
[17:37:29] [227/11040] אף אוזן גרון @ תירוש
[17:37:34]     27 total, 27 rows over 4 page(s)
[17:37:34] [228/11040] אף אוזן גרון @ תל קציר
[17:37:44]     59 total, 59 rows over 9 page(s)
[17:37:44] [229/11040] אף אוזן גרון @ תעשיון תמ''ד
[17:38:00]     63 total, 63 rows over 10 page(s)
[17:38:00] [230/11040] אף אוזן גרון @ תרקומיא
[17:38:07]     42 total, 42 rows over 7 page(s)
[17:38:07] [231/11040] נשים @ א לובאן
[17:38:12]     29 total, 29 rows over 5 page(s)
[17:38:12] [232/11040] נשים @ אבו כף אום בטין
[17:38:30]     112 total, 112 rows over 17 page(s)
[17:38:30] [233/11040] נשים @ אדמית
[17:38:43]     88 total, 88 rows over 13 page(s)
[17:38:43] [234/11040] נשים @ אום אל קוטוף
[17:39:07]     203 total, 139 rows over 21 page(s)  (MISSING 64)
[17:39:07] [235/11040] נשים @ אחיהוד
[17:39:27]     120 total, 120 rows over 18 page(s)
[17:39:27] [236/11040] נשים @ איכתאבא
[17:39:49]     142 total, 139 rows over 21 page(s)  (MISSING 3)
[17:39:49] [237/11040] נשים @ אל חדב
[17:40:11]     156 total, 139 rows over 21 page(s)  (MISSING 17)
[17:40:11] [238/11040] נשים @ אניעם
[17:40:24]     87 total, 87 rows over 13 page(s)
[17:40:25] [239/11040] נשים @ ארגמן
[17:40:43]     132 total, 132 rows over 19 page(s)
[17:40:43] [240/11040] נשים @ אשחר
[17:41:03]     120 total, 120 rows over 18 page(s)
[17:41:03] [241/11040] נשים @ באר טוביה
[17:41:14]     63 total, 63 rows over 10 page(s)
[17:41:14] [242/11040] נשים @ בורגתה
[17:41:36]     142 total, 139 rows over 21 page(s)  (MISSING 3)
[17:41:36] [243/11040] נשים @ בידיה
[17:41:41]     29 total, 29 rows over 5 page(s)
[17:41:41] [244/11040] נשים @ בלפוריה
[17:42:03]     176 total, 139 rows over 21 page(s)  (MISSING 37)
[17:42:03] [245/11040] נשים @ בני עי''ש
[17:42:14]     63 total, 63 rows over 10 page(s)
[17:42:14] [246/11040] נשים @ ברדלה
[17:42:33]     132 total, 132 rows over 19 page(s)
[17:42:33] [247/11040] נשים @ בת ים
[17:42:48]     99 total, 99 rows over 15 page(s)
[17:42:48] [248/11040] נשים @ גאליה
[17:43:10]     138 total, 138 rows over 20 page(s)
[17:43:10] [249/11040] נשים @ גבעות עדן
[17:43:29]     132 total, 132 rows over 19 page(s)
[17:43:29] [250/11040] נשים @ גיאה
[17:43:45]     108 total, 108 rows over 16 page(s)
[17:43:45] [251/11040] נשים @ גלאון
[17:44:01]     108 total, 108 rows over 16 page(s)
[17:44:01] [252/11040] נשים @ גני מודיעין
[17:44:20]     113 total, 113 rows over 17 page(s)
[17:44:20] [253/11040] נשים @ גת
[17:44:37]     108 total, 108 rows over 16 page(s)
[17:44:37] [254/11040] נשים @ דהרייה
[17:44:58]     156 total, 139 rows over 21 page(s)  (MISSING 17)
[17:44:58] [255/11040] נשים @ דייר אל אסד
[17:45:21]     175 total, 139 rows over 21 page(s)  (MISSING 36)
[17:45:21] [256/11040] נשים @ דליה
[17:45:44]     185 total, 139 rows over 21 page(s)  (MISSING 46)
[17:45:44] [257/11040] נשים @ הגושרים
[17:45:57]     87 total, 87 rows over 13 page(s)
[17:45:57] [258/11040] נשים @ החותרים
[17:46:21]     185 total, 139 rows over 21 page(s)  (MISSING 46)
[17:46:21] [259/11040] נשים @ הראל
[17:46:39]     132 total, 132 rows over 19 page(s)
[17:46:39] [260/11040] נשים @ זבארגה
[17:46:57]     112 total, 112 rows over 17 page(s)
[17:46:57] [261/11040] נשים @ זכרון יעקב
[17:47:19]     203 total, 139 rows over 21 page(s)  (MISSING 64)
[17:47:19] [262/11040] נשים @ ח'אן יונס
[17:47:41]     156 total, 139 rows over 21 page(s)  (MISSING 17)
[17:47:41] [263/11040] נשים @ חד נס
[17:47:55]     87 total, 87 rows over 13 page(s)
[17:47:55] [264/11040] נשים @ חוסנייה
[17:48:15]     120 total, 120 rows over 18 page(s)
[17:48:15] [265/11040] נשים @ חלץ
[17:48:32]     108 total, 108 rows over 16 page(s)
[17:48:32] [266/11040] נשים @ חפץ חיים
[17:48:43]     63 total, 63 rows over 10 page(s)
[17:48:43] [267/11040] נשים @ חריש
[17:49:06]     203 total, 139 rows over 21 page(s)  (MISSING 64)
[17:49:06] [268/11040] נשים @ טייבה
[17:49:29]     142 total, 139 rows over 21 page(s)  (MISSING 3)
[17:49:29] [269/11040] נשים @ טללים
[17:49:48]     112 total, 112 rows over 17 page(s)
[17:49:48] [270/11040] נשים @ יאסוף
[17:49:54]     29 total, 29 rows over 5 page(s)
[17:49:54] [271/11040] נשים @ יד השמונה
[17:50:13]     132 total, 132 rows over 19 page(s)
[17:50:13] [272/11040] נשים @ יודפת
[17:50:33]     120 total, 120 rows over 18 page(s)
[17:50:33] [273/11040] נשים @ ינון
[17:50:43]     63 total, 63 rows over 10 page(s)
[17:50:43] [274/11040] נשים @ יפית
[17:51:03]     132 total, 132 rows over 19 page(s)
[17:51:03] [275/11040] נשים @ ירדנה
[17:51:26]     176 total, 139 rows over 21 page(s)  (MISSING 37)
[17:51:26] [276/11040] נשים @ יתד
[17:51:44]     108 total, 108 rows over 16 page(s)
[17:51:44] [277/11040] נשים @ כוכב יאיר
[17:52:06]     189 total, 139 rows over 21 page(s)  (MISSING 50)
[17:52:06] [278/11040] נשים @ כיסופים
[17:52:23]     108 total, 108 rows over 16 page(s)
[17:52:23] [279/11040] נשים @ כנות
[17:52:34]     63 total, 63 rows over 10 page(s)
[17:52:34] [280/11040] נשים @ כפר אחים
[17:52:52]     113 total, 113 rows over 17 page(s)
[17:52:52] [281/11040] נשים @ כרם יבנה
[17:53:03]     63 total, 63 rows over 10 page(s)
[17:53:03] [282/11040] נשים @ להב
[17:53:26]     156 total, 139 rows over 21 page(s)  (MISSING 17)
[17:53:26] [283/11040] נשים @ לימן
[17:53:40]     88 total, 88 rows over 13 page(s)
[17:53:40] [284/11040] נשים @ מבוא חמה
[17:53:54]     87 total, 87 rows over 13 page(s)
[17:53:54] [285/11040] נשים @ מג'דל שמס
[17:54:08]     87 total, 87 rows over 13 page(s)
[17:54:08] [286/11040] נשים @ מודיעין מכבים רעות
[17:54:22]     88 total, 88 rows over 13 page(s)
[17:54:22] [287/11040] נשים @ מזאריע א נובאני
[17:54:28]     29 total, 29 rows over 5 page(s)
[17:54:28] [288/11040] נשים @ מטולה
[17:54:41]     87 total, 87 rows over 13 page(s)
[17:54:41] [289/11040] נשים @ מישר
[17:54:50]     63 total, 63 rows over 10 page(s)
[17:54:50] [290/11040] נשים @ מנוחה
[17:55:08]     108 total, 108 rows over 16 page(s)
[17:55:08] [291/11040] נשים @ מסיליה
[17:55:30]     142 total, 139 rows over 21 page(s)  (MISSING 3)
[17:55:30] [292/11040] נשים @ מעון
[17:55:47]     108 total, 108 rows over 16 page(s)
[17:55:47] [293/11040] נשים @ מפעלי גרנות
[17:56:09]     142 total, 139 rows over 21 page(s)  (MISSING 3)
[17:56:09] [294/11040] נשים @ מצפה אבי''ב
[17:56:29]     120 total, 120 rows over 18 page(s)
[17:56:29] [295/11040] נשים @ מרחב עם
[17:56:47]     112 total, 112 rows over 17 page(s)
[17:56:47] [296/11040] נשים @ משואה
[17:57:06]     132 total, 132 rows over 19 page(s)
[17:57:06] [297/11040] נשים @ נאות הכיכר
[17:57:24]     112 total, 112 rows over 17 page(s)
[17:57:24] [298/11040] נשים @ נהורה
[17:57:41]     108 total, 108 rows over 16 page(s)
[17:57:41] [299/11040] נשים @ נווה איתן
[17:58:05]     176 total, 139 rows over 21 page(s)  (MISSING 37)
[17:58:05] [300/11040] נשים @ נחלה
[17:58:21]     108 total, 108 rows over 16 page(s)
[17:58:21] [301/11040] נשים @ נטעים
[17:58:42]     138 total, 138 rows over 20 page(s)
[17:58:42] [302/11040] נשים @ ניצני עוז
[17:59:05]     142 total, 139 rows over 21 page(s)  (MISSING 3)
[17:59:05] [303/11040] נשים @ נען
[17:59:19]     88 total, 88 rows over 13 page(s)
[17:59:19] [304/11040] נשים @ נתיבות
[17:59:42]     156 total, 139 rows over 21 page(s)  (MISSING 17)
[17:59:42] [305/11040] נשים @ סואעד חמרייה
[18:00:06]     185 total, 139 rows over 21 page(s)  (MISSING 46)
[18:00:06] [306/11040] נשים @ סילואד
[18:00:25]     132 total, 132 rows over 19 page(s)
[18:00:25] [307/11040] נשים @ סמוע
[18:00:46]     156 total, 139 rows over 21 page(s)  (MISSING 17)
[18:00:46] [308/11040] נשים @ ספסופה
[18:01:00]     87 total, 87 rows over 13 page(s)
[18:01:00] [309/11040] נשים @ עבסאן אל כביר
[18:01:22]     156 total, 139 rows over 21 page(s)  (MISSING 17)
[18:01:22] [310/11040] נשים @ עוורתא
[18:01:44]     142 total, 139 rows over 21 page(s)  (MISSING 3)
[18:01:44] [311/11040] נשים @ עזון
[18:02:06]     142 total, 139 rows over 21 page(s)  (MISSING 3)
[18:02:06] [312/11040] נשים @ עטרת
[18:02:26]     132 total, 132 rows over 19 page(s)
[18:02:26] [313/11040] נשים @ עין גדי
[18:02:45]     132 total, 132 rows over 19 page(s)
[18:02:45] [314/11040] נשים @ עמינדב
[18:03:04]     132 total, 132 rows over 19 page(s)
[18:03:04] [315/11040] נשים @ ענזה
[18:03:26]     142 total, 139 rows over 21 page(s)  (MISSING 3)
[18:03:26] [316/11040] נשים @ עקרבה
[18:03:45]     132 total, 132 rows over 19 page(s)
[18:03:45] [317/11040] נשים @ ערערה בנגב
[18:04:03]     112 total, 112 rows over 17 page(s)
[18:04:03] [318/11040] נשים @ פארק תעשיות ראם
[18:04:22]     113 total, 113 rows over 17 page(s)
[18:04:22] [319/11040] נשים @ פורת
[18:04:44]     142 total, 139 rows over 21 page(s)  (MISSING 3)
[18:04:44] [320/11040] נשים @ פסוטה
[18:04:59]     88 total, 88 rows over 13 page(s)
[18:04:59] [321/11040] נשים @ פרח'ה
[18:05:04]     29 total, 29 rows over 5 page(s)
[18:05:04] [322/11040] נשים @ צוחר
[18:05:21]     108 total, 108 rows over 16 page(s)
[18:05:21] [323/11040] נשים @ צלפון
[18:05:40]     132 total, 132 rows over 19 page(s)
[18:05:40] [324/11040] נשים @ קבלאן
[18:05:59]     132 total, 132 rows over 19 page(s)
[18:05:59] [325/11040] נשים @ קודייראת א צאנה
[18:06:17]     112 total, 112 rows over 17 page(s)
[18:06:17] [326/11040] נשים @ קירה
[18:06:23]     29 total, 29 rows over 5 page(s)
[18:06:23] [327/11040] נשים @ קצרין
[18:06:37]     87 total, 87 rows over 13 page(s)
[18:06:37] [328/11040] נשים @ קרית חינוך שדות נגב
[18:06:58]     156 total, 139 rows over 21 page(s)  (MISSING 17)
[18:06:58] [329/11040] נשים @ ראפאת ליד סמוע
[18:07:21]     156 total, 139 rows over 21 page(s)  (MISSING 17)
[18:07:21] [330/11040] נשים @ רווחה
[18:07:39]     108 total, 108 rows over 16 page(s)
[18:07:39] [331/11040] נשים @ רחובות
[18:08:01]     138 total, 138 rows over 20 page(s)
[18:08:01] [332/11040] נשים @ רמון
[18:08:19]     132 total, 132 rows over 19 page(s)
[18:08:19] [333/11040] נשים @ רעים
[18:08:36]     108 total, 108 rows over 16 page(s)
[18:08:36] [334/11040] נשים @ שבי ציון
[18:08:51]     88 total, 88 rows over 13 page(s)
[18:08:51] [335/11040] נשים @ שדה ורבורג
[18:09:13]     189 total, 139 rows over 21 page(s)  (MISSING 50)
[18:09:13] [336/11040] נשים @ שומרה
[18:09:27]     88 total, 88 rows over 13 page(s)
[18:09:27] [337/11040] נשים @ שיבטה
[18:09:48]     156 total, 139 rows over 21 page(s)  (MISSING 17)
[18:09:48] [338/11040] נשים @ שלוחות
[18:10:11]     176 total, 139 rows over 21 page(s)  (MISSING 37)
[18:10:11] [339/11040] נשים @ שעב
[18:10:30]     120 total, 120 rows over 18 page(s)
[18:10:30] [340/11040] נשים @ שפר
[18:10:44]     87 total, 87 rows over 13 page(s)
[18:10:44] [341/11040] נשים @ תאשור
[18:11:05]     156 total, 139 rows over 21 page(s)  (MISSING 17)
[18:11:05] [342/11040] נשים @ תירוש
[18:11:16]     63 total, 63 rows over 10 page(s)
[18:11:16] [343/11040] נשים @ תל קציר
[18:11:30]     87 total, 87 rows over 13 page(s)
[18:11:30] [344/11040] נשים @ תעשיון תמ''ד
[18:11:52]     156 total, 139 rows over 21 page(s)  (MISSING 17)
[18:11:52] [345/11040] נשים @ תרקומיא
[18:12:12]     132 total, 132 rows over 19 page(s)
[18:12:12] [346/11040] עור @ א לובאן
[18:12:25]     46 total, 46 rows over 7 page(s)
[18:12:25] [347/11040] עור @ אבו כף אום בטין
[18:12:35]     34 total, 34 rows over 5 page(s)
[18:12:35] [348/11040] עור @ אדמית
[18:12:42]     38 total, 38 rows over 6 page(s)
[18:12:42] [349/11040] עור @ אום אל קוטוף
[18:12:59]     81 total, 81 rows over 12 page(s)
[18:12:59] [350/11040] עור @ אחיהוד
[18:13:09]     52 total, 52 rows over 8 page(s)
[18:13:09] [351/11040] עור @ איכתאבא
[18:13:20]     49 total, 49 rows over 8 page(s)
[18:13:20] [352/11040] עור @ אל חדב
[18:13:34]     45 total, 45 rows over 7 page(s)
[18:13:34] [353/11040] עור @ אניעם
[18:13:43]     53 total, 53 rows over 8 page(s)
[18:13:43] [354/11040] עור @ ארגמן
[18:13:51]     46 total, 46 rows over 7 page(s)
[18:13:51] [355/11040] עור @ אשחר
[18:14:01]     52 total, 52 rows over 8 page(s)
[18:14:01] [356/11040] עור @ באר טוביה
[18:14:05]     24 total, 24 rows over 4 page(s)
[18:14:05] [357/11040] עור @ בורגתה
[18:14:17]     49 total, 49 rows over 8 page(s)
[18:14:17] [358/11040] עור @ בידיה
[18:14:30]     46 total, 46 rows over 7 page(s)
[18:14:30] [359/11040] עור @ בלפוריה
[18:14:45]     85 total, 85 rows over 13 page(s)
[18:14:45] [360/11040] עור @ בני עי''ש
[18:14:50]     24 total, 24 rows over 4 page(s)
[18:14:50] [361/11040] עור @ ברדלה
[18:14:57]     46 total, 46 rows over 7 page(s)
[18:14:57] [362/11040] עור @ בת ים
[18:15:11]     47 total, 47 rows over 7 page(s)
[18:15:11] [363/11040] עור @ גאליה
[18:15:21]     52 total, 52 rows over 8 page(s)
[18:15:21] [364/11040] עור @ גבעות עדן
[18:15:28]     46 total, 46 rows over 7 page(s)
[18:15:28] [365/11040] עור @ גיאה
[18:15:41]     32 total, 32 rows over 5 page(s)
[18:15:41] [366/11040] עור @ גלאון
[18:15:52]     32 total, 32 rows over 5 page(s)
[18:15:52] [367/11040] עור @ גני מודיעין
[18:16:00]     43 total, 43 rows over 7 page(s)
[18:16:00] [368/11040] עור @ גת
[18:16:11]     32 total, 32 rows over 5 page(s)
[18:16:11] [369/11040] עור @ דהרייה
[18:16:26]     45 total, 45 rows over 7 page(s)
[18:16:26] [370/11040] עור @ דייר אל אסד
[18:16:40]     75 total, 75 rows over 11 page(s)
[18:16:40] [371/11040] עור @ דליה
[18:16:58]     79 total, 79 rows over 12 page(s)
[18:16:58] [372/11040] עור @ הגושרים
[18:17:07]     53 total, 53 rows over 8 page(s)
[18:17:07] [373/11040] עור @ החותרים
[18:17:25]     79 total, 79 rows over 12 page(s)
[18:17:25] [374/11040] עור @ הראל
[18:17:33]     46 total, 46 rows over 7 page(s)
[18:17:33] [375/11040] עור @ זבארגה
[18:17:43]     34 total, 34 rows over 5 page(s)
[18:17:43] [376/11040] עור @ זכרון יעקב
[18:18:00]     81 total, 81 rows over 12 page(s)
[18:18:00] [377/11040] עור @ ח'אן יונס
[18:18:15]     45 total, 45 rows over 7 page(s)
[18:18:15] [378/11040] עור @ חד נס
[18:18:23]     53 total, 53 rows over 8 page(s)
[18:18:23] [379/11040] עור @ חוסנייה
[18:18:34]     52 total, 52 rows over 8 page(s)
[18:18:34] [380/11040] עור @ חלץ
[18:18:45]     32 total, 32 rows over 5 page(s)
[18:18:45] [381/11040] עור @ חפץ חיים
[18:18:49]     24 total, 24 rows over 4 page(s)
[18:18:49] [382/11040] עור @ חריש
[18:19:06]     81 total, 81 rows over 12 page(s)
[18:19:06] [383/11040] עור @ טייבה
[18:19:18]     49 total, 49 rows over 8 page(s)
[18:19:18] [384/11040] עור @ טללים
[18:19:29]     34 total, 34 rows over 5 page(s)
[18:19:29] [385/11040] עור @ יאסוף
[18:19:41]     46 total, 46 rows over 7 page(s)
[18:19:41] [386/11040] עור @ יד השמונה
[18:19:49]     46 total, 46 rows over 7 page(s)
[18:19:49] [387/11040] עור @ יודפת
[18:19:59]     52 total, 52 rows over 8 page(s)
[18:19:59] [388/11040] עור @ ינון
[18:20:03]     24 total, 24 rows over 4 page(s)
[18:20:03] [389/11040] עור @ יפית
[18:20:11]     46 total, 46 rows over 7 page(s)
[18:20:11] [390/11040] עור @ ירדנה
[18:20:26]     85 total, 85 rows over 13 page(s)
[18:20:26] [391/11040] עור @ יתד
[18:20:40]     32 total, 32 rows over 5 page(s)
[18:20:40] [392/11040] עור @ כוכב יאיר
[18:21:01]     85 total, 85 rows over 13 page(s)
[18:21:01] [393/11040] עור @ כיסופים
[18:21:13]     32 total, 32 rows over 5 page(s)
[18:21:13] [394/11040] עור @ כנות
[18:21:17]     24 total, 24 rows over 4 page(s)
[18:21:17] [395/11040] עור @ כפר אחים
[18:21:25]     43 total, 43 rows over 7 page(s)
[18:21:25] [396/11040] עור @ כרם יבנה
[18:21:29]     24 total, 24 rows over 4 page(s)
[18:21:29] [397/11040] עור @ להב
[18:21:43]     45 total, 45 rows over 7 page(s)
[18:21:43] [398/11040] עור @ לימן
[18:21:50]     38 total, 38 rows over 6 page(s)
[18:21:50] [399/11040] עור @ מבוא חמה
[18:21:59]     53 total, 53 rows over 8 page(s)
[18:21:59] [400/11040] עור @ מג'דל שמס
[18:22:08]     53 total, 53 rows over 8 page(s)
[18:22:08] [401/11040] עור @ מודיעין מכבים רעות
[18:22:13]     34 total, 34 rows over 5 page(s)
[18:22:13] [402/11040] עור @ מזאריע א נובאני
[18:22:26]     46 total, 46 rows over 7 page(s)
[18:22:26] [403/11040] עור @ מטולה
[18:22:36]     53 total, 53 rows over 8 page(s)
[18:22:36] [404/11040] עור @ מישר
[18:22:40]     24 total, 24 rows over 4 page(s)
[18:22:40] [405/11040] עור @ מנוחה
[18:22:52]     32 total, 32 rows over 5 page(s)
[18:22:52] [406/11040] עור @ מסיליה
[18:23:04]     49 total, 49 rows over 8 page(s)
[18:23:04] [407/11040] עור @ מעון
[18:23:16]     32 total, 32 rows over 5 page(s)
[18:23:16] [408/11040] עור @ מפעלי גרנות
[18:23:28]     49 total, 49 rows over 8 page(s)
[18:23:28] [409/11040] עור @ מצפה אבי''ב
[18:23:38]     52 total, 52 rows over 8 page(s)
[18:23:38] [410/11040] עור @ מרחב עם
[18:23:48]     34 total, 34 rows over 5 page(s)
[18:23:48] [411/11040] עור @ משואה
[18:23:56]     46 total, 46 rows over 7 page(s)
[18:23:56] [412/11040] עור @ נאות הכיכר
[18:24:07]     34 total, 34 rows over 5 page(s)
[18:24:07] [413/11040] עור @ נהורה
[18:24:18]     32 total, 32 rows over 5 page(s)
[18:24:18] [414/11040] עור @ נווה איתן
[18:24:33]     85 total, 85 rows over 13 page(s)
[18:24:33] [415/11040] עור @ נחלה
[18:24:44]     32 total, 32 rows over 5 page(s)
[18:24:44] [416/11040] עור @ נטעים
[18:24:54]     52 total, 52 rows over 8 page(s)
[18:24:54] [417/11040] עור @ ניצני עוז
[18:25:07]     49 total, 49 rows over 8 page(s)
[18:25:07] [418/11040] עור @ נען
[18:25:13]     34 total, 34 rows over 5 page(s)
[18:25:13] [419/11040] עור @ נתיבות
[18:25:28]     45 total, 45 rows over 7 page(s)
[18:25:28] [420/11040] עור @ סואעד חמרייה
[18:25:45]     79 total, 79 rows over 12 page(s)
[18:25:45] [421/11040] עור @ סילואד
[18:25:53]     46 total, 46 rows over 7 page(s)
[18:25:53] [422/11040] עור @ סמוע
[18:26:06]     45 total, 45 rows over 7 page(s)
[18:26:06] [423/11040] עור @ ספסופה
[18:26:15]     53 total, 53 rows over 8 page(s)
[18:26:15] [424/11040] עור @ עבסאן אל כביר
[18:26:29]     45 total, 45 rows over 7 page(s)
[18:26:29] [425/11040] עור @ עוורתא
[18:26:42]     49 total, 49 rows over 8 page(s)
[18:26:42] [426/11040] עור @ עזון
[18:26:53]     49 total, 49 rows over 8 page(s)
[18:26:53] [427/11040] עור @ עטרת
[18:27:01]     46 total, 46 rows over 7 page(s)
[18:27:01] [428/11040] עור @ עין גדי
[18:27:10]     46 total, 46 rows over 7 page(s)
[18:27:10] [429/11040] עור @ עמינדב
[18:27:18]     46 total, 46 rows over 7 page(s)
[18:27:18] [430/11040] עור @ ענזה
[18:27:30]     49 total, 49 rows over 8 page(s)
[18:27:30] [431/11040] עור @ עקרבה
[18:27:38]     46 total, 46 rows over 7 page(s)
[18:27:38] [432/11040] עור @ ערערה בנגב
[18:27:49]     34 total, 34 rows over 5 page(s)
[18:27:49] [433/11040] עור @ פארק תעשיות ראם
[18:27:56]     43 total, 43 rows over 7 page(s)
[18:27:56] [434/11040] עור @ פורת
[18:28:09]     49 total, 49 rows over 8 page(s)
[18:28:09] [435/11040] עור @ פסוטה
[18:28:16]     38 total, 38 rows over 6 page(s)
[18:28:16] [436/11040] עור @ פרח'ה
[18:28:29]     46 total, 46 rows over 7 page(s)
[18:28:29] [437/11040] עור @ צוחר
[18:28:40]     32 total, 32 rows over 5 page(s)
[18:28:40] [438/11040] עור @ צלפון
[18:28:48]     46 total, 46 rows over 7 page(s)
[18:28:48] [439/11040] עור @ קבלאן
[18:28:56]     46 total, 46 rows over 7 page(s)
[18:28:56] [440/11040] עור @ קודייראת א צאנה
[18:29:06]     34 total, 34 rows over 5 page(s)
[18:29:06] [441/11040] עור @ קירה
[18:29:19]     46 total, 46 rows over 7 page(s)
[18:29:19] [442/11040] עור @ קצרין
[18:29:28]     53 total, 53 rows over 8 page(s)
[18:29:28] [443/11040] עור @ קרית חינוך שדות נגב
[18:29:42]     45 total, 45 rows over 7 page(s)
[18:29:42] [444/11040] עור @ ראפאת ליד סמוע
[18:29:56]     45 total, 45 rows over 7 page(s)
[18:29:56] [445/11040] עור @ רווחה
[18:30:09]     32 total, 32 rows over 5 page(s)
[18:30:09] [446/11040] עור @ רחובות
[18:30:19]     52 total, 52 rows over 8 page(s)
[18:30:19] [447/11040] עור @ רמון
[18:30:27]     46 total, 46 rows over 7 page(s)
[18:30:27] [448/11040] עור @ רעים
[18:30:41]     32 total, 32 rows over 5 page(s)
[18:30:41] [449/11040] עור @ שבי ציון
[18:30:48]     38 total, 38 rows over 6 page(s)
[18:30:48] [450/11040] עור @ שדה ורבורג
[18:31:09]     85 total, 85 rows over 13 page(s)
[18:31:09] [451/11040] עור @ שומרה
[18:31:16]     38 total, 38 rows over 6 page(s)
[18:31:16] [452/11040] עור @ שיבטה
[18:31:31]     45 total, 45 rows over 7 page(s)
[18:31:31] [453/11040] עור @ שלוחות
[18:31:46]     85 total, 85 rows over 13 page(s)
[18:31:46] [454/11040] עור @ שעב
[18:31:57]     52 total, 52 rows over 8 page(s)
[18:31:57] [455/11040] עור @ שפר
[18:32:06]     53 total, 53 rows over 8 page(s)
[18:32:06] [456/11040] עור @ תאשור
[18:32:21]     45 total, 45 rows over 7 page(s)
[18:32:21] [457/11040] עור @ תירוש
[18:32:26]     24 total, 24 rows over 4 page(s)
[18:32:26] [458/11040] עור @ תל קציר
[18:32:35]     53 total, 53 rows over 8 page(s)
[18:32:35] [459/11040] עור @ תעשיון תמ''ד
[18:32:48]     45 total, 45 rows over 7 page(s)
[18:32:48] [460/11040] עור @ תרקומיא
[18:32:56]     46 total, 46 rows over 7 page(s)
[18:32:56] [461/11040] עיניים @ א לובאן
[18:33:06]     59 total, 59 rows over 9 page(s)
[18:33:06] [462/11040] עיניים @ אבו כף אום בטין
[18:33:19]     51 total, 51 rows over 8 page(s)
[18:33:19] [463/11040] עיניים @ אדמית
[18:33:28]     54 total, 54 rows over 8 page(s)
[18:33:28] [464/11040] עיניים @ אום אל קוטוף
[18:33:47]     107 total, 107 rows over 16 page(s)
[18:33:47] [465/11040] עיניים @ אחיהוד
[18:34:00]     77 total, 77 rows over 12 page(s)
[18:34:00] [466/11040] עיניים @ איכתאבא
[18:34:13]     72 total, 72 rows over 11 page(s)
[18:34:13] [467/11040] עיניים @ אל חדב
[18:34:30]     71 total, 71 rows over 11 page(s)
[18:34:30] [468/11040] עיניים @ אניעם
[18:34:42]     79 total, 79 rows over 12 page(s)
[18:34:42] [469/11040] עיניים @ ארגמן
[18:34:48]     31 total, 31 rows over 5 page(s)
[18:34:48] [470/11040] עיניים @ אשחר
[18:35:00]     77 total, 77 rows over 12 page(s)
[18:35:00] [471/11040] עיניים @ באר טוביה
[18:35:08]     36 total, 36 rows over 6 page(s)
[18:35:08] [472/11040] עיניים @ בורגתה
[18:35:20]     72 total, 72 rows over 11 page(s)
[18:35:20] [473/11040] עיניים @ בידיה
[18:35:31]     59 total, 59 rows over 9 page(s)
[18:35:31] [474/11040] עיניים @ בלפוריה
[18:35:50]     125 total, 125 rows over 18 page(s)
[18:35:50] [475/11040] עיניים @ בני עי''ש
[18:35:57]     36 total, 36 rows over 6 page(s)
[18:35:57] [476/11040] עיניים @ ברדלה
[18:36:02]     31 total, 31 rows over 5 page(s)
[18:36:02] [477/11040] עיניים @ בת ים
[18:36:13]     59 total, 59 rows over 9 page(s)
[18:36:13] [478/11040] עיניים @ גאליה
[18:36:26]     73 total, 73 rows over 11 page(s)
[18:36:26] [479/11040] עיניים @ גבעות עדן
[18:36:32]     31 total, 31 rows over 5 page(s)
[18:36:32] [480/11040] עיניים @ גיאה
[18:36:45]     51 total, 51 rows over 8 page(s)
[18:36:45] [481/11040] עיניים @ גלאון
[18:36:58]     51 total, 51 rows over 8 page(s)
[18:36:58] [482/11040] עיניים @ גני מודיעין
[18:37:07]     54 total, 54 rows over 8 page(s)
[18:37:07] [483/11040] עיניים @ גת
[18:37:21]     51 total, 51 rows over 8 page(s)
[18:37:21] [484/11040] עיניים @ דהרייה
[18:37:38]     71 total, 71 rows over 11 page(s)
[18:37:38] [485/11040] עיניים @ דייר אל אסד
[18:37:57]     117 total, 117 rows over 17 page(s)
[18:37:57] [486/11040] עיניים @ דליה
[18:38:19]     122 total, 122 rows over 18 page(s)
[18:38:19] [487/11040] עיניים @ הגושרים
[18:38:33]     79 total, 79 rows over 12 page(s)
[18:38:33] [488/11040] עיניים @ החותרים
[18:38:53]     122 total, 122 rows over 18 page(s)
[18:38:53] [489/11040] עיניים @ הראל
[18:38:59]     31 total, 31 rows over 5 page(s)
[18:38:59] [490/11040] עיניים @ זבארגה
[18:39:12]     51 total, 51 rows over 8 page(s)
[18:39:12] [491/11040] עיניים @ זכרון יעקב
[18:39:30]     107 total, 107 rows over 16 page(s)
[18:39:30] [492/11040] עיניים @ ח'אן יונס
[18:39:48]     71 total, 71 rows over 11 page(s)
[18:39:48] [493/11040] עיניים @ חד נס
[18:40:01]     79 total, 79 rows over 12 page(s)
[18:40:01] [494/11040] עיניים @ חוסנייה
[18:40:14]     77 total, 77 rows over 12 page(s)
[18:40:14] [495/11040] עיניים @ חלץ
[18:40:29]     51 total, 51 rows over 8 page(s)
[18:40:29] [496/11040] עיניים @ חפץ חיים
[18:40:36]     36 total, 36 rows over 6 page(s)
[18:40:36] [497/11040] עיניים @ חריש
[18:40:55]     107 total, 107 rows over 16 page(s)
[18:40:55] [498/11040] עיניים @ טייבה
[18:41:09]     72 total, 72 rows over 11 page(s)
[18:41:09] [499/11040] עיניים @ טללים
[18:41:21]     51 total, 51 rows over 8 page(s)
[18:41:21] [500/11040] עיניים @ יאסוף
[18:41:34]     59 total, 59 rows over 9 page(s)
[18:41:34] [501/11040] עיניים @ יד השמונה
[18:41:39]     31 total, 31 rows over 5 page(s)
[18:41:39] [502/11040] עיניים @ יודפת
[18:41:53]     77 total, 77 rows over 12 page(s)
[18:41:53] [503/11040] עיניים @ ינון
[18:42:00]     36 total, 36 rows over 6 page(s)
[18:42:00] [504/11040] עיניים @ יפית
[18:42:07]     31 total, 31 rows over 5 page(s)
[18:42:07] [505/11040] עיניים @ ירדנה
[18:42:28]     125 total, 125 rows over 18 page(s)
[18:42:28] [506/11040] עיניים @ יתד
[18:42:42]     51 total, 51 rows over 8 page(s)
[18:42:42] [507/11040] עיניים @ כוכב יאיר
[18:43:05]     112 total, 112 rows over 17 page(s)
[18:43:05] [508/11040] עיניים @ כיסופים
[18:43:19]     51 total, 51 rows over 8 page(s)
[18:43:19] [509/11040] עיניים @ כנות
[18:43:26]     36 total, 36 rows over 6 page(s)
[18:43:26] [510/11040] עיניים @ כפר אחים
[18:43:36]     54 total, 54 rows over 8 page(s)
[18:43:36] [511/11040] עיניים @ כרם יבנה
[18:43:43]     36 total, 36 rows over 6 page(s)
[18:43:43] [512/11040] עיניים @ להב
[18:44:01]     71 total, 71 rows over 11 page(s)
[18:44:01] [513/11040] עיניים @ לימן
[18:44:11]     54 total, 54 rows over 8 page(s)
[18:44:11] [514/11040] עיניים @ מבוא חמה
[18:44:25]     79 total, 79 rows over 12 page(s)
[18:44:25] [515/11040] עיניים @ מג'דל שמס
[18:44:39]     79 total, 79 rows over 12 page(s)
[18:44:39] [516/11040] עיניים @ מודיעין מכבים רעות
[18:44:46]     41 total, 41 rows over 6 page(s)
[18:44:46] [517/11040] עיניים @ מזאריע א נובאני
[18:44:56]     59 total, 59 rows over 9 page(s)
[18:44:56] [518/11040] עיניים @ מטולה
[18:45:09]     79 total, 79 rows over 12 page(s)
[18:45:09] [519/11040] עיניים @ מישר
[18:45:16]     36 total, 36 rows over 6 page(s)
[18:45:16] [520/11040] עיניים @ מנוחה
[18:45:29]     51 total, 51 rows over 8 page(s)
[18:45:29] [521/11040] עיניים @ מסיליה
[18:45:42]     72 total, 72 rows over 11 page(s)
[18:45:42] [522/11040] עיניים @ מעון
[18:45:55]     51 total, 51 rows over 8 page(s)
[18:45:55] [523/11040] עיניים @ מפעלי גרנות
[18:46:15]     request error (Error), retry 1/4 in 2s
[18:46:18]     72 total, 55 rows over 9 page(s)  (MISSING 17)
[18:46:18] [524/11040] עיניים @ מצפה אבי''ב
[18:46:19]     Non-HTML payload {'errorType': 2, 'message': None, 'data_type': 'dict'} - re-warming session
[18:46:19] Establishing session (attempt 1/3) ...
  Log in in the browser window (ID, password, CAPTCHA, SMS), then press Enter... 