[16:51:04] Taxonomy from cache: 96 specializations
[16:51:07] Loaded 114 cities from parallel/cities-4.txt
[16:51:07] 96 specializations x 114 cities = 10944 pairs
[16:51:07] 10944 remaining; roughly 120384 requests at ~0.3s apart = ~602 min
[16:51:07] [1/10944] אורתופדיה @ א ראם
[16:51:16]     50 total, 50 rows over 8 page(s)
[16:51:16] [2/10944] אורתופדיה @ אבו עבדון
[16:51:29]     43 total, 43 rows over 7 page(s)
[16:51:29] [3/10944] אורתופדיה @ אודלה
[16:51:43]     89 total, 89 rows over 13 page(s)
[16:51:43] [4/10944] אורתופדיה @ אזור תעסוקה מיתרים
[16:52:01]     63 total, 63 rows over 10 page(s)
[16:52:01] [5/10944] אורתופדיה @ אחיעזר
[16:52:13]     61 total, 61 rows over 9 page(s)
[16:52:13] [6/10944] אורתופדיה @ אילניה
[16:52:28]     98 total, 98 rows over 15 page(s)
[16:52:28] [7/10944] אורתופדיה @ אל עטאונה
[16:52:41]     43 total, 43 rows over 7 page(s)
[16:52:41] [8/10944] אורתופדיה @ אעצם
[16:52:54]     43 total, 43 rows over 7 page(s)
[16:52:54] [9/10944] אורתופדיה @ אריאל
[16:53:08]     77 total, 77 rows over 12 page(s)
[16:53:08] [10/10944] אורתופדיה @ אשלים
[16:53:21]     43 total, 43 rows over 7 page(s)
[16:53:21] [11/10944] אורתופדיה @ באר שבע
[16:53:38]     63 total, 63 rows over 10 page(s)
[16:53:38] [12/10944] אורתופדיה @ בורייג'
[16:53:55]     63 total, 63 rows over 10 page(s)
[16:53:55] [13/10944] אורתופדיה @ ביענה
[16:54:09]     91 total, 91 rows over 14 page(s)
[16:54:09] [14/10944] אורתופדיה @ בני דרום
[16:54:17]     37 total, 37 rows over 6 page(s)
[16:54:17] [15/10944] אורתופדיה @ בצרה
[16:54:38]     130 total, 130 rows over 19 page(s)
[16:54:38] [16/10944] אורתופדיה @ ברוש
[16:54:56]     63 total, 63 rows over 10 page(s)
[16:54:56] [17/10944] אורתופדיה @ בתיר
[16:55:04]     50 total, 50 rows over 8 page(s)
[16:55:04] [18/10944] אורתופדיה @ גבע
[16:55:25]     146 total, 139 rows over 21 page(s)  (MISSING 7)
[16:55:25] [19/10944] אורתופדיה @ גדעונה
[16:55:47]     146 total, 139 rows over 21 page(s)  (MISSING 7)
[16:55:47] [20/10944] אורתופדיה @ גילון
[16:56:01]     91 total, 91 rows over 14 page(s)
[16:56:01] [21/10944] אורתופדיה @ גלעד
[16:56:21]     116 total, 116 rows over 17 page(s)
[16:56:21] [22/10944] אורתופדיה @ געש
[16:56:43]     130 total, 130 rows over 19 page(s)
[16:56:43] [23/10944] אורתופדיה @ דבורה
[16:57:05]     146 total, 139 rows over 21 page(s)  (MISSING 7)
[16:57:05] [24/10944] אורתופדיה @ דומא
[16:57:12]     50 total, 50 rows over 8 page(s)
[16:57:12] [25/10944] אורתופדיה @ דימונה
[16:57:24]     43 total, 43 rows over 7 page(s)
[16:57:24] [26/10944] אורתופדיה @ דנאבה
[16:57:39]     89 total, 89 rows over 13 page(s)
[16:57:39] [27/10944] אורתופדיה @ הודיה
[16:57:52]     47 total, 47 rows over 7 page(s)
[16:57:52] [28/10944] אורתופדיה @ המעפיל
[16:58:13]     128 total, 128 rows over 19 page(s)
[16:58:13] [29/10944] אורתופדיה @ הררית
[16:58:29]     91 total, 91 rows over 14 page(s)
[16:58:29] [30/10944] אורתופדיה @ זוהר
[16:58:43]     47 total, 47 rows over 7 page(s)
[16:58:43] [31/10944] אורתופדיה @ זמרת
[16:59:01]     63 total, 63 rows over 10 page(s)
[16:59:01] [32/10944] אורתופדיה @ חבצלת השרון
[16:59:15]     89 total, 89 rows over 13 page(s)
[16:59:15] [33/10944] אורתופדיה @ חוג'ייראת
[16:59:34]     116 total, 116 rows over 17 page(s)
[16:59:34] [34/10944] אורתופדיה @ חזון
[16:59:50]     98 total, 98 rows over 15 page(s)
[16:59:50] [35/10944] אורתופדיה @ חמדיה
[17:00:14]     146 total, 139 rows over 21 page(s)  (MISSING 7)
[17:00:14] [36/10944] אורתופדיה @ חצבה
[17:00:27]     43 total, 43 rows over 7 page(s)
[17:00:27] [37/10944] אורתופדיה @ חשמונאים
[17:00:38]     61 total, 61 rows over 9 page(s)
[17:00:38] [38/10944] אורתופדיה @ טירה ליד בית חורון
[17:00:45]     50 total, 50 rows over 8 page(s)
[17:00:45] [39/10944] אורתופדיה @ טמרה
[17:01:00]     91 total, 91 rows over 14 page(s)
[17:01:00] [40/10944] אורתופדיה @ יבור
[17:01:15]     91 total, 91 rows over 14 page(s)
[17:01:15] [41/10944] אורתופדיה @ יד נתן
[17:01:29]     47 total, 47 rows over 7 page(s)
[17:01:29] [42/10944] אורתופדיה @ יזרעאל
[17:01:51]     146 total, 139 rows over 21 page(s)  (MISSING 7)
[17:01:51] [43/10944] אורתופדיה @ יסעור
[17:02:07]     91 total, 91 rows over 14 page(s)
[17:02:07] [44/10944] אורתופדיה @ יצהר
[17:02:22]     89 total, 89 rows over 13 page(s)
[17:02:22] [45/10944] אורתופדיה @ ירחיב
[17:02:37]     77 total, 77 rows over 12 page(s)
[17:02:37] [46/10944] אורתופדיה @ כאבול
[17:02:51]     91 total, 91 rows over 14 page(s)
[17:02:51] [47/10944] אורתופדיה @ כופיר
[17:03:06]     89 total, 89 rows over 13 page(s)
[17:03:06] [48/10944] אורתופדיה @ כישור
[17:03:22]     91 total, 91 rows over 14 page(s)
[17:03:22] [49/10944] אורתופדיה @ כסלון
[17:03:30]     50 total, 50 rows over 8 page(s)
[17:03:30] [50/10944] אורתופדיה @ כפר בלום
[17:03:46]     98 total, 98 rows over 15 page(s)
[17:03:46] [51/10944] אורתופדיה @ כרמי יוסף
[17:03:58]     61 total, 61 rows over 9 page(s)
[17:03:58] [52/10944] אורתופדיה @ להבים
[17:04:16]     63 total, 63 rows over 10 page(s)
[17:04:16] [53/10944] אורתופדיה @ לפידות
[17:04:28]     71 total, 71 rows over 11 page(s)
[17:04:28] [54/10944] אורתופדיה @ מבואות יריחו
[17:04:36]     50 total, 50 rows over 8 page(s)
[17:04:36] [55/10944] אורתופדיה @ מגדל
[17:04:51]     98 total, 98 rows over 15 page(s)
[17:04:51] [56/10944] אורתופדיה @ מוח'מאס
[17:05:00]     50 total, 50 rows over 8 page(s)
[17:05:00] [57/10944] אורתופדיה @ מזרע
[17:05:22]     146 total, 139 rows over 21 page(s)  (MISSING 7)
[17:05:22] [58/10944] אורתופדיה @ מידיה
[17:05:36]     73 total, 73 rows over 11 page(s)
[17:05:36] [59/10944] אורתופדיה @ מכחול
[17:05:48]     43 total, 43 rows over 7 page(s)
[17:05:48] [60/10944] אורתופדיה @ מנחמיה
[17:06:04]     98 total, 98 rows over 15 page(s)
[17:06:04] [61/10944] אורתופדיה @ מסעדה
[17:06:20]     98 total, 98 rows over 15 page(s)
[17:06:20] [62/10944] אורתופדיה @ מעיין צבי
[17:06:40]     128 total, 128 rows over 19 page(s)
[17:06:40] [63/10944] אורתופדיה @ מפעלי ים המלח
[17:06:58]     63 total, 63 rows over 10 page(s)
[17:06:58] [64/10944] אורתופדיה @ מצפה נטופה
[17:07:14]     98 total, 98 rows over 15 page(s)
[17:07:14] [65/10944] אורתופדיה @ מרכז אזורי כדורי
[17:07:29]     98 total, 98 rows over 15 page(s)
[17:07:29] [66/10944] אורתופדיה @ משמר איילון
[17:07:41]     61 total, 61 rows over 9 page(s)
[17:07:41] [67/10944] אורתופדיה @ נאות סמדר
[17:07:42]     6 total, 6 rows over 1 page(s)
[17:07:42] [68/10944] אורתופדיה @ נוב
[17:07:58]     98 total, 98 rows over 15 page(s)
[17:07:58] [69/10944] אורתופדיה @ נזלה א שרקיה
[17:08:14]     89 total, 89 rows over 13 page(s)
[17:08:14] [70/10944] אורתופדיה @ נחם
[17:08:21]     50 total, 50 rows over 8 page(s)
[17:08:21] [71/10944] אורתופדיה @ נין
[17:08:43]     146 total, 139 rows over 21 page(s)  (MISSING 7)
[17:08:43] [72/10944] אורתופדיה @ נמרוד
[17:08:59]     98 total, 98 rows over 15 page(s)
[17:08:59] [73/10944] אורתופדיה @ נצר סרני
[17:09:10]     61 total, 61 rows over 9 page(s)
[17:09:10] [74/10944] אורתופדיה @ סאוויה
[17:09:18]     50 total, 50 rows over 8 page(s)
[17:09:18] [75/10944] אורתופדיה @ סוסיה
[17:09:36]     63 total, 63 rows over 10 page(s)
[17:09:36] [76/10944] אורתופדיה @ סינג'יל
[17:09:44]     50 total, 50 rows over 8 page(s)
[17:09:44] [77/10944] אורתופדיה @ סנסנה
[17:10:02]     63 total, 63 rows over 10 page(s)
[17:10:02] [78/10944] אורתופדיה @ סתריה
[17:10:14]     61 total, 61 rows over 9 page(s)
[17:10:14] [79/10944] אורתופדיה @ עג'ול
[17:10:22]     50 total, 50 rows over 8 page(s)
[17:10:22] [80/10944] אורתופדיה @ עולש
[17:10:37]     89 total, 89 rows over 13 page(s)
[17:10:37] [81/10944] אורתופדיה @ עזר
[17:10:45]     37 total, 37 rows over 6 page(s)
[17:10:45] [82/10944] אורתופדיה @ עיינות
[17:11:03]     97 total, 97 rows over 14 page(s)
[17:11:03] [83/10944] אורתופדיה @ עלי
[17:11:11]     50 total, 50 rows over 8 page(s)
[17:11:11] [84/10944] אורתופדיה @ עמיקם
[17:11:32]     128 total, 128 rows over 19 page(s)
[17:11:32] [85/10944] אורתופדיה @ עסכר
[17:11:46]     89 total, 89 rows over 13 page(s)
[17:11:46] [86/10944] אורתופדיה @ עראמשה
[17:11:58]     71 total, 71 rows over 11 page(s)
[17:11:58] [87/10944] אורתופדיה @ עתיל
[17:12:14]     89 total, 89 rows over 13 page(s)
[17:12:14] [88/10944] אורתופדיה @ פדואל
[17:12:24]     58 total, 58 rows over 9 page(s)
[17:12:24] [89/10944] אורתופדיה @ פלאמה
[17:12:39]     89 total, 89 rows over 13 page(s)
[17:12:39] [90/10944] אורתופדיה @ פקועה
[17:12:53]     89 total, 89 rows over 13 page(s)
[17:12:53] [91/10944] אורתופדיה @ פרעתה
[17:13:07]     89 total, 89 rows over 13 page(s)
[17:13:07] [92/10944] אורתופדיה @ צופית
[17:13:28]     130 total, 130 rows over 19 page(s)
[17:13:28] [93/10944] אורתופדיה @ צפרירים
[17:13:36]     50 total, 50 rows over 8 page(s)
[17:13:36] [94/10944] אורתופדיה @ קדיתא
[17:13:53]     98 total, 98 rows over 15 page(s)
[17:13:53] [95/10944] אורתופדיה @ קוסין
[17:14:07]     89 total, 89 rows over 13 page(s)
[17:14:07] [96/10944] אורתופדיה @ קלנדיה
[17:14:15]     50 total, 50 rows over 8 page(s)
[17:14:15] [97/10944] אורתופדיה @ קריות
[17:14:23]     50 total, 50 rows over 8 page(s)
[17:14:23] [98/10944] אורתופדיה @ ראבוד
[17:14:41]     63 total, 63 rows over 10 page(s)
[17:14:41] [99/10944] אורתופדיה @ רבדים
[17:14:49]     37 total, 37 rows over 6 page(s)
[17:14:49] [100/10944] אורתופדיה @ רוחמה
[17:15:03]     47 total, 47 rows over 7 page(s)
[17:15:03] [101/10944] אורתופדיה @ ריחן
[17:15:24]     128 total, 128 rows over 19 page(s)
[17:15:24] [102/10944] אורתופדיה @ רמות מאיר
[17:15:36]     61 total, 61 rows over 9 page(s)
[17:15:36] [103/10944] אורתופדיה @ רפידיה
[17:15:51]     89 total, 89 rows over 13 page(s)
[17:15:51] [104/10944] אורתופדיה @ שבתין
[17:16:01]     58 total, 58 rows over 9 page(s)
[17:16:01] [105/10944] אורתופדיה @ שדה יצחק
[17:16:22]     128 total, 128 rows over 19 page(s)
[17:16:22] [106/10944] אורתופדיה @ שוקבא
[17:16:31]     58 total, 58 rows over 9 page(s)
[17:16:31] [107/10944] אורתופדיה @ שייח' דנון
[17:16:43]     71 total, 71 rows over 11 page(s)
[17:16:43] [108/10944] אורתופדיה @ שלומציון
[17:16:51]     50 total, 50 rows over 8 page(s)
[17:16:51] [109/10944] אורתופדיה @ שער אפרים
[17:17:07]     89 total, 89 rows over 13 page(s)
[17:17:07] [110/10944] אורתופדיה @ שקף
[17:17:21]     47 total, 47 rows over 7 page(s)
[17:17:21] [111/10944] אורתופדיה @ תומר
[17:17:28]     50 total, 50 rows over 8 page(s)
[17:17:28] [112/10944] אורתופדיה @ תל אל בידה
[17:17:45]     98 total, 98 rows over 15 page(s)
[17:17:45] [113/10944] אורתופדיה @ תעוז
[17:17:53]     50 total, 50 rows over 8 page(s)
[17:17:53] [114/10944] אורתופדיה @ תפרח
[17:18:10]     63 total, 63 rows over 10 page(s)
[17:18:10] [115/10944] אף אוזן גרון @ א ראם
[17:18:17]     42 total, 42 rows over 7 page(s)
[17:18:17] [116/10944] אף אוזן גרון @ אבו עבדון
[17:18:28]     47 total, 47 rows over 7 page(s)
[17:18:28] [117/10944] אף אוזן גרון @ אודלה
[17:18:39]     67 total, 67 rows over 10 page(s)
[17:18:39] [118/10944] אף אוזן גרון @ אזור תעסוקה מיתרים
[17:18:54]     63 total, 63 rows over 10 page(s)
[17:18:54] [119/10944] אף אוזן גרון @ אחיעזר
[17:19:01]     32 total, 32 rows over 5 page(s)
[17:19:01] [120/10944] אף אוזן גרון @ אילניה
[17:19:10]     59 total, 59 rows over 9 page(s)
[17:19:10] [121/10944] אף אוזן גרון @ אל עטאונה
[17:19:23]     47 total, 47 rows over 7 page(s)
[17:19:23] [122/10944] אף אוזן גרון @ אעצם
[17:19:34]     47 total, 47 rows over 7 page(s)
[17:19:34] [123/10944] אף אוזן גרון @ אריאל
[17:19:45]     59 total, 59 rows over 9 page(s)
[17:19:45] [124/10944] אף אוזן גרון @ אשלים
[17:19:56]     47 total, 47 rows over 7 page(s)
[17:19:56] [125/10944] אף אוזן גרון @ באר שבע
[17:20:11]     63 total, 63 rows over 10 page(s)
[17:20:11] [126/10944] אף אוזן גרון @ בורייג'
[17:20:26]     63 total, 63 rows over 10 page(s)
[17:20:26] [127/10944] אף אוזן גרון @ ביענה
[17:20:35]     55 total, 55 rows over 8 page(s)
[17:20:35] [128/10944] אף אוזן גרון @ בני דרום
[17:20:41]     27 total, 27 rows over 4 page(s)
[17:20:41] [129/10944] אף אוזן גרון @ בצרה
[17:20:56]     91 total, 91 rows over 14 page(s)
[17:20:56] [130/10944] אף אוזן גרון @ ברוש
[17:21:12]     63 total, 63 rows over 10 page(s)
[17:21:12] [131/10944] אף אוזן גרון @ בתיר
[17:21:19]     42 total, 42 rows over 7 page(s)
[17:21:19] [132/10944] אף אוזן גרון @ גבע
[17:21:34]     95 total, 95 rows over 14 page(s)
[17:21:34] [133/10944] אף אוזן גרון @ גדעונה
[17:21:50]     95 total, 95 rows over 14 page(s)
[17:21:50] [134/10944] אף אוזן גרון @ גילון
[17:22:00]     55 total, 55 rows over 8 page(s)
[17:22:00] [135/10944] אף אוזן גרון @ גלעד
[17:22:14]     82 total, 82 rows over 12 page(s)
[17:22:14] [136/10944] אף אוזן גרון @ געש
[17:22:30]     91 total, 91 rows over 14 page(s)
[17:22:30] [137/10944] אף אוזן גרון @ דבורה
[17:22:46]     95 total, 95 rows over 14 page(s)
[17:22:46] [138/10944] אף אוזן גרון @ דומא
[17:22:53]     42 total, 42 rows over 7 page(s)
[17:22:53] [139/10944] אף אוזן גרון @ דימונה
[17:23:04]     47 total, 47 rows over 7 page(s)
[17:23:04] [140/10944] אף אוזן גרון @ דנאבה
[17:23:16]     67 total, 67 rows over 10 page(s)
[17:23:16] [141/10944] אף אוזן גרון @ הודיה
[17:23:27]     41 total, 41 rows over 6 page(s)
[17:23:27] [142/10944] אף אוזן גרון @ המעפיל
[17:23:43]     92 total, 92 rows over 14 page(s)
[17:23:43] [143/10944] אף אוזן גרון @ הררית
[17:23:53]     55 total, 55 rows over 8 page(s)
[17:23:53] [144/10944] אף אוזן גרון @ זוהר
[17:24:03]     41 total, 41 rows over 6 page(s)
[17:24:03] [145/10944] אף אוזן גרון @ זמרת
[17:24:19]     63 total, 63 rows over 10 page(s)
[17:24:19] [146/10944] אף אוזן גרון @ חבצלת השרון
[17:24:31]     67 total, 67 rows over 10 page(s)
[17:24:31] [147/10944] אף אוזן גרון @ חוג'ייראת
[17:24:45]     82 total, 82 rows over 12 page(s)
[17:24:45] [148/10944] אף אוזן גרון @ חזון
[17:24:54]     59 total, 59 rows over 9 page(s)
[17:24:54] [149/10944] אף אוזן גרון @ חמדיה
[17:25:11]     95 total, 95 rows over 14 page(s)
[17:25:11] [150/10944] אף אוזן גרון @ חצבה
[17:25:23]     47 total, 47 rows over 7 page(s)
[17:25:23] [151/10944] אף אוזן גרון @ חשמונאים
[17:25:29]     32 total, 32 rows over 5 page(s)
[17:25:29] [152/10944] אף אוזן גרון @ טירה ליד בית חורון
[17:25:36]     42 total, 42 rows over 7 page(s)
[17:25:36] [153/10944] אף אוזן גרון @ טמרה
[17:25:47]     55 total, 55 rows over 8 page(s)
[17:25:47] [154/10944] אף אוזן גרון @ יבור
[17:25:56]     55 total, 55 rows over 8 page(s)
[17:25:56] [155/10944] אף אוזן גרון @ יד נתן
[17:26:07]     41 total, 41 rows over 6 page(s)
[17:26:07] [156/10944] אף אוזן גרון @ יזרעאל
[17:26:23]     95 total, 95 rows over 14 page(s)
[17:26:23] [157/10944] אף אוזן גרון @ יסעור
[17:26:34]     55 total, 55 rows over 8 page(s)
[17:26:34] [158/10944] אף אוזן גרון @ יצהר
[17:26:46]     67 total, 67 rows over 10 page(s)
[17:26:46] [159/10944] אף אוזן גרון @ ירחיב
[17:26:58]     59 total, 59 rows over 9 page(s)
[17:26:58] [160/10944] אף אוזן גרון @ כאבול
[17:27:07]     55 total, 55 rows over 8 page(s)
[17:27:07] [161/10944] אף אוזן גרון @ כופיר
[17:27:18]     67 total, 67 rows over 10 page(s)
[17:27:18] [162/10944] אף אוזן גרון @ כישור
[17:27:28]     55 total, 55 rows over 8 page(s)
[17:27:28] [163/10944] אף אוזן גרון @ כסלון
[17:27:34]     42 total, 42 rows over 7 page(s)
[17:27:34] [164/10944] אף אוזן גרון @ כפר בלום
[17:27:44]     59 total, 59 rows over 9 page(s)
[17:27:44] [165/10944] אף אוזן גרון @ כרמי יוסף
[17:27:51]     32 total, 32 rows over 5 page(s)
[17:27:51] [166/10944] אף אוזן גרון @ להבים
[17:28:08]     63 total, 63 rows over 10 page(s)
[17:28:08] [167/10944] אף אוזן גרון @ לפידות
[17:28:15]     38 total, 38 rows over 6 page(s)
[17:28:15] [168/10944] אף אוזן גרון @ מבואות יריחו
[17:28:23]     42 total, 42 rows over 7 page(s)
[17:28:23] [169/10944] אף אוזן גרון @ מגדל
[17:28:33]     59 total, 59 rows over 9 page(s)
[17:28:33] [170/10944] אף אוזן גרון @ מוח'מאס
[17:28:40]     42 total, 42 rows over 7 page(s)
[17:28:40] [171/10944] אף אוזן גרון @ מזרע
[17:28:56]     95 total, 95 rows over 14 page(s)
[17:28:56] [172/10944] אף אוזן גרון @ מידיה
[17:29:05]     44 total, 44 rows over 7 page(s)
[17:29:05] [173/10944] אף אוזן גרון @ מכחול
[17:29:19]     47 total, 47 rows over 7 page(s)
[17:29:19] [174/10944] אף אוזן גרון @ מנחמיה
[17:29:29]     59 total, 59 rows over 9 page(s)
[17:29:29] [175/10944] אף אוזן גרון @ מסעדה
[17:29:41]     59 total, 59 rows over 9 page(s)
[17:29:41] [176/10944] אף אוזן גרון @ מעיין צבי
[17:29:56]     92 total, 92 rows over 14 page(s)
[17:29:56] [177/10944] אף אוזן גרון @ מפעלי ים המלח
[17:30:14]     63 total, 63 rows over 10 page(s)
[17:30:14] [178/10944] אף אוזן גרון @ מצפה נטופה
[17:30:24]     59 total, 59 rows over 9 page(s)
[17:30:24] [179/10944] אף אוזן גרון @ מרכז אזורי כדורי
[17:30:34]     59 total, 59 rows over 9 page(s)
[17:30:34] [180/10944] אף אוזן גרון @ משמר איילון
[17:30:41]     32 total, 32 rows over 5 page(s)
[17:30:41] [181/10944] אף אוזן גרון @ נאות סמדר
[17:30:42]     4 total, 4 rows over 1 page(s)
[17:30:42] [182/10944] אף אוזן גרון @ נוב
[17:30:51]     59 total, 59 rows over 9 page(s)
[17:30:51] [183/10944] אף אוזן גרון @ נזלה א שרקיה
[17:31:03]     67 total, 67 rows over 10 page(s)
[17:31:03] [184/10944] אף אוזן גרון @ נחם
[17:31:09]     42 total, 42 rows over 7 page(s)
[17:31:09] [185/10944] אף אוזן גרון @ נין
[17:31:25]     95 total, 95 rows over 14 page(s)
[17:31:25] [186/10944] אף אוזן גרון @ נמרוד
[17:31:34]     59 total, 59 rows over 9 page(s)
[17:31:34] [187/10944] אף אוזן גרון @ נצר סרני
[17:31:40]     32 total, 32 rows over 5 page(s)
[17:31:40] [188/10944] אף אוזן גרון @ סאוויה
[17:31:47]     42 total, 42 rows over 7 page(s)
[17:31:47] [189/10944] אף אוזן גרון @ סוסיה
[17:32:03]     63 total, 63 rows over 10 page(s)
[17:32:03] [190/10944] אף אוזן גרון @ סינג'יל
[17:32:10]     42 total, 42 rows over 7 page(s)
[17:32:10] [191/10944] אף אוזן גרון @ סנסנה
[17:32:25]     63 total, 63 rows over 10 page(s)
[17:32:25] [192/10944] אף אוזן גרון @ סתריה
[17:32:32]     32 total, 32 rows over 5 page(s)
[17:32:32] [193/10944] אף אוזן גרון @ עג'ול
[17:32:39]     42 total, 42 rows over 7 page(s)
[17:32:39] [194/10944] אף אוזן גרון @ עולש
[17:32:50]     67 total, 67 rows over 10 page(s)
[17:32:50] [195/10944] אף אוזן גרון @ עזר
[17:32:55]     27 total, 27 rows over 4 page(s)
[17:32:55] [196/10944] אף אוזן גרון @ עיינות
[17:33:07]     62 total, 62 rows over 9 page(s)
[17:33:07] [197/10944] אף אוזן גרון @ עלי
[17:33:13]     42 total, 42 rows over 7 page(s)
[17:33:13] [198/10944] אף אוזן גרון @ עמיקם
[17:33:29]     92 total, 92 rows over 14 page(s)
[17:33:29] [199/10944] אף אוזן גרון @ עסכר
[17:33:39]     67 total, 67 rows over 10 page(s)
[17:33:39] [200/10944] אף אוזן גרון @ עראמשה
[17:33:47]     38 total, 38 rows over 6 page(s)
[17:33:47] [201/10944] אף אוזן גרון @ עתיל
[17:33:58]     67 total, 67 rows over 10 page(s)
[17:33:58] [202/10944] אף אוזן גרון @ פדואל
[17:34:05]     38 total, 38 rows over 6 page(s)
[17:34:05] [203/10944] אף אוזן גרון @ פלאמה
[17:34:16]     67 total, 67 rows over 10 page(s)
[17:34:16] [204/10944] אף אוזן גרון @ פקועה
[17:34:27]     67 total, 67 rows over 10 page(s)
[17:34:27] [205/10944] אף אוזן גרון @ פרעתה
[17:34:39]     67 total, 67 rows over 10 page(s)
[17:34:39] [206/10944] אף אוזן גרון @ צופית
[17:34:53]     91 total, 91 rows over 14 page(s)
[17:34:53] [207/10944] אף אוזן גרון @ צפרירים
[17:35:00]     42 total, 42 rows over 7 page(s)
[17:35:00] [208/10944] אף אוזן גרון @ קדיתא
[17:35:10]     59 total, 59 rows over 9 page(s)
[17:35:10] [209/10944] אף אוזן גרון @ קוסין
[17:35:20]     67 total, 67 rows over 10 page(s)
[17:35:20] [210/10944] אף אוזן גרון @ קלנדיה
[17:35:28]     42 total, 42 rows over 7 page(s)
[17:35:28] [211/10944] אף אוזן גרון @ קריות
[17:35:35]     42 total, 42 rows over 7 page(s)
[17:35:35] [212/10944] אף אוזן גרון @ ראבוד
[17:35:50]     63 total, 63 rows over 10 page(s)
[17:35:50] [213/10944] אף אוזן גרון @ רבדים
[17:35:55]     27 total, 27 rows over 4 page(s)
[17:35:55] [214/10944] אף אוזן גרון @ רוחמה
[17:36:06]     41 total, 41 rows over 6 page(s)
[17:36:06] [215/10944] אף אוזן גרון @ ריחן
[17:36:22]     92 total, 92 rows over 14 page(s)
[17:36:22] [216/10944] אף אוזן גרון @ רמות מאיר
[17:36:29]     32 total, 32 rows over 5 page(s)
[17:36:29] [217/10944] אף אוזן גרון @ רפידיה
[17:36:39]     67 total, 67 rows over 10 page(s)
[17:36:39] [218/10944] אף אוזן גרון @ שבתין
[17:36:47]     38 total, 38 rows over 6 page(s)
[17:36:47] [219/10944] אף אוזן גרון @ שדה יצחק
[17:37:02]     92 total, 92 rows over 14 page(s)
[17:37:02] [220/10944] אף אוזן גרון @ שוקבא
[17:37:09]     38 total, 38 rows over 6 page(s)
[17:37:09] [221/10944] אף אוזן גרון @ שייח' דנון
[17:37:16]     38 total, 38 rows over 6 page(s)
[17:37:16] [222/10944] אף אוזן גרון @ שלומציון
[17:37:23]     42 total, 42 rows over 7 page(s)
[17:37:23] [223/10944] אף אוזן גרון @ שער אפרים
[17:37:33]     67 total, 67 rows over 10 page(s)
[17:37:33] [224/10944] אף אוזן גרון @ שקף
[17:37:44]     41 total, 41 rows over 6 page(s)
[17:37:44] [225/10944] אף אוזן גרון @ תומר
[17:37:51]     42 total, 42 rows over 7 page(s)
[17:37:51] [226/10944] אף אוזן גרון @ תל אל בידה
[17:38:00]     59 total, 59 rows over 9 page(s)
[17:38:00] [227/10944] אף אוזן גרון @ תעוז
[17:38:07]     42 total, 42 rows over 7 page(s)
[17:38:07] [228/10944] אף אוזן גרון @ תפרח
[17:38:21]     63 total, 63 rows over 10 page(s)
[17:38:21] [229/10944] נשים @ א ראם
[17:38:39]     132 total, 132 rows over 19 page(s)
[17:38:39] [230/10944] נשים @ אבו עבדון
[17:38:57]     112 total, 112 rows over 17 page(s)
[17:38:57] [231/10944] נשים @ אודלה
[17:39:19]     142 total, 139 rows over 21 page(s)  (MISSING 3)
[17:39:19] [232/10944] נשים @ אזור תעסוקה מיתרים
[17:39:40]     156 total, 139 rows over 21 page(s)  (MISSING 17)
[17:39:40] [233/10944] נשים @ אחיעזר
[17:39:54]     88 total, 88 rows over 13 page(s)
[17:39:54] [234/10944] נשים @ אילניה
[17:40:07]     87 total, 87 rows over 13 page(s)
[17:40:07] [235/10944] נשים @ אל עטאונה
[17:40:25]     112 total, 112 rows over 17 page(s)
[17:40:25] [236/10944] נשים @ אעצם
[17:40:42]     112 total, 112 rows over 17 page(s)
[17:40:42] [237/10944] נשים @ אריאל
[17:40:55]     70 total, 70 rows over 11 page(s)
[17:40:55] [238/10944] נשים @ אשלים
[17:41:14]     112 total, 112 rows over 17 page(s)
[17:41:14] [239/10944] נשים @ באר שבע
[17:41:35]     156 total, 139 rows over 21 page(s)  (MISSING 17)
[17:41:35] [240/10944] נשים @ בורייג'
[17:41:55]     156 total, 139 rows over 21 page(s)  (MISSING 17)
[17:41:55] [241/10944] נשים @ ביענה
[17:42:14]     120 total, 120 rows over 18 page(s)
[17:42:14] [242/10944] נשים @ בני דרום
[17:42:25]     63 total, 63 rows over 10 page(s)
[17:42:25] [243/10944] נשים @ בצרה
[17:42:47]     189 total, 139 rows over 21 page(s)  (MISSING 50)
[17:42:47] [244/10944] נשים @ ברוש
[17:43:08]     156 total, 139 rows over 21 page(s)  (MISSING 17)
[17:43:08] [245/10944] נשים @ בתיר
[17:43:27]     132 total, 132 rows over 19 page(s)
[17:43:27] [246/10944] נשים @ גבע
[17:43:50]     176 total, 139 rows over 21 page(s)  (MISSING 37)
[17:43:50] [247/10944] נשים @ גדעונה
[17:44:12]     176 total, 139 rows over 21 page(s)  (MISSING 37)
[17:44:12] [248/10944] נשים @ גילון
[17:44:32]     120 total, 120 rows over 18 page(s)
[17:44:32] [249/10944] נשים @ גלעד
[17:44:55]     185 total, 139 rows over 21 page(s)  (MISSING 46)
[17:44:55] [250/10944] נשים @ געש
[17:45:18]     189 total, 139 rows over 21 page(s)  (MISSING 50)
[17:45:18] [251/10944] נשים @ דבורה
[17:45:40]     176 total, 139 rows over 21 page(s)  (MISSING 37)
[17:45:40] [252/10944] נשים @ דומא
[17:45:58]     132 total, 132 rows over 19 page(s)
[17:45:58] [253/10944] נשים @ דימונה
[17:46:16]     112 total, 112 rows over 17 page(s)
[17:46:16] [254/10944] נשים @ דנאבה
[17:46:37]     142 total, 139 rows over 21 page(s)  (MISSING 3)
[17:46:37] [255/10944] נשים @ הודיה
[17:46:54]     108 total, 108 rows over 16 page(s)
[17:46:54] [256/10944] נשים @ המעפיל
[17:47:18]     203 total, 139 rows over 21 page(s)  (MISSING 64)
[17:47:18] [257/10944] נשים @ הררית
[17:47:36]     120 total, 120 rows over 18 page(s)
[17:47:36] [258/10944] נשים @ זוהר
[17:47:52]     108 total, 108 rows over 16 page(s)
[17:47:52] [259/10944] נשים @ זמרת
[17:48:15]     156 total, 139 rows over 21 page(s)  (MISSING 17)
[17:48:15] [260/10944] נשים @ חבצלת השרון
[17:48:36]     142 total, 139 rows over 21 page(s)  (MISSING 3)
[17:48:36] [261/10944] נשים @ חוג'ייראת
[17:48:59]     185 total, 139 rows over 21 page(s)  (MISSING 46)
[17:48:59] [262/10944] נשים @ חזון
[17:49:13]     87 total, 87 rows over 13 page(s)
[17:49:13] [263/10944] נשים @ חמדיה
[17:49:36]     176 total, 139 rows over 21 page(s)  (MISSING 37)
[17:49:36] [264/10944] נשים @ חצבה
[17:49:53]     112 total, 112 rows over 17 page(s)
[17:49:53] [265/10944] נשים @ חשמונאים
[17:50:07]     88 total, 88 rows over 13 page(s)
[17:50:07] [266/10944] נשים @ טירה ליד בית חורון
[17:50:26]     132 total, 132 rows over 19 page(s)
[17:50:26] [267/10944] נשים @ טמרה
[17:50:46]     120 total, 120 rows over 18 page(s)
[17:50:46] [268/10944] נשים @ יבור
[17:51:07]     120 total, 120 rows over 18 page(s)
[17:51:07] [269/10944] נשים @ יד נתן
[17:51:24]     108 total, 108 rows over 16 page(s)
[17:51:24] [270/10944] נשים @ יזרעאל
[17:51:45]     176 total, 139 rows over 21 page(s)  (MISSING 37)
[17:51:45] [271/10944] נשים @ יסעור
[17:52:04]     120 total, 120 rows over 18 page(s)
[17:52:04] [272/10944] נשים @ יצהר
[17:52:26]     142 total, 139 rows over 21 page(s)  (MISSING 3)
[17:52:26] [273/10944] נשים @ ירחיב
[17:52:38]     70 total, 70 rows over 11 page(s)
[17:52:38] [274/10944] נשים @ כאבול
[17:52:57]     120 total, 120 rows over 18 page(s)
[17:52:57] [275/10944] נשים @ כופיר
[17:53:19]     142 total, 139 rows over 21 page(s)  (MISSING 3)
[17:53:19] [276/10944] נשים @ כישור
[17:53:37]     120 total, 120 rows over 18 page(s)
[17:53:37] [277/10944] נשים @ כסלון
[17:53:56]     132 total, 132 rows over 19 page(s)
[17:53:56] [278/10944] נשים @ כפר בלום
[17:54:09]     87 total, 87 rows over 13 page(s)
[17:54:09] [279/10944] נשים @ כרמי יוסף
[17:54:24]     88 total, 88 rows over 13 page(s)
[17:54:24] [280/10944] נשים @ להבים
[17:54:45]     156 total, 139 rows over 21 page(s)  (MISSING 17)
[17:54:45] [281/10944] נשים @ לפידות
[17:55:00]     88 total, 88 rows over 13 page(s)
[17:55:00] [282/10944] נשים @ מבואות יריחו
[17:55:18]     132 total, 132 rows over 19 page(s)
[17:55:18] [283/10944] נשים @ מגדל
[17:55:32]     87 total, 87 rows over 13 page(s)
[17:55:32] [284/10944] נשים @ מוח'מאס
[17:55:51]     132 total, 132 rows over 19 page(s)
[17:55:51] [285/10944] נשים @ מזרע
[17:56:14]     176 total, 139 rows over 21 page(s)  (MISSING 37)
[17:56:14] [286/10944] נשים @ מידיה
[17:56:32]     113 total, 113 rows over 17 page(s)
[17:56:32] [287/10944] נשים @ מכחול
[17:56:50]     112 total, 112 rows over 17 page(s)
[17:56:50] [288/10944] נשים @ מנחמיה
[17:57:03]     87 total, 87 rows over 13 page(s)
[17:57:03] [289/10944] נשים @ מסעדה
[17:57:16]     87 total, 87 rows over 13 page(s)
[17:57:16] [290/10944] נשים @ מעיין צבי
[17:57:39]     203 total, 139 rows over 21 page(s)  (MISSING 64)
[17:57:39] [291/10944] נשים @ מפעלי ים המלח
[17:58:00]     156 total, 139 rows over 21 page(s)  (MISSING 17)
[17:58:00] [292/10944] נשים @ מצפה נטופה
[17:58:14]     87 total, 87 rows over 13 page(s)
[17:58:14] [293/10944] נשים @ מרכז אזורי כדורי
[17:58:28]     87 total, 87 rows over 13 page(s)
[17:58:28] [294/10944] נשים @ משמר איילון
[17:58:43]     88 total, 88 rows over 13 page(s)
[17:58:43] [295/10944] נשים @ נאות סמדר
[17:58:45]     10 total, 10 rows over 2 page(s)
[17:58:45] [296/10944] נשים @ נוב
[17:59:00]     87 total, 87 rows over 13 page(s)
[17:59:00] [297/10944] נשים @ נזלה א שרקיה
[17:59:23]     142 total, 139 rows over 21 page(s)  (MISSING 3)
[17:59:23] [298/10944] נשים @ נחם
[17:59:41]     132 total, 132 rows over 19 page(s)
[17:59:41] [299/10944] נשים @ נין
[18:00:04]     176 total, 139 rows over 21 page(s)  (MISSING 37)
[18:00:04] [300/10944] נשים @ נמרוד
[18:00:18]     87 total, 87 rows over 13 page(s)
[18:00:18] [301/10944] נשים @ נצר סרני
[18:00:32]     88 total, 88 rows over 13 page(s)
[18:00:32] [302/10944] נשים @ סאוויה
[18:00:51]     132 total, 132 rows over 19 page(s)
[18:00:51] [303/10944] נשים @ סוסיה
[18:01:12]     156 total, 139 rows over 21 page(s)  (MISSING 17)
[18:01:12] [304/10944] נשים @ סינג'יל
[18:01:31]     132 total, 132 rows over 19 page(s)
[18:01:31] [305/10944] נשים @ סנסנה
[18:01:53]     156 total, 139 rows over 21 page(s)  (MISSING 17)
[18:01:53] [306/10944] נשים @ סתריה
[18:02:06]     88 total, 88 rows over 13 page(s)
[18:02:06] [307/10944] נשים @ עג'ול
[18:02:26]     132 total, 132 rows over 19 page(s)
[18:02:26] [308/10944] נשים @ עולש
[18:02:47]     142 total, 139 rows over 21 page(s)  (MISSING 3)
[18:02:47] [309/10944] נשים @ עזר
[18:02:58]     63 total, 63 rows over 10 page(s)
[18:02:58] [310/10944] נשים @ עיינות
[18:03:18]     138 total, 138 rows over 20 page(s)
[18:03:18] [311/10944] נשים @ עלי
[18:03:37]     132 total, 132 rows over 19 page(s)
[18:03:37] [312/10944] נשים @ עמיקם
[18:04:01]     203 total, 139 rows over 21 page(s)  (MISSING 64)
[18:04:01] [313/10944] נשים @ עסכר
[18:04:22]     142 total, 139 rows over 21 page(s)  (MISSING 3)
[18:04:22] [314/10944] נשים @ עראמשה
[18:04:37]     88 total, 88 rows over 13 page(s)
[18:04:37] [315/10944] נשים @ עתיל
[18:05:00]     142 total, 139 rows over 21 page(s)  (MISSING 3)
[18:05:00] [316/10944] נשים @ פדואל
[18:05:06]     29 total, 29 rows over 5 page(s)
[18:05:06] [317/10944] נשים @ פלאמה
[18:05:28]     142 total, 139 rows over 21 page(s)  (MISSING 3)
[18:05:28] [318/10944] נשים @ פקועה
[18:05:49]     142 total, 139 rows over 21 page(s)  (MISSING 3)
[18:05:49] [319/10944] נשים @ פרעתה
[18:06:11]     142 total, 139 rows over 21 page(s)  (MISSING 3)
[18:06:11] [320/10944] נשים @ צופית
[18:06:33]     189 total, 139 rows over 21 page(s)  (MISSING 50)
[18:06:33] [321/10944] נשים @ צפרירים
[18:06:52]     132 total, 132 rows over 19 page(s)
[18:06:52] [322/10944] נשים @ קדיתא
[18:07:06]     87 total, 87 rows over 13 page(s)
[18:07:06] [323/10944] נשים @ קוסין
[18:07:28]     142 total, 139 rows over 21 page(s)  (MISSING 3)
[18:07:28] [324/10944] נשים @ קלנדיה
[18:07:47]     132 total, 132 rows over 19 page(s)
[18:07:47] [325/10944] נשים @ קריות
[18:08:05]     132 total, 132 rows over 19 page(s)
[18:08:05] [326/10944] נשים @ ראבוד
[18:08:27]     156 total, 139 rows over 21 page(s)  (MISSING 17)
[18:08:27] [327/10944] נשים @ רבדים
[18:08:37]     63 total, 63 rows over 10 page(s)
[18:08:37] [328/10944] נשים @ רוחמה
[18:08:53]     108 total, 108 rows over 16 page(s)
[18:08:53] [329/10944] נשים @ ריחן
[18:09:16]     203 total, 139 rows over 21 page(s)  (MISSING 64)
[18:09:16] [330/10944] נשים @ רמות מאיר
[18:09:30]     88 total, 88 rows over 13 page(s)
[18:09:30] [331/10944] נשים @ רפידיה
[18:09:52]     142 total, 139 rows over 21 page(s)  (MISSING 3)
[18:09:52] [332/10944] נשים @ שבתין
[18:09:57]     29 total, 29 rows over 5 page(s)
[18:09:57] [333/10944] נשים @ שדה יצחק
[18:10:20]     203 total, 139 rows over 21 page(s)  (MISSING 64)
[18:10:20] [334/10944] נשים @ שוקבא
[18:10:25]     29 total, 29 rows over 5 page(s)
[18:10:25] [335/10944] נשים @ שייח' דנון
[18:10:39]     88 total, 88 rows over 13 page(s)
[18:10:39] [336/10944] נשים @ שלומציון
[18:10:58]     132 total, 132 rows over 19 page(s)
[18:10:58] [337/10944] נשים @ שער אפרים
[18:11:20]     142 total, 139 rows over 21 page(s)  (MISSING 3)
[18:11:20] [338/10944] נשים @ שקף
[18:11:37]     108 total, 108 rows over 16 page(s)
[18:11:37] [339/10944] נשים @ תומר
[18:11:56]     132 total, 132 rows over 19 page(s)
[18:11:56] [340/10944] נשים @ תל אל בידה
[18:12:09]     87 total, 87 rows over 13 page(s)
[18:12:09] [341/10944] נשים @ תעוז
[18:12:28]     132 total, 132 rows over 19 page(s)
[18:12:28] [342/10944] נשים @ תפרח
[18:12:49]     156 total, 139 rows over 21 page(s)  (MISSING 17)
[18:12:49] [343/10944] עור @ א ראם
[18:12:56]     46 total, 46 rows over 7 page(s)
[18:12:56] [344/10944] עור @ אבו עבדון
[18:13:07]     34 total, 34 rows over 5 page(s)
[18:13:07] [345/10944] עור @ אודלה
[18:13:18]     49 total, 49 rows over 8 page(s)
[18:13:18] [346/10944] עור @ אזור תעסוקה מיתרים
[18:13:33]     45 total, 45 rows over 7 page(s)
[18:13:33] [347/10944] עור @ אחיעזר
[18:13:38]     34 total, 34 rows over 5 page(s)
[18:13:38] [348/10944] עור @ אילניה
[18:13:46]     53 total, 53 rows over 8 page(s)
[18:13:46] [349/10944] עור @ אל עטאונה
[18:13:57]     34 total, 34 rows over 5 page(s)
[18:13:57] [350/10944] עור @ אעצם
[18:14:07]     34 total, 34 rows over 5 page(s)
[18:14:07] [351/10944] עור @ אריאל
[18:14:23]     62 total, 62 rows over 9 page(s)
[18:14:23] [352/10944] עור @ אשלים
[18:14:33]     34 total, 34 rows over 5 page(s)
[18:14:33] [353/10944] עור @ באר שבע
[18:14:48]     45 total, 45 rows over 7 page(s)
[18:14:48] [354/10944] עור @ בורייג'
[18:15:02]     45 total, 45 rows over 7 page(s)
[18:15:02] [355/10944] עור @ ביענה
[18:15:12]     52 total, 52 rows over 8 page(s)
[18:15:12] [356/10944] עור @ בני דרום
[18:15:17]     24 total, 24 rows over 4 page(s)
[18:15:17] [357/10944] עור @ בצרה
[18:15:39]     85 total, 85 rows over 13 page(s)
[18:15:39] [358/10944] עור @ ברוש
[18:15:53]     45 total, 45 rows over 7 page(s)
[18:15:53] [359/10944] עור @ בתיר
[18:16:01]     46 total, 46 rows over 7 page(s)
[18:16:01] [360/10944] עור @ גבע
[18:16:16]     85 total, 85 rows over 13 page(s)
[18:16:16] [361/10944] עור @ גדעונה
[18:16:31]     85 total, 85 rows over 13 page(s)
[18:16:31] [362/10944] עור @ גילון
[18:16:42]     52 total, 52 rows over 8 page(s)
[18:16:42] [363/10944] עור @ גלעד
[18:16:59]     79 total, 79 rows over 12 page(s)
[18:16:59] [364/10944] עור @ געש
[18:17:19]     85 total, 85 rows over 13 page(s)
[18:17:19] [365/10944] עור @ דבורה
[18:17:35]     85 total, 85 rows over 13 page(s)
[18:17:35] [366/10944] עור @ דומא
[18:17:42]     46 total, 46 rows over 7 page(s)
[18:17:42] [367/10944] עור @ דימונה
[18:17:53]     34 total, 34 rows over 5 page(s)
[18:17:53] [368/10944] עור @ דנאבה
[18:18:05]     49 total, 49 rows over 8 page(s)
[18:18:05] [369/10944] עור @ הודיה
[18:18:16]     32 total, 32 rows over 5 page(s)
[18:18:16] [370/10944] עור @ המעפיל
[18:18:33]     81 total, 81 rows over 12 page(s)
[18:18:33] [371/10944] עור @ הררית
[18:18:43]     52 total, 52 rows over 8 page(s)
[18:18:43] [372/10944] עור @ זוהר
[18:18:54]     32 total, 32 rows over 5 page(s)
[18:18:54] [373/10944] עור @ זמרת
[18:19:08]     45 total, 45 rows over 7 page(s)
[18:19:08] [374/10944] עור @ חבצלת השרון
[18:19:21]     49 total, 49 rows over 8 page(s)
[18:19:21] [375/10944] עור @ חוג'ייראת
[18:19:37]     79 total, 79 rows over 12 page(s)
[18:19:37] [376/10944] עור @ חזון
[18:19:46]     53 total, 53 rows over 8 page(s)
[18:19:46] [377/10944] עור @ חמדיה
[18:20:01]     85 total, 85 rows over 13 page(s)
[18:20:01] [378/10944] עור @ חצבה
[18:20:11]     34 total, 34 rows over 5 page(s)
[18:20:11] [379/10944] עור @ חשמונאים
[18:20:16]     34 total, 34 rows over 5 page(s)
[18:20:16] [380/10944] עור @ טירה ליד בית חורון
[18:20:24]     46 total, 46 rows over 7 page(s)
[18:20:24] [381/10944] עור @ טמרה
[18:20:35]     52 total, 52 rows over 8 page(s)
[18:20:35] [382/10944] עור @ יבור
[18:20:45]     52 total, 52 rows over 8 page(s)
[18:20:45] [383/10944] עור @ יד נתן
[18:20:58]     32 total, 32 rows over 5 page(s)
[18:20:58] [384/10944] עור @ יזרעאל
[18:21:13]     85 total, 85 rows over 13 page(s)
[18:21:13] [385/10944] עור @ יסעור
[18:21:23]     52 total, 52 rows over 8 page(s)
[18:21:23] [386/10944] עור @ יצהר
[18:21:36]     49 total, 49 rows over 8 page(s)
[18:21:36] [387/10944] עור @ ירחיב
[18:21:52]     62 total, 62 rows over 9 page(s)
[18:21:52] [388/10944] עור @ כאבול
[18:22:03]     52 total, 52 rows over 8 page(s)
[18:22:03] [389/10944] עור @ כופיר
[18:22:15]     49 total, 49 rows over 8 page(s)
[18:22:15] [390/10944] עור @ כישור
[18:22:26]     52 total, 52 rows over 8 page(s)
[18:22:26] [391/10944] עור @ כסלון
[18:22:34]     46 total, 46 rows over 7 page(s)
[18:22:34] [392/10944] עור @ כפר בלום
[18:22:42]     53 total, 53 rows over 8 page(s)
[18:22:42] [393/10944] עור @ כרמי יוסף
[18:22:48]     34 total, 34 rows over 5 page(s)
[18:22:48] [394/10944] עור @ להבים
[18:23:03]     45 total, 45 rows over 7 page(s)
[18:23:03] [395/10944] עור @ לפידות
[18:23:10]     38 total, 38 rows over 6 page(s)
[18:23:10] [396/10944] עור @ מבואות יריחו
[18:23:17]     46 total, 46 rows over 7 page(s)
[18:23:17] [397/10944] עור @ מגדל
[18:23:26]     53 total, 53 rows over 8 page(s)
[18:23:26] [398/10944] עור @ מוח'מאס
[18:23:34]     46 total, 46 rows over 7 page(s)
[18:23:34] [399/10944] עור @ מזרע
[18:23:48]     85 total, 85 rows over 13 page(s)
[18:23:48] [400/10944] עור @ מידיה
[18:23:55]     43 total, 43 rows over 7 page(s)
[18:23:55] [401/10944] עור @ מכחול
[18:24:06]     34 total, 34 rows over 5 page(s)
[18:24:06] [402/10944] עור @ מנחמיה
[18:24:15]     53 total, 53 rows over 8 page(s)
[18:24:15] [403/10944] עור @ מסעדה
[18:24:24]     53 total, 53 rows over 8 page(s)
[18:24:24] [404/10944] עור @ מעיין צבי
[18:24:40]     81 total, 81 rows over 12 page(s)
[18:24:40] [405/10944] עור @ מפעלי ים המלח
[18:24:54]     45 total, 45 rows over 7 page(s)
[18:24:54] [406/10944] עור @ מצפה נטופה
[18:25:03]     53 total, 53 rows over 8 page(s)
[18:25:03] [407/10944] עור @ מרכז אזורי כדורי
[18:25:12]     53 total, 53 rows over 8 page(s)
[18:25:12] [408/10944] עור @ משמר איילון
[18:25:17]     34 total, 34 rows over 5 page(s)
[18:25:17] [409/10944] עור @ נאות סמדר
[18:25:18]     6 total, 6 rows over 1 page(s)
[18:25:18] [410/10944] עור @ נוב
[18:25:27]     53 total, 53 rows over 8 page(s)
[18:25:27] [411/10944] עור @ נזלה א שרקיה
[18:25:40]     49 total, 49 rows over 8 page(s)
[18:25:40] [412/10944] עור @ נחם
[18:25:47]     46 total, 46 rows over 7 page(s)
[18:25:47] [413/10944] עור @ נין
[18:26:02]     85 total, 85 rows over 13 page(s)
[18:26:02] [414/10944] עור @ נמרוד
[18:26:11]     53 total, 53 rows over 8 page(s)
[18:26:11] [415/10944] עור @ נצר סרני
[18:26:17]     34 total, 34 rows over 5 page(s)
[18:26:17] [416/10944] עור @ סאוויה
[18:26:24]     46 total, 46 rows over 7 page(s)
[18:26:24] [417/10944] עור @ סוסיה
[18:26:39]     45 total, 45 rows over 7 page(s)
[18:26:39] [418/10944] עור @ סינג'יל
[18:26:47]     46 total, 46 rows over 7 page(s)
[18:26:47] [419/10944] עור @ סנסנה
[18:27:01]     45 total, 45 rows over 7 page(s)
[18:27:01] [420/10944] עור @ סתריה
[18:27:06]     34 total, 34 rows over 5 page(s)
[18:27:06] [421/10944] עור @ עג'ול
[18:27:14]     46 total, 46 rows over 7 page(s)
[18:27:14] [422/10944] עור @ עולש
[18:27:26]     49 total, 49 rows over 8 page(s)
[18:27:26] [423/10944] עור @ עזר
[18:27:31]     24 total, 24 rows over 4 page(s)
[18:27:31] [424/10944] עור @ עיינות
[18:27:41]     52 total, 52 rows over 8 page(s)
[18:27:41] [425/10944] עור @ עלי
[18:27:49]     47 total, 47 rows over 7 page(s)
[18:27:49] [426/10944] עור @ עמיקם
[18:28:06]     81 total, 81 rows over 12 page(s)
[18:28:06] [427/10944] עור @ עסכר
[18:28:18]     49 total, 49 rows over 8 page(s)
[18:28:18] [428/10944] עור @ עראמשה
[18:28:26]     38 total, 38 rows over 6 page(s)
[18:28:26] [429/10944] עור @ עתיל
[18:28:38]     49 total, 49 rows over 8 page(s)
[18:28:38] [430/10944] עור @ פדואל
[18:28:50]     46 total, 46 rows over 7 page(s)
[18:28:50] [431/10944] עור @ פלאמה
[18:29:03]     49 total, 49 rows over 8 page(s)
[18:29:03] [432/10944] עור @ פקועה
[18:29:15]     49 total, 49 rows over 8 page(s)
[18:29:15] [433/10944] עור @ פרעתה
[18:29:26]     49 total, 49 rows over 8 page(s)
[18:29:26] [434/10944] עור @ צופית
[18:29:47]     85 total, 85 rows over 13 page(s)
[18:29:47] [435/10944] עור @ צפרירים
[18:29:55]     46 total, 46 rows over 7 page(s)
[18:29:55] [436/10944] עור @ קדיתא
[18:30:04]     53 total, 53 rows over 8 page(s)
[18:30:04] [437/10944] עור @ קוסין
[18:30:17]     49 total, 49 rows over 8 page(s)
[18:30:17] [438/10944] עור @ קלנדיה
[18:30:24]     46 total, 46 rows over 7 page(s)
[18:30:24] [439/10944] עור @ קריות
[18:30:32]     46 total, 46 rows over 7 page(s)
[18:30:32] [440/10944] עור @ ראבוד
[18:30:46]     45 total, 45 rows over 7 page(s)
[18:30:46] [441/10944] עור @ רבדים
[18:30:50]     24 total, 24 rows over 4 page(s)
[18:30:50] [442/10944] עור @ רוחמה
[18:31:02]     32 total, 32 rows over 5 page(s)
[18:31:02] [443/10944] עור @ ריחן
[18:31:17]     81 total, 81 rows over 12 page(s)
[18:31:17] [444/10944] עור @ רמות מאיר
[18:31:23]     34 total, 34 rows over 5 page(s)
[18:31:23] [445/10944] עור @ רפידיה
[18:31:35]     49 total, 49 rows over 8 page(s)
[18:31:35] [446/10944] עור @ שבתין
[18:31:47]     46 total, 46 rows over 7 page(s)
[18:31:47] [447/10944] עור @ שדה יצחק
[18:32:04]     81 total, 81 rows over 12 page(s)
[18:32:04] [448/10944] עור @ שוקבא
[18:32:16]     46 total, 46 rows over 7 page(s)
[18:32:16] [449/10944] עור @ שייח' דנון
[18:32:23]     38 total, 38 rows over 6 page(s)
[18:32:23] [450/10944] עור @ שלומציון
[18:32:32]     46 total, 46 rows over 7 page(s)
[18:32:32] [451/10944] עור @ שער אפרים
[18:32:44]     49 total, 49 rows over 8 page(s)
[18:32:44] [452/10944] עור @ שקף
[18:32:57]     32 total, 32 rows over 5 page(s)
[18:32:57] [453/10944] עור @ תומר
[18:33:04]     46 total, 46 rows over 7 page(s)
[18:33:04] [454/10944] עור @ תל אל בידה
[18:33:13]     53 total, 53 rows over 8 page(s)
[18:33:13] [455/10944] עור @ תעוז
[18:33:21]     46 total, 46 rows over 7 page(s)
[18:33:21] [456/10944] עור @ תפרח
[18:33:35]     45 total, 45 rows over 7 page(s)
[18:33:35] [457/10944] עיניים @ א ראם
[18:33:40]     31 total, 31 rows over 5 page(s)
[18:33:40] [458/10944] עיניים @ אבו עבדון
[18:33:53]     51 total, 51 rows over 8 page(s)
[18:33:53] [459/10944] עיניים @ אודלה
[18:34:06]     72 total, 72 rows over 11 page(s)
[18:34:06] [460/10944] עיניים @ אזור תעסוקה מיתרים
[18:34:23]     71 total, 71 rows over 11 page(s)
[18:34:23] [461/10944] עיניים @ אחיעזר
[18:34:30]     41 total, 41 rows over 6 page(s)
[18:34:30] [462/10944] עיניים @ אילניה
[18:34:42]     79 total, 79 rows over 12 page(s)
[18:34:42] [463/10944] עיניים @ אל עטאונה
[18:34:55]     51 total, 51 rows over 8 page(s)
[18:34:55] [464/10944] עיניים @ אעצם
[18:35:06]     51 total, 51 rows over 8 page(s)
[18:35:06] [465/10944] עיניים @ אריאל
[18:35:20]     76 total, 76 rows over 11 page(s)
[18:35:20] [466/10944] עיניים @ אשלים
[18:35:32]     51 total, 51 rows over 8 page(s)
[18:35:32] [467/10944] עיניים @ באר שבע
[18:35:49]     71 total, 71 rows over 11 page(s)
[18:35:49] [468/10944] עיניים @ בורייג'
[18:36:06]     71 total, 71 rows over 11 page(s)
[18:36:06] [469/10944] עיניים @ ביענה
[18:36:19]     77 total, 77 rows over 12 page(s)
[18:36:19] [470/10944] עיניים @ בני דרום
[18:36:25]     36 total, 36 rows over 6 page(s)
[18:36:25] [471/10944] עיניים @ בצרה
[18:36:44]     112 total, 112 rows over 17 page(s)
[18:36:44] [472/10944] עיניים @ ברוש
[18:37:01]     71 total, 71 rows over 11 page(s)
[18:37:01] [473/10944] עיניים @ בתיר
[18:37:06]     31 total, 31 rows over 5 page(s)
[18:37:06] [474/10944] עיניים @ גבע
[18:37:26]     125 total, 125 rows over 18 page(s)
[18:37:26] [475/10944] עיניים @ גדעונה
[18:37:46]     125 total, 125 rows over 18 page(s)
[18:37:46] [476/10944] עיניים @ גילון
[18:37:59]     77 total, 77 rows over 12 page(s)
[18:37:59] [477/10944] עיניים @ גלעד
[18:38:20]     122 total, 122 rows over 18 page(s)
[18:38:20] [478/10944] עיניים @ געש
[18:38:39]     112 total, 112 rows over 17 page(s)
[18:38:39] [479/10944] עיניים @ דבורה
[18:38:58]     125 total, 125 rows over 18 page(s)
[18:38:58] [480/10944] עיניים @ דומא
[18:39:04]     31 total, 31 rows over 5 page(s)
[18:39:04] [481/10944] עיניים @ דימונה
[18:39:16]     51 total, 51 rows over 8 page(s)
[18:39:16] [482/10944] עיניים @ דנאבה
[18:39:29]     72 total, 72 rows over 11 page(s)
[18:39:29] [483/10944] עיניים @ הודיה
[18:39:42]     51 total, 51 rows over 8 page(s)
[18:39:42] [484/10944] עיניים @ המעפיל
[18:40:02]     107 total, 107 rows over 16 page(s)
[18:40:02] [485/10944] עיניים @ הררית
[18:40:15]     77 total, 77 rows over 12 page(s)
[18:40:15] [486/10944] עיניים @ זוהר
[18:40:29]     51 total, 51 rows over 8 page(s)
[18:40:29] [487/10944] עיניים @ זמרת
[18:40:45]     71 total, 71 rows over 11 page(s)
[18:40:45] [488/10944] עיניים @ חבצלת השרון
[18:40:58]     72 total, 72 rows over 11 page(s)
[18:40:58] [489/10944] עיניים @ חוג'ייראת
[18:41:20]     122 total, 122 rows over 18 page(s)
[18:41:20] [490/10944] עיניים @ חזון
[18:41:34]     79 total, 79 rows over 12 page(s)
[18:41:34] [491/10944] עיניים @ חמדיה
[18:41:56]     125 total, 125 rows over 18 page(s)
[18:41:56] [492/10944] עיניים @ חצבה
[18:42:09]     51 total, 51 rows over 8 page(s)
[18:42:09] [493/10944] עיניים @ חשמונאים
[18:42:16]     41 total, 41 rows over 6 page(s)
[18:42:16] [494/10944] עיניים @ טירה ליד בית חורון
[18:42:21]     31 total, 31 rows over 5 page(s)
[18:42:21] [495/10944] עיניים @ טמרה
[18:42:35]     77 total, 77 rows over 12 page(s)
[18:42:35] [496/10944] עיניים @ יבור
[18:42:48]     77 total, 77 rows over 12 page(s)
[18:42:48] [497/10944] עיניים @ יד נתן
[18:43:02]     51 total, 51 rows over 8 page(s)
[18:43:02] [498/10944] עיניים @ יזרעאל
[18:43:23]     125 total, 125 rows over 18 page(s)
[18:43:23] [499/10944] עיניים @ יסעור
[18:43:37]     77 total, 77 rows over 12 page(s)
[18:43:37] [500/10944] עיניים @ יצהר
[18:43:51]     72 total, 72 rows over 11 page(s)
[18:43:51] [501/10944] עיניים @ ירחיב
[18:44:04]     76 total, 76 rows over 11 page(s)
[18:44:04] [502/10944] עיניים @ כאבול
[18:44:18]     77 total, 77 rows over 12 page(s)
[18:44:18] [503/10944] עיניים @ כופיר
[18:44:31]     72 total, 72 rows over 11 page(s)
[18:44:31] [504/10944] עיניים @ כישור
[18:44:45]     77 total, 77 rows over 12 page(s)
[18:44:45] [505/10944] עיניים @ כסלון
[18:44:50]     31 total, 31 rows over 5 page(s)
[18:44:50] [506/10944] עיניים @ כפר בלום
[18:45:02]     79 total, 79 rows over 12 page(s)
[18:45:02] [507/10944] עיניים @ כרמי יוסף
[18:45:10]     41 total, 41 rows over 6 page(s)
[18:45:10] [508/10944] עיניים @ להבים
[18:45:28]     71 total, 71 rows over 11 page(s)
[18:45:28] [509/10944] עיניים @ לפידות
[18:45:38]     54 total, 54 rows over 8 page(s)
[18:45:38] [510/10944] עיניים @ מבואות יריחו
[18:45:43]     31 total, 31 rows over 5 page(s)
[18:45:43] [511/10944] עיניים @ מגדל
[18:45:57]     79 total, 79 rows over 12 page(s)
[18:45:57] [512/10944] עיניים @ מוח'מאס
[18:46:03]     31 total, 31 rows over 5 page(s)
[18:46:03] [513/10944] עיניים @ מזרע
[18:46:15]     request error (Error), retry 1/4 in 2s
[18:46:18]     Non-HTML payload {'errorType': 2, 'message': None, 'data_type': 'dict'} - re-warming session
[18:46:18] Establishing session (attempt 1/3) ...
  Log in in the browser window (ID, password, CAPTCHA, SMS), then press Enter... 