[16:51:04] Taxonomy from cache: 96 specializations
[16:51:07] Loaded 114 cities from parallel/cities-7.txt
[16:51:07] 96 specializations x 114 cities = 10944 pairs
[16:51:07] 10944 remaining; roughly 120384 requests at ~0.3s apart = ~602 min
[16:51:07] [1/10944] אורתופדיה @ א שויוח
[16:51:16]     50 total, 50 rows over 8 page(s)
[16:51:16] [2/10944] אורתופדיה @ אבו קורינאת
[16:51:28]     43 total, 43 rows over 7 page(s)
[16:51:28] [3/10944] אורתופדיה @ אוהלו
[16:51:44]     98 total, 98 rows over 15 page(s)
[16:51:44] [4/10944] אורתופדיה @ אזור תעשייה נעמן
[16:52:01]     116 total, 116 rows over 17 page(s)
[16:52:01] [5/10944] אורתופדיה @ איג'ניסיניא
[16:52:15]     89 total, 89 rows over 13 page(s)
[16:52:15] [6/10944] אורתופדיה @ אל אסד
[16:52:27]     43 total, 43 rows over 7 page(s)
[16:52:27] [7/10944] אורתופדיה @ אמונים
[16:52:35]     37 total, 37 rows over 6 page(s)
[16:52:35] [8/10944] אורתופדיה @ אפיקים
[16:52:50]     98 total, 98 rows over 15 page(s)
[16:52:50] [9/10944] אורתופדיה @ אשבל
[16:53:05]     91 total, 91 rows over 14 page(s)
[16:53:05] [10/10944] אורתופדיה @ באקה א שרקיה
[16:53:19]     89 total, 89 rows over 13 page(s)
[16:53:19] [11/10944] אורתופדיה @ בוסתן הגליל
[16:53:31]     71 total, 71 rows over 11 page(s)
[16:53:31] [12/10944] אורתופדיה @ בחן
[16:53:46]     89 total, 89 rows over 13 page(s)
[16:53:46] [13/10944] אורתופדיה @ ביר הדאג'
[16:53:58]     43 total, 43 rows over 7 page(s)
[16:53:58] [14/10944] אורתופדיה @ בני נעים
[16:54:15]     63 total, 63 rows over 10 page(s)
[16:54:15] [15/10944] אורתופדיה @ בקעות
[16:54:23]     50 total, 50 rows over 8 page(s)
[16:54:23] [16/10944] אורתופדיה @ ברעם
[16:54:38]     98 total, 98 rows over 15 page(s)
[16:54:38] [17/10944] אורתופדיה @ ג'באליה
[16:54:55]     63 total, 63 rows over 10 page(s)
[16:54:55] [18/10944] אורתופדיה @ גבעולים
[16:55:12]     63 total, 63 rows over 10 page(s)
[16:55:12] [19/10944] אורתופדיה @ גורן
[16:55:23]     71 total, 71 rows over 11 page(s)
[16:55:23] [20/10944] אורתופדיה @ גיניגר
[16:55:39]     98 total, 98 rows over 15 page(s)
[16:55:39] [21/10944] אורתופדיה @ גנות הדר
[16:55:53]     89 total, 89 rows over 13 page(s)
[16:55:53] [22/10944] אורתופדיה @ גרופית
[16:55:54]     6 total, 6 rows over 1 page(s)
[16:55:54] [23/10944] אורתופדיה @ דברת
[16:56:16]     146 total, 139 rows over 21 page(s)  (MISSING 7)
[16:56:16] [24/10944] אורתופדיה @ דורא
[16:56:33]     63 total, 63 rows over 10 page(s)
[16:56:33] [25/10944] אורתופדיה @ דיר אבו משעל
[16:56:42]     58 total, 58 rows over 9 page(s)
[16:56:42] [26/10944] אורתופדיה @ דריג'את
[16:56:55]     43 total, 43 rows over 7 page(s)
[16:56:55] [27/10944] אורתופדיה @ הוזייל
[16:57:07]     43 total, 43 rows over 7 page(s)
[16:57:07] [28/10944] אורתופדיה @ העוגן
[16:57:22]     89 total, 89 rows over 13 page(s)
[16:57:22] [29/10944] אורתופדיה @ ורדון
[16:57:34]     47 total, 47 rows over 7 page(s)
[16:57:34] [30/10944] אורתופדיה @ זיקים
[16:57:47]     47 total, 47 rows over 7 page(s)
[16:57:47] [31/10944] אורתופדיה @ זרועה
[16:58:04]     63 total, 63 rows over 10 page(s)
[16:58:04] [32/10944] אורתופדיה @ חג'ה
[16:58:19]     89 total, 89 rows over 13 page(s)
[16:58:19] [33/10944] אורתופדיה @ חולית
[16:58:32]     47 total, 47 rows over 7 page(s)
[16:58:32] [34/10944] אורתופדיה @ חיננית
[16:58:52]     128 total, 128 rows over 19 page(s)
[16:58:52] [35/10944] אורתופדיה @ חניאל
[16:59:07]     89 total, 89 rows over 13 page(s)
[16:59:07] [36/10944] אורתופדיה @ חצרים
[16:59:24]     63 total, 63 rows over 10 page(s)
[16:59:24] [37/10944] אורתופדיה @ טובאס
[16:59:39]     89 total, 89 rows over 13 page(s)
[16:59:39] [38/10944] אורתופדיה @ טירת צבי
[17:00:01]     146 total, 139 rows over 21 page(s)  (MISSING 7)
[17:00:01] [39/10944] אורתופדיה @ טפחות
[17:00:17]     98 total, 98 rows over 15 page(s)
[17:00:17] [40/10944] אורתופדיה @ יברוד
[17:00:25]     50 total, 50 rows over 8 page(s)
[17:00:25] [41/10944] אורתופדיה @ יהוד מונוסון
[17:00:38]     77 total, 77 rows over 12 page(s)
[17:00:38] [42/10944] אורתופדיה @ יטבתה
[17:00:39]     6 total, 6 rows over 1 page(s)
[17:00:39] [43/10944] אורתופדיה @ יעל
[17:01:01]     146 total, 139 rows over 21 page(s)  (MISSING 7)
[17:01:01] [44/10944] אורתופדיה @ יקיר
[17:01:15]     89 total, 89 rows over 13 page(s)
[17:01:15] [45/10944] אורתופדיה @ ירקונה
[17:01:30]     77 total, 77 rows over 12 page(s)
[17:01:30] [46/10944] אורתופדיה @ כדורי
[17:01:46]     98 total, 98 rows over 15 page(s)
[17:01:46] [47/10944] אורתופדיה @ כורזים
[17:02:02]     98 total, 98 rows over 15 page(s)
[17:02:02] [48/10944] אורתופדיה @ כמאנה
[17:02:20]     116 total, 116 rows over 17 page(s)
[17:02:20] [49/10944] אורתופדיה @ כפר א לבד
[17:02:36]     89 total, 89 rows over 13 page(s)
[17:02:36] [50/10944] אורתופדיה @ כרי דשא
[17:02:52]     98 total, 98 rows over 15 page(s)
[17:02:52] [51/10944] אורתופדיה @ לב יתיר
[17:03:10]     63 total, 63 rows over 10 page(s)
[17:03:10] [52/10944] אורתופדיה @ לוזית
[17:03:18]     50 total, 50 rows over 8 page(s)
[17:03:18] [53/10944] אורתופדיה @ מאיר שפיה
[17:03:39]     128 total, 128 rows over 19 page(s)
[17:03:39] [54/10944] אורתופדיה @ מבקיעים
[17:03:53]     47 total, 47 rows over 7 page(s)
[17:03:53] [55/10944] אורתופדיה @ מגדל תפן
[17:04:11]     116 total, 116 rows over 17 page(s)
[17:04:11] [56/10944] אורתופדיה @ מוע'ייר
[17:04:18]     50 total, 50 rows over 8 page(s)
[17:04:18] [57/10944] אורתופדיה @ מזרעה אל קיבליה
[17:04:26]     50 total, 50 rows over 8 page(s)
[17:04:26] [58/10944] אורתופדיה @ מיצר
[17:04:41]     98 total, 98 rows over 15 page(s)
[17:04:41] [59/10944] אורתופדיה @ מלאה
[17:05:01]     146 total, 139 rows over 21 page(s)  (MISSING 7)
[17:05:01] [60/10944] אורתופדיה @ מסד
[17:05:17]     98 total, 98 rows over 15 page(s)
[17:05:17] [61/10944] אורתופדיה @ מעגלים
[17:05:35]     63 total, 63 rows over 10 page(s)
[17:05:35] [62/10944] אורתופדיה @ מפעלי אבשלום
[17:05:53]     63 total, 63 rows over 10 page(s)
[17:05:53] [63/10944] אורתופדיה @ מצדות יהודה
[17:06:11]     63 total, 63 rows over 10 page(s)
[17:06:11] [64/10944] אורתופדיה @ מרג' נעג'ה
[17:06:18]     50 total, 50 rows over 8 page(s)
[17:06:18] [65/10944] אורתופדיה @ משאבי שדה
[17:06:30]     43 total, 43 rows over 7 page(s)
[17:06:30] [66/10944] אורתופדיה @ מתן
[17:06:44]     77 total, 77 rows over 12 page(s)
[17:06:44] [67/10944] אורתופדיה @ נבטים
[17:07:01]     63 total, 63 rows over 10 page(s)
[17:07:01] [68/10944] אורתופדיה @ נווה
[17:07:14]     47 total, 47 rows over 7 page(s)
[17:07:14] [69/10944] אורתופדיה @ נזלת זיד
[17:07:28]     89 total, 89 rows over 13 page(s)
[17:07:28] [70/10944] אורתופדיה @ נחשון
[17:07:39]     61 total, 61 rows over 9 page(s)
[17:07:39] [71/10944] אורתופדיה @ ניצן
[17:07:54]     47 total, 47 rows over 7 page(s)
[17:07:54] [72/10944] אורתופדיה @ נס ציונה
[17:08:13]     97 total, 97 rows over 14 page(s)
[17:08:13] [73/10944] אורתופדיה @ נתיב הגדוד
[17:08:22]     50 total, 50 rows over 8 page(s)
[17:08:22] [74/10944] אורתופדיה @ סאסא
[17:08:40]     98 total, 98 rows over 15 page(s)
[17:08:40] [75/10944] אורתופדיה @ סוריף
[17:08:50]     50 total, 50 rows over 8 page(s)
[17:08:50] [76/10944] אורתופדיה @ סיריס
[17:09:06]     89 total, 89 rows over 13 page(s)
[17:09:06] [77/10944] אורתופדיה @ סער
[17:09:19]     71 total, 71 rows over 11 page(s)
[17:09:19] [78/10944] אורתופדיה @ עבדה
[17:09:39]     63 total, 63 rows over 10 page(s)
[17:09:39] [79/10944] אורתופדיה @ עדי
[17:10:01]     116 total, 116 rows over 17 page(s)
[17:10:01] [80/10944] אורתופדיה @ עופר
[17:10:22]     116 total, 116 rows over 17 page(s)
[17:10:22] [81/10944] אורתופדיה @ עזריקם
[17:10:31]     37 total, 37 rows over 6 page(s)
[17:10:31] [82/10944] אורתופדיה @ עין א סולטאן מחנה פליטים
[17:10:40]     50 total, 50 rows over 8 page(s)
[17:10:40] [83/10944] אורתופדיה @ עלמון
[17:10:49]     50 total, 50 rows over 8 page(s)
[17:10:49] [84/10944] אורתופדיה @ עמקה
[17:11:02]     71 total, 71 rows over 11 page(s)
[17:11:02] [85/10944] אורתופדיה @ עפרה
[17:11:11]     50 total, 50 rows over 8 page(s)
[17:11:11] [86/10944] אורתופדיה @ ערבונה
[17:11:27]     89 total, 89 rows over 13 page(s)
[17:11:27] [87/10944] אורתופדיה @ פארן
[17:11:40]     43 total, 43 rows over 7 page(s)
[17:11:40] [88/10944] אורתופדיה @ פוריה כפר עבודה
[17:11:58]     98 total, 98 rows over 15 page(s)
[17:11:58] [89/10944] אורתופדיה @ פנדקומיה
[17:12:14]     89 total, 89 rows over 13 page(s)
[17:12:14] [90/10944] אורתופדיה @ פרדס חנה כרכור
[17:12:39]     128 total, 128 rows over 19 page(s)
[17:12:39] [91/10944] אורתופדיה @ צאלים
[17:12:53]     47 total, 47 rows over 7 page(s)
[17:12:53] [92/10944] אורתופדיה @ צוקים
[17:13:06]     43 total, 43 rows over 7 page(s)
[17:13:06] [93/10944] אורתופדיה @ צרעה
[17:13:15]     50 total, 50 rows over 8 page(s)
[17:13:15] [94/10944] אורתופדיה @ קדר
[17:13:23]     50 total, 50 rows over 8 page(s)
[17:13:23] [95/10944] אורתופדיה @ קטורה
[17:13:25]     6 total, 6 rows over 1 page(s)
[17:13:25] [96/10944] אורתופדיה @ קלקיליה
[17:13:40]     89 total, 89 rows over 13 page(s)
[17:13:40] [97/10944] אורתופדיה @ קרית אתא
[17:13:56]     84 total, 84 rows over 13 page(s)
[17:13:56] [98/10944] אורתופדיה @ ראס אל עין
[17:14:14]     91 total, 91 rows over 14 page(s)
[17:14:14] [99/10944] אורתופדיה @ רגבה
[17:14:27]     71 total, 71 rows over 11 page(s)
[17:14:27] [100/10944] אורתופדיה @ רומת היב
[17:14:45]     98 total, 98 rows over 15 page(s)
[17:14:45] [101/10944] אורתופדיה @ רינתיה
[17:15:00]     77 total, 77 rows over 12 page(s)
[17:15:00] [102/10944] אורתופדיה @ רמלה
[17:15:13]     61 total, 61 rows over 9 page(s)
[17:15:13] [103/10944] אורתופדיה @ רשפון
[17:15:18]     0 results (no availability)
[17:15:18] [104/10944] אורתופדיה @ שדה אליהו
[17:15:44]     146 total, 139 rows over 21 page(s)  (MISSING 7)
[17:15:44] [105/10944] אורתופדיה @ שובה
[17:16:04]     63 total, 63 rows over 10 page(s)
[17:16:04] [106/10944] אורתופדיה @ שחר
[17:16:18]     47 total, 47 rows over 7 page(s)
[17:16:18] [107/10944] אורתופדיה @ שכם
[17:16:35]     89 total, 89 rows over 13 page(s)
[17:16:35] [108/10944] אורתופדיה @ שמרת
[17:16:48]     71 total, 71 rows over 11 page(s)
[17:16:48] [109/10944] אורתופדיה @ שער מנשה
[17:17:05]     89 total, 89 rows over 13 page(s)
[17:17:05] [110/10944] אורתופדיה @ שריד
[17:17:31]     146 total, 139 rows over 21 page(s)  (MISSING 7)
[17:17:31] [111/10944] אורתופדיה @ תושיה
[17:17:50]     63 total, 63 rows over 10 page(s)
[17:17:50] [112/10944] אורתופדיה @ תל יצחק
[17:18:06]     89 total, 89 rows over 13 page(s)
[17:18:06] [113/10944] אורתופדיה @ תעשיון חצב
[17:18:17]     58 total, 58 rows over 9 page(s)
[17:18:17] [114/10944] אורתופדיה @ תראבין א צאנה
[17:18:29]     43 total, 43 rows over 7 page(s)
[17:18:29] [115/10944] אף אוזן גרון @ א שויוח
[17:18:37]     42 total, 42 rows over 7 page(s)
[17:18:37] [116/10944] אף אוזן גרון @ אבו קורינאת
[17:18:49]     47 total, 47 rows over 7 page(s)
[17:18:49] [117/10944] אף אוזן גרון @ אוהלו
[17:19:00]     59 total, 59 rows over 9 page(s)
[17:19:00] [118/10944] אף אוזן גרון @ אזור תעשייה נעמן
[17:19:14]     77 total, 77 rows over 12 page(s)
[17:19:14] [119/10944] אף אוזן גרון @ איג'ניסיניא
[17:19:27]     67 total, 67 rows over 10 page(s)
[17:19:27] [120/10944] אף אוזן גרון @ אל אסד
[17:19:39]     47 total, 47 rows over 7 page(s)
[17:19:39] [121/10944] אף אוזן גרון @ אמונים
[17:19:44]     27 total, 27 rows over 4 page(s)
[17:19:44] [122/10944] אף אוזן גרון @ אפיקים
[17:19:55]     59 total, 59 rows over 9 page(s)
[17:19:55] [123/10944] אף אוזן גרון @ אשבל
[17:20:06]     55 total, 55 rows over 8 page(s)
[17:20:06] [124/10944] אף אוזן גרון @ באקה א שרקיה
[17:20:18]     67 total, 67 rows over 10 page(s)
[17:20:18] [125/10944] אף אוזן גרון @ בוסתן הגליל
[17:20:25]     38 total, 38 rows over 6 page(s)
[17:20:25] [126/10944] אף אוזן גרון @ בחן
[17:20:38]     67 total, 67 rows over 10 page(s)
[17:20:38] [127/10944] אף אוזן גרון @ ביר הדאג'
[17:20:50]     47 total, 47 rows over 7 page(s)
[17:20:50] [128/10944] אף אוזן גרון @ בני נעים
[17:21:06]     63 total, 63 rows over 10 page(s)
[17:21:06] [129/10944] אף אוזן גרון @ בקעות
[17:21:14]     42 total, 42 rows over 7 page(s)
[17:21:14] [130/10944] אף אוזן גרון @ ברעם
[17:21:25]     59 total, 59 rows over 9 page(s)
[17:21:25] [131/10944] אף אוזן גרון @ ג'באליה
[17:21:41]     63 total, 63 rows over 10 page(s)
[17:21:41] [132/10944] אף אוזן גרון @ גבעולים
[17:21:57]     63 total, 63 rows over 10 page(s)
[17:21:57] [133/10944] אף אוזן גרון @ גורן
[17:22:04]     38 total, 38 rows over 6 page(s)
[17:22:04] [134/10944] אף אוזן גרון @ גיניגר
[17:22:15]     59 total, 59 rows over 9 page(s)
[17:22:15] [135/10944] אף אוזן גרון @ גנות הדר
[17:22:28]     67 total, 67 rows over 10 page(s)
[17:22:28] [136/10944] אף אוזן גרון @ גרופית
[17:22:30]     4 total, 4 rows over 1 page(s)
[17:22:30] [137/10944] אף אוזן גרון @ דברת
[17:22:47]     95 total, 95 rows over 14 page(s)
[17:22:47] [138/10944] אף אוזן גרון @ דורא
[17:23:03]     63 total, 63 rows over 10 page(s)
[17:23:03] [139/10944] אף אוזן גרון @ דיר אבו משעל
[17:23:11]     38 total, 38 rows over 6 page(s)
[17:23:11] [140/10944] אף אוזן גרון @ דריג'את
[17:23:23]     47 total, 47 rows over 7 page(s)
[17:23:23] [141/10944] אף אוזן גרון @ הוזייל
[17:23:35]     47 total, 47 rows over 7 page(s)
[17:23:35] [142/10944] אף אוזן גרון @ העוגן
[17:23:48]     67 total, 67 rows over 10 page(s)
[17:23:48] [143/10944] אף אוזן גרון @ ורדון
[17:23:59]     41 total, 41 rows over 6 page(s)
[17:23:59] [144/10944] אף אוזן גרון @ זיקים
[17:24:10]     41 total, 41 rows over 6 page(s)
[17:24:10] [145/10944] אף אוזן גרון @ זרועה
[17:24:27]     63 total, 63 rows over 10 page(s)
[17:24:27] [146/10944] אף אוזן גרון @ חג'ה
[17:24:40]     67 total, 67 rows over 10 page(s)
[17:24:40] [147/10944] אף אוזן גרון @ חולית
[17:24:51]     41 total, 41 rows over 6 page(s)
[17:24:51] [148/10944] אף אוזן גרון @ חיננית
[17:25:08]     92 total, 92 rows over 14 page(s)
[17:25:08] [149/10944] אף אוזן גרון @ חניאל
[17:25:21]     67 total, 67 rows over 10 page(s)
[17:25:21] [150/10944] אף אוזן גרון @ חצרים
[17:25:37]     63 total, 63 rows over 10 page(s)
[17:25:37] [151/10944] אף אוזן גרון @ טובאס
[17:25:49]     67 total, 67 rows over 10 page(s)
[17:25:49] [152/10944] אף אוזן גרון @ טירת צבי
[17:26:07]     95 total, 95 rows over 14 page(s)
[17:26:07] [153/10944] אף אוזן גרון @ טפחות
[17:26:19]     59 total, 59 rows over 9 page(s)
[17:26:19] [154/10944] אף אוזן גרון @ יברוד
[17:26:26]     42 total, 42 rows over 7 page(s)
[17:26:26] [155/10944] אף אוזן גרון @ יהוד מונוסון
[17:26:38]     59 total, 59 rows over 9 page(s)
[17:26:38] [156/10944] אף אוזן גרון @ יטבתה
[17:26:39]     4 total, 4 rows over 1 page(s)
[17:26:39] [157/10944] אף אוזן גרון @ יעל
[17:26:57]     95 total, 95 rows over 14 page(s)
[17:26:57] [158/10944] אף אוזן גרון @ יקיר
[17:27:10]     67 total, 67 rows over 10 page(s)
[17:27:10] [159/10944] אף אוזן גרון @ ירקונה
[17:27:22]     59 total, 59 rows over 9 page(s)
[17:27:22] [160/10944] אף אוזן גרון @ כדורי
[17:27:33]     59 total, 59 rows over 9 page(s)
[17:27:33] [161/10944] אף אוזן גרון @ כורזים
[17:27:44]     59 total, 59 rows over 9 page(s)
[17:27:44] [162/10944] אף אוזן גרון @ כמאנה
[17:27:59]     77 total, 77 rows over 12 page(s)
[17:27:59] [163/10944] אף אוזן גרון @ כפר א לבד
[17:28:11]     67 total, 67 rows over 10 page(s)
[17:28:11] [164/10944] אף אוזן גרון @ כרי דשא
[17:28:22]     59 total, 59 rows over 9 page(s)
[17:28:22] [165/10944] אף אוזן גרון @ לב יתיר
[17:28:38]     63 total, 63 rows over 10 page(s)
[17:28:38] [166/10944] אף אוזן גרון @ לוזית
[17:28:46]     42 total, 42 rows over 7 page(s)
[17:28:46] [167/10944] אף אוזן גרון @ מאיר שפיה
[17:29:04]     92 total, 92 rows over 14 page(s)
[17:29:04] [168/10944] אף אוזן גרון @ מבקיעים
[17:29:16]     41 total, 41 rows over 6 page(s)
[17:29:16] [169/10944] אף אוזן גרון @ מגדל תפן
[17:29:30]     77 total, 77 rows over 12 page(s)
[17:29:30] [170/10944] אף אוזן גרון @ מוע'ייר
[17:29:38]     42 total, 42 rows over 7 page(s)
[17:29:38] [171/10944] אף אוזן גרון @ מזרעה אל קיבליה
[17:29:46]     42 total, 42 rows over 7 page(s)
[17:29:46] [172/10944] אף אוזן גרון @ מיצר
[17:29:57]     59 total, 59 rows over 9 page(s)
[17:29:57] [173/10944] אף אוזן גרון @ מלאה
[17:30:14]     95 total, 95 rows over 14 page(s)
[17:30:14] [174/10944] אף אוזן גרון @ מסד
[17:30:25]     59 total, 59 rows over 9 page(s)
[17:30:25] [175/10944] אף אוזן גרון @ מעגלים
[17:30:41]     63 total, 63 rows over 10 page(s)
[17:30:41] [176/10944] אף אוזן גרון @ מפעלי אבשלום
[17:30:57]     63 total, 63 rows over 10 page(s)
[17:30:57] [177/10944] אף אוזן גרון @ מצדות יהודה
[17:31:13]     63 total, 63 rows over 10 page(s)
[17:31:13] [178/10944] אף אוזן גרון @ מרג' נעג'ה
[17:31:21]     42 total, 42 rows over 7 page(s)
[17:31:21] [179/10944] אף אוזן גרון @ משאבי שדה
[17:31:32]     47 total, 47 rows over 7 page(s)
[17:31:32] [180/10944] אף אוזן גרון @ מתן
[17:31:44]     59 total, 59 rows over 9 page(s)
[17:31:44] [181/10944] אף אוזן גרון @ נבטים
[17:32:02]     63 total, 63 rows over 10 page(s)
[17:32:02] [182/10944] אף אוזן גרון @ נווה
[17:32:13]     41 total, 41 rows over 6 page(s)
[17:32:13] [183/10944] אף אוזן גרון @ נזלת זיד
[17:32:26]     67 total, 67 rows over 10 page(s)
[17:32:26] [184/10944] אף אוזן גרון @ נחשון
[17:32:33]     32 total, 32 rows over 5 page(s)
[17:32:33] [185/10944] אף אוזן גרון @ ניצן
[17:32:44]     41 total, 41 rows over 6 page(s)
[17:32:44] [186/10944] אף אוזן גרון @ נס ציונה
[17:32:56]     62 total, 62 rows over 9 page(s)
[17:32:56] [187/10944] אף אוזן גרון @ נתיב הגדוד
[17:33:04]     42 total, 42 rows over 7 page(s)
[17:33:04] [188/10944] אף אוזן גרון @ סאסא
[17:33:14]     59 total, 59 rows over 9 page(s)
[17:33:14] [189/10944] אף אוזן גרון @ סוריף
[17:33:22]     42 total, 42 rows over 7 page(s)
[17:33:22] [190/10944] אף אוזן גרון @ סיריס
[17:33:34]     67 total, 67 rows over 10 page(s)
[17:33:34] [191/10944] אף אוזן גרון @ סער
[17:33:42]     38 total, 38 rows over 6 page(s)
[17:33:42] [192/10944] אף אוזן גרון @ עבדה
[17:33:59]     63 total, 63 rows over 10 page(s)
[17:33:59] [193/10944] אף אוזן גרון @ עדי
[17:34:13]     82 total, 82 rows over 12 page(s)
[17:34:13] [194/10944] אף אוזן גרון @ עופר
[17:34:29]     82 total, 82 rows over 12 page(s)
[17:34:29] [195/10944] אף אוזן גרון @ עזריקם
[17:34:34]     27 total, 27 rows over 4 page(s)
[17:34:34] [196/10944] אף אוזן גרון @ עין א סולטאן מחנה פליטים
[17:34:42]     42 total, 42 rows over 7 page(s)
[17:34:42] [197/10944] אף אוזן גרון @ עלמון
[17:34:50]     42 total, 42 rows over 7 page(s)
[17:34:50] [198/10944] אף אוזן גרון @ עמקה
[17:34:57]     38 total, 38 rows over 6 page(s)
[17:34:57] [199/10944] אף אוזן גרון @ עפרה
[17:35:05]     42 total, 42 rows over 7 page(s)
[17:35:05] [200/10944] אף אוזן גרון @ ערבונה
[17:35:17]     67 total, 67 rows over 10 page(s)
[17:35:17] [201/10944] אף אוזן גרון @ פארן
[17:35:30]     47 total, 47 rows over 7 page(s)
[17:35:30] [202/10944] אף אוזן גרון @ פוריה כפר עבודה
[17:35:41]     59 total, 59 rows over 9 page(s)
[17:35:41] [203/10944] אף אוזן גרון @ פנדקומיה
[17:35:53]     67 total, 67 rows over 10 page(s)
[17:35:53] [204/10944] אף אוזן גרון @ פרדס חנה כרכור
[17:36:10]     92 total, 92 rows over 14 page(s)
[17:36:10] [205/10944] אף אוזן גרון @ צאלים
[17:36:22]     41 total, 41 rows over 6 page(s)
[17:36:22] [206/10944] אף אוזן גרון @ צוקים
[17:36:34]     47 total, 47 rows over 7 page(s)
[17:36:34] [207/10944] אף אוזן גרון @ צרעה
[17:36:42]     42 total, 42 rows over 7 page(s)
[17:36:42] [208/10944] אף אוזן גרון @ קדר
[17:36:50]     42 total, 42 rows over 7 page(s)
[17:36:50] [209/10944] אף אוזן גרון @ קטורה
[17:36:51]     4 total, 4 rows over 1 page(s)
[17:36:51] [210/10944] אף אוזן גרון @ קלקיליה
[17:37:03]     67 total, 67 rows over 10 page(s)
[17:37:03] [211/10944] אף אוזן גרון @ קרית אתא
[17:37:14]     61 total, 61 rows over 9 page(s)
[17:37:14] [212/10944] אף אוזן גרון @ ראס אל עין
[17:37:24]     55 total, 55 rows over 8 page(s)
[17:37:24] [213/10944] אף אוזן גרון @ רגבה
[17:37:31]     38 total, 38 rows over 6 page(s)
[17:37:31] [214/10944] אף אוזן גרון @ רומת היב
[17:37:41]     59 total, 59 rows over 9 page(s)
[17:37:41] [215/10944] אף אוזן גרון @ רינתיה
[17:37:53]     59 total, 59 rows over 9 page(s)
[17:37:53] [216/10944] אף אוזן גרון @ רמלה
[17:38:00]     32 total, 32 rows over 5 page(s)
[17:38:00] [217/10944] אף אוזן גרון @ רשפון
[17:38:17]     91 total, 91 rows over 14 page(s)
[17:38:17] [218/10944] אף אוזן גרון @ שדה אליהו
[17:38:35]     95 total, 95 rows over 14 page(s)
[17:38:35] [219/10944] אף אוזן גרון @ שובה
[17:38:51]     63 total, 63 rows over 10 page(s)
[17:38:51] [220/10944] אף אוזן גרון @ שחר
[17:39:01]     41 total, 41 rows over 6 page(s)
[17:39:01] [221/10944] אף אוזן גרון @ שכם
[17:39:14]     67 total, 67 rows over 10 page(s)
[17:39:14] [222/10944] אף אוזן גרון @ שמרת
[17:39:22]     38 total, 38 rows over 6 page(s)
[17:39:22] [223/10944] אף אוזן גרון @ שער מנשה
[17:39:34]     67 total, 67 rows over 10 page(s)
[17:39:34] [224/10944] אף אוזן גרון @ שריד
[17:39:53]     95 total, 95 rows over 14 page(s)
[17:39:53] [225/10944] אף אוזן גרון @ תושיה
[17:40:10]     63 total, 63 rows over 10 page(s)
[17:40:10] [226/10944] אף אוזן גרון @ תל יצחק
[17:40:23]     67 total, 67 rows over 10 page(s)
[17:40:23] [227/10944] אף אוזן גרון @ תעשיון חצב
[17:40:31]     38 total, 38 rows over 6 page(s)
[17:40:31] [228/10944] אף אוזן גרון @ תראבין א צאנה
[17:40:43]     47 total, 47 rows over 7 page(s)
[17:40:43] [229/10944] נשים @ א שויוח
[17:41:05]     132 total, 132 rows over 19 page(s)
[17:41:05] [230/10944] נשים @ אבו קורינאת
[17:41:25]     112 total, 112 rows over 17 page(s)
[17:41:25] [231/10944] נשים @ אוהלו
[17:41:40]     87 total, 87 rows over 13 page(s)
[17:41:40] [232/10944] נשים @ אזור תעשייה נעמן
[17:42:04]     175 total, 139 rows over 21 page(s)  (MISSING 36)
[17:42:04] [233/10944] נשים @ איג'ניסיניא
[17:42:28]     142 total, 139 rows over 21 page(s)  (MISSING 3)
[17:42:28] [234/10944] נשים @ אל אסד
[17:42:48]     112 total, 112 rows over 17 page(s)
[17:42:48] [235/10944] נשים @ אמונים
[17:43:00]     63 total, 63 rows over 10 page(s)
[17:43:00] [236/10944] נשים @ אפיקים
[17:43:15]     87 total, 87 rows over 13 page(s)
[17:43:15] [237/10944] נשים @ אשבל
[17:43:36]     120 total, 120 rows over 18 page(s)
[17:43:36] [238/10944] נשים @ באקה א שרקיה
[17:44:00]     142 total, 139 rows over 21 page(s)  (MISSING 3)
[17:44:00] [239/10944] נשים @ בוסתן הגליל
[17:44:17]     88 total, 88 rows over 13 page(s)
[17:44:17] [240/10944] נשים @ בחן
[17:44:42]     142 total, 139 rows over 21 page(s)  (MISSING 3)
[17:44:42] [241/10944] נשים @ ביר הדאג'
[17:45:01]     112 total, 112 rows over 17 page(s)
[17:45:01] [242/10944] נשים @ בני נעים
[17:45:27]     156 total, 139 rows over 21 page(s)  (MISSING 17)
[17:45:27] [243/10944] נשים @ בקעות
[17:45:48]     132 total, 132 rows over 19 page(s)
[17:45:48] [244/10944] נשים @ ברעם
[17:46:03]     87 total, 87 rows over 13 page(s)
[17:46:03] [245/10944] נשים @ ג'באליה
[17:46:27]     156 total, 139 rows over 21 page(s)  (MISSING 17)
[17:46:27] [246/10944] נשים @ גבעולים
[17:46:52]     156 total, 139 rows over 21 page(s)  (MISSING 17)
[17:46:52] [247/10944] נשים @ גורן
[17:47:08]     88 total, 88 rows over 13 page(s)
[17:47:08] [248/10944] נשים @ גיניגר
[17:47:23]     87 total, 87 rows over 13 page(s)
[17:47:23] [249/10944] נשים @ גנות הדר
[17:47:47]     142 total, 139 rows over 21 page(s)  (MISSING 3)
[17:47:47] [250/10944] נשים @ גרופית
[17:47:49]     10 total, 10 rows over 2 page(s)
[17:47:49] [251/10944] נשים @ דברת
[17:48:14]     176 total, 139 rows over 21 page(s)  (MISSING 37)
[17:48:14] [252/10944] נשים @ דורא
[17:48:37]     156 total, 139 rows over 21 page(s)  (MISSING 17)
[17:48:37] [253/10944] נשים @ דיר אבו משעל
[17:48:43]     29 total, 29 rows over 5 page(s)
[17:48:43] [254/10944] נשים @ דריג'את
[17:49:03]     112 total, 112 rows over 17 page(s)
[17:49:03] [255/10944] נשים @ הוזייל
[17:49:24]     112 total, 112 rows over 17 page(s)
[17:49:24] [256/10944] נשים @ העוגן
[17:49:49]     142 total, 139 rows over 21 page(s)  (MISSING 3)
[17:49:49] [257/10944] נשים @ ורדון
[17:50:08]     108 total, 108 rows over 16 page(s)
[17:50:08] [258/10944] נשים @ זיקים
[17:50:27]     108 total, 108 rows over 16 page(s)
[17:50:27] [259/10944] נשים @ זרועה
[17:50:53]     156 total, 139 rows over 21 page(s)  (MISSING 17)
[17:50:53] [260/10944] נשים @ חג'ה
[17:51:18]     142 total, 139 rows over 21 page(s)  (MISSING 3)
[17:51:18] [261/10944] נשים @ חולית
[17:51:37]     108 total, 108 rows over 16 page(s)
[17:51:37] [262/10944] נשים @ חיננית
[17:51:42]     0 results (no availability)
[17:51:42] [263/10944] נשים @ חניאל
[17:52:07]     142 total, 139 rows over 21 page(s)  (MISSING 3)
[17:52:07] [264/10944] נשים @ חצרים
[17:52:32]     156 total, 139 rows over 21 page(s)  (MISSING 17)
[17:52:32] [265/10944] נשים @ טובאס
[17:52:58]     142 total, 139 rows over 21 page(s)  (MISSING 3)
[17:52:58] [266/10944] נשים @ טירת צבי
[17:53:23]     176 total, 139 rows over 21 page(s)  (MISSING 37)
[17:53:23] [267/10944] נשים @ טפחות
[17:53:38]     87 total, 87 rows over 13 page(s)
[17:53:38] [268/10944] נשים @ יברוד
[17:53:59]     132 total, 132 rows over 19 page(s)
[17:53:59] [269/10944] נשים @ יהוד מונוסון
[17:54:12]     70 total, 70 rows over 11 page(s)
[17:54:12] [270/10944] נשים @ יטבתה
[17:54:14]     10 total, 10 rows over 2 page(s)
[17:54:14] [271/10944] נשים @ יעל
[17:54:38]     176 total, 139 rows over 21 page(s)  (MISSING 37)
[17:54:38] [272/10944] נשים @ יקיר
[17:55:02]     142 total, 139 rows over 21 page(s)  (MISSING 3)
[17:55:02] [273/10944] נשים @ ירקונה
[17:55:15]     70 total, 70 rows over 11 page(s)
[17:55:15] [274/10944] נשים @ כדורי
[17:55:31]     87 total, 87 rows over 13 page(s)
[17:55:31] [275/10944] נשים @ כורזים
[17:55:47]     87 total, 87 rows over 13 page(s)
[17:55:47] [276/10944] נשים @ כמאנה
[17:56:10]     175 total, 139 rows over 21 page(s)  (MISSING 36)
[17:56:10] [277/10944] נשים @ כפר א לבד
[17:56:36]     142 total, 139 rows over 21 page(s)  (MISSING 3)
[17:56:36] [278/10944] נשים @ כרי דשא
[17:56:51]     87 total, 87 rows over 13 page(s)
[17:56:51] [279/10944] נשים @ לב יתיר
[17:57:16]     156 total, 139 rows over 21 page(s)  (MISSING 17)
[17:57:16] [280/10944] נשים @ לוזית
[17:57:37]     132 total, 132 rows over 19 page(s)
[17:57:37] [281/10944] נשים @ מאיר שפיה
[17:58:02]     203 total, 139 rows over 21 page(s)  (MISSING 64)
[17:58:02] [282/10944] נשים @ מבקיעים
[17:58:22]     108 total, 108 rows over 16 page(s)
[17:58:22] [283/10944] נשים @ מגדל תפן
[17:58:46]     175 total, 139 rows over 21 page(s)  (MISSING 36)
[17:58:46] [284/10944] נשים @ מוע'ייר
[17:59:08]     132 total, 132 rows over 19 page(s)
[17:59:08] [285/10944] נשים @ מזרעה אל קיבליה
[17:59:29]     132 total, 132 rows over 19 page(s)
[17:59:29] [286/10944] נשים @ מיצר
[17:59:47]     87 total, 87 rows over 13 page(s)
[17:59:47] [287/10944] נשים @ מלאה
[18:00:12]     176 total, 139 rows over 21 page(s)  (MISSING 37)
[18:00:12] [288/10944] נשים @ מסד
[18:00:28]     87 total, 87 rows over 13 page(s)
[18:00:28] [289/10944] נשים @ מעגלים
[18:00:54]     156 total, 139 rows over 21 page(s)  (MISSING 17)
[18:00:54] [290/10944] נשים @ מפעלי אבשלום
[18:01:17]     156 total, 139 rows over 21 page(s)  (MISSING 17)
[18:01:17] [291/10944] נשים @ מצדות יהודה
[18:01:42]     156 total, 139 rows over 21 page(s)  (MISSING 17)
[18:01:42] [292/10944] נשים @ מרג' נעג'ה
[18:02:03]     132 total, 132 rows over 19 page(s)
[18:02:03] [293/10944] נשים @ משאבי שדה
[18:02:23]     112 total, 112 rows over 17 page(s)
[18:02:23] [294/10944] נשים @ מתן
[18:02:36]     70 total, 70 rows over 11 page(s)
[18:02:36] [295/10944] נשים @ נבטים
[18:03:00]     156 total, 139 rows over 21 page(s)  (MISSING 17)
[18:03:00] [296/10944] נשים @ נווה
[18:03:19]     108 total, 108 rows over 16 page(s)
[18:03:19] [297/10944] נשים @ נזלת זיד
[18:03:43]     142 total, 139 rows over 21 page(s)  (MISSING 3)
[18:03:43] [298/10944] נשים @ נחשון
[18:03:58]     88 total, 88 rows over 13 page(s)
[18:03:58] [299/10944] נשים @ ניצן
[18:04:17]     108 total, 108 rows over 16 page(s)
[18:04:17] [300/10944] נשים @ נס ציונה
[18:04:40]     138 total, 138 rows over 20 page(s)
[18:04:40] [301/10944] נשים @ נתיב הגדוד
[18:05:02]     132 total, 132 rows over 19 page(s)
[18:05:02] [302/10944] נשים @ סאסא
[18:05:17]     87 total, 87 rows over 13 page(s)
[18:05:17] [303/10944] נשים @ סוריף
[18:05:39]     132 total, 132 rows over 19 page(s)
[18:05:39] [304/10944] נשים @ סיריס
[18:06:04]     142 total, 139 rows over 21 page(s)  (MISSING 3)
[18:06:04] [305/10944] נשים @ סער
[18:06:20]     88 total, 88 rows over 13 page(s)
[18:06:20] [306/10944] נשים @ עבדה
[18:06:44]     156 total, 139 rows over 21 page(s)  (MISSING 17)
[18:06:44] [307/10944] נשים @ עדי
[18:07:09]     185 total, 139 rows over 21 page(s)  (MISSING 46)
[18:07:09] [308/10944] נשים @ עופר
[18:07:34]     185 total, 139 rows over 21 page(s)  (MISSING 46)
[18:07:34] [309/10944] נשים @ עזריקם
[18:07:46]     63 total, 63 rows over 10 page(s)
[18:07:46] [310/10944] נשים @ עין א סולטאן מחנה פליטים
[18:08:07]     132 total, 132 rows over 19 page(s)
[18:08:07] [311/10944] נשים @ עלמון
[18:08:29]     132 total, 132 rows over 19 page(s)
[18:08:29] [312/10944] נשים @ עמקה
[18:08:45]     88 total, 88 rows over 13 page(s)
[18:08:45] [313/10944] נשים @ עפרה
[18:09:06]     132 total, 132 rows over 19 page(s)
[18:09:06] [314/10944] נשים @ ערבונה
[18:09:32]     142 total, 139 rows over 21 page(s)  (MISSING 3)
[18:09:32] [315/10944] נשים @ פארן
[18:09:51]     112 total, 112 rows over 17 page(s)
[18:09:51] [316/10944] נשים @ פוריה כפר עבודה
[18:10:07]     87 total, 87 rows over 13 page(s)
[18:10:07] [317/10944] נשים @ פנדקומיה
[18:10:32]     142 total, 139 rows over 21 page(s)  (MISSING 3)
[18:10:32] [318/10944] נשים @ פרדס חנה כרכור
[18:10:37]     0 results (no availability)
[18:10:37] [319/10944] נשים @ צאלים
[18:10:56]     108 total, 108 rows over 16 page(s)
[18:10:56] [320/10944] נשים @ צוקים
[18:11:15]     112 total, 112 rows over 17 page(s)
[18:11:15] [321/10944] נשים @ צרעה
[18:11:37]     132 total, 132 rows over 19 page(s)
[18:11:37] [322/10944] נשים @ קדר
[18:11:59]     132 total, 132 rows over 19 page(s)
[18:11:59] [323/10944] נשים @ קטורה
[18:12:01]     10 total, 10 rows over 2 page(s)
[18:12:01] [324/10944] נשים @ קלקיליה
[18:12:25]     142 total, 139 rows over 21 page(s)  (MISSING 3)
[18:12:25] [325/10944] נשים @ קרית אתא
[18:12:48]     132 total, 132 rows over 19 page(s)
[18:12:48] [326/10944] נשים @ ראס אל עין
[18:13:10]     120 total, 120 rows over 18 page(s)
[18:13:10] [327/10944] נשים @ רגבה
[18:13:25]     88 total, 88 rows over 13 page(s)
[18:13:25] [328/10944] נשים @ רומת היב
[18:13:40]     87 total, 87 rows over 13 page(s)
[18:13:40] [329/10944] נשים @ רינתיה
[18:13:54]     70 total, 70 rows over 11 page(s)
[18:13:54] [330/10944] נשים @ רמלה
[18:14:09]     88 total, 88 rows over 13 page(s)
[18:14:09] [331/10944] נשים @ רשפון
[18:14:34]     189 total, 139 rows over 21 page(s)  (MISSING 50)
[18:14:34] [332/10944] נשים @ שדה אליהו
[18:14:59]     176 total, 139 rows over 21 page(s)  (MISSING 37)
[18:14:59] [333/10944] נשים @ שובה
[18:15:23]     156 total, 139 rows over 21 page(s)  (MISSING 17)
[18:15:23] [334/10944] נשים @ שחר
[18:15:42]     108 total, 108 rows over 16 page(s)
[18:15:42] [335/10944] נשים @ שכם
[18:16:06]     142 total, 139 rows over 21 page(s)  (MISSING 3)
[18:16:06] [336/10944] נשים @ שמרת
[18:16:21]     88 total, 88 rows over 13 page(s)
[18:16:21] [337/10944] נשים @ שער מנשה
[18:16:46]     142 total, 139 rows over 21 page(s)  (MISSING 3)
[18:16:46] [338/10944] נשים @ שריד
[18:17:11]     176 total, 139 rows over 21 page(s)  (MISSING 37)
[18:17:11] [339/10944] נשים @ תושיה
[18:17:35]     156 total, 139 rows over 21 page(s)  (MISSING 17)
[18:17:35] [340/10944] נשים @ תל יצחק
[18:18:00]     142 total, 139 rows over 21 page(s)  (MISSING 3)
[18:18:00] [341/10944] נשים @ תעשיון חצב
[18:18:06]     29 total, 29 rows over 5 page(s)
[18:18:06] [342/10944] נשים @ תראבין א צאנה
[18:18:26]     112 total, 112 rows over 17 page(s)
[18:18:26] [343/10944] עור @ א שויוח
[18:18:34]     46 total, 46 rows over 7 page(s)
[18:18:34] [344/10944] עור @ אבו קורינאת
[18:18:44]     34 total, 34 rows over 5 page(s)
[18:18:44] [345/10944] עור @ אוהלו
[18:18:54]     53 total, 53 rows over 8 page(s)
[18:18:54] [346/10944] עור @ אזור תעשייה נעמן
[18:19:10]     75 total, 75 rows over 11 page(s)
[18:19:10] [347/10944] עור @ איג'ניסיניא
[18:19:23]     49 total, 49 rows over 8 page(s)
[18:19:23] [348/10944] עור @ אל אסד
[18:19:33]     34 total, 34 rows over 5 page(s)
[18:19:33] [349/10944] עור @ אמונים
[18:19:37]     24 total, 24 rows over 4 page(s)
[18:19:37] [350/10944] עור @ אפיקים
[18:19:47]     53 total, 53 rows over 8 page(s)
[18:19:47] [351/10944] עור @ אשבל
[18:19:58]     52 total, 52 rows over 8 page(s)
[18:19:58] [352/10944] עור @ באקה א שרקיה
[18:20:11]     49 total, 49 rows over 8 page(s)
[18:20:11] [353/10944] עור @ בוסתן הגליל
[18:20:18]     38 total, 38 rows over 6 page(s)
[18:20:18] [354/10944] עור @ בחן
[18:20:31]     49 total, 49 rows over 8 page(s)
[18:20:31] [355/10944] עור @ ביר הדאג'
[18:20:43]     34 total, 34 rows over 5 page(s)
[18:20:43] [356/10944] עור @ בני נעים
[18:20:58]     45 total, 45 rows over 7 page(s)
[18:20:58] [357/10944] עור @ בקעות
[18:21:06]     46 total, 46 rows over 7 page(s)
[18:21:06] [358/10944] עור @ ברעם
[18:21:16]     53 total, 53 rows over 8 page(s)
[18:21:16] [359/10944] עור @ ג'באליה
[18:21:33]     45 total, 45 rows over 7 page(s)
[18:21:33] [360/10944] עור @ גבעולים
[18:21:47]     45 total, 45 rows over 7 page(s)
[18:21:47] [361/10944] עור @ גורן
[18:21:54]     38 total, 38 rows over 6 page(s)
[18:21:54] [362/10944] עור @ גיניגר
[18:22:04]     53 total, 53 rows over 8 page(s)
[18:22:04] [363/10944] עור @ גנות הדר
[18:22:18]     49 total, 49 rows over 8 page(s)
[18:22:18] [364/10944] עור @ גרופית
[18:22:19]     6 total, 6 rows over 1 page(s)
[18:22:19] [365/10944] עור @ דברת
[18:22:36]     85 total, 85 rows over 13 page(s)
[18:22:36] [366/10944] עור @ דורא
[18:22:50]     45 total, 45 rows over 7 page(s)
[18:22:50] [367/10944] עור @ דיר אבו משעל
[18:23:03]     46 total, 46 rows over 7 page(s)
[18:23:03] [368/10944] עור @ דריג'את
[18:23:13]     34 total, 34 rows over 5 page(s)
[18:23:13] [369/10944] עור @ הוזייל
[18:23:24]     34 total, 34 rows over 5 page(s)
[18:23:24] [370/10944] עור @ העוגן
[18:23:37]     49 total, 49 rows over 8 page(s)
[18:23:37] [371/10944] עור @ ורדון
[18:23:48]     32 total, 32 rows over 5 page(s)
[18:23:48] [372/10944] עור @ זיקים
[18:24:00]     32 total, 32 rows over 5 page(s)
[18:24:00] [373/10944] עור @ זרועה
[18:24:14]     45 total, 45 rows over 7 page(s)
[18:24:14] [374/10944] עור @ חג'ה
[18:24:27]     49 total, 49 rows over 8 page(s)
[18:24:27] [375/10944] עור @ חולית
[18:24:39]     32 total, 32 rows over 5 page(s)
[18:24:39] [376/10944] עור @ חיננית
[18:24:57]     81 total, 81 rows over 12 page(s)
[18:24:57] [377/10944] עור @ חניאל
[18:25:09]     49 total, 49 rows over 8 page(s)
[18:25:09] [378/10944] עור @ חצרים
[18:25:25]     45 total, 45 rows over 7 page(s)
[18:25:25] [379/10944] עור @ טובאס
[18:25:37]     49 total, 49 rows over 8 page(s)
[18:25:37] [380/10944] עור @ טירת צבי
[18:25:54]     85 total, 85 rows over 13 page(s)
[18:25:54] [381/10944] עור @ טפחות
[18:26:05]     53 total, 53 rows over 8 page(s)
[18:26:05] [382/10944] עור @ יברוד
[18:26:13]     46 total, 46 rows over 7 page(s)
[18:26:13] [383/10944] עור @ יהוד מונוסון
[18:26:30]     62 total, 62 rows over 9 page(s)
[18:26:30] [384/10944] עור @ יטבתה
[18:26:31]     6 total, 6 rows over 1 page(s)
[18:26:31] [385/10944] עור @ יעל
[18:26:47]     85 total, 85 rows over 13 page(s)
[18:26:47] [386/10944] עור @ יקיר
[18:27:00]     49 total, 49 rows over 8 page(s)
[18:27:00] [387/10944] עור @ ירקונה
[18:27:17]     62 total, 62 rows over 9 page(s)
[18:27:17] [388/10944] עור @ כדורי
[18:27:27]     53 total, 53 rows over 8 page(s)
[18:27:27] [389/10944] עור @ כורזים
[18:27:37]     53 total, 53 rows over 8 page(s)
[18:27:37] [390/10944] עור @ כמאנה
[18:27:54]     75 total, 75 rows over 11 page(s)
[18:27:54] [391/10944] עור @ כפר א לבד
[18:28:06]     49 total, 49 rows over 8 page(s)
[18:28:06] [392/10944] עור @ כרי דשא
[18:28:17]     53 total, 53 rows over 8 page(s)
[18:28:17] [393/10944] עור @ לב יתיר
[18:28:33]     45 total, 45 rows over 7 page(s)
[18:28:33] [394/10944] עור @ לוזית
[18:28:41]     46 total, 46 rows over 7 page(s)
[18:28:41] [395/10944] עור @ מאיר שפיה
[18:28:59]     81 total, 81 rows over 12 page(s)
[18:28:59] [396/10944] עור @ מבקיעים
[18:29:13]     32 total, 32 rows over 5 page(s)
[18:29:13] [397/10944] עור @ מגדל תפן
[18:29:29]     75 total, 75 rows over 11 page(s)
[18:29:29] [398/10944] עור @ מוע'ייר
[18:29:37]     46 total, 46 rows over 7 page(s)
[18:29:37] [399/10944] עור @ מזרעה אל קיבליה
[18:29:46]     46 total, 46 rows over 7 page(s)
[18:29:46] [400/10944] עור @ מיצר
[18:29:56]     53 total, 53 rows over 8 page(s)
[18:29:56] [401/10944] עור @ מלאה
[18:30:13]     85 total, 85 rows over 13 page(s)
[18:30:13] [402/10944] עור @ מסד
[18:30:24]     53 total, 53 rows over 8 page(s)
[18:30:24] [403/10944] עור @ מעגלים
[18:30:40]     45 total, 45 rows over 7 page(s)
[18:30:40] [404/10944] עור @ מפעלי אבשלום
[18:30:54]     45 total, 45 rows over 7 page(s)
[18:30:54] [405/10944] עור @ מצדות יהודה
[18:31:09]     45 total, 45 rows over 7 page(s)
[18:31:09] [406/10944] עור @ מרג' נעג'ה
[18:31:17]     46 total, 46 rows over 7 page(s)
[18:31:17] [407/10944] עור @ משאבי שדה
[18:31:28]     34 total, 34 rows over 5 page(s)
[18:31:28] [408/10944] עור @ מתן
[18:31:44]     62 total, 62 rows over 9 page(s)
[18:31:44] [409/10944] עור @ נבטים
[18:31:59]     45 total, 45 rows over 7 page(s)
[18:31:59] [410/10944] עור @ נווה
[18:32:10]     32 total, 32 rows over 5 page(s)
[18:32:10] [411/10944] עור @ נזלת זיד
[18:32:24]     49 total, 49 rows over 8 page(s)
[18:32:24] [412/10944] עור @ נחשון
[18:32:30]     34 total, 34 rows over 5 page(s)
[18:32:30] [413/10944] עור @ ניצן
[18:32:42]     32 total, 32 rows over 5 page(s)
[18:32:42] [414/10944] עור @ נס ציונה
[18:32:53]     52 total, 52 rows over 8 page(s)
[18:32:53] [415/10944] עור @ נתיב הגדוד
[18:33:01]     46 total, 46 rows over 7 page(s)
[18:33:01] [416/10944] עור @ סאסא
[18:33:11]     53 total, 53 rows over 8 page(s)
[18:33:11] [417/10944] עור @ סוריף
[18:33:20]     46 total, 46 rows over 7 page(s)
[18:33:20] [418/10944] עור @ סיריס
[18:33:32]     49 total, 49 rows over 8 page(s)
[18:33:32] [419/10944] עור @ סער
[18:33:39]     38 total, 38 rows over 6 page(s)
[18:33:39] [420/10944] עור @ עבדה
[18:33:53]     45 total, 45 rows over 7 page(s)
[18:33:53] [421/10944] עור @ עדי
[18:34:11]     79 total, 79 rows over 12 page(s)
[18:34:11] [422/10944] עור @ עופר
[18:34:28]     79 total, 79 rows over 12 page(s)
[18:34:28] [423/10944] עור @ עזריקם
[18:34:32]     24 total, 24 rows over 4 page(s)
[18:34:32] [424/10944] עור @ עין א סולטאן מחנה פליטים
[18:34:41]     46 total, 46 rows over 7 page(s)
[18:34:41] [425/10944] עור @ עלמון
[18:34:49]     46 total, 46 rows over 7 page(s)
[18:34:49] [426/10944] עור @ עמקה
[18:34:56]     38 total, 38 rows over 6 page(s)
[18:34:56] [427/10944] עור @ עפרה
[18:35:05]     47 total, 47 rows over 7 page(s)
[18:35:05] [428/10944] עור @ ערבונה
[18:35:17]     49 total, 49 rows over 8 page(s)
[18:35:17] [429/10944] עור @ פארן
[18:35:27]     34 total, 34 rows over 5 page(s)
[18:35:27] [430/10944] עור @ פוריה כפר עבודה
[18:35:38]     53 total, 53 rows over 8 page(s)
[18:35:38] [431/10944] עור @ פנדקומיה
[18:35:50]     49 total, 49 rows over 8 page(s)
[18:35:50] [432/10944] עור @ פרדס חנה כרכור
[18:36:08]     81 total, 81 rows over 12 page(s)
[18:36:08] [433/10944] עור @ צאלים
[18:36:19]     32 total, 32 rows over 5 page(s)
[18:36:19] [434/10944] עור @ צוקים
[18:36:29]     34 total, 34 rows over 5 page(s)
[18:36:29] [435/10944] עור @ צרעה
[18:36:38]     46 total, 46 rows over 7 page(s)
[18:36:38] [436/10944] עור @ קדר
[18:36:47]     46 total, 46 rows over 7 page(s)
[18:36:47] [437/10944] עור @ קטורה
[18:36:48]     6 total, 6 rows over 1 page(s)
[18:36:48] [438/10944] עור @ קלקיליה
[18:37:01]     49 total, 49 rows over 8 page(s)
[18:37:01] [439/10944] עור @ קרית אתא
[18:37:14]     60 total, 60 rows over 9 page(s)
[18:37:14] [440/10944] עור @ ראס אל עין
[18:37:25]     52 total, 52 rows over 8 page(s)
[18:37:25] [441/10944] עור @ רגבה
[18:37:33]     38 total, 38 rows over 6 page(s)
[18:37:33] [442/10944] עור @ רומת היב
[18:37:43]     53 total, 53 rows over 8 page(s)
[18:37:43] [443/10944] עור @ רינתיה
[18:38:00]     62 total, 62 rows over 9 page(s)
[18:38:00] [444/10944] עור @ רמלה
[18:38:06]     34 total, 34 rows over 5 page(s)
[18:38:06] [445/10944] עור @ רשפון
[18:38:28]     85 total, 85 rows over 13 page(s)
[18:38:28] [446/10944] עור @ שדה אליהו
[18:38:44]     85 total, 85 rows over 13 page(s)
[18:38:44] [447/10944] עור @ שובה
[18:38:59]     45 total, 45 rows over 7 page(s)
[18:38:59] [448/10944] עור @ שחר
[18:39:11]     32 total, 32 rows over 5 page(s)
[18:39:11] [449/10944] עור @ שכם
[18:39:23]     49 total, 49 rows over 8 page(s)
[18:39:23] [450/10944] עור @ שמרת
[18:39:30]     38 total, 38 rows over 6 page(s)
[18:39:30] [451/10944] עור @ שער מנשה
[18:39:43]     49 total, 49 rows over 8 page(s)
[18:39:43] [452/10944] עור @ שריד
[18:39:59]     85 total, 85 rows over 13 page(s)
[18:39:59] [453/10944] עור @ תושיה
[18:40:14]     45 total, 45 rows over 7 page(s)
[18:40:14] [454/10944] עור @ תל יצחק
[18:40:27]     49 total, 49 rows over 8 page(s)
[18:40:27] [455/10944] עור @ תעשיון חצב
[18:40:40]     46 total, 46 rows over 7 page(s)
[18:40:40] [456/10944] עור @ תראבין א צאנה
[18:40:51]     34 total, 34 rows over 5 page(s)
[18:40:51] [457/10944] עיניים @ א שויוח
[18:40:57]     31 total, 31 rows over 5 page(s)
[18:40:57] [458/10944] עיניים @ אבו קורינאת
[18:41:10]     51 total, 51 rows over 8 page(s)
[18:41:10] [459/10944] עיניים @ אוהלו
[18:41:25]     79 total, 79 rows over 12 page(s)
[18:41:25] [460/10944] עיניים @ אזור תעשייה נעמן
[18:41:47]     117 total, 117 rows over 17 page(s)
[18:41:47] [461/10944] עיניים @ איג'ניסיניא
[18:42:02]     72 total, 72 rows over 11 page(s)
[18:42:02] [462/10944] עיניים @ אל אסד
[18:42:16]     51 total, 51 rows over 8 page(s)
[18:42:16] [463/10944] עיניים @ אמונים
[18:42:22]     36 total, 36 rows over 6 page(s)
[18:42:22] [464/10944] עיניים @ אפיקים
[18:42:37]     79 total, 79 rows over 12 page(s)
[18:42:37] [465/10944] עיניים @ אשבל
[18:42:53]     77 total, 77 rows over 12 page(s)
[18:42:53] [466/10944] עיניים @ באקה א שרקיה
[18:43:07]     72 total, 72 rows over 11 page(s)
[18:43:07] [467/10944] עיניים @ בוסתן הגליל
[18:43:18]     54 total, 54 rows over 8 page(s)
[18:43:18] [468/10944] עיניים @ בחן
[18:43:32]     72 total, 72 rows over 11 page(s)
[18:43:32] [469/10944] עיניים @ ביר הדאג'
[18:43:46]     51 total, 51 rows over 8 page(s)
[18:43:46] [470/10944] עיניים @ בני נעים
[18:44:05]     71 total, 71 rows over 11 page(s)
[18:44:05] [471/10944] עיניים @ בקעות
[18:44:11]     31 total, 31 rows over 5 page(s)
[18:44:11] [472/10944] עיניים @ ברעם
[18:44:27]     79 total, 79 rows over 12 page(s)
[18:44:27] [473/10944] עיניים @ ג'באליה
[18:44:45]     71 total, 71 rows over 11 page(s)
[18:44:45] [474/10944] עיניים @ גבעולים
[18:45:03]     71 total, 71 rows over 11 page(s)
[18:45:03] [475/10944] עיניים @ גורן
[18:45:13]     54 total, 54 rows over 8 page(s)
[18:45:13] [476/10944] עיניים @ גיניגר
[18:45:27]     79 total, 79 rows over 12 page(s)
[18:45:27] [477/10944] עיניים @ גנות הדר
[18:45:42]     72 total, 72 rows over 11 page(s)
[18:45:42] [478/10944] עיניים @ גרופית
[18:45:43]     4 total, 4 rows over 1 page(s)
[18:45:43] [479/10944] עיניים @ דברת
[18:46:15]     request error (Error), retry 1/4 in 2s
[18:46:18]     125 total, 118 rows over 18 page(s)  (MISSING 7)
[18:46:18] [480/10944] עיניים @ דורא
[18:46:19]     Non-HTML payload {'errorType': 2, 'message': None, 'data_type': 'dict'} - re-warming session
[18:46:19] Establishing session (attempt 1/3) ...
  Log in in the browser window (ID, password, CAPTCHA, SMS), then press Enter... 