[16:51:04] Taxonomy from cache: 96 specializations
[16:51:07] Loaded 115 cities from parallel/cities-0.txt
[16:51:07] 96 specializations x 115 cities = 11040 pairs
[16:51:07] 11040 remaining; roughly 121440 requests at ~0.3s apart = ~607 min
[16:51:07] [1/11040] אורתופדיה @ א טייבה
[16:51:30]     146 total, 139 rows over 21 page(s)  (MISSING 7)
[16:51:30] [2/11040] אורתופדיה @ אבו דיס
[16:51:37]     50 total, 50 rows over 8 page(s)
[16:51:37] [3/11040] אורתופדיה @ אדירים
[16:51:53]     98 total, 98 rows over 15 page(s)
[16:51:53] [4/11040] אורתופדיה @ אום אל פחם
[16:52:15]     128 total, 128 rows over 19 page(s)
[16:52:15] [5/11040] אורתופדיה @ אחוזת ברק
[16:52:36]     146 total, 139 rows over 21 page(s)  (MISSING 7)
[16:52:36] [6/11040] אורתופדיה @ איילת השחר
[16:52:53]     98 total, 98 rows over 15 page(s)
[16:52:53] [7/11040] אורתופדיה @ אל ח'דר
[16:53:00]     50 total, 50 rows over 8 page(s)
[16:53:00] [8/11040] אורתופדיה @ אמציה
[16:53:13]     47 total, 47 rows over 7 page(s)
[16:53:13] [9/11040] אורתופדיה @ ארבל
[16:53:29]     98 total, 98 rows over 15 page(s)
[16:53:29] [10/11040] אורתופדיה @ אשדות יעקב מאוחד
[16:53:45]     98 total, 98 rows over 15 page(s)
[16:53:45] [11/11040] אורתופדיה @ באר גנים
[16:53:59]     47 total, 47 rows over 7 page(s)
[16:53:59] [12/11040] אורתופדיה @ בורג'
[16:54:16]     63 total, 63 rows over 10 page(s)
[16:54:16] [13/11040] אורתופדיה @ בידו
[16:54:23]     50 total, 50 rows over 8 page(s)
[16:54:23] [14/11040] אורתופדיה @ בלעא
[16:54:38]     89 total, 89 rows over 13 page(s)
[16:54:38] [15/11040] אורתופדיה @ בני עטרות
[16:54:52]     77 total, 77 rows over 12 page(s)
[16:54:52] [16/11040] אורתופדיה @ בר כוכבא
[16:55:00]     50 total, 50 rows over 8 page(s)
[16:55:00] [17/11040] אורתופדיה @ בת חפר
[16:55:14]     89 total, 89 rows over 13 page(s)
[16:55:14] [18/11040] אורתופדיה @ גאולים
[16:55:29]     89 total, 89 rows over 13 page(s)
[16:55:29] [19/11040] אורתופדיה @ גבעות הרואה
[16:55:36]     50 total, 50 rows over 8 page(s)
[16:55:36] [20/11040] אורתופדיה @ גזר
[16:55:48]     61 total, 61 rows over 9 page(s)
[16:55:48] [21/11040] אורתופדיה @ גיתית
[16:55:55]     50 total, 50 rows over 8 page(s)
[16:55:55] [22/11040] אורתופדיה @ גני יוחנן
[16:56:09]     73 total, 73 rows over 11 page(s)
[16:56:09] [23/11040] אורתופדיה @ גשר הזיו
[16:56:20]     71 total, 71 rows over 11 page(s)
[16:56:20] [24/11040] אורתופדיה @ דהיישה מחנה פליטים
[16:56:28]     50 total, 50 rows over 8 page(s)
[16:56:28] [25/11040] אורתופדיה @ דחי
[16:56:49]     146 total, 139 rows over 21 page(s)  (MISSING 7)
[16:56:49] [26/11040] אורתופדיה @ דיר אל בלח
[16:57:06]     63 total, 63 rows over 10 page(s)
[16:57:06] [27/11040] אורתופדיה @ הבונים
[16:57:24]     116 total, 116 rows over 17 page(s)
[16:57:24] [28/11040] אורתופדיה @ הזורעים
[16:57:39]     98 total, 98 rows over 15 page(s)
[16:57:39] [29/11040] אורתופדיה @ הר עמשא
[16:57:52]     43 total, 43 rows over 7 page(s)
[16:57:52] [30/11040] אורתופדיה @ זבאבידה
[16:58:07]     89 total, 89 rows over 13 page(s)
[16:58:07] [31/11040] אורתופדיה @ זיתן
[16:58:18]     61 total, 61 rows over 9 page(s)
[16:58:18] [32/11040] אורתופדיה @ זרעית
[16:58:30]     71 total, 71 rows over 11 page(s)
[16:58:30] [33/11040] אורתופדיה @ חגלה
[16:58:51]     128 total, 128 rows over 19 page(s)
[16:58:51] [34/11040] אורתופדיה @ חוסן
[16:59:11]     116 total, 116 rows over 17 page(s)
[16:59:11] [35/11040] אורתופדיה @ חלחול
[16:59:19]     50 total, 50 rows over 8 page(s)
[16:59:19] [36/11040] אורתופדיה @ חספין
[16:59:34]     98 total, 98 rows over 15 page(s)
[16:59:34] [37/11040] אורתופדיה @ חרות
[16:59:49]     89 total, 89 rows over 13 page(s)
[16:59:49] [38/11040] אורתופדיה @ טורעאן
[17:00:06]     98 total, 98 rows over 15 page(s)
[17:00:06] [39/11040] אורתופדיה @ טלוזה
[17:00:21]     89 total, 89 rows over 13 page(s)
[17:00:21] [40/11040] אורתופדיה @ יאנון
[17:00:28]     50 total, 50 rows over 8 page(s)
[17:00:28] [41/11040] אורתופדיה @ יד בנימין
[17:00:38]     37 total, 37 rows over 6 page(s)
[17:00:38] [42/11040] אורתופדיה @ יובלים
[17:00:53]     91 total, 91 rows over 14 page(s)
[17:00:53] [43/11040] אורתופדיה @ ינוב
[17:01:08]     89 total, 89 rows over 13 page(s)
[17:01:08] [44/11040] אורתופדיה @ יפיע
[17:01:25]     98 total, 98 rows over 15 page(s)
[17:01:25] [45/11040] אורתופדיה @ יראון
[17:01:40]     98 total, 98 rows over 15 page(s)
[17:01:40] [46/11040] אורתופדיה @ ישרש
[17:01:51]     61 total, 61 rows over 9 page(s)
[17:01:51] [47/11040] אורתופדיה @ כוכב השחר
[17:01:59]     50 total, 50 rows over 8 page(s)
[17:01:59] [48/11040] אורתופדיה @ כינרת קבוצה
[17:02:15]     98 total, 98 rows over 15 page(s)
[17:02:15] [49/11040] אורתופדיה @ כמון
[17:02:31]     91 total, 91 rows over 14 page(s)
[17:02:31] [50/11040] אורתופדיה @ כפר אוריה
[17:02:38]     50 total, 50 rows over 8 page(s)
[17:02:38] [51/11040] אורתופדיה @ כרם בן שמן
[17:02:50]     61 total, 61 rows over 9 page(s)
[17:02:50] [52/11040] אורתופדיה @ לבנים
[17:03:05]     98 total, 98 rows over 15 page(s)
[17:03:05] [53/11040] אורתופדיה @ לוטן
[17:03:06]     6 total, 6 rows over 1 page(s)
[17:03:06] [54/11040] אורתופדיה @ מבוא חורון
[17:03:18]     61 total, 61 rows over 9 page(s)
[17:03:18] [55/11040] אורתופדיה @ מג'דל
[17:03:26]     50 total, 50 rows over 8 page(s)
[17:03:26] [56/11040] אורתופדיה @ מדרשת בן גוריון
[17:03:38]     43 total, 43 rows over 7 page(s)
[17:03:38] [57/11040] אורתופדיה @ מורן
[17:03:52]     91 total, 91 rows over 14 page(s)
[17:03:52] [58/11040] אורתופדיה @ מחסיה
[17:04:00]     50 total, 50 rows over 8 page(s)
[17:04:00] [59/11040] אורתופדיה @ מירכה
[17:04:14]     89 total, 89 rows over 13 page(s)
[17:04:14] [60/11040] אורתופדיה @ מלכישוע
[17:04:35]     146 total, 139 rows over 21 page(s)  (MISSING 7)
[17:04:35] [61/11040] אורתופדיה @ מסילות
[17:04:57]     146 total, 139 rows over 21 page(s)  (MISSING 7)
[17:04:57] [62/11040] אורתופדיה @ מעוז חיים
[17:05:19]     146 total, 139 rows over 21 page(s)  (MISSING 7)
[17:05:19] [63/11040] אורתופדיה @ מפעלי גלבוע
[17:05:35]     98 total, 98 rows over 15 page(s)
[17:05:35] [64/11040] אורתופדיה @ מצפה
[17:05:50]     98 total, 98 rows over 15 page(s)
[17:05:50] [65/11040] אורתופדיה @ מרום גולן
[17:06:06]     98 total, 98 rows over 15 page(s)
[17:06:06] [66/11040] אורתופדיה @ משהד
[17:06:22]     98 total, 98 rows over 15 page(s)
[17:06:22] [67/11040] אורתופדיה @ נאות גולן
[17:06:37]     98 total, 98 rows over 15 page(s)
[17:06:37] [68/11040] אורתופדיה @ נגוהות
[17:06:55]     63 total, 63 rows over 10 page(s)
[17:06:55] [69/11040] אורתופדיה @ נווה אילן
[17:07:03]     50 total, 50 rows over 8 page(s)
[17:07:03] [70/11040] אורתופדיה @ נחל עוז
[17:07:17]     47 total, 47 rows over 7 page(s)
[17:07:17] [71/11040] אורתופדיה @ נטע
[17:07:31]     47 total, 47 rows over 7 page(s)
[17:07:31] [72/11040] אורתופדיה @ ניצני סיני
[17:07:44]     43 total, 43 rows over 7 page(s)
[17:07:44] [73/11040] אורתופדיה @ נעמי
[17:07:53]     50 total, 50 rows over 8 page(s)
[17:07:53] [74/11040] אורתופדיה @ נתיב השיירה
[17:08:07]     71 total, 71 rows over 11 page(s)
[17:08:07] [75/11040] אורתופדיה @ סגולה
[17:08:22]     47 total, 47 rows over 7 page(s)
[17:08:22] [76/11040] אורתופדיה @ סיכה
[17:08:42]     63 total, 63 rows over 10 page(s)
[17:08:42] [77/11040] אורתופדיה @ סלפית
[17:08:53]     58 total, 58 rows over 9 page(s)
[17:08:53] [78/11040] אורתופדיה @ ספיר
[17:09:07]     43 total, 43 rows over 7 page(s)
[17:09:07] [79/11040] אורתופדיה @ עבסאן א סעיר
[17:09:27]     63 total, 63 rows over 10 page(s)
[17:09:27] [80/11040] אורתופדיה @ עוג'א אתחתא
[17:09:37]     50 total, 50 rows over 8 page(s)
[17:09:37] [81/11040] אורתופדיה @ עזוז
[17:09:49]     43 total, 43 rows over 7 page(s)
[17:09:49] [82/11040] אורתופדיה @ עטארה ליד ביר זית
[17:09:59]     50 total, 50 rows over 8 page(s)
[17:09:59] [83/11040] אורתופדיה @ עין גב
[17:10:18]     98 total, 98 rows over 15 page(s)
[17:10:18] [84/11040] אורתופדיה @ עמיחי
[17:10:27]     50 total, 50 rows over 8 page(s)
[17:10:27] [85/11040] אורתופדיה @ ענבתא
[17:10:43]     89 total, 89 rows over 13 page(s)
[17:10:43] [86/11040] אורתופדיה @ עקבה בשומרון
[17:11:00]     89 total, 89 rows over 13 page(s)
[17:11:00] [87/11040] אורתופדיה @ ערערה
[17:11:26]     128 total, 128 rows over 19 page(s)
[17:11:26] [88/11040] אורתופדיה @ פארק תעשיות קדמת גליל
[17:11:44]     98 total, 98 rows over 15 page(s)
[17:11:44] [89/11040] אורתופדיה @ פוריידיס
[17:12:09]     128 total, 128 rows over 19 page(s)
[17:12:09] [90/11040] אורתופדיה @ פסגות
[17:12:19]     50 total, 50 rows over 8 page(s)
[17:12:19] [91/11040] אורתופדיה @ פרזון
[17:12:44]     146 total, 139 rows over 21 page(s)  (MISSING 7)
[17:12:44] [92/11040] אורתופדיה @ צובה
[17:12:53]     50 total, 50 rows over 8 page(s)
[17:12:53] [93/11040] אורתופדיה @ ציפורי
[17:13:11]     98 total, 98 rows over 15 page(s)
[17:13:11] [94/11040] אורתופדיה @ קבוצת יבנה
[17:13:20]     37 total, 37 rows over 6 page(s)
[17:13:20] [95/11040] אורתופדיה @ קובייבה
[17:13:29]     50 total, 50 rows over 8 page(s)
[17:13:29] [96/11040] אורתופדיה @ קיסריה
[17:13:47]     89 total, 89 rows over 13 page(s)
[17:13:47] [97/11040] אורתופדיה @ קציר
[17:14:03]     89 total, 89 rows over 13 page(s)
[17:14:03] [98/11040] אורתופדיה @ קרית חינוך מרחבים
[17:14:21]     63 total, 63 rows over 10 page(s)
[17:14:21] [99/11040] אורתופדיה @ ראפאת ליד גבעת זאב
[17:14:30]     50 total, 50 rows over 8 page(s)
[17:14:30] [100/11040] אורתופדיה @ רוג'ייב
[17:14:47]     89 total, 89 rows over 13 page(s)
[17:14:47] [101/11040] אורתופדיה @ רחוב
[17:15:14]     146 total, 139 rows over 21 page(s)  (MISSING 7)
[17:15:14] [102/11040] אורתופדיה @ רמה
[17:15:33]     89 total, 89 rows over 13 page(s)
[17:15:33] [103/11040] אורתופדיה @ רנתיס
[17:15:43]     58 total, 58 rows over 9 page(s)
[17:15:43] [104/11040] אורתופדיה @ שבי דרום
[17:16:04]     63 total, 63 rows over 10 page(s)
[17:16:04] [105/11040] אורתופדיה @ שדה דוד
[17:16:20]     47 total, 47 rows over 7 page(s)
[17:16:20] [106/11040] אורתופדיה @ שוויכה
[17:16:37]     89 total, 89 rows over 13 page(s)
[17:16:37] [107/11040] אורתופדיה @ שיבולים
[17:16:56]     63 total, 63 rows over 10 page(s)
[17:16:56] [108/11040] אורתופדיה @ שלווה במדבר
[17:17:09]     43 total, 43 rows over 7 page(s)
[17:17:09] [109/11040] אורתופדיה @ שניר
[17:17:28]     98 total, 98 rows over 15 page(s)
[17:17:28] [110/11040] אורתופדיה @ שפיר
[17:17:37]     37 total, 37 rows over 6 page(s)
[17:17:37] [111/11040] אורתופדיה @ שתולים
[17:17:46]     37 total, 37 rows over 6 page(s)
[17:17:46] [112/11040] אורתופדיה @ תיעניכ
[17:18:03]     89 total, 89 rows over 13 page(s)
[17:18:03] [113/11040] אורתופדיה @ תל ציון
[17:18:12]     50 total, 50 rows over 8 page(s)
[17:18:12] [114/11040] אורתופדיה @ תעשיון שח''ק
[17:18:29]     89 total, 89 rows over 13 page(s)
[17:18:29] [115/11040] אורתופדיה @ תרום
[17:18:38]     50 total, 50 rows over 8 page(s)
[17:18:38] [116/11040] אף אוזן גרון @ א טייבה
[17:18:56]     95 total, 95 rows over 14 page(s)
[17:18:56] [117/11040] אף אוזן גרון @ אבו דיס
[17:19:04]     42 total, 42 rows over 7 page(s)
[17:19:04] [118/11040] אף אוזן גרון @ אדירים
[17:19:15]     59 total, 59 rows over 9 page(s)
[17:19:15] [119/11040] אף אוזן גרון @ אום אל פחם
[17:19:32]     92 total, 92 rows over 14 page(s)
[17:19:32] [120/11040] אף אוזן גרון @ אחוזת ברק
[17:19:50]     95 total, 95 rows over 14 page(s)
[17:19:50] [121/11040] אף אוזן גרון @ איילת השחר
[17:20:02]     59 total, 59 rows over 9 page(s)
[17:20:02] [122/11040] אף אוזן גרון @ אל ח'דר
[17:20:10]     42 total, 42 rows over 7 page(s)
[17:20:10] [123/11040] אף אוזן גרון @ אמציה
[17:20:21]     41 total, 41 rows over 6 page(s)
[17:20:21] [124/11040] אף אוזן גרון @ ארבל
[17:20:33]     59 total, 59 rows over 9 page(s)
[17:20:33] [125/11040] אף אוזן גרון @ אשדות יעקב מאוחד
[17:20:44]     59 total, 59 rows over 9 page(s)
[17:20:44] [126/11040] אף אוזן גרון @ באר גנים
[17:20:55]     41 total, 41 rows over 6 page(s)
[17:20:55] [127/11040] אף אוזן גרון @ בורג'
[17:21:12]     63 total, 63 rows over 10 page(s)
[17:21:12] [128/11040] אף אוזן גרון @ בידו
[17:21:20]     42 total, 42 rows over 7 page(s)
[17:21:20] [129/11040] אף אוזן גרון @ בלעא
[17:21:34]     67 total, 67 rows over 10 page(s)
[17:21:34] [130/11040] אף אוזן גרון @ בני עטרות
[17:21:46]     59 total, 59 rows over 9 page(s)
[17:21:46] [131/11040] אף אוזן גרון @ בר כוכבא
[17:21:54]     42 total, 42 rows over 7 page(s)
[17:21:54] [132/11040] אף אוזן גרון @ בת חפר
[17:22:06]     67 total, 67 rows over 10 page(s)
[17:22:06] [133/11040] אף אוזן גרון @ גאולים
[17:22:20]     67 total, 67 rows over 10 page(s)
[17:22:20] [134/11040] אף אוזן גרון @ גבעות הרואה
[17:22:29]     42 total, 42 rows over 7 page(s)
[17:22:29] [135/11040] אף אוזן גרון @ גזר
[17:22:36]     32 total, 32 rows over 5 page(s)
[17:22:36] [136/11040] אף אוזן גרון @ גיתית
[17:22:44]     42 total, 42 rows over 7 page(s)
[17:22:44] [137/11040] אף אוזן גרון @ גני יוחנן
[17:22:54]     44 total, 44 rows over 7 page(s)
[17:22:54] [138/11040] אף אוזן גרון @ גשר הזיו
[17:23:01]     38 total, 38 rows over 6 page(s)
[17:23:01] [139/11040] אף אוזן גרון @ דהיישה מחנה פליטים
[17:23:09]     42 total, 42 rows over 7 page(s)
[17:23:09] [140/11040] אף אוזן גרון @ דחי
[17:23:29]     95 total, 95 rows over 14 page(s)
[17:23:29] [141/11040] אף אוזן גרון @ דיר אל בלח
[17:23:46]     63 total, 63 rows over 10 page(s)
[17:23:46] [142/11040] אף אוזן גרון @ הבונים
[17:24:01]     82 total, 82 rows over 12 page(s)
[17:24:01] [143/11040] אף אוזן גרון @ הזורעים
[17:24:12]     59 total, 59 rows over 9 page(s)
[17:24:12] [144/11040] אף אוזן גרון @ הר עמשא
[17:24:26]     47 total, 47 rows over 7 page(s)
[17:24:26] [145/11040] אף אוזן גרון @ זבאבידה
[17:24:39]     67 total, 67 rows over 10 page(s)
[17:24:39] [146/11040] אף אוזן גרון @ זיתן
[17:24:46]     32 total, 32 rows over 5 page(s)
[17:24:46] [147/11040] אף אוזן גרון @ זרעית
[17:24:53]     38 total, 38 rows over 6 page(s)
[17:24:53] [148/11040] אף אוזן גרון @ חגלה
[17:25:11]     92 total, 92 rows over 14 page(s)
[17:25:11] [149/11040] אף אוזן גרון @ חוסן
[17:25:27]     77 total, 77 rows over 12 page(s)
[17:25:27] [150/11040] אף אוזן גרון @ חלחול
[17:25:35]     42 total, 42 rows over 7 page(s)
[17:25:35] [151/11040] אף אוזן גרון @ חספין
[17:25:47]     59 total, 59 rows over 9 page(s)
[17:25:47] [152/11040] אף אוזן גרון @ חרות
[17:26:00]     67 total, 67 rows over 10 page(s)
[17:26:00] [153/11040] אף אוזן גרון @ טורעאן
[17:26:11]     59 total, 59 rows over 9 page(s)
[17:26:11] [154/11040] אף אוזן גרון @ טלוזה
[17:26:24]     67 total, 67 rows over 10 page(s)
[17:26:24] [155/11040] אף אוזן גרון @ יאנון
[17:26:33]     42 total, 42 rows over 7 page(s)
[17:26:33] [156/11040] אף אוזן גרון @ יד בנימין
[17:26:39]     27 total, 27 rows over 4 page(s)
[17:26:39] [157/11040] אף אוזן גרון @ יובלים
[17:26:49]     55 total, 55 rows over 8 page(s)
[17:26:49] [158/11040] אף אוזן גרון @ ינוב
[17:27:02]     67 total, 67 rows over 10 page(s)
[17:27:02] [159/11040] אף אוזן גרון @ יפיע
[17:27:13]     59 total, 59 rows over 9 page(s)
[17:27:13] [160/11040] אף אוזן גרון @ יראון
[17:27:25]     59 total, 59 rows over 9 page(s)
[17:27:25] [161/11040] אף אוזן גרון @ ישרש
[17:27:32]     32 total, 32 rows over 5 page(s)
[17:27:32] [162/11040] אף אוזן גרון @ כוכב השחר
[17:27:40]     42 total, 42 rows over 7 page(s)
[17:27:40] [163/11040] אף אוזן גרון @ כינרת קבוצה
[17:27:51]     59 total, 59 rows over 9 page(s)
[17:27:51] [164/11040] אף אוזן גרון @ כמון
[17:28:02]     55 total, 55 rows over 8 page(s)
[17:28:02] [165/11040] אף אוזן גרון @ כפר אוריה
[17:28:10]     42 total, 42 rows over 7 page(s)
[17:28:10] [166/11040] אף אוזן גרון @ כרם בן שמן
[17:28:18]     32 total, 32 rows over 5 page(s)
[17:28:18] [167/11040] אף אוזן גרון @ לבנים
[17:28:29]     59 total, 59 rows over 9 page(s)
[17:28:29] [168/11040] אף אוזן גרון @ לוטן
[17:28:30]     4 total, 4 rows over 1 page(s)
[17:28:30] [169/11040] אף אוזן גרון @ מבוא חורון
[17:28:38]     32 total, 32 rows over 5 page(s)
[17:28:38] [170/11040] אף אוזן גרון @ מג'דל
[17:28:46]     42 total, 42 rows over 7 page(s)
[17:28:46] [171/11040] אף אוזן גרון @ מדרשת בן גוריון
[17:28:59]     47 total, 47 rows over 7 page(s)
[17:28:59] [172/11040] אף אוזן גרון @ מורן
[17:29:10]     55 total, 55 rows over 8 page(s)
[17:29:10] [173/11040] אף אוזן גרון @ מחסיה
[17:29:18]     42 total, 42 rows over 7 page(s)
[17:29:18] [174/11040] אף אוזן גרון @ מירכה
[17:29:31]     67 total, 67 rows over 10 page(s)
[17:29:31] [175/11040] אף אוזן גרון @ מלכישוע
[17:29:51]     95 total, 95 rows over 14 page(s)
[17:29:51] [176/11040] אף אוזן גרון @ מסילות
[17:30:09]     95 total, 95 rows over 14 page(s)
[17:30:09] [177/11040] אף אוזן גרון @ מעוז חיים
[17:30:28]     95 total, 95 rows over 14 page(s)
[17:30:28] [178/11040] אף אוזן גרון @ מפעלי גלבוע
[17:30:39]     59 total, 59 rows over 9 page(s)
[17:30:39] [179/11040] אף אוזן גרון @ מצפה
[17:30:50]     59 total, 59 rows over 9 page(s)
[17:30:50] [180/11040] אף אוזן גרון @ מרום גולן
[17:31:01]     59 total, 59 rows over 9 page(s)
[17:31:01] [181/11040] אף אוזן גרון @ משהד
[17:31:12]     59 total, 59 rows over 9 page(s)
[17:31:12] [182/11040] אף אוזן גרון @ נאות גולן
[17:31:24]     59 total, 59 rows over 9 page(s)
[17:31:24] [183/11040] אף אוזן גרון @ נגוהות
[17:31:40]     63 total, 63 rows over 10 page(s)
[17:31:40] [184/11040] אף אוזן גרון @ נווה אילן
[17:31:48]     42 total, 42 rows over 7 page(s)
[17:31:48] [185/11040] אף אוזן גרון @ נחל עוז
[17:32:01]     41 total, 41 rows over 6 page(s)
[17:32:01] [186/11040] אף אוזן גרון @ נטע
[17:32:12]     41 total, 41 rows over 6 page(s)
[17:32:12] [187/11040] אף אוזן גרון @ ניצני סיני
[17:32:25]     47 total, 47 rows over 7 page(s)
[17:32:25] [188/11040] אף אוזן גרון @ נעמי
[17:32:34]     42 total, 42 rows over 7 page(s)
[17:32:34] [189/11040] אף אוזן גרון @ נתיב השיירה
[17:32:41]     38 total, 38 rows over 6 page(s)
[17:32:41] [190/11040] אף אוזן גרון @ סגולה
[17:32:52]     41 total, 41 rows over 6 page(s)
[17:32:52] [191/11040] אף אוזן גרון @ סיכה
[17:33:09]     63 total, 63 rows over 10 page(s)
[17:33:09] [192/11040] אף אוזן גרון @ סלפית
[17:33:17]     38 total, 38 rows over 6 page(s)
[17:33:17] [193/11040] אף אוזן גרון @ ספיר
[17:33:30]     47 total, 47 rows over 7 page(s)
[17:33:30] [194/11040] אף אוזן גרון @ עבסאן א סעיר
[17:33:46]     63 total, 63 rows over 10 page(s)
[17:33:46] [195/11040] אף אוזן גרון @ עוג'א אתחתא
[17:33:54]     42 total, 42 rows over 7 page(s)
[17:33:54] [196/11040] אף אוזן גרון @ עזוז
[17:34:07]     47 total, 47 rows over 7 page(s)
[17:34:07] [197/11040] אף אוזן גרון @ עטארה ליד ביר זית
[17:34:15]     42 total, 42 rows over 7 page(s)
[17:34:15] [198/11040] אף אוזן גרון @ עין גב
[17:34:25]     59 total, 59 rows over 9 page(s)
[17:34:25] [199/11040] אף אוזן גרון @ עמיחי
[17:34:33]     42 total, 42 rows over 7 page(s)
[17:34:33] [200/11040] אף אוזן גרון @ ענבתא
[17:34:47]     67 total, 67 rows over 10 page(s)
[17:34:47] [201/11040] אף אוזן גרון @ עקבה בשומרון
[17:34:59]     67 total, 67 rows over 10 page(s)
[17:34:59] [202/11040] אף אוזן גרון @ ערערה
[17:35:18]     92 total, 92 rows over 14 page(s)
[17:35:18] [203/11040] אף אוזן גרון @ פארק תעשיות קדמת גליל
[17:35:29]     59 total, 59 rows over 9 page(s)
[17:35:29] [204/11040] אף אוזן גרון @ פוריידיס
[17:35:47]     92 total, 92 rows over 14 page(s)
[17:35:47] [205/11040] אף אוזן גרון @ פסגות
[17:35:55]     42 total, 42 rows over 7 page(s)
[17:35:55] [206/11040] אף אוזן גרון @ פרזון
[17:36:14]     95 total, 95 rows over 14 page(s)
[17:36:14] [207/11040] אף אוזן גרון @ צובה
[17:36:22]     42 total, 42 rows over 7 page(s)
[17:36:22] [208/11040] אף אוזן גרון @ ציפורי
[17:36:33]     59 total, 59 rows over 9 page(s)
[17:36:33] [209/11040] אף אוזן גרון @ קבוצת יבנה
[17:36:39]     27 total, 27 rows over 4 page(s)
[17:36:39] [210/11040] אף אוזן גרון @ קובייבה
[17:36:47]     42 total, 42 rows over 7 page(s)
[17:36:47] [211/11040] אף אוזן גרון @ קיסריה
[17:37:00]     67 total, 67 rows over 10 page(s)
[17:37:00] [212/11040] אף אוזן גרון @ קציר
[17:37:13]     67 total, 67 rows over 10 page(s)
[17:37:13] [213/11040] אף אוזן גרון @ קרית חינוך מרחבים
[17:37:30]     63 total, 63 rows over 10 page(s)
[17:37:30] [214/11040] אף אוזן גרון @ ראפאת ליד גבעת זאב
[17:37:38]     42 total, 42 rows over 7 page(s)
[17:37:38] [215/11040] אף אוזן גרון @ רוג'ייב
[17:37:50]     67 total, 67 rows over 10 page(s)
[17:37:50] [216/11040] אף אוזן גרון @ רחוב
[17:38:07]     95 total, 95 rows over 14 page(s)
[17:38:07] [217/11040] אף אוזן גרון @ רמה
[17:38:20]     67 total, 67 rows over 10 page(s)
[17:38:20] [218/11040] אף אוזן גרון @ רנתיס
[17:38:28]     38 total, 38 rows over 6 page(s)
[17:38:28] [219/11040] אף אוזן גרון @ שבי דרום
[17:38:45]     63 total, 63 rows over 10 page(s)
[17:38:45] [220/11040] אף אוזן גרון @ שדה דוד
[17:38:56]     41 total, 41 rows over 6 page(s)
[17:38:56] [221/11040] אף אוזן גרון @ שוויכה
[17:39:09]     67 total, 67 rows over 10 page(s)
[17:39:09] [222/11040] אף אוזן גרון @ שיבולים
[17:39:25]     63 total, 63 rows over 10 page(s)
[17:39:25] [223/11040] אף אוזן גרון @ שלווה במדבר
[17:39:37]     47 total, 47 rows over 7 page(s)
[17:39:37] [224/11040] אף אוזן גרון @ שניר
[17:39:49]     59 total, 59 rows over 9 page(s)
[17:39:49] [225/11040] אף אוזן גרון @ שפיר
[17:39:55]     27 total, 27 rows over 4 page(s)
[17:39:55] [226/11040] אף אוזן גרון @ שתולים
[17:40:00]     27 total, 27 rows over 4 page(s)
[17:40:00] [227/11040] אף אוזן גרון @ תיעניכ
[17:40:13]     67 total, 67 rows over 10 page(s)
[17:40:13] [228/11040] אף אוזן גרון @ תל ציון
[17:40:21]     42 total, 42 rows over 7 page(s)
[17:40:21] [229/11040] אף אוזן גרון @ תעשיון שח''ק
[17:40:34]     67 total, 67 rows over 10 page(s)
[17:40:34] [230/11040] אף אוזן גרון @ תרום
[17:40:42]     42 total, 42 rows over 7 page(s)
[17:40:42] [231/11040] נשים @ א טייבה
[17:41:10]     176 total, 139 rows over 21 page(s)  (MISSING 37)
[17:41:10] [232/11040] נשים @ אבו דיס
[17:41:32]     132 total, 132 rows over 19 page(s)
[17:41:32] [233/11040] נשים @ אדירים
[17:41:48]     87 total, 87 rows over 13 page(s)
[17:41:48] [234/11040] נשים @ אום אל פחם
[17:42:16]     203 total, 139 rows over 21 page(s)  (MISSING 64)
[17:42:16] [235/11040] נשים @ אחוזת ברק
[17:42:43]     176 total, 139 rows over 21 page(s)  (MISSING 37)
[17:42:43] [236/11040] נשים @ איילת השחר
[17:42:59]     87 total, 87 rows over 13 page(s)
[17:42:59] [237/11040] נשים @ אל ח'דר
[17:43:20]     132 total, 132 rows over 19 page(s)
[17:43:20] [238/11040] נשים @ אמציה
[17:43:41]     108 total, 108 rows over 16 page(s)
[17:43:41] [239/11040] נשים @ ארבל
[17:43:58]     87 total, 87 rows over 13 page(s)
[17:43:58] [240/11040] נשים @ אשדות יעקב מאוחד
[17:44:14]     87 total, 87 rows over 13 page(s)
[17:44:14] [241/11040] נשים @ באר גנים
[17:44:33]     108 total, 108 rows over 16 page(s)
[17:44:33] [242/11040] נשים @ בורג'
[17:44:58]     156 total, 139 rows over 21 page(s)  (MISSING 17)
[17:44:58] [243/11040] נשים @ בידו
[17:45:20]     132 total, 132 rows over 19 page(s)
[17:45:20] [244/11040] נשים @ בלעא
[17:45:46]     142 total, 139 rows over 21 page(s)  (MISSING 3)
[17:45:46] [245/11040] נשים @ בני עטרות
[17:45:59]     70 total, 70 rows over 11 page(s)
[17:45:59] [246/11040] נשים @ בר כוכבא
[17:46:21]     132 total, 132 rows over 19 page(s)
[17:46:21] [247/11040] נשים @ בת חפר
[17:46:46]     142 total, 139 rows over 21 page(s)  (MISSING 3)
[17:46:46] [248/11040] נשים @ גאולים
[17:47:13]     142 total, 139 rows over 21 page(s)  (MISSING 3)
[17:47:13] [249/11040] נשים @ גבעות הרואה
[17:47:34]     132 total, 132 rows over 19 page(s)
[17:47:34] [250/11040] נשים @ גזר
[17:47:51]     88 total, 88 rows over 13 page(s)
[17:47:51] [251/11040] נשים @ גיתית
[17:48:13]     132 total, 132 rows over 19 page(s)
[17:48:13] [252/11040] נשים @ גני יוחנן
[17:48:34]     113 total, 113 rows over 17 page(s)
[17:48:34] [253/11040] נשים @ גשר הזיו
[17:48:50]     88 total, 88 rows over 13 page(s)
[17:48:50] [254/11040] נשים @ דהיישה מחנה פליטים
[17:49:13]     132 total, 132 rows over 19 page(s)
[17:49:13] [255/11040] נשים @ דחי
[17:49:39]     176 total, 139 rows over 21 page(s)  (MISSING 37)
[17:49:39] [256/11040] נשים @ דיר אל בלח
[17:50:04]     156 total, 139 rows over 21 page(s)  (MISSING 17)
[17:50:04] [257/11040] נשים @ הבונים
[17:50:31]     185 total, 139 rows over 21 page(s)  (MISSING 46)
[17:50:31] [258/11040] נשים @ הזורעים
[17:50:47]     87 total, 87 rows over 13 page(s)
[17:50:47] [259/11040] נשים @ הר עמשא
[17:51:09]     112 total, 112 rows over 17 page(s)
[17:51:09] [260/11040] נשים @ זבאבידה
[17:51:34]     142 total, 139 rows over 21 page(s)  (MISSING 3)
[17:51:34] [261/11040] נשים @ זיתן
[17:51:51]     88 total, 88 rows over 13 page(s)
[17:51:51] [262/11040] נשים @ זרעית
[17:52:07]     88 total, 88 rows over 13 page(s)
[17:52:07] [263/11040] נשים @ חגלה
[17:52:36]     203 total, 139 rows over 21 page(s)  (MISSING 64)
[17:52:36] [264/11040] נשים @ חוסן
[17:53:03]     175 total, 139 rows over 21 page(s)  (MISSING 36)
[17:53:03] [265/11040] נשים @ חלחול
[17:53:25]     132 total, 132 rows over 19 page(s)
[17:53:25] [266/11040] נשים @ חספין
[17:53:41]     87 total, 87 rows over 13 page(s)
[17:53:41] [267/11040] נשים @ חרות
[17:54:07]     142 total, 139 rows over 21 page(s)  (MISSING 3)
[17:54:07] [268/11040] נשים @ טורעאן
[17:54:22]     87 total, 87 rows over 13 page(s)
[17:54:22] [269/11040] נשים @ טלוזה
[17:54:47]     142 total, 139 rows over 21 page(s)  (MISSING 3)
[17:54:47] [270/11040] נשים @ יאנון
[17:55:09]     132 total, 132 rows over 19 page(s)
[17:55:09] [271/11040] נשים @ יד בנימין
[17:55:22]     63 total, 63 rows over 10 page(s)
[17:55:22] [272/11040] נשים @ יובלים
[17:55:44]     120 total, 120 rows over 18 page(s)
[17:55:44] [273/11040] נשים @ ינוב
[17:56:09]     142 total, 139 rows over 21 page(s)  (MISSING 3)
[17:56:09] [274/11040] נשים @ יפיע
[17:56:26]     87 total, 87 rows over 13 page(s)
[17:56:26] [275/11040] נשים @ יראון
[17:56:43]     87 total, 87 rows over 13 page(s)
[17:56:43] [276/11040] נשים @ ישרש
[17:57:00]     88 total, 88 rows over 13 page(s)
[17:57:00] [277/11040] נשים @ כוכב השחר
[17:57:22]     132 total, 132 rows over 19 page(s)
[17:57:22] [278/11040] נשים @ כינרת קבוצה
[17:57:38]     87 total, 87 rows over 13 page(s)
[17:57:38] [279/11040] נשים @ כמון
[17:58:00]     120 total, 120 rows over 18 page(s)
[17:58:00] [280/11040] נשים @ כפר אוריה
[17:58:22]     132 total, 132 rows over 19 page(s)
[17:58:22] [281/11040] נשים @ כרם בן שמן
[17:58:39]     88 total, 88 rows over 13 page(s)
[17:58:39] [282/11040] נשים @ לבנים
[17:58:55]     87 total, 87 rows over 13 page(s)
[17:58:55] [283/11040] נשים @ לוטן
[17:58:57]     10 total, 10 rows over 2 page(s)
[17:58:57] [284/11040] נשים @ מבוא חורון
[17:59:13]     88 total, 88 rows over 13 page(s)
[17:59:13] [285/11040] נשים @ מג'דל
[17:59:36]     132 total, 132 rows over 19 page(s)
[17:59:36] [286/11040] נשים @ מדרשת בן גוריון
[17:59:57]     112 total, 112 rows over 17 page(s)
[17:59:57] [287/11040] נשים @ מורן
[18:00:19]     120 total, 120 rows over 18 page(s)
[18:00:19] [288/11040] נשים @ מחסיה
[18:00:42]     132 total, 132 rows over 19 page(s)
[18:00:42] [289/11040] נשים @ מירכה
[18:01:07]     142 total, 139 rows over 21 page(s)  (MISSING 3)
[18:01:07] [290/11040] נשים @ מלכישוע
[18:01:34]     176 total, 139 rows over 21 page(s)  (MISSING 37)
[18:01:34] [291/11040] נשים @ מסילות
[18:02:02]     176 total, 139 rows over 21 page(s)  (MISSING 37)
[18:02:02] [292/11040] נשים @ מעוז חיים
[18:02:29]     176 total, 139 rows over 21 page(s)  (MISSING 37)
[18:02:29] [293/11040] נשים @ מפעלי גלבוע
[18:02:46]     87 total, 87 rows over 13 page(s)
[18:02:46] [294/11040] נשים @ מצפה
[18:03:02]     87 total, 87 rows over 13 page(s)
[18:03:02] [295/11040] נשים @ מרום גולן
[18:03:18]     87 total, 87 rows over 13 page(s)
[18:03:18] [296/11040] נשים @ משהד
[18:03:34]     87 total, 87 rows over 13 page(s)
[18:03:34] [297/11040] נשים @ נאות גולן
[18:03:50]     87 total, 87 rows over 13 page(s)
[18:03:50] [298/11040] נשים @ נגוהות
[18:04:15]     156 total, 139 rows over 21 page(s)  (MISSING 17)
[18:04:15] [299/11040] נשים @ נווה אילן
[18:04:36]     132 total, 132 rows over 19 page(s)
[18:04:36] [300/11040] נשים @ נחל עוז
[18:04:57]     108 total, 108 rows over 16 page(s)
[18:04:57] [301/11040] נשים @ נטע
[18:05:17]     108 total, 108 rows over 16 page(s)
[18:05:17] [302/11040] נשים @ ניצני סיני
[18:05:38]     112 total, 112 rows over 17 page(s)
[18:05:38] [303/11040] נשים @ נעמי
[18:06:00]     132 total, 132 rows over 19 page(s)
[18:06:00] [304/11040] נשים @ נתיב השיירה
[18:06:16]     88 total, 88 rows over 13 page(s)
[18:06:16] [305/11040] נשים @ סגולה
[18:06:36]     108 total, 108 rows over 16 page(s)
[18:06:36] [306/11040] נשים @ סיכה
[18:07:01]     156 total, 139 rows over 21 page(s)  (MISSING 17)
[18:07:01] [307/11040] נשים @ סלפית
[18:07:07]     29 total, 29 rows over 5 page(s)
[18:07:07] [308/11040] נשים @ ספיר
[18:07:28]     112 total, 112 rows over 17 page(s)
[18:07:28] [309/11040] נשים @ עבסאן א סעיר
[18:07:54]     156 total, 139 rows over 21 page(s)  (MISSING 17)
[18:07:54] [310/11040] נשים @ עוג'א אתחתא
[18:08:15]     132 total, 132 rows over 19 page(s)
[18:08:15] [311/11040] נשים @ עזוז
[18:08:36]     112 total, 112 rows over 17 page(s)
[18:08:36] [312/11040] נשים @ עטארה ליד ביר זית
[18:08:58]     132 total, 132 rows over 19 page(s)
[18:08:58] [313/11040] נשים @ עין גב
[18:09:14]     87 total, 87 rows over 13 page(s)
[18:09:14] [314/11040] נשים @ עמיחי
[18:09:36]     132 total, 132 rows over 19 page(s)
[18:09:36] [315/11040] נשים @ ענבתא
[18:10:01]     142 total, 139 rows over 21 page(s)  (MISSING 3)
[18:10:01] [316/11040] נשים @ עקבה בשומרון
[18:10:27]     142 total, 139 rows over 21 page(s)  (MISSING 3)
[18:10:27] [317/11040] נשים @ ערערה
[18:10:55]     203 total, 139 rows over 21 page(s)  (MISSING 64)
[18:10:55] [318/11040] נשים @ פארק תעשיות קדמת גליל
[18:11:10]     87 total, 87 rows over 13 page(s)
[18:11:10] [319/11040] נשים @ פוריידיס
[18:11:38]     203 total, 139 rows over 21 page(s)  (MISSING 64)
[18:11:38] [320/11040] נשים @ פסגות
[18:12:00]     132 total, 132 rows over 19 page(s)
[18:12:00] [321/11040] נשים @ פרזון
[18:12:27]     176 total, 139 rows over 21 page(s)  (MISSING 37)
[18:12:27] [322/11040] נשים @ צובה
[18:12:49]     132 total, 132 rows over 19 page(s)
[18:12:49] [323/11040] נשים @ ציפורי
[18:13:05]     87 total, 87 rows over 13 page(s)
[18:13:05] [324/11040] נשים @ קבוצת יבנה
[18:13:17]     63 total, 63 rows over 10 page(s)
[18:13:17] [325/11040] נשים @ קובייבה
[18:13:38]     132 total, 132 rows over 19 page(s)
[18:13:38] [326/11040] נשים @ קיסריה
[18:14:05]     142 total, 139 rows over 21 page(s)  (MISSING 3)
[18:14:05] [327/11040] נשים @ קציר
[18:14:29]     142 total, 139 rows over 21 page(s)  (MISSING 3)
[18:14:29] [328/11040] נשים @ קרית חינוך מרחבים
[18:14:56]     156 total, 139 rows over 21 page(s)  (MISSING 17)
[18:14:56] [329/11040] נשים @ ראפאת ליד גבעת זאב
[18:15:17]     132 total, 132 rows over 19 page(s)
[18:15:17] [330/11040] נשים @ רוג'ייב
[18:15:43]     142 total, 139 rows over 21 page(s)  (MISSING 3)
[18:15:43] [331/11040] נשים @ רחוב
[18:16:10]     176 total, 139 rows over 21 page(s)  (MISSING 37)
[18:16:10] [332/11040] נשים @ רמה
[18:16:36]     142 total, 139 rows over 21 page(s)  (MISSING 3)
[18:16:36] [333/11040] נשים @ רנתיס
[18:16:42]     29 total, 29 rows over 5 page(s)
[18:16:42] [334/11040] נשים @ שבי דרום
[18:17:07]     156 total, 139 rows over 21 page(s)  (MISSING 17)
[18:17:07] [335/11040] נשים @ שדה דוד
[18:17:28]     108 total, 108 rows over 16 page(s)
[18:17:28] [336/11040] נשים @ שוויכה
[18:17:54]     142 total, 139 rows over 21 page(s)  (MISSING 3)
[18:17:54] [337/11040] נשים @ שיבולים
[18:18:20]     156 total, 139 rows over 21 page(s)  (MISSING 17)
[18:18:20] [338/11040] נשים @ שלווה במדבר
[18:18:41]     112 total, 112 rows over 17 page(s)
[18:18:41] [339/11040] נשים @ שניר
[18:18:57]     87 total, 87 rows over 13 page(s)
[18:18:57] [340/11040] נשים @ שפיר
[18:19:09]     63 total, 63 rows over 10 page(s)
[18:19:09] [341/11040] נשים @ שתולים
[18:19:21]     63 total, 63 rows over 10 page(s)
[18:19:21] [342/11040] נשים @ תיעניכ
[18:19:46]     142 total, 139 rows over 21 page(s)  (MISSING 3)
[18:19:46] [343/11040] נשים @ תל ציון
[18:20:07]     132 total, 132 rows over 19 page(s)
[18:20:07] [344/11040] נשים @ תעשיון שח''ק
[18:20:32]     142 total, 139 rows over 21 page(s)  (MISSING 3)
[18:20:32] [345/11040] נשים @ תרום
[18:20:54]     132 total, 132 rows over 19 page(s)
[18:20:54] [346/11040] עור @ א טייבה
[18:21:11]     85 total, 85 rows over 13 page(s)
[18:21:11] [347/11040] עור @ אבו דיס
[18:21:20]     46 total, 46 rows over 7 page(s)
[18:21:20] [348/11040] עור @ אדירים
[18:21:30]     53 total, 53 rows over 8 page(s)
[18:21:30] [349/11040] עור @ אום אל פחם
[18:21:49]     81 total, 81 rows over 12 page(s)
[18:21:49] [350/11040] עור @ אחוזת ברק
[18:22:06]     85 total, 85 rows over 13 page(s)
[18:22:06] [351/11040] עור @ איילת השחר
[18:22:16]     53 total, 53 rows over 8 page(s)
[18:22:16] [352/11040] עור @ אל ח'דר
[18:22:25]     46 total, 46 rows over 7 page(s)
[18:22:25] [353/11040] עור @ אמציה
[18:22:37]     32 total, 32 rows over 5 page(s)
[18:22:37] [354/11040] עור @ ארבל
[18:22:47]     53 total, 53 rows over 8 page(s)
[18:22:47] [355/11040] עור @ אשדות יעקב מאוחד
[18:22:58]     53 total, 53 rows over 8 page(s)
[18:22:58] [356/11040] עור @ באר גנים
[18:23:10]     32 total, 32 rows over 5 page(s)
[18:23:10] [357/11040] עור @ בורג'
[18:23:26]     45 total, 45 rows over 7 page(s)
[18:23:26] [358/11040] עור @ בידו
[18:23:34]     46 total, 46 rows over 7 page(s)
[18:23:34] [359/11040] עור @ בלעא
[18:23:47]     49 total, 49 rows over 8 page(s)
[18:23:47] [360/11040] עור @ בני עטרות
[18:24:06]     62 total, 62 rows over 9 page(s)
[18:24:06] [361/11040] עור @ בר כוכבא
[18:24:14]     46 total, 46 rows over 7 page(s)
[18:24:14] [362/11040] עור @ בת חפר
[18:24:28]     49 total, 49 rows over 8 page(s)
[18:24:28] [363/11040] עור @ גאולים
[18:24:41]     49 total, 49 rows over 8 page(s)
[18:24:41] [364/11040] עור @ גבעות הרואה
[18:24:49]     46 total, 46 rows over 7 page(s)
[18:24:49] [365/11040] עור @ גזר
[18:24:56]     34 total, 34 rows over 5 page(s)
[18:24:56] [366/11040] עור @ גיתית
[18:25:04]     46 total, 46 rows over 7 page(s)
[18:25:04] [367/11040] עור @ גני יוחנן
[18:25:13]     43 total, 43 rows over 7 page(s)
[18:25:13] [368/11040] עור @ גשר הזיו
[18:25:20]     38 total, 38 rows over 6 page(s)
[18:25:20] [369/11040] עור @ דהיישה מחנה פליטים
[18:25:29]     46 total, 46 rows over 7 page(s)
[18:25:29] [370/11040] עור @ דחי
[18:25:46]     85 total, 85 rows over 13 page(s)
[18:25:46] [371/11040] עור @ דיר אל בלח
[18:26:01]     45 total, 45 rows over 7 page(s)
[18:26:01] [372/11040] עור @ הבונים
[18:26:19]     79 total, 79 rows over 12 page(s)
[18:26:19] [373/11040] עור @ הזורעים
[18:26:30]     53 total, 53 rows over 8 page(s)
[18:26:30] [374/11040] עור @ הר עמשא
[18:26:41]     34 total, 34 rows over 5 page(s)
[18:26:41] [375/11040] עור @ זבאבידה
[18:26:53]     49 total, 49 rows over 8 page(s)
[18:26:53] [376/11040] עור @ זיתן
[18:27:00]     34 total, 34 rows over 5 page(s)
[18:27:00] [377/11040] עור @ זרעית
[18:27:08]     38 total, 38 rows over 6 page(s)
[18:27:08] [378/11040] עור @ חגלה
[18:27:27]     81 total, 81 rows over 12 page(s)
[18:27:27] [379/11040] עור @ חוסן
[18:27:44]     75 total, 75 rows over 11 page(s)
[18:27:44] [380/11040] עור @ חלחול
[18:27:53]     46 total, 46 rows over 7 page(s)
[18:27:53] [381/11040] עור @ חספין
[18:28:04]     53 total, 53 rows over 8 page(s)
[18:28:04] [382/11040] עור @ חרות
[18:28:17]     49 total, 49 rows over 8 page(s)
[18:28:17] [383/11040] עור @ טורעאן
[18:28:27]     53 total, 53 rows over 8 page(s)
[18:28:27] [384/11040] עור @ טלוזה
[18:28:41]     49 total, 49 rows over 8 page(s)
[18:28:41] [385/11040] עור @ יאנון
[18:28:50]     46 total, 46 rows over 7 page(s)
[18:28:50] [386/11040] עור @ יד בנימין
[18:28:55]     24 total, 24 rows over 4 page(s)
[18:28:55] [387/11040] עור @ יובלים
[18:29:07]     52 total, 52 rows over 8 page(s)
[18:29:07] [388/11040] עור @ ינוב
[18:29:20]     49 total, 49 rows over 8 page(s)
[18:29:20] [389/11040] עור @ יפיע
[18:29:31]     53 total, 53 rows over 8 page(s)
[18:29:31] [390/11040] עור @ יראון
[18:29:41]     53 total, 53 rows over 8 page(s)
[18:29:41] [391/11040] עור @ ישרש
[18:29:48]     34 total, 34 rows over 5 page(s)
[18:29:48] [392/11040] עור @ כוכב השחר
[18:29:57]     46 total, 46 rows over 7 page(s)
[18:29:57] [393/11040] עור @ כינרת קבוצה
[18:30:07]     53 total, 53 rows over 8 page(s)
[18:30:07] [394/11040] עור @ כמון
[18:30:20]     52 total, 52 rows over 8 page(s)
[18:30:20] [395/11040] עור @ כפר אוריה
[18:30:29]     46 total, 46 rows over 7 page(s)
[18:30:29] [396/11040] עור @ כרם בן שמן
[18:30:35]     34 total, 34 rows over 5 page(s)
[18:30:35] [397/11040] עור @ לבנים
[18:30:45]     53 total, 53 rows over 8 page(s)
[18:30:45] [398/11040] עור @ לוטן
[18:30:47]     6 total, 6 rows over 1 page(s)
[18:30:47] [399/11040] עור @ מבוא חורון
[18:30:53]     34 total, 34 rows over 5 page(s)
[18:30:53] [400/11040] עור @ מג'דל
[18:31:02]     46 total, 46 rows over 7 page(s)
[18:31:02] [401/11040] עור @ מדרשת בן גוריון
[18:31:12]     34 total, 34 rows over 5 page(s)
[18:31:12] [402/11040] עור @ מורן
[18:31:24]     52 total, 52 rows over 8 page(s)
[18:31:24] [403/11040] עור @ מחסיה
[18:31:33]     46 total, 46 rows over 7 page(s)
[18:31:33] [404/11040] עור @ מירכה
[18:31:46]     49 total, 49 rows over 8 page(s)
[18:31:46] [405/11040] עור @ מלכישוע
[18:32:03]     85 total, 85 rows over 13 page(s)
[18:32:03] [406/11040] עור @ מסילות
[18:32:20]     85 total, 85 rows over 13 page(s)
[18:32:20] [407/11040] עור @ מעוז חיים
[18:32:37]     85 total, 85 rows over 13 page(s)
[18:32:37] [408/11040] עור @ מפעלי גלבוע
[18:32:48]     53 total, 53 rows over 8 page(s)
[18:32:48] [409/11040] עור @ מצפה
[18:32:58]     53 total, 53 rows over 8 page(s)
[18:32:58] [410/11040] עור @ מרום גולן
[18:33:08]     53 total, 53 rows over 8 page(s)
[18:33:08] [411/11040] עור @ משהד
[18:33:18]     53 total, 53 rows over 8 page(s)
[18:33:18] [412/11040] עור @ נאות גולן
[18:33:28]     53 total, 53 rows over 8 page(s)
[18:33:28] [413/11040] עור @ נגוהות
[18:33:43]     45 total, 45 rows over 7 page(s)
[18:33:43] [414/11040] עור @ נווה אילן
[18:33:52]     46 total, 46 rows over 7 page(s)
[18:33:52] [415/11040] עור @ נחל עוז
[18:34:04]     32 total, 32 rows over 5 page(s)
[18:34:04] [416/11040] עור @ נטע
[18:34:16]     32 total, 32 rows over 5 page(s)
[18:34:16] [417/11040] עור @ ניצני סיני
[18:34:27]     34 total, 34 rows over 5 page(s)
[18:34:27] [418/11040] עור @ נעמי
[18:34:36]     46 total, 46 rows over 7 page(s)
[18:34:36] [419/11040] עור @ נתיב השיירה
[18:34:43]     38 total, 38 rows over 6 page(s)
[18:34:43] [420/11040] עור @ סגולה
[18:34:55]     32 total, 32 rows over 5 page(s)
[18:34:55] [421/11040] עור @ סיכה
[18:35:11]     45 total, 45 rows over 7 page(s)
[18:35:11] [422/11040] עור @ סלפית
[18:35:24]     46 total, 46 rows over 7 page(s)
[18:35:24] [423/11040] עור @ ספיר
[18:35:34]     34 total, 34 rows over 5 page(s)
[18:35:34] [424/11040] עור @ עבסאן א סעיר
[18:35:49]     45 total, 45 rows over 7 page(s)
[18:35:49] [425/11040] עור @ עוג'א אתחתא
[18:35:58]     46 total, 46 rows over 7 page(s)
[18:35:58] [426/11040] עור @ עזוז
[18:36:09]     34 total, 34 rows over 5 page(s)
[18:36:09] [427/11040] עור @ עטארה ליד ביר זית
[18:36:17]     46 total, 46 rows over 7 page(s)
[18:36:17] [428/11040] עור @ עין גב
[18:36:27]     53 total, 53 rows over 8 page(s)
[18:36:27] [429/11040] עור @ עמיחי
[18:36:36]     46 total, 46 rows over 7 page(s)
[18:36:36] [430/11040] עור @ ענבתא
[18:36:49]     49 total, 49 rows over 8 page(s)
[18:36:49] [431/11040] עור @ עקבה בשומרון
[18:37:02]     49 total, 49 rows over 8 page(s)
[18:37:02] [432/11040] עור @ ערערה
[18:37:21]     81 total, 81 rows over 12 page(s)
[18:37:21] [433/11040] עור @ פארק תעשיות קדמת גליל
[18:37:31]     53 total, 53 rows over 8 page(s)
[18:37:31] [434/11040] עור @ פוריידיס
[18:37:50]     81 total, 81 rows over 12 page(s)
[18:37:50] [435/11040] עור @ פסגות
[18:37:59]     47 total, 47 rows over 7 page(s)
[18:37:59] [436/11040] עור @ פרזון
[18:38:16]     85 total, 85 rows over 13 page(s)
[18:38:16] [437/11040] עור @ צובה
[18:38:24]     46 total, 46 rows over 7 page(s)
[18:38:24] [438/11040] עור @ ציפורי
[18:38:34]     53 total, 53 rows over 8 page(s)
[18:38:34] [439/11040] עור @ קבוצת יבנה
[18:38:39]     24 total, 24 rows over 4 page(s)
[18:38:39] [440/11040] עור @ קובייבה
[18:38:48]     46 total, 46 rows over 7 page(s)
[18:38:48] [441/11040] עור @ קיסריה
[18:39:00]     49 total, 49 rows over 8 page(s)
[18:39:00] [442/11040] עור @ קציר
[18:39:13]     49 total, 49 rows over 8 page(s)
[18:39:13] [443/11040] עור @ קרית חינוך מרחבים
[18:39:28]     45 total, 45 rows over 7 page(s)
[18:39:28] [444/11040] עור @ ראפאת ליד גבעת זאב
[18:39:37]     46 total, 46 rows over 7 page(s)
[18:39:37] [445/11040] עור @ רוג'ייב
[18:39:50]     49 total, 49 rows over 8 page(s)
[18:39:50] [446/11040] עור @ רחוב
[18:40:08]     85 total, 85 rows over 13 page(s)
[18:40:08] [447/11040] עור @ רמה
[18:40:21]     49 total, 49 rows over 8 page(s)
[18:40:21] [448/11040] עור @ רנתיס
[18:40:35]     46 total, 46 rows over 7 page(s)
[18:40:35] [449/11040] עור @ שבי דרום
[18:40:51]     45 total, 45 rows over 7 page(s)
[18:40:51] [450/11040] עור @ שדה דוד
[18:41:03]     32 total, 32 rows over 5 page(s)
[18:41:03] [451/11040] עור @ שוויכה
[18:41:15]     49 total, 49 rows over 8 page(s)
[18:41:15] [452/11040] עור @ שיבולים
[18:41:31]     45 total, 45 rows over 7 page(s)
[18:41:31] [453/11040] עור @ שלווה במדבר
[18:41:43]     34 total, 34 rows over 5 page(s)
[18:41:43] [454/11040] עור @ שניר
[18:41:54]     53 total, 53 rows over 8 page(s)
[18:41:54] [455/11040] עור @ שפיר
[18:41:59]     24 total, 24 rows over 4 page(s)
[18:41:59] [456/11040] עור @ שתולים
[18:42:04]     24 total, 24 rows over 4 page(s)
[18:42:04] [457/11040] עור @ תיעניכ
[18:42:16]     49 total, 49 rows over 8 page(s)
[18:42:16] [458/11040] עור @ תל ציון
[18:42:25]     46 total, 46 rows over 7 page(s)
[18:42:25] [459/11040] עור @ תעשיון שח''ק
[18:42:38]     49 total, 49 rows over 8 page(s)
[18:42:38] [460/11040] עור @ תרום
[18:42:47]     46 total, 46 rows over 7 page(s)
[18:42:47] [461/11040] עיניים @ א טייבה
[18:43:11]     125 total, 125 rows over 18 page(s)
[18:43:11] [462/11040] עיניים @ אבו דיס
[18:43:17]     31 total, 31 rows over 5 page(s)
[18:43:17] [463/11040] עיניים @ אדירים
[18:43:32]     79 total, 79 rows over 12 page(s)
[18:43:32] [464/11040] עיניים @ אום אל פחם
[18:43:54]     107 total, 107 rows over 16 page(s)
[18:43:54] [465/11040] עיניים @ אחוזת ברק
[18:44:17]     125 total, 125 rows over 18 page(s)
[18:44:17] [466/11040] עיניים @ איילת השחר
[18:44:33]     79 total, 79 rows over 12 page(s)
[18:44:33] [467/11040] עיניים @ אל ח'דר
[18:44:39]     31 total, 31 rows over 5 page(s)
[18:44:39] [468/11040] עיניים @ אמציה
[18:44:54]     51 total, 51 rows over 8 page(s)
[18:44:54] [469/11040] עיניים @ ארבל
[18:45:08]     79 total, 79 rows over 12 page(s)
[18:45:08] [470/11040] עיניים @ אשדות יעקב מאוחד
[18:45:24]     79 total, 79 rows over 12 page(s)
[18:45:24] [471/11040] עיניים @ באר גנים
[18:45:40]     51 total, 51 rows over 8 page(s)
[18:45:40] [472/11040] עיניים @ בורג'
[18:45:59]     71 total, 71 rows over 11 page(s)
[18:45:59] [473/11040] עיניים @ בידו
[18:46:15]     request error (Error), retry 1/4 in 2s
[18:46:18]     31 total, 27 rows over 5 page(s)  (MISSING 4)
[18:46:18] [474/11040] עיניים @ בלעא
[18:46:18]     Non-HTML payload {'errorType': 2, 'message': None, 'data_type': 'dict'} - re-warming session
[18:46:18] Establishing session (attempt 1/3) ...
  Log in in the browser window (ID, password, CAPTCHA, SMS), then press Enter... 