[16:51:04] Taxonomy from cache: 96 specializations
[16:51:07] Loaded 114 cities from parallel/cities-8.txt
[16:51:07] 96 specializations x 114 cities = 10944 pairs
[16:51:07] 10944 remaining; roughly 120384 requests at ~0.3s apart = ~602 min
[16:51:07] [1/10944] אורתופדיה @ אבו ג'ווייעד
[16:51:20]     43 total, 43 rows over 7 page(s)
[16:51:20] [2/10944] אורתופדיה @ אדורה
[16:51:28]     50 total, 50 rows over 8 page(s)
[16:51:28] [3/10944] אורתופדיה @ אולפני נווה אילן
[16:51:35]     50 total, 50 rows over 8 page(s)
[16:51:35] [4/10944] אורתופדיה @ אחווה
[16:51:43]     37 total, 37 rows over 6 page(s)
[16:51:43] [5/10944] אורתופדיה @ אידנא
[16:51:51]     50 total, 50 rows over 8 page(s)
[16:51:51] [6/10944] אורתופדיה @ אל בירה
[16:51:58]     50 total, 50 rows over 8 page(s)
[16:51:58] [7/10944] אורתופדיה @ אמירים
[16:52:12]     98 total, 98 rows over 15 page(s)
[16:52:12] [8/10944] אורתופדיה @ אפק
[16:52:26]     84 total, 84 rows over 13 page(s)
[16:52:26] [9/10944] אורתופדיה @ אשדוד
[16:52:34]     37 total, 37 rows over 6 page(s)
[16:52:34] [10/10944] אורתופדיה @ באקה אל ע'רביה
[16:52:55]     128 total, 128 rows over 19 page(s)
[16:52:55] [11/10944] אורתופדיה @ בועיינה נוג'יידאת
[16:53:10]     98 total, 98 rows over 15 page(s)
[16:53:10] [12/10944] אורתופדיה @ בטחה
[16:53:27]     63 total, 63 rows over 10 page(s)
[16:53:27] [13/10944] אורתופדיה @ ביר זית
[16:53:34]     50 total, 50 rows over 8 page(s)
[16:53:34] [14/10944] אורתופדיה @ בני נצרים
[16:53:48]     47 total, 47 rows over 7 page(s)
[16:53:48] [15/10944] אורתופדיה @ בר גיורא
[16:53:55]     50 total, 50 rows over 8 page(s)
[16:53:55] [16/10944] אורתופדיה @ בת הדר
[16:54:08]     47 total, 47 rows over 7 page(s)
[16:54:08] [17/10944] אורתופדיה @ ג'בע
[16:54:22]     89 total, 89 rows over 13 page(s)
[16:54:22] [18/10944] אורתופדיה @ גבעון החדשה
[16:54:30]     50 total, 50 rows over 8 page(s)
[16:54:30] [19/10944] אורתופדיה @ גורנות הגליל
[16:54:42]     71 total, 71 rows over 11 page(s)
[16:54:42] [20/10944] אורתופדיה @ גינתון
[16:54:53]     61 total, 61 rows over 9 page(s)
[16:54:53] [21/10944] אורתופדיה @ גני הדר
[16:55:06]     73 total, 73 rows over 11 page(s)
[16:55:06] [22/10944] אורתופדיה @ גשור
[16:55:21]     98 total, 98 rows over 15 page(s)
[16:55:21] [23/10944] אורתופדיה @ דגניה א'
[16:55:36]     98 total, 98 rows over 15 page(s)
[16:55:36] [24/10944] אורתופדיה @ דורא אל קריע
[16:55:43]     50 total, 50 rows over 8 page(s)
[16:55:43] [25/10944] אורתופדיה @ דיר איבזיע
[16:55:52]     50 total, 50 rows over 8 page(s)
[16:55:52] [26/10944] אורתופדיה @ האון
[16:56:07]     98 total, 98 rows over 15 page(s)
[16:56:07] [27/10944] אורתופדיה @ הושעיה
[16:56:24]     98 total, 98 rows over 15 page(s)
[16:56:24] [28/10944] אורתופדיה @ הר אדר
[16:56:31]     50 total, 50 rows over 8 page(s)
[16:56:31] [29/10944] אורתופדיה @ זאוויה
[16:56:41]     58 total, 58 rows over 9 page(s)
[16:56:41] [30/10944] אורתופדיה @ זיתא
[16:56:55]     89 total, 89 rows over 13 page(s)
[16:56:55] [31/10944] אורתופדיה @ זרזיר
[16:57:16]     146 total, 139 rows over 21 page(s)  (MISSING 7)
[16:57:16] [32/10944] אורתופדיה @ חגור
[16:57:29]     77 total, 77 rows over 12 page(s)
[16:57:29] [33/10944] אורתופדיה @ חולתה
[16:57:46]     98 total, 98 rows over 15 page(s)
[16:57:46] [34/10944] אורתופדיה @ חיפה
[16:57:54]     45 total, 45 rows over 7 page(s)
[16:57:54] [35/10944] אורתופדיה @ חניתה
[16:58:05]     71 total, 71 rows over 11 page(s)
[16:58:05] [36/10944] אורתופדיה @ חרב לאת
[16:58:26]     128 total, 128 rows over 19 page(s)
[16:58:26] [37/10944] אורתופדיה @ טול כרם
[16:58:41]     89 total, 89 rows over 13 page(s)
[16:58:41] [38/10944] אורתופדיה @ טל אל
[16:58:59]     116 total, 116 rows over 17 page(s)
[16:58:59] [39/10944] אורתופדיה @ יאמון
[16:59:13]     89 total, 89 rows over 13 page(s)
[16:59:13] [40/10944] אורתופדיה @ יגור
[16:59:31]     116 total, 116 rows over 17 page(s)
[16:59:31] [41/10944] אורתופדיה @ יהל
[16:59:33]     6 total, 6 rows over 1 page(s)
[16:59:33] [42/10944] אורתופדיה @ ייט''ב
[16:59:41]     50 total, 50 rows over 8 page(s)
[16:59:41] [43/10944] אורתופדיה @ יעף
[16:59:55]     89 total, 89 rows over 13 page(s)
[16:59:55] [44/10944] אורתופדיה @ יקנעם
[17:00:14]     116 total, 116 rows over 17 page(s)
[17:00:14] [45/10944] אורתופדיה @ ישע
[17:00:28]     47 total, 47 rows over 7 page(s)
[17:00:28] [46/10944] אורתופדיה @ כובר
[17:00:36]     50 total, 50 rows over 8 page(s)
[17:00:36] [47/10944] אורתופדיה @ כחל
[17:00:51]     98 total, 98 rows over 15 page(s)
[17:00:51] [48/10944] אורתופדיה @ כמאנה מזרח
[17:01:08]     116 total, 116 rows over 17 page(s)
[17:01:08] [49/10944] אורתופדיה @ כפר אביב
[17:01:16]     37 total, 37 rows over 6 page(s)
[17:01:16] [50/10944] אורתופדיה @ כרכום
[17:01:32]     98 total, 98 rows over 15 page(s)
[17:01:32] [51/10944] אורתופדיה @ לבון
[17:01:51]     116 total, 116 rows over 17 page(s)
[17:01:51] [52/10944] אורתופדיה @ לוחמי הגיטאות
[17:02:03]     71 total, 71 rows over 11 page(s)
[17:02:03] [53/10944] אורתופדיה @ מבוא ביתר
[17:02:10]     50 total, 50 rows over 8 page(s)
[17:02:10] [54/10944] אורתופדיה @ מג'ד
[17:02:29]     63 total, 63 rows over 10 page(s)
[17:02:29] [55/10944] אורתופדיה @ מדמא
[17:02:43]     89 total, 89 rows over 13 page(s)
[17:02:43] [56/10944] אורתופדיה @ מוצא עילית
[17:02:51]     50 total, 50 rows over 8 page(s)
[17:02:51] [57/10944] אורתופדיה @ מחולה
[17:03:13]     146 total, 139 rows over 21 page(s)  (MISSING 7)
[17:03:13] [58/10944] אורתופדיה @ מירב
[17:03:34]     146 total, 139 rows over 21 page(s)  (MISSING 7)
[17:03:34] [59/10944] אורתופדיה @ מלילות
[17:03:51]     63 total, 63 rows over 10 page(s)
[17:03:51] [60/10944] אורתופדיה @ מסדה
[17:04:09]     98 total, 98 rows over 15 page(s)
[17:04:09] [61/10944] אורתופדיה @ מעגן
[17:04:24]     98 total, 98 rows over 15 page(s)
[17:04:24] [62/10944] אורתופדיה @ מפעלי ברנר
[17:04:37]     73 total, 73 rows over 11 page(s)
[17:04:37] [63/10944] אורתופדיה @ מצובה
[17:04:49]     71 total, 71 rows over 11 page(s)
[17:04:49] [64/10944] אורתופדיה @ מרגליות
[17:05:05]     98 total, 98 rows over 15 page(s)
[17:05:05] [65/10944] אורתופדיה @ משגב דב
[17:05:13]     37 total, 37 rows over 6 page(s)
[17:05:13] [66/10944] אורתופדיה @ מתת
[17:05:31]     116 total, 116 rows over 17 page(s)
[17:05:31] [67/10944] אורתופדיה @ נבי סאלח
[17:05:41]     58 total, 58 rows over 9 page(s)
[17:05:41] [68/10944] אורתופדיה @ נווה אור
[17:06:01]     146 total, 139 rows over 21 page(s)  (MISSING 7)
[17:06:01] [69/10944] אורתופדיה @ נחאלין
[17:06:08]     50 total, 50 rows over 8 page(s)
[17:06:08] [70/10944] אורתופדיה @ נטועה
[17:06:20]     71 total, 71 rows over 11 page(s)
[17:06:20] [71/10944] אורתופדיה @ ניצן ב'
[17:06:31]     61 total, 61 rows over 9 page(s)
[17:06:31] [72/10944] אורתופדיה @ נעורים
[17:06:45]     89 total, 89 rows over 13 page(s)
[17:06:45] [73/10944] אורתופדיה @ נתיב הל''ה
[17:06:52]     50 total, 50 rows over 8 page(s)
[17:06:52] [74/10944] אורתופדיה @ סביון
[17:07:02]     58 total, 58 rows over 9 page(s)
[17:07:02] [75/10944] אורתופדיה @ סח'נין
[17:07:17]     91 total, 91 rows over 14 page(s)
[17:07:17] [76/10944] אורתופדיה @ סלמה
[17:07:32]     91 total, 91 rows over 14 page(s)
[17:07:32] [77/10944] אורתופדיה @ ספא
[17:07:39]     50 total, 50 rows over 8 page(s)
[17:07:39] [78/10944] אורתופדיה @ עבדון
[17:07:51]     71 total, 71 rows over 11 page(s)
[17:07:51] [79/10944] אורתופדיה @ עדנים
[17:08:05]     77 total, 77 rows over 12 page(s)
[17:08:05] [80/10944] אורתופדיה @ עוצם
[17:08:19]     47 total, 47 rows over 7 page(s)
[17:08:19] [81/10944] אורתופדיה @ עטאטרה
[17:08:37]     63 total, 63 rows over 10 page(s)
[17:08:37] [82/10944] אורתופדיה @ עין איילה
[17:08:56]     116 total, 116 rows over 17 page(s)
[17:08:56] [83/10944] אורתופדיה @ עמוקה
[17:09:11]     98 total, 98 rows over 15 page(s)
[17:09:11] [84/10944] אורתופדיה @ ענאתא
[17:09:19]     50 total, 50 rows over 8 page(s)
[17:09:19] [85/10944] אורתופדיה @ עצמון שגב
[17:09:34]     91 total, 91 rows over 14 page(s)
[17:09:34] [86/10944] אורתופדיה @ ערד
[17:09:46]     43 total, 43 rows over 7 page(s)
[17:09:46] [87/10944] אורתופדיה @ פארק תעשיות עידן הנגב
[17:10:03]     63 total, 63 rows over 10 page(s)
[17:10:03] [88/10944] אורתופדיה @ פוריה נווה עובד
[17:10:18]     98 total, 98 rows over 15 page(s)
[17:10:18] [89/10944] אורתופדיה @ פני חבר
[17:10:35]     63 total, 63 rows over 10 page(s)
[17:10:35] [90/10944] אורתופדיה @ פרדסיה
[17:10:49]     89 total, 89 rows over 13 page(s)
[17:10:49] [91/10944] אורתופדיה @ צביה
[17:11:04]     91 total, 91 rows over 14 page(s)
[17:11:04] [92/10944] אורתופדיה @ צור הדסה
[17:11:11]     50 total, 50 rows over 8 page(s)
[17:11:11] [93/10944] אורתופדיה @ קבאטיה
[17:11:25]     89 total, 89 rows over 13 page(s)
[17:11:25] [94/10944] אורתופדיה @ קדרון
[17:11:34]     37 total, 37 rows over 6 page(s)
[17:11:34] [95/10944] אורתופדיה @ קטנה
[17:11:42]     50 total, 50 rows over 8 page(s)
[17:11:42] [96/10944] אורתופדיה @ קסר א סיר
[17:11:54]     43 total, 43 rows over 7 page(s)
[17:11:54] [97/10944] אורתופדיה @ קרית ביאליק
[17:12:07]     84 total, 84 rows over 13 page(s)
[17:12:07] [98/10944] אורתופדיה @ ראס כרכר
[17:12:15]     50 total, 50 rows over 8 page(s)
[17:12:15] [99/10944] אורתופדיה @ רגבים
[17:12:36]     128 total, 128 rows over 19 page(s)
[17:12:36] [100/10944] אורתופדיה @ רועי
[17:12:44]     50 total, 50 rows over 8 page(s)
[17:12:44] [101/10944] אורתופדיה @ רכסים
[17:13:02]     116 total, 116 rows over 17 page(s)
[17:13:02] [102/10944] אורתופדיה @ רמת גן
[17:13:16]     78 total, 78 rows over 12 page(s)
[17:13:16] [103/10944] אורתופדיה @ רשפים
[17:13:37]     146 total, 139 rows over 21 page(s)  (MISSING 7)
[17:13:37] [104/10944] אורתופדיה @ שדה אליעזר
[17:13:53]     98 total, 98 rows over 15 page(s)
[17:13:53] [105/10944] אורתופדיה @ שובל
[17:14:11]     63 total, 63 rows over 10 page(s)
[17:14:11] [106/10944] אורתופדיה @ שחרות
[17:14:12]     6 total, 6 rows over 1 page(s)
[17:14:12] [107/10944] אורתופדיה @ שכניה
[17:14:24]     71 total, 71 rows over 11 page(s)
[17:14:24] [108/10944] אורתופדיה @ שמשית
[17:14:39]     98 total, 98 rows over 15 page(s)
[17:14:39] [109/10944] אורתופדיה @ שער שומרון
[17:14:51]     77 total, 77 rows over 12 page(s)
[17:14:51] [110/10944] אורתופדיה @ שרשרת
[17:15:09]     63 total, 63 rows over 10 page(s)
[17:15:09] [111/10944] אורתופדיה @ תיאסיר
[17:15:24]     89 total, 89 rows over 13 page(s)
[17:15:24] [112/10944] אורתופדיה @ תל מונד
[17:15:39]     89 total, 89 rows over 13 page(s)
[17:15:39] [113/10944] אורתופדיה @ תעשיון צריפין
[17:15:53]     73 total, 73 rows over 11 page(s)
[17:15:53] [114/10944] אורתופדיה @ תראבין א צאנה שבט
[17:16:05]     43 total, 43 rows over 7 page(s)
[17:16:05] [115/10944] אף אוזן גרון @ אבו ג'ווייעד
[17:16:17]     47 total, 47 rows over 7 page(s)
[17:16:17] [116/10944] אף אוזן גרון @ אדורה
[17:16:23]     42 total, 42 rows over 7 page(s)
[17:16:23] [117/10944] אף אוזן גרון @ אולפני נווה אילן
[17:16:29]     42 total, 42 rows over 7 page(s)
[17:16:29] [118/10944] אף אוזן גרון @ אחווה
[17:16:35]     27 total, 27 rows over 4 page(s)
[17:16:35] [119/10944] אף אוזן גרון @ אידנא
[17:16:41]     42 total, 42 rows over 7 page(s)
[17:16:41] [120/10944] אף אוזן גרון @ אל בירה
[17:16:48]     42 total, 42 rows over 7 page(s)
[17:16:48] [121/10944] אף אוזן גרון @ אמירים
[17:16:57]     59 total, 59 rows over 9 page(s)
[17:16:57] [122/10944] אף אוזן גרון @ אפק
[17:17:07]     61 total, 61 rows over 9 page(s)
[17:17:07] [123/10944] אף אוזן גרון @ אשדוד
[17:17:12]     27 total, 27 rows over 4 page(s)
[17:17:12] [124/10944] אף אוזן גרון @ באקה אל ע'רביה
[17:17:27]     92 total, 92 rows over 14 page(s)
[17:17:27] [125/10944] אף אוזן גרון @ בועיינה נוג'יידאת
[17:17:37]     59 total, 59 rows over 9 page(s)
[17:17:37] [126/10944] אף אוזן גרון @ בטחה
[17:17:51]     63 total, 63 rows over 10 page(s)
[17:17:51] [127/10944] אף אוזן גרון @ ביר זית
[17:17:58]     42 total, 42 rows over 7 page(s)
[17:17:58] [128/10944] אף אוזן גרון @ בני נצרים
[17:18:07]     41 total, 41 rows over 6 page(s)
[17:18:07] [129/10944] אף אוזן גרון @ בר גיורא
[17:18:14]     42 total, 42 rows over 7 page(s)
[17:18:14] [130/10944] אף אוזן גרון @ בת הדר
[17:18:25]     41 total, 41 rows over 6 page(s)
[17:18:25] [131/10944] אף אוזן גרון @ ג'בע
[17:18:35]     67 total, 67 rows over 10 page(s)
[17:18:35] [132/10944] אף אוזן גרון @ גבעון החדשה
[17:18:41]     42 total, 42 rows over 7 page(s)
[17:18:41] [133/10944] אף אוזן גרון @ גורנות הגליל
[17:18:48]     38 total, 38 rows over 6 page(s)
[17:18:48] [134/10944] אף אוזן גרון @ גינתון
[17:18:54]     32 total, 32 rows over 5 page(s)
[17:18:54] [135/10944] אף אוזן גרון @ גני הדר
[17:19:03]     44 total, 44 rows over 7 page(s)
[17:19:03] [136/10944] אף אוזן גרון @ גשור
[17:19:13]     59 total, 59 rows over 9 page(s)
[17:19:13] [137/10944] אף אוזן גרון @ דגניה א'
[17:19:22]     59 total, 59 rows over 9 page(s)
[17:19:22] [138/10944] אף אוזן גרון @ דורא אל קריע
[17:19:29]     42 total, 42 rows over 7 page(s)
[17:19:29] [139/10944] אף אוזן גרון @ דיר איבזיע
[17:19:36]     42 total, 42 rows over 7 page(s)
[17:19:36] [140/10944] אף אוזן גרון @ האון
[17:19:45]     59 total, 59 rows over 9 page(s)
[17:19:45] [141/10944] אף אוזן גרון @ הושעיה
[17:19:55]     59 total, 59 rows over 9 page(s)
[17:19:55] [142/10944] אף אוזן גרון @ הר אדר
[17:20:01]     42 total, 42 rows over 7 page(s)
[17:20:01] [143/10944] אף אוזן גרון @ זאוויה
[17:20:08]     38 total, 38 rows over 6 page(s)
[17:20:08] [144/10944] אף אוזן גרון @ זיתא
[17:20:19]     67 total, 67 rows over 10 page(s)
[17:20:19] [145/10944] אף אוזן גרון @ זרזיר
[17:20:34]     95 total, 95 rows over 14 page(s)
[17:20:34] [146/10944] אף אוזן גרון @ חגור
[17:20:44]     59 total, 59 rows over 9 page(s)
[17:20:44] [147/10944] אף אוזן גרון @ חולתה
[17:20:53]     59 total, 59 rows over 9 page(s)
[17:20:53] [148/10944] אף אוזן גרון @ חיפה
[17:21:00]     39 total, 39 rows over 6 page(s)
[17:21:00] [149/10944] אף אוזן גרון @ חניתה
[17:21:06]     38 total, 38 rows over 6 page(s)
[17:21:06] [150/10944] אף אוזן גרון @ חרב לאת
[17:21:22]     92 total, 92 rows over 14 page(s)
[17:21:22] [151/10944] אף אוזן גרון @ טול כרם
[17:21:32]     67 total, 67 rows over 10 page(s)
[17:21:32] [152/10944] אף אוזן גרון @ טל אל
[17:21:45]     77 total, 77 rows over 12 page(s)
[17:21:45] [153/10944] אף אוזן גרון @ יאמון
[17:21:56]     67 total, 67 rows over 10 page(s)
[17:21:56] [154/10944] אף אוזן גרון @ יגור
[17:22:09]     82 total, 82 rows over 12 page(s)
[17:22:09] [155/10944] אף אוזן גרון @ יהל
[17:22:10]     4 total, 4 rows over 1 page(s)
[17:22:10] [156/10944] אף אוזן גרון @ ייט''ב
[17:22:17]     42 total, 42 rows over 7 page(s)
[17:22:17] [157/10944] אף אוזן גרון @ יעף
[17:22:28]     67 total, 67 rows over 10 page(s)
[17:22:28] [158/10944] אף אוזן גרון @ יקנעם
[17:22:42]     82 total, 82 rows over 12 page(s)
[17:22:42] [159/10944] אף אוזן גרון @ ישע
[17:22:53]     41 total, 41 rows over 6 page(s)
[17:22:53] [160/10944] אף אוזן גרון @ כובר
[17:22:59]     42 total, 42 rows over 7 page(s)
[17:22:59] [161/10944] אף אוזן גרון @ כחל
[17:23:09]     59 total, 59 rows over 9 page(s)
[17:23:09] [162/10944] אף אוזן גרון @ כמאנה מזרח
[17:23:23]     77 total, 77 rows over 12 page(s)
[17:23:23] [163/10944] אף אוזן גרון @ כפר אביב
[17:23:28]     27 total, 27 rows over 4 page(s)
[17:23:28] [164/10944] אף אוזן גרון @ כרכום
[17:23:38]     59 total, 59 rows over 9 page(s)
[17:23:38] [165/10944] אף אוזן גרון @ לבון
[17:23:51]     77 total, 77 rows over 12 page(s)
[17:23:51] [166/10944] אף אוזן גרון @ לוחמי הגיטאות
[17:23:58]     38 total, 38 rows over 6 page(s)
[17:23:58] [167/10944] אף אוזן גרון @ מבוא ביתר
[17:24:04]     42 total, 42 rows over 7 page(s)
[17:24:04] [168/10944] אף אוזן גרון @ מג'ד
[17:24:19]     63 total, 63 rows over 10 page(s)
[17:24:19] [169/10944] אף אוזן גרון @ מדמא
[17:24:30]     67 total, 67 rows over 10 page(s)
[17:24:30] [170/10944] אף אוזן גרון @ מוצא עילית
[17:24:37]     42 total, 42 rows over 7 page(s)
[17:24:37] [171/10944] אף אוזן גרון @ מחולה
[17:24:52]     95 total, 95 rows over 14 page(s)
[17:24:52] [172/10944] אף אוזן גרון @ מירב
[17:25:07]     95 total, 95 rows over 14 page(s)
[17:25:07] [173/10944] אף אוזן גרון @ מלילות
[17:25:22]     63 total, 63 rows over 10 page(s)
[17:25:22] [174/10944] אף אוזן גרון @ מסדה
[17:25:32]     59 total, 59 rows over 9 page(s)
[17:25:32] [175/10944] אף אוזן גרון @ מעגן
[17:25:41]     59 total, 59 rows over 9 page(s)
[17:25:41] [176/10944] אף אוזן גרון @ מפעלי ברנר
[17:25:51]     44 total, 44 rows over 7 page(s)
[17:25:51] [177/10944] אף אוזן גרון @ מצובה
[17:25:58]     38 total, 38 rows over 6 page(s)
[17:25:58] [178/10944] אף אוזן גרון @ מרגליות
[17:26:08]     59 total, 59 rows over 9 page(s)
[17:26:08] [179/10944] אף אוזן גרון @ משגב דב
[17:26:13]     27 total, 27 rows over 4 page(s)
[17:26:13] [180/10944] אף אוזן גרון @ מתת
[17:26:26]     77 total, 77 rows over 12 page(s)
[17:26:26] [181/10944] אף אוזן גרון @ נבי סאלח
[17:26:33]     38 total, 38 rows over 6 page(s)
[17:26:33] [182/10944] אף אוזן גרון @ נווה אור
[17:26:48]     95 total, 95 rows over 14 page(s)
[17:26:48] [183/10944] אף אוזן גרון @ נחאלין
[17:26:55]     42 total, 42 rows over 7 page(s)
[17:26:55] [184/10944] אף אוזן גרון @ נטועה
[17:27:03]     38 total, 38 rows over 6 page(s)
[17:27:03] [185/10944] אף אוזן גרון @ ניצן ב'
[17:27:09]     32 total, 32 rows over 5 page(s)
[17:27:09] [186/10944] אף אוזן גרון @ נעורים
[17:27:20]     67 total, 67 rows over 10 page(s)
[17:27:20] [187/10944] אף אוזן גרון @ נתיב הל''ה
[17:27:27]     42 total, 42 rows over 7 page(s)
[17:27:27] [188/10944] אף אוזן גרון @ סביון
[17:27:34]     38 total, 38 rows over 6 page(s)
[17:27:34] [189/10944] אף אוזן גרון @ סח'נין
[17:27:43]     55 total, 55 rows over 8 page(s)
[17:27:43] [190/10944] אף אוזן גרון @ סלמה
[17:27:52]     55 total, 55 rows over 8 page(s)
[17:27:52] [191/10944] אף אוזן גרון @ ספא
[17:27:59]     42 total, 42 rows over 7 page(s)
[17:27:59] [192/10944] אף אוזן גרון @ עבדון
[17:28:06]     38 total, 38 rows over 6 page(s)
[17:28:06] [193/10944] אף אוזן גרון @ עדנים
[17:28:16]     59 total, 59 rows over 9 page(s)
[17:28:16] [194/10944] אף אוזן גרון @ עוצם
[17:28:27]     41 total, 41 rows over 6 page(s)
[17:28:27] [195/10944] אף אוזן גרון @ עטאטרה
[17:28:42]     63 total, 63 rows over 10 page(s)
[17:28:42] [196/10944] אף אוזן גרון @ עין איילה
[17:28:55]     82 total, 82 rows over 12 page(s)
[17:28:55] [197/10944] אף אוזן גרון @ עמוקה
[17:29:05]     59 total, 59 rows over 9 page(s)
[17:29:05] [198/10944] אף אוזן גרון @ ענאתא
[17:29:11]     42 total, 42 rows over 7 page(s)
[17:29:11] [199/10944] אף אוזן גרון @ עצמון שגב
[17:29:20]     55 total, 55 rows over 8 page(s)
[17:29:20] [200/10944] אף אוזן גרון @ ערד
[17:29:31]     47 total, 47 rows over 7 page(s)
[17:29:31] [201/10944] אף אוזן גרון @ פארק תעשיות עידן הנגב
[17:29:47]     63 total, 63 rows over 10 page(s)
[17:29:47] [202/10944] אף אוזן גרון @ פוריה נווה עובד
[17:29:56]     59 total, 59 rows over 9 page(s)
[17:29:56] [203/10944] אף אוזן גרון @ פני חבר
[17:30:12]     63 total, 63 rows over 10 page(s)
[17:30:12] [204/10944] אף אוזן גרון @ פרדסיה
[17:30:23]     67 total, 67 rows over 10 page(s)
[17:30:23] [205/10944] אף אוזן גרון @ צביה
[17:30:33]     55 total, 55 rows over 8 page(s)
[17:30:33] [206/10944] אף אוזן גרון @ צור הדסה
[17:30:39]     42 total, 42 rows over 7 page(s)
[17:30:39] [207/10944] אף אוזן גרון @ קבאטיה
[17:30:50]     67 total, 67 rows over 10 page(s)
[17:30:50] [208/10944] אף אוזן גרון @ קדרון
[17:30:54]     27 total, 27 rows over 4 page(s)
[17:30:54] [209/10944] אף אוזן גרון @ קטנה
[17:31:01]     42 total, 42 rows over 7 page(s)
[17:31:01] [210/10944] אף אוזן גרון @ קסר א סיר
[17:31:12]     47 total, 47 rows over 7 page(s)
[17:31:12] [211/10944] אף אוזן גרון @ קרית ביאליק
[17:31:22]     61 total, 61 rows over 9 page(s)
[17:31:22] [212/10944] אף אוזן גרון @ ראס כרכר
[17:31:29]     42 total, 42 rows over 7 page(s)
[17:31:29] [213/10944] אף אוזן גרון @ רגבים
[17:31:43]     92 total, 92 rows over 14 page(s)
[17:31:43] [214/10944] אף אוזן גרון @ רועי
[17:31:50]     42 total, 42 rows over 7 page(s)
[17:31:50] [215/10944] אף אוזן גרון @ רכסים
[17:32:03]     82 total, 82 rows over 12 page(s)
[17:32:03] [216/10944] אף אוזן גרון @ רמת גן
[17:32:12]     53 total, 53 rows over 8 page(s)
[17:32:12] [217/10944] אף אוזן גרון @ רשפים
[17:32:28]     95 total, 95 rows over 14 page(s)
[17:32:28] [218/10944] אף אוזן גרון @ שדה אליעזר
[17:32:38]     59 total, 59 rows over 9 page(s)
[17:32:38] [219/10944] אף אוזן גרון @ שובל
[17:32:53]     63 total, 63 rows over 10 page(s)
[17:32:53] [220/10944] אף אוזן גרון @ שחרות
[17:32:54]     4 total, 4 rows over 1 page(s)
[17:32:54] [221/10944] אף אוזן גרון @ שכניה
[17:33:01]     38 total, 38 rows over 6 page(s)
[17:33:01] [222/10944] אף אוזן גרון @ שמשית
[17:33:10]     59 total, 59 rows over 9 page(s)
[17:33:10] [223/10944] אף אוזן גרון @ שער שומרון
[17:33:20]     59 total, 59 rows over 9 page(s)
[17:33:20] [224/10944] אף אוזן גרון @ שרשרת
[17:33:34]     63 total, 63 rows over 10 page(s)
[17:33:34] [225/10944] אף אוזן גרון @ תיאסיר
[17:33:45]     67 total, 67 rows over 10 page(s)
[17:33:45] [226/10944] אף אוזן גרון @ תל מונד
[17:33:55]     67 total, 67 rows over 10 page(s)
[17:33:55] [227/10944] אף אוזן גרון @ תעשיון צריפין
[17:34:05]     44 total, 44 rows over 7 page(s)
[17:34:05] [228/10944] אף אוזן גרון @ תראבין א צאנה שבט
[17:34:17]     47 total, 47 rows over 7 page(s)
[17:34:17] [229/10944] נשים @ אבו ג'ווייעד
[17:34:34]     112 total, 112 rows over 17 page(s)
[17:34:34] [230/10944] נשים @ אדורה
[17:34:52]     132 total, 132 rows over 19 page(s)
[17:34:52] [231/10944] נשים @ אולפני נווה אילן
[17:35:10]     132 total, 132 rows over 19 page(s)
[17:35:10] [232/10944] נשים @ אחווה
[17:35:20]     63 total, 63 rows over 10 page(s)
[17:35:20] [233/10944] נשים @ אידנא
[17:35:39]     132 total, 132 rows over 19 page(s)
[17:35:39] [234/10944] נשים @ אל בירה
[17:35:57]     132 total, 132 rows over 19 page(s)
[17:35:57] [235/10944] נשים @ אמירים
[17:36:11]     87 total, 87 rows over 13 page(s)
[17:36:11] [236/10944] נשים @ אפק
[17:36:31]     132 total, 132 rows over 19 page(s)
[17:36:31] [237/10944] נשים @ אשדוד
[17:36:41]     63 total, 63 rows over 10 page(s)
[17:36:41] [238/10944] נשים @ באקה אל ע'רביה
[17:36:46]     0 results (no availability)
[17:36:46] [239/10944] נשים @ בועיינה נוג'יידאת
[17:37:00]     87 total, 87 rows over 13 page(s)
[17:37:00] [240/10944] נשים @ בטחה
[17:37:21]     156 total, 139 rows over 21 page(s)  (MISSING 17)
[17:37:21] [241/10944] נשים @ ביר זית
[17:37:39]     132 total, 132 rows over 19 page(s)
[17:37:39] [242/10944] נשים @ בני נצרים
[17:37:56]     108 total, 108 rows over 16 page(s)
[17:37:56] [243/10944] נשים @ בר גיורא
[17:38:14]     132 total, 132 rows over 19 page(s)
[17:38:14] [244/10944] נשים @ בת הדר
[17:38:31]     108 total, 108 rows over 16 page(s)
[17:38:31] [245/10944] נשים @ ג'בע
[17:38:53]     142 total, 139 rows over 21 page(s)  (MISSING 3)
[17:38:53] [246/10944] נשים @ גבעון החדשה
[17:39:11]     132 total, 132 rows over 19 page(s)
[17:39:11] [247/10944] נשים @ גורנות הגליל
[17:39:25]     88 total, 88 rows over 13 page(s)
[17:39:25] [248/10944] נשים @ גינתון
[17:39:38]     88 total, 88 rows over 13 page(s)
[17:39:38] [249/10944] נשים @ גני הדר
[17:39:55]     113 total, 113 rows over 17 page(s)
[17:39:55] [250/10944] נשים @ גשור
[17:40:10]     87 total, 87 rows over 13 page(s)
[17:40:10] [251/10944] נשים @ דגניה א'
[17:40:23]     87 total, 87 rows over 13 page(s)
[17:40:23] [252/10944] נשים @ דורא אל קריע
[17:40:41]     132 total, 132 rows over 19 page(s)
[17:40:41] [253/10944] נשים @ דיר איבזיע
[17:41:00]     132 total, 132 rows over 19 page(s)
[17:41:00] [254/10944] נשים @ האון
[17:41:12]     87 total, 87 rows over 13 page(s)
[17:41:12] [255/10944] נשים @ הושעיה
[17:41:26]     87 total, 87 rows over 13 page(s)
[17:41:26] [256/10944] נשים @ הר אדר
[17:41:44]     132 total, 132 rows over 19 page(s)
[17:41:44] [257/10944] נשים @ זאוויה
[17:41:49]     29 total, 29 rows over 5 page(s)
[17:41:49] [258/10944] נשים @ זיתא
[17:42:09]     142 total, 139 rows over 21 page(s)  (MISSING 3)
[17:42:09] [259/10944] נשים @ זרזיר
[17:42:31]     176 total, 139 rows over 21 page(s)  (MISSING 37)
[17:42:31] [260/10944] נשים @ חגור
[17:42:42]     70 total, 70 rows over 11 page(s)
[17:42:42] [261/10944] נשים @ חולתה
[17:42:55]     87 total, 87 rows over 13 page(s)
[17:42:55] [262/10944] נשים @ חיפה
[17:43:08]     87 total, 87 rows over 13 page(s)
[17:43:08] [263/10944] נשים @ חניתה
[17:43:22]     88 total, 88 rows over 13 page(s)
[17:43:22] [264/10944] נשים @ חרב לאת
[17:43:44]     203 total, 139 rows over 21 page(s)  (MISSING 64)
[17:43:44] [265/10944] נשים @ טול כרם
[17:44:05]     142 total, 139 rows over 21 page(s)  (MISSING 3)
[17:44:05] [266/10944] נשים @ טל אל
[17:44:26]     175 total, 139 rows over 21 page(s)  (MISSING 36)
[17:44:26] [267/10944] נשים @ יאמון
[17:44:47]     142 total, 139 rows over 21 page(s)  (MISSING 3)
[17:44:47] [268/10944] נשים @ יגור
[17:45:09]     185 total, 139 rows over 21 page(s)  (MISSING 46)
[17:45:09] [269/10944] נשים @ יהל
[17:45:11]     10 total, 10 rows over 2 page(s)
[17:45:11] [270/10944] נשים @ ייט''ב
[17:45:29]     132 total, 132 rows over 19 page(s)
[17:45:29] [271/10944] נשים @ יעף
[17:45:51]     142 total, 139 rows over 21 page(s)  (MISSING 3)
[17:45:51] [272/10944] נשים @ יקנעם
[17:46:12]     185 total, 139 rows over 21 page(s)  (MISSING 46)
[17:46:12] [273/10944] נשים @ ישע
[17:46:28]     108 total, 108 rows over 16 page(s)
[17:46:28] [274/10944] נשים @ כובר
[17:46:47]     132 total, 132 rows over 19 page(s)
[17:46:47] [275/10944] נשים @ כחל
[17:47:00]     87 total, 87 rows over 13 page(s)
[17:47:00] [276/10944] נשים @ כמאנה מזרח
[17:47:22]     175 total, 139 rows over 21 page(s)  (MISSING 36)
[17:47:22] [277/10944] נשים @ כפר אביב
[17:47:32]     63 total, 63 rows over 10 page(s)
[17:47:32] [278/10944] נשים @ כרכום
[17:47:45]     87 total, 87 rows over 13 page(s)
[17:47:45] [279/10944] נשים @ לבון
[17:48:06]     175 total, 139 rows over 21 page(s)  (MISSING 36)
[17:48:06] [280/10944] נשים @ לוחמי הגיטאות
[17:48:19]     88 total, 88 rows over 13 page(s)
[17:48:19] [281/10944] נשים @ מבוא ביתר
[17:48:37]     132 total, 132 rows over 19 page(s)
[17:48:37] [282/10944] נשים @ מג'ד
[17:48:59]     156 total, 139 rows over 21 page(s)  (MISSING 17)
[17:48:59] [283/10944] נשים @ מדמא
[17:49:20]     142 total, 139 rows over 21 page(s)  (MISSING 3)
[17:49:20] [284/10944] נשים @ מוצא עילית
[17:49:39]     132 total, 132 rows over 19 page(s)
[17:49:39] [285/10944] נשים @ מחולה
[17:50:00]     176 total, 139 rows over 21 page(s)  (MISSING 37)
[17:50:00] [286/10944] נשים @ מירב
[17:50:23]     176 total, 139 rows over 21 page(s)  (MISSING 37)
[17:50:23] [287/10944] נשים @ מלילות
[17:50:44]     156 total, 139 rows over 21 page(s)  (MISSING 17)
[17:50:44] [288/10944] נשים @ מסדה
[17:50:58]     87 total, 87 rows over 13 page(s)
[17:50:58] [289/10944] נשים @ מעגן
[17:51:13]     87 total, 87 rows over 13 page(s)
[17:51:13] [290/10944] נשים @ מפעלי ברנר
[17:51:30]     113 total, 113 rows over 17 page(s)
[17:51:30] [291/10944] נשים @ מצובה
[17:51:44]     88 total, 88 rows over 13 page(s)
[17:51:44] [292/10944] נשים @ מרגליות
[17:51:57]     87 total, 87 rows over 13 page(s)
[17:51:57] [293/10944] נשים @ משגב דב
[17:52:07]     63 total, 63 rows over 10 page(s)
[17:52:07] [294/10944] נשים @ מתת
[17:52:28]     175 total, 139 rows over 21 page(s)  (MISSING 36)
[17:52:28] [295/10944] נשים @ נבי סאלח
[17:52:33]     29 total, 29 rows over 5 page(s)
[17:52:33] [296/10944] נשים @ נווה אור
[17:52:56]     176 total, 139 rows over 21 page(s)  (MISSING 37)
[17:52:56] [297/10944] נשים @ נחאלין
[17:53:14]     132 total, 132 rows over 19 page(s)
[17:53:14] [298/10944] נשים @ נטועה
[17:53:28]     88 total, 88 rows over 13 page(s)
[17:53:28] [299/10944] נשים @ ניצן ב'
[17:53:41]     88 total, 88 rows over 13 page(s)
[17:53:41] [300/10944] נשים @ נעורים
[17:54:03]     142 total, 139 rows over 21 page(s)  (MISSING 3)
[17:54:03] [301/10944] נשים @ נתיב הל''ה
[17:54:21]     132 total, 132 rows over 19 page(s)
[17:54:21] [302/10944] נשים @ סביון
[17:54:26]     29 total, 29 rows over 5 page(s)
[17:54:26] [303/10944] נשים @ סח'נין
[17:54:44]     120 total, 120 rows over 18 page(s)
[17:54:44] [304/10944] נשים @ סלמה
[17:55:02]     120 total, 120 rows over 18 page(s)
[17:55:02] [305/10944] נשים @ ספא
[17:55:20]     132 total, 132 rows over 19 page(s)
[17:55:20] [306/10944] נשים @ עבדון
[17:55:34]     88 total, 88 rows over 13 page(s)
[17:55:34] [307/10944] נשים @ עדנים
[17:55:46]     70 total, 70 rows over 11 page(s)
[17:55:46] [308/10944] נשים @ עוצם
[17:56:02]     108 total, 108 rows over 16 page(s)
[17:56:02] [309/10944] נשים @ עטאטרה
[17:56:25]     156 total, 139 rows over 21 page(s)  (MISSING 17)
[17:56:25] [310/10944] נשים @ עין איילה
[17:56:46]     185 total, 139 rows over 21 page(s)  (MISSING 46)
[17:56:46] [311/10944] נשים @ עמוקה
[17:56:59]     87 total, 87 rows over 13 page(s)
[17:56:59] [312/10944] נשים @ ענאתא
[17:57:18]     132 total, 132 rows over 19 page(s)
[17:57:18] [313/10944] נשים @ עצמון שגב
[17:57:37]     120 total, 120 rows over 18 page(s)
[17:57:37] [314/10944] נשים @ ערד
[17:57:54]     113 total, 113 rows over 17 page(s)
[17:57:54] [315/10944] נשים @ פארק תעשיות עידן הנגב
[17:58:14]     156 total, 139 rows over 21 page(s)  (MISSING 17)
[17:58:14] [316/10944] נשים @ פוריה נווה עובד
[17:58:30]     87 total, 87 rows over 13 page(s)
[17:58:30] [317/10944] נשים @ פני חבר
[17:58:51]     156 total, 139 rows over 21 page(s)  (MISSING 17)
[17:58:51] [318/10944] נשים @ פרדסיה
[17:59:12]     142 total, 139 rows over 21 page(s)  (MISSING 3)
[17:59:12] [319/10944] נשים @ צביה
[17:59:32]     120 total, 120 rows over 18 page(s)
[17:59:32] [320/10944] נשים @ צור הדסה
[17:59:50]     132 total, 132 rows over 19 page(s)
[17:59:50] [321/10944] נשים @ קבאטיה
[18:00:12]     142 total, 139 rows over 21 page(s)  (MISSING 3)
[18:00:12] [322/10944] נשים @ קדרון
[18:00:22]     63 total, 63 rows over 10 page(s)
[18:00:22] [323/10944] נשים @ קטנה
[18:00:41]     132 total, 132 rows over 19 page(s)
[18:00:41] [324/10944] נשים @ קסר א סיר
[18:00:58]     112 total, 112 rows over 17 page(s)
[18:00:58] [325/10944] נשים @ קרית ביאליק
[18:01:19]     132 total, 132 rows over 19 page(s)
[18:01:19] [326/10944] נשים @ ראס כרכר
[18:01:37]     132 total, 132 rows over 19 page(s)
[18:01:37] [327/10944] נשים @ רגבים
[18:01:59]     203 total, 139 rows over 21 page(s)  (MISSING 64)
[18:01:59] [328/10944] נשים @ רועי
[18:02:18]     132 total, 132 rows over 19 page(s)
[18:02:18] [329/10944] נשים @ רכסים
[18:02:39]     185 total, 139 rows over 21 page(s)  (MISSING 46)
[18:02:39] [330/10944] נשים @ רמת גן
[18:02:49]     65 total, 65 rows over 10 page(s)
[18:02:49] [331/10944] נשים @ רשפים
[18:03:12]     176 total, 139 rows over 21 page(s)  (MISSING 37)
[18:03:12] [332/10944] נשים @ שדה אליעזר
[18:03:25]     87 total, 87 rows over 13 page(s)
[18:03:25] [333/10944] נשים @ שובל
[18:03:47]     156 total, 139 rows over 21 page(s)  (MISSING 17)
[18:03:47] [334/10944] נשים @ שחרות
[18:03:49]     10 total, 10 rows over 2 page(s)
[18:03:49] [335/10944] נשים @ שכניה
[18:04:03]     88 total, 88 rows over 13 page(s)
[18:04:03] [336/10944] נשים @ שמשית
[18:04:16]     87 total, 87 rows over 13 page(s)
[18:04:16] [337/10944] נשים @ שער שומרון
[18:04:28]     70 total, 70 rows over 11 page(s)
[18:04:28] [338/10944] נשים @ שרשרת
[18:04:49]     156 total, 139 rows over 21 page(s)  (MISSING 17)
[18:04:49] [339/10944] נשים @ תיאסיר
[18:05:11]     142 total, 139 rows over 21 page(s)  (MISSING 3)
[18:05:11] [340/10944] נשים @ תל מונד
[18:05:31]     142 total, 139 rows over 21 page(s)  (MISSING 3)
[18:05:31] [341/10944] נשים @ תעשיון צריפין
[18:05:49]     113 total, 113 rows over 17 page(s)
[18:05:49] [342/10944] נשים @ תראבין א צאנה שבט
[18:06:07]     112 total, 112 rows over 17 page(s)
[18:06:07] [343/10944] עור @ אבו ג'ווייעד
[18:06:16]     34 total, 34 rows over 5 page(s)
[18:06:16] [344/10944] עור @ אדורה
[18:06:24]     46 total, 46 rows over 7 page(s)
[18:06:24] [345/10944] עור @ אולפני נווה אילן
[18:06:31]     46 total, 46 rows over 7 page(s)
[18:06:31] [346/10944] עור @ אחווה
[18:06:35]     24 total, 24 rows over 4 page(s)
[18:06:35] [347/10944] עור @ אידנא
[18:06:43]     46 total, 46 rows over 7 page(s)
[18:06:43] [348/10944] עור @ אל בירה
[18:06:50]     46 total, 46 rows over 7 page(s)
[18:06:50] [349/10944] עור @ אמירים
[18:06:59]     53 total, 53 rows over 8 page(s)
[18:06:59] [350/10944] עור @ אפק
[18:07:10]     60 total, 60 rows over 9 page(s)
[18:07:10] [351/10944] עור @ אשדוד
[18:07:14]     24 total, 24 rows over 4 page(s)
[18:07:14] [352/10944] עור @ באקה אל ע'רביה
[18:07:30]     81 total, 81 rows over 12 page(s)
[18:07:30] [353/10944] עור @ בועיינה נוג'יידאת
[18:07:39]     53 total, 53 rows over 8 page(s)
[18:07:39] [354/10944] עור @ בטחה
[18:07:53]     45 total, 45 rows over 7 page(s)
[18:07:53] [355/10944] עור @ ביר זית
[18:08:01]     46 total, 46 rows over 7 page(s)
[18:08:01] [356/10944] עור @ בני נצרים
[18:08:12]     32 total, 32 rows over 5 page(s)
[18:08:12] [357/10944] עור @ בר גיורא
[18:08:20]     46 total, 46 rows over 7 page(s)
[18:08:20] [358/10944] עור @ בת הדר
[18:08:31]     32 total, 32 rows over 5 page(s)
[18:08:31] [359/10944] עור @ ג'בע
[18:08:43]     49 total, 49 rows over 8 page(s)
[18:08:43] [360/10944] עור @ גבעון החדשה
[18:08:50]     46 total, 46 rows over 7 page(s)
[18:08:50] [361/10944] עור @ גורנות הגליל
[18:08:57]     38 total, 38 rows over 6 page(s)
[18:08:57] [362/10944] עור @ גינתון
[18:09:02]     34 total, 34 rows over 5 page(s)
[18:09:02] [363/10944] עור @ גני הדר
[18:09:09]     43 total, 43 rows over 7 page(s)
[18:09:09] [364/10944] עור @ גשור
[18:09:19]     53 total, 53 rows over 8 page(s)
[18:09:19] [365/10944] עור @ דגניה א'
[18:09:27]     53 total, 53 rows over 8 page(s)
[18:09:27] [366/10944] עור @ דורא אל קריע
[18:09:35]     46 total, 46 rows over 7 page(s)
[18:09:35] [367/10944] עור @ דיר איבזיע
[18:09:43]     46 total, 46 rows over 7 page(s)
[18:09:43] [368/10944] עור @ האון
[18:09:52]     53 total, 53 rows over 8 page(s)
[18:09:52] [369/10944] עור @ הושעיה
[18:10:01]     53 total, 53 rows over 8 page(s)
[18:10:01] [370/10944] עור @ הר אדר
[18:10:08]     46 total, 46 rows over 7 page(s)
[18:10:08] [371/10944] עור @ זאוויה
[18:10:20]     46 total, 46 rows over 7 page(s)
[18:10:20] [372/10944] עור @ זיתא
[18:10:31]     49 total, 49 rows over 8 page(s)
[18:10:31] [373/10944] עור @ זרזיר
[18:10:46]     85 total, 85 rows over 13 page(s)
[18:10:46] [374/10944] עור @ חגור
[18:11:02]     62 total, 62 rows over 9 page(s)
[18:11:02] [375/10944] עור @ חולתה
[18:11:10]     53 total, 53 rows over 8 page(s)
[18:11:10] [376/10944] עור @ חיפה
[18:11:20]     37 total, 37 rows over 6 page(s)
[18:11:20] [377/10944] עור @ חניתה
[18:11:27]     38 total, 38 rows over 6 page(s)
[18:11:27] [378/10944] עור @ חרב לאת
[18:11:43]     81 total, 81 rows over 12 page(s)
[18:11:43] [379/10944] עור @ טול כרם
[18:11:54]     49 total, 49 rows over 8 page(s)
[18:11:54] [380/10944] עור @ טל אל
[18:12:08]     75 total, 75 rows over 11 page(s)
[18:12:08] [381/10944] עור @ יאמון
[18:12:19]     49 total, 49 rows over 8 page(s)
[18:12:19] [382/10944] עור @ יגור
[18:12:35]     79 total, 79 rows over 12 page(s)
[18:12:35] [383/10944] עור @ יהל
[18:12:36]     6 total, 6 rows over 1 page(s)
[18:12:36] [384/10944] עור @ ייט''ב
[18:12:44]     46 total, 46 rows over 7 page(s)
[18:12:44] [385/10944] עור @ יעף
[18:12:55]     49 total, 49 rows over 8 page(s)
[18:12:55] [386/10944] עור @ יקנעם
[18:13:10]     79 total, 79 rows over 12 page(s)
[18:13:10] [387/10944] עור @ ישע
[18:13:21]     32 total, 32 rows over 5 page(s)
[18:13:21] [388/10944] עור @ כובר
[18:13:29]     46 total, 46 rows over 7 page(s)
[18:13:29] [389/10944] עור @ כחל
[18:13:38]     53 total, 53 rows over 8 page(s)
[18:13:38] [390/10944] עור @ כמאנה מזרח
[18:13:52]     75 total, 75 rows over 11 page(s)
[18:13:52] [391/10944] עור @ כפר אביב
[18:13:56]     24 total, 24 rows over 4 page(s)
[18:13:56] [392/10944] עור @ כרכום
[18:14:04]     53 total, 53 rows over 8 page(s)
[18:14:04] [393/10944] עור @ לבון
[18:14:18]     75 total, 75 rows over 11 page(s)
[18:14:18] [394/10944] עור @ לוחמי הגיטאות
[18:14:25]     38 total, 38 rows over 6 page(s)
[18:14:25] [395/10944] עור @ מבוא ביתר
[18:14:33]     46 total, 46 rows over 7 page(s)
[18:14:33] [396/10944] עור @ מג'ד
[18:14:47]     45 total, 45 rows over 7 page(s)
[18:14:47] [397/10944] עור @ מדמא
[18:14:58]     49 total, 49 rows over 8 page(s)
[18:14:58] [398/10944] עור @ מוצא עילית
[18:15:06]     46 total, 46 rows over 7 page(s)
[18:15:06] [399/10944] עור @ מחולה
[18:15:21]     85 total, 85 rows over 13 page(s)
[18:15:21] [400/10944] עור @ מירב
[18:15:35]     85 total, 85 rows over 13 page(s)
[18:15:35] [401/10944] עור @ מלילות
[18:15:49]     45 total, 45 rows over 7 page(s)
[18:15:49] [402/10944] עור @ מסדה
[18:15:57]     53 total, 53 rows over 8 page(s)
[18:15:57] [403/10944] עור @ מעגן
[18:16:06]     53 total, 53 rows over 8 page(s)
[18:16:06] [404/10944] עור @ מפעלי ברנר
[18:16:13]     43 total, 43 rows over 7 page(s)
[18:16:13] [405/10944] עור @ מצובה
[18:16:20]     38 total, 38 rows over 6 page(s)
[18:16:20] [406/10944] עור @ מרגליות
[18:16:29]     53 total, 53 rows over 8 page(s)
[18:16:29] [407/10944] עור @ משגב דב
[18:16:33]     24 total, 24 rows over 4 page(s)
[18:16:33] [408/10944] עור @ מתת
[18:16:46]     75 total, 75 rows over 11 page(s)
[18:16:46] [409/10944] עור @ נבי סאלח
[18:16:58]     46 total, 46 rows over 7 page(s)
[18:16:58] [410/10944] עור @ נווה אור
[18:17:13]     85 total, 85 rows over 13 page(s)
[18:17:13] [411/10944] עור @ נחאלין
[18:17:21]     46 total, 46 rows over 7 page(s)
[18:17:21] [412/10944] עור @ נטועה
[18:17:27]     38 total, 38 rows over 6 page(s)
[18:17:27] [413/10944] עור @ ניצן ב'
[18:17:33]     34 total, 34 rows over 5 page(s)
[18:17:33] [414/10944] עור @ נעורים
[18:17:44]     49 total, 49 rows over 8 page(s)
[18:17:44] [415/10944] עור @ נתיב הל''ה
[18:17:51]     46 total, 46 rows over 7 page(s)
[18:17:51] [416/10944] עור @ סביון
[18:18:04]     46 total, 46 rows over 7 page(s)
[18:18:04] [417/10944] עור @ סח'נין
[18:18:14]     52 total, 52 rows over 8 page(s)
[18:18:14] [418/10944] עור @ סלמה
[18:18:25]     52 total, 52 rows over 8 page(s)
[18:18:25] [419/10944] עור @ ספא
[18:18:32]     46 total, 46 rows over 7 page(s)
[18:18:32] [420/10944] עור @ עבדון
[18:18:38]     38 total, 38 rows over 6 page(s)
[18:18:38] [421/10944] עור @ עדנים
[18:18:54]     62 total, 62 rows over 9 page(s)
[18:18:54] [422/10944] עור @ עוצם
[18:19:05]     32 total, 32 rows over 5 page(s)
[18:19:05] [423/10944] עור @ עטאטרה
[18:19:19]     45 total, 45 rows over 7 page(s)
[18:19:19] [424/10944] עור @ עין איילה
[18:19:34]     79 total, 79 rows over 12 page(s)
[18:19:34] [425/10944] עור @ עמוקה
[18:19:43]     53 total, 53 rows over 8 page(s)
[18:19:43] [426/10944] עור @ ענאתא
[18:19:50]     46 total, 46 rows over 7 page(s)
[18:19:50] [427/10944] עור @ עצמון שגב
[18:20:00]     52 total, 52 rows over 8 page(s)
[18:20:00] [428/10944] עור @ ערד
[18:20:12]     34 total, 34 rows over 5 page(s)
[18:20:12] [429/10944] עור @ פארק תעשיות עידן הנגב
[18:20:26]     45 total, 45 rows over 7 page(s)
[18:20:26] [430/10944] עור @ פוריה נווה עובד
[18:20:35]     53 total, 53 rows over 8 page(s)
[18:20:35] [431/10944] עור @ פני חבר
[18:20:50]     45 total, 45 rows over 7 page(s)
[18:20:50] [432/10944] עור @ פרדסיה
[18:21:02]     49 total, 49 rows over 8 page(s)
[18:21:02] [433/10944] עור @ צביה
[18:21:12]     52 total, 52 rows over 8 page(s)
[18:21:12] [434/10944] עור @ צור הדסה
[18:21:20]     46 total, 46 rows over 7 page(s)
[18:21:20] [435/10944] עור @ קבאטיה
[18:21:31]     49 total, 49 rows over 8 page(s)
[18:21:31] [436/10944] עור @ קדרון
[18:21:35]     24 total, 24 rows over 4 page(s)
[18:21:35] [437/10944] עור @ קטנה
[18:21:43]     46 total, 46 rows over 7 page(s)
[18:21:43] [438/10944] עור @ קסר א סיר
[18:21:53]     34 total, 34 rows over 5 page(s)
[18:21:53] [439/10944] עור @ קרית ביאליק
[18:22:06]     60 total, 60 rows over 9 page(s)
[18:22:06] [440/10944] עור @ ראס כרכר
[18:22:13]     46 total, 46 rows over 7 page(s)
[18:22:13] [441/10944] עור @ רגבים
[18:22:30]     81 total, 81 rows over 12 page(s)
[18:22:30] [442/10944] עור @ רועי
[18:22:37]     46 total, 46 rows over 7 page(s)
[18:22:37] [443/10944] עור @ רכסים
[18:22:52]     79 total, 79 rows over 12 page(s)
[18:22:52] [444/10944] עור @ רמת גן
[18:23:10]     67 total, 67 rows over 10 page(s)
[18:23:10] [445/10944] עור @ רשפים
[18:23:25]     85 total, 85 rows over 13 page(s)
[18:23:25] [446/10944] עור @ שדה אליעזר
[18:23:33]     53 total, 53 rows over 8 page(s)
[18:23:33] [447/10944] עור @ שובל
[18:23:46]     45 total, 45 rows over 7 page(s)
[18:23:46] [448/10944] עור @ שחרות
[18:23:48]     6 total, 6 rows over 1 page(s)
[18:23:48] [449/10944] עור @ שכניה
[18:23:54]     38 total, 38 rows over 6 page(s)
[18:23:54] [450/10944] עור @ שמשית
[18:24:02]     53 total, 53 rows over 8 page(s)
[18:24:02] [451/10944] עור @ שער שומרון
[18:24:18]     62 total, 62 rows over 9 page(s)
[18:24:18] [452/10944] עור @ שרשרת
[18:24:32]     45 total, 45 rows over 7 page(s)
[18:24:32] [453/10944] עור @ תיאסיר
[18:24:43]     49 total, 49 rows over 8 page(s)
[18:24:43] [454/10944] עור @ תל מונד
[18:24:54]     49 total, 49 rows over 8 page(s)
[18:24:54] [455/10944] עור @ תעשיון צריפין
[18:25:01]     43 total, 43 rows over 7 page(s)
[18:25:01] [456/10944] עור @ תראבין א צאנה שבט
[18:25:11]     34 total, 34 rows over 5 page(s)
[18:25:11] [457/10944] עיניים @ אבו ג'ווייעד
[18:25:23]     51 total, 51 rows over 8 page(s)
[18:25:23] [458/10944] עיניים @ אדורה
[18:25:28]     31 total, 31 rows over 5 page(s)
[18:25:28] [459/10944] עיניים @ אולפני נווה אילן
[18:25:34]     31 total, 31 rows over 5 page(s)
[18:25:34] [460/10944] עיניים @ אחווה
[18:25:40]     36 total, 36 rows over 6 page(s)
[18:25:40] [461/10944] עיניים @ אידנא
[18:25:45]     31 total, 31 rows over 5 page(s)
[18:25:45] [462/10944] עיניים @ אל בירה
[18:25:51]     31 total, 31 rows over 5 page(s)
[18:25:51] [463/10944] עיניים @ אמירים
[18:26:03]     79 total, 79 rows over 12 page(s)
[18:26:03] [464/10944] עיניים @ אפק
[18:26:19]     91 total, 91 rows over 14 page(s)
[18:26:19] [465/10944] עיניים @ אשדוד
[18:26:26]     36 total, 36 rows over 6 page(s)
[18:26:26] [466/10944] עיניים @ באקה אל ע'רביה
[18:26:44]     107 total, 107 rows over 16 page(s)
[18:26:44] [467/10944] עיניים @ בועיינה נוג'יידאת
[18:26:55]     79 total, 79 rows over 12 page(s)
[18:26:55] [468/10944] עיניים @ בטחה
[18:27:12]     71 total, 71 rows over 11 page(s)
[18:27:12] [469/10944] עיניים @ ביר זית
[18:27:17]     31 total, 31 rows over 5 page(s)
[18:27:17] [470/10944] עיניים @ בני נצרים
[18:27:31]     51 total, 51 rows over 8 page(s)
[18:27:31] [471/10944] עיניים @ בר גיורא
[18:27:37]     31 total, 31 rows over 5 page(s)
[18:27:37] [472/10944] עיניים @ בת הדר
[18:27:50]     51 total, 51 rows over 8 page(s)
[18:27:50] [473/10944] עיניים @ ג'בע
[18:28:02]     72 total, 72 rows over 11 page(s)
[18:28:02] [474/10944] עיניים @ גבעון החדשה
[18:28:08]     31 total, 31 rows over 5 page(s)
[18:28:08] [475/10944] עיניים @ גורנות הגליל
[18:28:17]     54 total, 54 rows over 8 page(s)
[18:28:17] [476/10944] עיניים @ גינתון
[18:28:24]     41 total, 41 rows over 6 page(s)
[18:28:24] [477/10944] עיניים @ גני הדר
[18:28:33]     54 total, 54 rows over 8 page(s)
[18:28:33] [478/10944] עיניים @ גשור
[18:28:46]     79 total, 79 rows over 12 page(s)
[18:28:46] [479/10944] עיניים @ דגניה א'
[18:28:59]     79 total, 79 rows over 12 page(s)
[18:28:59] [480/10944] עיניים @ דורא אל קריע
[18:29:04]     31 total, 31 rows over 5 page(s)
[18:29:04] [481/10944] עיניים @ דיר איבזיע
[18:29:10]     31 total, 31 rows over 5 page(s)
[18:29:10] [482/10944] עיניים @ האון
[18:29:22]     79 total, 79 rows over 12 page(s)
[18:29:22] [483/10944] עיניים @ הושעיה
[18:29:35]     79 total, 79 rows over 12 page(s)
[18:29:35] [484/10944] עיניים @ הר אדר
[18:29:40]     31 total, 31 rows over 5 page(s)
[18:29:40] [485/10944] עיניים @ זאוויה
[18:29:50]     59 total, 59 rows over 9 page(s)
[18:29:50] [486/10944] עיניים @ זיתא
[18:30:03]     72 total, 72 rows over 11 page(s)
[18:30:03] [487/10944] עיניים @ זרזיר
[18:30:23]     125 total, 125 rows over 18 page(s)
[18:30:23] [488/10944] עיניים @ חגור
[18:30:36]     76 total, 76 rows over 11 page(s)
[18:30:36] [489/10944] עיניים @ חולתה
[18:30:49]     79 total, 79 rows over 12 page(s)
[18:30:49] [490/10944] עיניים @ חיפה
[18:31:00]     63 total, 63 rows over 10 page(s)
[18:31:00] [491/10944] עיניים @ חניתה
[18:31:10]     54 total, 54 rows over 8 page(s)
[18:31:10] [492/10944] עיניים @ חרב לאת
[18:31:27]     107 total, 107 rows over 16 page(s)
[18:31:27] [493/10944] עיניים @ טול כרם
[18:31:39]     72 total, 72 rows over 11 page(s)
[18:31:39] [494/10944] עיניים @ טל אל
[18:31:58]     117 total, 117 rows over 17 page(s)
[18:31:58] [495/10944] עיניים @ יאמון
[18:32:11]     72 total, 72 rows over 11 page(s)
[18:32:11] [496/10944] עיניים @ יגור
[18:32:33]     122 total, 122 rows over 18 page(s)
[18:32:33] [497/10944] עיניים @ יהל
[18:32:34]     4 total, 4 rows over 1 page(s)
[18:32:34] [498/10944] עיניים @ ייט''ב
[18:32:39]     31 total, 31 rows over 5 page(s)
[18:32:39] [499/10944] עיניים @ יעף
[18:32:51]     72 total, 72 rows over 11 page(s)
[18:32:51] [500/10944] עיניים @ יקנעם
[18:33:11]     122 total, 122 rows over 18 page(s)
[18:33:11] [501/10944] עיניים @ ישע
[18:33:24]     51 total, 51 rows over 8 page(s)
[18:33:24] [502/10944] עיניים @ כובר
[18:33:29]     31 total, 31 rows over 5 page(s)
[18:33:29] [503/10944] עיניים @ כחל
[18:33:41]     79 total, 79 rows over 12 page(s)
[18:33:41] [504/10944] עיניים @ כמאנה מזרח
[18:34:01]     117 total, 117 rows over 17 page(s)
[18:34:01] [505/10944] עיניים @ כפר אביב
[18:34:07]     36 total, 36 rows over 6 page(s)
[18:34:07] [506/10944] עיניים @ כרכום
[18:34:20]     79 total, 79 rows over 12 page(s)
[18:34:20] [507/10944] עיניים @ לבון
[18:34:39]     117 total, 117 rows over 17 page(s)
[18:34:39] [508/10944] עיניים @ לוחמי הגיטאות
[18:34:47]     54 total, 54 rows over 8 page(s)
[18:34:47] [509/10944] עיניים @ מבוא ביתר
[18:34:52]     31 total, 31 rows over 5 page(s)
[18:34:52] [510/10944] עיניים @ מג'ד
[18:35:09]     71 total, 71 rows over 11 page(s)
[18:35:09] [511/10944] עיניים @ מדמא
[18:35:21]     72 total, 72 rows over 11 page(s)
[18:35:21] [512/10944] עיניים @ מוצא עילית
[18:35:26]     31 total, 31 rows over 5 page(s)
[18:35:26] [513/10944] עיניים @ מחולה
[18:35:45]     125 total, 125 rows over 18 page(s)
[18:35:45] [514/10944] עיניים @ מירב
[18:36:04]     125 total, 125 rows over 18 page(s)
[18:36:04] [515/10944] עיניים @ מלילות
[18:36:21]     71 total, 71 rows over 11 page(s)
[18:36:21] [516/10944] עיניים @ מסדה
[18:36:34]     79 total, 79 rows over 12 page(s)
[18:36:34] [517/10944] עיניים @ מעגן
[18:36:48]     79 total, 79 rows over 12 page(s)
[18:36:48] [518/10944] עיניים @ מפעלי ברנר
[18:36:56]     54 total, 54 rows over 8 page(s)
[18:36:56] [519/10944] עיניים @ מצובה
[18:37:05]     54 total, 54 rows over 8 page(s)
[18:37:05] [520/10944] עיניים @ מרגליות
[18:37:18]     79 total, 79 rows over 12 page(s)
[18:37:18] [521/10944] עיניים @ משגב דב
[18:37:24]     36 total, 36 rows over 6 page(s)
[18:37:24] [522/10944] עיניים @ מתת
[18:37:44]     117 total, 117 rows over 17 page(s)
[18:37:44] [523/10944] עיניים @ נבי סאלח
[18:37:54]     59 total, 59 rows over 9 page(s)
[18:37:54] [524/10944] עיניים @ נווה אור
[18:38:13]     125 total, 125 rows over 18 page(s)
[18:38:13] [525/10944] עיניים @ נחאלין
[18:38:18]     31 total, 31 rows over 5 page(s)
[18:38:18] [526/10944] עיניים @ נטועה
[18:38:27]     54 total, 54 rows over 8 page(s)
[18:38:27] [527/10944] עיניים @ ניצן ב'
[18:38:35]     41 total, 41 rows over 6 page(s)
[18:38:35] [528/10944] עיניים @ נעורים
[18:38:47]     72 total, 72 rows over 11 page(s)
[18:38:47] [529/10944] עיניים @ נתיב הל''ה
[18:38:52]     31 total, 31 rows over 5 page(s)
[18:38:52] [530/10944] עיניים @ סביון
[18:39:02]     59 total, 59 rows over 9 page(s)
[18:39:02] [531/10944] עיניים @ סח'נין
[18:39:16]     77 total, 77 rows over 12 page(s)
[18:39:16] [532/10944] עיניים @ סלמה
[18:39:28]     77 total, 77 rows over 12 page(s)
[18:39:28] [533/10944] עיניים @ ספא
[18:39:33]     31 total, 31 rows over 5 page(s)
[18:39:33] [534/10944] עיניים @ עבדון
[18:39:42]     54 total, 54 rows over 8 page(s)
[18:39:42] [535/10944] עיניים @ עדנים
[18:39:54]     76 total, 76 rows over 11 page(s)
[18:39:54] [536/10944] עיניים @ עוצם
[18:40:07]     51 total, 51 rows over 8 page(s)
[18:40:07] [537/10944] עיניים @ עטאטרה
[18:40:25]     71 total, 71 rows over 11 page(s)
[18:40:25] [538/10944] עיניים @ עין איילה
[18:40:46]     122 total, 122 rows over 18 page(s)
[18:40:46] [539/10944] עיניים @ עמוקה
[18:40:59]     79 total, 79 rows over 12 page(s)
[18:40:59] [540/10944] עיניים @ ענאתא
[18:41:05]     31 total, 31 rows over 5 page(s)
[18:41:05] [541/10944] עיניים @ עצמון שגב
[18:41:17]     77 total, 77 rows over 12 page(s)
[18:41:17] [542/10944] עיניים @ ערד
[18:41:29]     51 total, 51 rows over 8 page(s)
[18:41:29] [543/10944] עיניים @ פארק תעשיות עידן הנגב
[18:41:47]     71 total, 71 rows over 11 page(s)
[18:41:47] [544/10944] עיניים @ פוריה נווה עובד
[18:42:00]     79 total, 79 rows over 12 page(s)
[18:42:00] [545/10944] עיניים @ פני חבר
[18:42:17]     71 total, 71 rows over 11 page(s)
[18:42:17] [546/10944] עיניים @ פרדסיה
[18:42:29]     72 total, 72 rows over 11 page(s)
[18:42:29] [547/10944] עיניים @ צביה
[18:42:42]     77 total, 77 rows over 12 page(s)
[18:42:42] [548/10944] עיניים @ צור הדסה
[18:42:48]     31 total, 31 rows over 5 page(s)
[18:42:48] [549/10944] עיניים @ קבאטיה
[18:43:00]     72 total, 72 rows over 11 page(s)
[18:43:00] [550/10944] עיניים @ קדרון
[18:43:07]     36 total, 36 rows over 6 page(s)
[18:43:07] [551/10944] עיניים @ קטנה
[18:43:12]     31 total, 31 rows over 5 page(s)
[18:43:12] [552/10944] עיניים @ קסר א סיר
[18:43:25]     51 total, 51 rows over 8 page(s)
[18:43:25] [553/10944] עיניים @ קרית ביאליק
[18:43:41]     91 total, 91 rows over 14 page(s)
[18:43:41] [554/10944] עיניים @ ראס כרכר
[18:43:47]     31 total, 31 rows over 5 page(s)
[18:43:47] [555/10944] עיניים @ רגבים
[18:44:05]     107 total, 107 rows over 16 page(s)
[18:44:05] [556/10944] עיניים @ רועי
[18:44:11]     31 total, 31 rows over 5 page(s)
[18:44:11] [557/10944] עיניים @ רכסים
[18:44:31]     122 total, 122 rows over 18 page(s)
[18:44:31] [558/10944] עיניים @ רמת גן
[18:44:44]     76 total, 76 rows over 11 page(s)
[18:44:44] [559/10944] עיניים @ רשפים
[18:45:03]     125 total, 125 rows over 18 page(s)
[18:45:03] [560/10944] עיניים @ שדה אליעזר
[18:45:16]     79 total, 79 rows over 12 page(s)
[18:45:16] [561/10944] עיניים @ שובל
[18:45:33]     71 total, 71 rows over 11 page(s)
[18:45:33] [562/10944] עיניים @ שחרות
[18:45:34]     4 total, 4 rows over 1 page(s)
[18:45:34] [563/10944] עיניים @ שכניה
[18:45:42]     54 total, 54 rows over 8 page(s)
[18:45:42] [564/10944] עיניים @ שמשית
[18:45:55]     79 total, 79 rows over 12 page(s)
[18:45:55] [565/10944] עיניים @ שער שומרון
[18:46:16]     request error (Error), retry 1/4 in 2s
[18:46:19]     76 total, 62 rows over 10 page(s)  (MISSING 14)
[18:46:19] [566/10944] עיניים @ שרשרת
[18:46:20]     Non-HTML payload {'errorType': 2, 'message': None, 'data_type': 'dict'} - re-warming session
[18:46:20] Establishing session (attempt 1/3) ...
  Log in in the browser window (ID, password, CAPTCHA, SMS), then press Enter... 