[16:51:04] Taxonomy from cache: 96 specializations
[16:51:07] Loaded 114 cities from parallel/cities-6.txt
[16:51:07] 96 specializations x 114 cities = 10944 pairs
[16:51:07] 10944 remaining; roughly 120384 requests at ~0.3s apart = ~602 min
[16:51:07] [1/10944] אורתופדיה @ א ריחייה
[16:51:26]     63 total, 63 rows over 10 page(s)
[16:51:26] [2/10944] אורתופדיה @ אבו עמרה
[16:51:38]     43 total, 43 rows over 7 page(s)
[16:51:38] [3/10944] אורתופדיה @ אוהד
[16:51:51]     47 total, 47 rows over 7 page(s)
[16:51:51] [4/10944] אורתופדיה @ אזור תעשייה אלון התבור
[16:52:07]     98 total, 98 rows over 15 page(s)
[16:52:07] [5/10944] אורתופדיה @ איבים
[16:52:21]     47 total, 47 rows over 7 page(s)
[16:52:21] [6/10944] אורתופדיה @ אכסאל
[16:52:43]     146 total, 139 rows over 21 page(s)  (MISSING 7)
[16:52:43] [7/10944] אורתופדיה @ אל עריאן
[16:52:57]     89 total, 89 rows over 13 page(s)
[16:52:57] [8/10944] אורתופדיה @ אפיק
[16:53:12]     98 total, 98 rows over 15 page(s)
[16:53:12] [9/10944] אורתופדיה @ אשבול
[16:53:30]     63 total, 63 rows over 10 page(s)
[16:53:30] [10/10944] אורתופדיה @ באקה
[16:53:45]     89 total, 89 rows over 13 page(s)
[16:53:45] [11/10944] אורתופדיה @ בודרוס
[16:53:54]     58 total, 58 rows over 9 page(s)
[16:53:54] [12/10944] אורתופדיה @ בזאריה
[16:54:09]     89 total, 89 rows over 13 page(s)
[16:54:09] [13/10944] אורתופדיה @ ביר אל מכסור
[16:54:27]     116 total, 116 rows over 17 page(s)
[16:54:27] [14/10944] אורתופדיה @ בני יהודה
[16:54:42]     98 total, 98 rows over 15 page(s)
[16:54:42] [15/10944] אורתופדיה @ בקוע
[16:54:53]     61 total, 61 rows over 9 page(s)
[16:54:53] [16/10944] אורתופדיה @ ברכיה
[16:55:07]     47 total, 47 rows over 7 page(s)
[16:55:07] [17/10944] אורתופדיה @ ג'אניה
[16:55:15]     50 total, 50 rows over 8 page(s)
[16:55:15] [18/10944] אורתופדיה @ גבע כרמל
[16:55:33]     116 total, 116 rows over 17 page(s)
[16:55:33] [19/10944] אורתופדיה @ גונן
[16:55:48]     98 total, 98 rows over 15 page(s)
[16:55:48] [20/10944] אורתופדיה @ גינוסר
[16:56:04]     98 total, 98 rows over 15 page(s)
[16:56:04] [21/10944] אורתופדיה @ גנות
[16:56:15]     61 total, 61 rows over 9 page(s)
[16:56:15] [22/10944] אורתופדיה @ גפן
[16:56:23]     37 total, 37 rows over 6 page(s)
[16:56:23] [23/10944] אורתופדיה @ דבירה
[16:56:41]     63 total, 63 rows over 10 page(s)
[16:56:41] [24/10944] אורתופדיה @ דור
[16:57:00]     116 total, 116 rows over 17 page(s)
[16:57:00] [25/10944] אורתופדיה @ דיר אבו דעיף
[16:57:14]     89 total, 89 rows over 13 page(s)
[16:57:14] [26/10944] אורתופדיה @ דקל
[16:57:28]     47 total, 47 rows over 7 page(s)
[16:57:28] [27/10944] אורתופדיה @ הוואשלה
[16:57:39]     43 total, 43 rows over 7 page(s)
[16:57:39] [28/10944] אורתופדיה @ הסוללים
[16:57:55]     98 total, 98 rows over 15 page(s)
[16:57:55] [29/10944] אורתופדיה @ ורד יריחו
[16:58:02]     50 total, 50 rows over 8 page(s)
[16:58:02] [30/10944] אורתופדיה @ זיבדה
[16:58:17]     89 total, 89 rows over 13 page(s)
[16:58:17] [31/10944] אורתופדיה @ זעתרה
[16:58:24]     50 total, 50 rows over 8 page(s)
[16:58:24] [32/10944] אורתופדיה @ חברון
[16:58:32]     50 total, 50 rows over 8 page(s)
[16:58:32] [33/10944] אורתופדיה @ חולון
[16:58:45]     69 total, 69 rows over 10 page(s)
[16:58:45] [34/10944] אורתופדיה @ חיזמא
[16:58:52]     50 total, 50 rows over 8 page(s)
[16:58:52] [35/10944] אורתופדיה @ חמרה
[16:58:59]     50 total, 50 rows over 8 page(s)
[16:58:59] [36/10944] אורתופדיה @ חצור הגלילית
[16:59:15]     98 total, 98 rows over 15 page(s)
[16:59:15] [37/10944] אורתופדיה @ טובא זנגריה
[16:59:30]     98 total, 98 rows over 15 page(s)
[16:59:30] [38/10944] אורתופדיה @ טירת כרמל
[16:59:36]     0 results (no availability)
[16:59:36] [39/10944] אורתופדיה @ טנא
[16:59:54]     63 total, 63 rows over 10 page(s)
[16:59:54] [40/10944] אורתופדיה @ יבנה
[17:00:03]     37 total, 37 rows over 6 page(s)
[17:00:03] [41/10944] אורתופדיה @ ידידה
[17:00:11]     50 total, 50 rows over 8 page(s)
[17:00:11] [42/10944] אורתופדיה @ יטא יוטה
[17:00:30]     63 total, 63 rows over 10 page(s)
[17:00:30] [43/10944] אורתופדיה @ יעד
[17:00:45]     91 total, 91 rows over 14 page(s)
[17:00:45] [44/10944] אורתופדיה @ יקום
[17:01:00]     89 total, 89 rows over 13 page(s)
[17:01:00] [45/10944] אורתופדיה @ ירכא
[17:01:12]     71 total, 71 rows over 11 page(s)
[17:01:12] [46/10944] אורתופדיה @ כברי
[17:01:23]     71 total, 71 rows over 11 page(s)
[17:01:23] [47/10944] אורתופדיה @ כור
[17:01:39]     89 total, 89 rows over 13 page(s)
[17:01:39] [48/10944] אורתופדיה @ כלנית
[17:01:55]     98 total, 98 rows over 15 page(s)
[17:01:55] [49/10944] אורתופדיה @ כפר א דיכ
[17:02:04]     58 total, 58 rows over 9 page(s)
[17:02:04] [50/10944] אורתופדיה @ כרזה
[17:02:22]     63 total, 63 rows over 10 page(s)
[17:02:22] [51/10944] אורתופדיה @ לא מוכר-דרום
[17:02:40]     63 total, 63 rows over 10 page(s)
[17:02:40] [52/10944] אורתופדיה @ לוד
[17:02:52]     61 total, 61 rows over 9 page(s)
[17:02:52] [53/10944] אורתופדיה @ מאור
[17:03:14]     128 total, 128 rows over 19 page(s)
[17:03:14] [54/10944] אורתופדיה @ מבטחים
[17:03:32]     63 total, 63 rows over 10 page(s)
[17:03:32] [55/10944] אורתופדיה @ מגדל עוז
[17:03:40]     50 total, 50 rows over 8 page(s)
[17:03:40] [56/10944] אורתופדיה @ מוע'אזי
[17:03:57]     63 total, 63 rows over 10 page(s)
[17:03:57] [57/10944] אורתופדיה @ מזרעה א שרקיה
[17:04:05]     50 total, 50 rows over 8 page(s)
[17:04:05] [58/10944] אורתופדיה @ מייסר
[17:04:26]     128 total, 128 rows over 19 page(s)
[17:04:26] [59/10944] אורתופדיה @ מכמנים
[17:04:44]     116 total, 116 rows over 17 page(s)
[17:04:44] [60/10944] אורתופדיה @ מנשית זבדה
[17:05:05]     146 total, 139 rows over 21 page(s)  (MISSING 7)
[17:05:05] [61/10944] אורתופדיה @ מעברות
[17:05:20]     89 total, 89 rows over 13 page(s)
[17:05:20] [62/10944] אורתופדיה @ מפלסים
[17:05:33]     47 total, 47 rows over 7 page(s)
[17:05:33] [63/10944] אורתופדיה @ מצדה
[17:05:50]     63 total, 63 rows over 10 page(s)
[17:05:50] [64/10944] אורתופדיה @ מקווה ישראל
[17:05:57]     44 total, 44 rows over 7 page(s)
[17:05:57] [65/10944] אורתופדיה @ מרכז אזורי משגב
[17:06:12]     91 total, 91 rows over 14 page(s)
[17:06:12] [66/10944] אורתופדיה @ משמר הירדן
[17:06:27]     98 total, 98 rows over 15 page(s)
[17:06:27] [67/10944] אורתופדיה @ נאקורה
[17:06:42]     89 total, 89 rows over 13 page(s)
[17:06:42] [68/10944] אורתופדיה @ נוגה
[17:06:56]     47 total, 47 rows over 7 page(s)
[17:06:56] [69/10944] אורתופדיה @ נזלה אל ע'רביה
[17:07:10]     89 total, 89 rows over 13 page(s)
[17:07:10] [70/10944] אורתופדיה @ נחשולים
[17:07:28]     116 total, 116 rows over 17 page(s)
[17:07:28] [71/10944] אורתופדיה @ ניעלין
[17:07:42]     73 total, 73 rows over 11 page(s)
[17:07:42] [72/10944] אורתופדיה @ נס עמים
[17:07:53]     71 total, 71 rows over 11 page(s)
[17:07:53] [73/10944] אורתופדיה @ נשר
[17:08:12]     116 total, 116 rows over 17 page(s)
[17:08:12] [74/10944] אורתופדיה @ סאנור
[17:08:26]     89 total, 89 rows over 13 page(s)
[17:08:26] [75/10944] אורתופדיה @ סורדה
[17:08:34]     50 total, 50 rows over 8 page(s)
[17:08:34] [76/10944] אורתופדיה @ סיר
[17:08:48]     89 total, 89 rows over 13 page(s)
[17:08:48] [77/10944] אורתופדיה @ סעוה
[17:09:00]     43 total, 43 rows over 7 page(s)
[17:09:00] [78/10944] אורתופדיה @ עאנין
[17:09:14]     89 total, 89 rows over 13 page(s)
[17:09:14] [79/10944] אורתופדיה @ עד הלום
[17:09:28]     73 total, 73 rows over 11 page(s)
[17:09:28] [80/10944] אורתופדיה @ עוסארין
[17:09:43]     89 total, 89 rows over 13 page(s)
[17:09:43] [81/10944] אורתופדיה @ עזריה
[17:09:57]     73 total, 73 rows over 11 page(s)
[17:09:57] [82/10944] אורתופדיה @ עילוט
[17:10:13]     98 total, 98 rows over 15 page(s)
[17:10:13] [83/10944] אורתופדיה @ עלמה
[17:10:29]     98 total, 98 rows over 15 page(s)
[17:10:29] [84/10944] אורתופדיה @ עמנואל
[17:10:50]     130 total, 130 rows over 19 page(s)
[17:10:50] [85/10944] אורתופדיה @ עפולה
[17:11:12]     146 total, 139 rows over 21 page(s)  (MISSING 7)
[17:11:12] [86/10944] אורתופדיה @ ערב אל נעים
[17:11:30]     116 total, 116 rows over 17 page(s)
[17:11:30] [87/10944] אורתופדיה @ עתניאל
[17:11:48]     63 total, 63 rows over 10 page(s)
[17:11:48] [88/10944] אורתופדיה @ פדיה
[17:11:58]     61 total, 61 rows over 9 page(s)
[17:11:58] [89/10944] אורתופדיה @ פלמחים
[17:12:17]     97 total, 97 rows over 14 page(s)
[17:12:17] [90/10944] אורתופדיה @ פקיעין חדשה
[17:12:29]     71 total, 71 rows over 11 page(s)
[17:12:29] [91/10944] אורתופדיה @ פתחיה
[17:12:41]     61 total, 61 rows over 9 page(s)
[17:12:41] [92/10944] אורתופדיה @ צוקי ים
[17:12:55]     89 total, 89 rows over 13 page(s)
[17:12:55] [93/10944] אורתופדיה @ צרופה
[17:13:14]     116 total, 116 rows over 17 page(s)
[17:13:14] [94/10944] אורתופדיה @ קדמת צבי
[17:13:30]     98 total, 98 rows over 15 page(s)
[17:13:30] [95/10944] אורתופדיה @ קורנית
[17:13:45]     91 total, 91 rows over 14 page(s)
[17:13:45] [96/10944] אורתופדיה @ קלע
[17:14:00]     98 total, 98 rows over 15 page(s)
[17:14:00] [97/10944] אורתופדיה @ קרית ארבע
[17:14:09]     50 total, 50 rows over 8 page(s)
[17:14:09] [98/10944] אורתופדיה @ ראמין
[17:14:24]     89 total, 89 rows over 13 page(s)
[17:14:24] [99/10944] אורתופדיה @ רביד
[17:14:39]     98 total, 98 rows over 15 page(s)
[17:14:39] [100/10944] אורתופדיה @ רומאנה ממזרח לאום אל פחם
[17:14:53]     89 total, 89 rows over 13 page(s)
[17:14:53] [101/10944] אורתופדיה @ רימונים
[17:15:01]     50 total, 50 rows over 8 page(s)
[17:15:01] [102/10944] אורתופדיה @ רמות נפתלי
[17:15:17]     98 total, 98 rows over 15 page(s)
[17:15:17] [103/10944] אורתופדיה @ רקפת
[17:15:32]     91 total, 91 rows over 14 page(s)
[17:15:32] [104/10944] אורתופדיה @ שדה אילן
[17:15:47]     98 total, 98 rows over 15 page(s)
[17:15:47] [105/10944] אורתופדיה @ שואבה
[17:15:55]     50 total, 50 rows over 8 page(s)
[17:15:55] [106/10944] אורתופדיה @ שזור
[17:16:10]     91 total, 91 rows over 14 page(s)
[17:16:10] [107/10944] אורתופדיה @ שילת
[17:16:22]     61 total, 61 rows over 9 page(s)
[17:16:22] [108/10944] אורתופדיה @ שמעה
[17:16:40]     63 total, 63 rows over 10 page(s)
[17:16:40] [109/10944] אורתופדיה @ שער העמקים
[17:17:00]     116 total, 116 rows over 17 page(s)
[17:17:00] [110/10944] אורתופדיה @ שריגים
[17:17:07]     50 total, 50 rows over 8 page(s)
[17:17:07] [111/10944] אורתופדיה @ תורמוס עייא
[17:17:15]     50 total, 50 rows over 8 page(s)
[17:17:15] [112/10944] אורתופדיה @ תל יוסף
[17:17:37]     146 total, 139 rows over 21 page(s)  (MISSING 7)
[17:17:37] [113/10944] אורתופדיה @ תעשיון השרון
[17:17:46]     58 total, 58 rows over 9 page(s)
[17:17:46] [114/10944] אורתופדיה @ תקוע
[17:17:53]     50 total, 50 rows over 8 page(s)
[17:17:53] [115/10944] אף אוזן גרון @ א ריחייה
[17:18:08]     63 total, 63 rows over 10 page(s)
[17:18:08] [116/10944] אף אוזן גרון @ אבו עמרה
[17:18:20]     47 total, 47 rows over 7 page(s)
[17:18:20] [117/10944] אף אוזן גרון @ אוהד
[17:18:30]     41 total, 41 rows over 6 page(s)
[17:18:30] [118/10944] אף אוזן גרון @ אזור תעשייה אלון התבור
[17:18:39]     59 total, 59 rows over 9 page(s)
[17:18:39] [119/10944] אף אוזן גרון @ איבים
[17:18:49]     41 total, 41 rows over 6 page(s)
[17:18:49] [120/10944] אף אוזן גרון @ אכסאל
[17:19:04]     95 total, 95 rows over 14 page(s)
[17:19:04] [121/10944] אף אוזן גרון @ אל עריאן
[17:19:15]     67 total, 67 rows over 10 page(s)
[17:19:15] [122/10944] אף אוזן גרון @ אפיק
[17:19:24]     59 total, 59 rows over 9 page(s)
[17:19:24] [123/10944] אף אוזן גרון @ אשבול
[17:19:40]     63 total, 63 rows over 10 page(s)
[17:19:40] [124/10944] אף אוזן גרון @ באקה
[17:19:51]     67 total, 67 rows over 10 page(s)
[17:19:51] [125/10944] אף אוזן גרון @ בודרוס
[17:19:58]     38 total, 38 rows over 6 page(s)
[17:19:58] [126/10944] אף אוזן גרון @ בזאריה
[17:20:09]     67 total, 67 rows over 10 page(s)
[17:20:09] [127/10944] אף אוזן גרון @ ביר אל מכסור
[17:20:24]     82 total, 82 rows over 12 page(s)
[17:20:24] [128/10944] אף אוזן גרון @ בני יהודה
[17:20:33]     59 total, 59 rows over 9 page(s)
[17:20:33] [129/10944] אף אוזן גרון @ בקוע
[17:20:40]     32 total, 32 rows over 5 page(s)
[17:20:40] [130/10944] אף אוזן גרון @ ברכיה
[17:20:51]     41 total, 41 rows over 6 page(s)
[17:20:51] [131/10944] אף אוזן גרון @ ג'אניה
[17:20:58]     42 total, 42 rows over 7 page(s)
[17:20:58] [132/10944] אף אוזן גרון @ גבע כרמל
[17:21:11]     82 total, 82 rows over 12 page(s)
[17:21:11] [133/10944] אף אוזן גרון @ גונן
[17:21:20]     59 total, 59 rows over 9 page(s)
[17:21:20] [134/10944] אף אוזן גרון @ גינוסר
[17:21:30]     59 total, 59 rows over 9 page(s)
[17:21:30] [135/10944] אף אוזן גרון @ גנות
[17:21:38]     32 total, 32 rows over 5 page(s)
[17:21:38] [136/10944] אף אוזן גרון @ גפן
[17:21:43]     27 total, 27 rows over 4 page(s)
[17:21:43] [137/10944] אף אוזן גרון @ דבירה
[17:21:57]     63 total, 63 rows over 10 page(s)
[17:21:57] [138/10944] אף אוזן גרון @ דור
[17:22:11]     82 total, 82 rows over 12 page(s)
[17:22:11] [139/10944] אף אוזן גרון @ דיר אבו דעיף
[17:22:23]     67 total, 67 rows over 10 page(s)
[17:22:23] [140/10944] אף אוזן גרון @ דקל
[17:22:34]     41 total, 41 rows over 6 page(s)
[17:22:34] [141/10944] אף אוזן גרון @ הוואשלה
[17:22:45]     47 total, 47 rows over 7 page(s)
[17:22:45] [142/10944] אף אוזן גרון @ הסוללים
[17:22:55]     59 total, 59 rows over 9 page(s)
[17:22:55] [143/10944] אף אוזן גרון @ ורד יריחו
[17:23:02]     42 total, 42 rows over 7 page(s)
[17:23:02] [144/10944] אף אוזן גרון @ זיבדה
[17:23:13]     67 total, 67 rows over 10 page(s)
[17:23:13] [145/10944] אף אוזן גרון @ זעתרה
[17:23:20]     42 total, 42 rows over 7 page(s)
[17:23:20] [146/10944] אף אוזן גרון @ חברון
[17:23:27]     42 total, 42 rows over 7 page(s)
[17:23:27] [147/10944] אף אוזן גרון @ חולון
[17:23:36]     49 total, 49 rows over 8 page(s)
[17:23:36] [148/10944] אף אוזן גרון @ חיזמא
[17:23:42]     42 total, 42 rows over 7 page(s)
[17:23:42] [149/10944] אף אוזן גרון @ חמרה
[17:23:49]     42 total, 42 rows over 7 page(s)
[17:23:49] [150/10944] אף אוזן גרון @ חצור הגלילית
[17:23:59]     59 total, 59 rows over 9 page(s)
[17:23:59] [151/10944] אף אוזן גרון @ טובא זנגריה
[17:24:09]     59 total, 59 rows over 9 page(s)
[17:24:09] [152/10944] אף אוזן גרון @ טירת כרמל
[17:24:23]     82 total, 82 rows over 12 page(s)
[17:24:23] [153/10944] אף אוזן גרון @ טנא
[17:24:38]     63 total, 63 rows over 10 page(s)
[17:24:38] [154/10944] אף אוזן גרון @ יבנה
[17:24:43]     27 total, 27 rows over 4 page(s)
[17:24:43] [155/10944] אף אוזן גרון @ ידידה
[17:24:50]     42 total, 42 rows over 7 page(s)
[17:24:50] [156/10944] אף אוזן גרון @ יטא יוטה
[17:25:06]     63 total, 63 rows over 10 page(s)
[17:25:06] [157/10944] אף אוזן גרון @ יעד
[17:25:15]     55 total, 55 rows over 8 page(s)
[17:25:15] [158/10944] אף אוזן גרון @ יקום
[17:25:27]     67 total, 67 rows over 10 page(s)
[17:25:27] [159/10944] אף אוזן גרון @ ירכא
[17:25:33]     38 total, 38 rows over 6 page(s)
[17:25:33] [160/10944] אף אוזן גרון @ כברי
[17:25:40]     38 total, 38 rows over 6 page(s)
[17:25:40] [161/10944] אף אוזן גרון @ כור
[17:25:51]     67 total, 67 rows over 10 page(s)
[17:25:51] [162/10944] אף אוזן גרון @ כלנית
[17:26:01]     59 total, 59 rows over 9 page(s)
[17:26:01] [163/10944] אף אוזן גרון @ כפר א דיכ
[17:26:09]     38 total, 38 rows over 6 page(s)
[17:26:09] [164/10944] אף אוזן גרון @ כרזה
[17:26:24]     63 total, 63 rows over 10 page(s)
[17:26:24] [165/10944] אף אוזן גרון @ לא מוכר-דרום
[17:26:39]     63 total, 63 rows over 10 page(s)
[17:26:39] [166/10944] אף אוזן גרון @ לוד
[17:26:46]     32 total, 32 rows over 5 page(s)
[17:26:46] [167/10944] אף אוזן גרון @ מאור
[17:27:01]     92 total, 92 rows over 14 page(s)
[17:27:01] [168/10944] אף אוזן גרון @ מבטחים
[17:27:17]     63 total, 63 rows over 10 page(s)
[17:27:17] [169/10944] אף אוזן גרון @ מגדל עוז
[17:27:24]     42 total, 42 rows over 7 page(s)
[17:27:24] [170/10944] אף אוזן גרון @ מוע'אזי
[17:27:39]     63 total, 63 rows over 10 page(s)
[17:27:39] [171/10944] אף אוזן גרון @ מזרעה א שרקיה
[17:27:46]     42 total, 42 rows over 7 page(s)
[17:27:46] [172/10944] אף אוזן גרון @ מייסר
[17:28:02]     92 total, 92 rows over 14 page(s)
[17:28:02] [173/10944] אף אוזן גרון @ מכמנים
[17:28:15]     77 total, 77 rows over 12 page(s)
[17:28:15] [174/10944] אף אוזן גרון @ מנשית זבדה
[17:28:30]     95 total, 95 rows over 14 page(s)
[17:28:30] [175/10944] אף אוזן גרון @ מעברות
[17:28:41]     67 total, 67 rows over 10 page(s)
[17:28:41] [176/10944] אף אוזן גרון @ מפלסים
[17:28:52]     41 total, 41 rows over 6 page(s)
[17:28:52] [177/10944] אף אוזן גרון @ מצדה
[17:29:08]     63 total, 63 rows over 10 page(s)
[17:29:08] [178/10944] אף אוזן גרון @ מקווה ישראל
[17:29:13]     34 total, 34 rows over 5 page(s)
[17:29:13] [179/10944] אף אוזן גרון @ מרכז אזורי משגב
[17:29:22]     55 total, 55 rows over 8 page(s)
[17:29:22] [180/10944] אף אוזן גרון @ משמר הירדן
[17:29:32]     59 total, 59 rows over 9 page(s)
[17:29:32] [181/10944] אף אוזן גרון @ נאקורה
[17:29:44]     67 total, 67 rows over 10 page(s)
[17:29:44] [182/10944] אף אוזן גרון @ נוגה
[17:29:54]     41 total, 41 rows over 6 page(s)
[17:29:54] [183/10944] אף אוזן גרון @ נזלה אל ע'רביה
[17:30:06]     67 total, 67 rows over 10 page(s)
[17:30:06] [184/10944] אף אוזן גרון @ נחשולים
[17:30:20]     82 total, 82 rows over 12 page(s)
[17:30:20] [185/10944] אף אוזן גרון @ ניעלין
[17:30:29]     44 total, 44 rows over 7 page(s)
[17:30:29] [186/10944] אף אוזן גרון @ נס עמים
[17:30:35]     38 total, 38 rows over 6 page(s)
[17:30:35] [187/10944] אף אוזן גרון @ נשר
[17:30:49]     82 total, 82 rows over 12 page(s)
[17:30:49] [188/10944] אף אוזן גרון @ סאנור
[17:31:01]     67 total, 67 rows over 10 page(s)
[17:31:01] [189/10944] אף אוזן גרון @ סורדה
[17:31:07]     42 total, 42 rows over 7 page(s)
[17:31:07] [190/10944] אף אוזן גרון @ סיר
[17:31:18]     67 total, 67 rows over 10 page(s)
[17:31:18] [191/10944] אף אוזן גרון @ סעוה
[17:31:30]     47 total, 47 rows over 7 page(s)
[17:31:30] [192/10944] אף אוזן גרון @ עאנין
[17:31:41]     67 total, 67 rows over 10 page(s)
[17:31:41] [193/10944] אף אוזן גרון @ עד הלום
[17:31:49]     44 total, 44 rows over 7 page(s)
[17:31:49] [194/10944] אף אוזן גרון @ עוסארין
[17:32:00]     67 total, 67 rows over 10 page(s)
[17:32:00] [195/10944] אף אוזן גרון @ עזריה
[17:32:09]     44 total, 44 rows over 7 page(s)
[17:32:09] [196/10944] אף אוזן גרון @ עילוט
[17:32:19]     59 total, 59 rows over 9 page(s)
[17:32:19] [197/10944] אף אוזן גרון @ עלמה
[17:32:29]     59 total, 59 rows over 9 page(s)
[17:32:29] [198/10944] אף אוזן גרון @ עמנואל
[17:32:44]     91 total, 91 rows over 14 page(s)
[17:32:44] [199/10944] אף אוזן גרון @ עפולה
[17:32:59]     95 total, 95 rows over 14 page(s)
[17:32:59] [200/10944] אף אוזן גרון @ ערב אל נעים
[17:33:12]     77 total, 77 rows over 12 page(s)
[17:33:12] [201/10944] אף אוזן גרון @ עתניאל
[17:33:27]     63 total, 63 rows over 10 page(s)
[17:33:27] [202/10944] אף אוזן גרון @ פדיה
[17:33:33]     32 total, 32 rows over 5 page(s)
[17:33:33] [203/10944] אף אוזן גרון @ פלמחים
[17:33:44]     62 total, 62 rows over 9 page(s)
[17:33:44] [204/10944] אף אוזן גרון @ פקיעין חדשה
[17:33:51]     38 total, 38 rows over 6 page(s)
[17:33:51] [205/10944] אף אוזן גרון @ פתחיה
[17:33:58]     32 total, 32 rows over 5 page(s)
[17:33:58] [206/10944] אף אוזן גרון @ צוקי ים
[17:34:09]     67 total, 67 rows over 10 page(s)
[17:34:09] [207/10944] אף אוזן גרון @ צרופה
[17:34:24]     82 total, 82 rows over 12 page(s)
[17:34:24] [208/10944] אף אוזן גרון @ קדמת צבי
[17:34:34]     59 total, 59 rows over 9 page(s)
[17:34:34] [209/10944] אף אוזן גרון @ קורנית
[17:34:43]     55 total, 55 rows over 8 page(s)
[17:34:43] [210/10944] אף אוזן גרון @ קלע
[17:34:52]     59 total, 59 rows over 9 page(s)
[17:34:52] [211/10944] אף אוזן גרון @ קרית ארבע
[17:34:59]     42 total, 42 rows over 7 page(s)
[17:34:59] [212/10944] אף אוזן גרון @ ראמין
[17:35:10]     67 total, 67 rows over 10 page(s)
[17:35:10] [213/10944] אף אוזן גרון @ רביד
[17:35:20]     59 total, 59 rows over 9 page(s)
[17:35:20] [214/10944] אף אוזן גרון @ רומאנה ממזרח לאום אל פחם
[17:35:31]     67 total, 67 rows over 10 page(s)
[17:35:31] [215/10944] אף אוזן גרון @ רימונים
[17:35:38]     42 total, 42 rows over 7 page(s)
[17:35:38] [216/10944] אף אוזן גרון @ רמות נפתלי
[17:35:47]     59 total, 59 rows over 9 page(s)
[17:35:47] [217/10944] אף אוזן גרון @ רקפת
[17:35:56]     55 total, 55 rows over 8 page(s)
[17:35:56] [218/10944] אף אוזן גרון @ שדה אילן
[17:36:07]     59 total, 59 rows over 9 page(s)
[17:36:07] [219/10944] אף אוזן גרון @ שואבה
[17:36:13]     42 total, 42 rows over 7 page(s)
[17:36:13] [220/10944] אף אוזן גרון @ שזור
[17:36:23]     55 total, 55 rows over 8 page(s)
[17:36:23] [221/10944] אף אוזן גרון @ שילת
[17:36:29]     32 total, 32 rows over 5 page(s)
[17:36:29] [222/10944] אף אוזן גרון @ שמעה
[17:36:44]     63 total, 63 rows over 10 page(s)
[17:36:44] [223/10944] אף אוזן גרון @ שער העמקים
[17:36:58]     82 total, 82 rows over 12 page(s)
[17:36:58] [224/10944] אף אוזן גרון @ שריגים
[17:37:04]     42 total, 42 rows over 7 page(s)
[17:37:04] [225/10944] אף אוזן גרון @ תורמוס עייא
[17:37:10]     42 total, 42 rows over 7 page(s)
[17:37:10] [226/10944] אף אוזן גרון @ תל יוסף
[17:37:25]     95 total, 95 rows over 14 page(s)
[17:37:25] [227/10944] אף אוזן גרון @ תעשיון השרון
[17:37:32]     38 total, 38 rows over 6 page(s)
[17:37:32] [228/10944] אף אוזן גרון @ תקוע
[17:37:39]     42 total, 42 rows over 7 page(s)
[17:37:39] [229/10944] נשים @ א ריחייה
[17:38:00]     156 total, 139 rows over 21 page(s)  (MISSING 17)
[17:38:00] [230/10944] נשים @ אבו עמרה
[17:38:17]     112 total, 112 rows over 17 page(s)
[17:38:17] [231/10944] נשים @ אוהד
[17:38:34]     108 total, 108 rows over 16 page(s)
[17:38:34] [232/10944] נשים @ אזור תעשייה אלון התבור
[17:38:48]     87 total, 87 rows over 13 page(s)
[17:38:48] [233/10944] נשים @ איבים
[17:39:05]     108 total, 108 rows over 16 page(s)
[17:39:05] [234/10944] נשים @ אכסאל
[17:39:28]     176 total, 139 rows over 21 page(s)  (MISSING 37)
[17:39:28] [235/10944] נשים @ אל עריאן
[17:39:49]     142 total, 139 rows over 21 page(s)  (MISSING 3)
[17:39:49] [236/10944] נשים @ אפיק
[17:40:02]     87 total, 87 rows over 13 page(s)
[17:40:02] [237/10944] נשים @ אשבול
[17:40:23]     156 total, 139 rows over 21 page(s)  (MISSING 17)
[17:40:23] [238/10944] נשים @ באקה
[17:40:45]     142 total, 139 rows over 21 page(s)  (MISSING 3)
[17:40:45] [239/10944] נשים @ בודרוס
[17:40:51]     29 total, 29 rows over 5 page(s)
[17:40:51] [240/10944] נשים @ בזאריה
[17:41:11]     142 total, 139 rows over 21 page(s)  (MISSING 3)
[17:41:11] [241/10944] נשים @ ביר אל מכסור
[17:41:34]     185 total, 139 rows over 21 page(s)  (MISSING 46)
[17:41:34] [242/10944] נשים @ בני יהודה
[17:41:46]     87 total, 87 rows over 13 page(s)
[17:41:46] [243/10944] נשים @ בקוע
[17:42:00]     88 total, 88 rows over 13 page(s)
[17:42:00] [244/10944] נשים @ ברכיה
[17:42:16]     108 total, 108 rows over 16 page(s)
[17:42:16] [245/10944] נשים @ ג'אניה
[17:42:35]     132 total, 132 rows over 19 page(s)
[17:42:35] [246/10944] נשים @ גבע כרמל
[17:42:57]     185 total, 139 rows over 21 page(s)  (MISSING 46)
[17:42:57] [247/10944] נשים @ גונן
[17:43:10]     87 total, 87 rows over 13 page(s)
[17:43:10] [248/10944] נשים @ גינוסר
[17:43:23]     87 total, 87 rows over 13 page(s)
[17:43:23] [249/10944] נשים @ גנות
[17:43:37]     88 total, 88 rows over 13 page(s)
[17:43:37] [250/10944] נשים @ גפן
[17:43:48]     63 total, 63 rows over 10 page(s)
[17:43:48] [251/10944] נשים @ דבירה
[17:44:08]     156 total, 139 rows over 21 page(s)  (MISSING 17)
[17:44:08] [252/10944] נשים @ דור
[17:44:31]     185 total, 139 rows over 21 page(s)  (MISSING 46)
[17:44:31] [253/10944] נשים @ דיר אבו דעיף
[17:44:51]     142 total, 139 rows over 21 page(s)  (MISSING 3)
[17:44:51] [254/10944] נשים @ דקל
[17:45:08]     108 total, 108 rows over 16 page(s)
[17:45:08] [255/10944] נשים @ הוואשלה
[17:45:27]     112 total, 112 rows over 17 page(s)
[17:45:27] [256/10944] נשים @ הסוללים
[17:45:39]     87 total, 87 rows over 13 page(s)
[17:45:39] [257/10944] נשים @ ורד יריחו
[17:45:58]     132 total, 132 rows over 19 page(s)
[17:45:58] [258/10944] נשים @ זיבדה
[17:46:19]     142 total, 139 rows over 21 page(s)  (MISSING 3)
[17:46:19] [259/10944] נשים @ זעתרה
[17:46:38]     132 total, 132 rows over 19 page(s)
[17:46:38] [260/10944] נשים @ חברון
[17:46:56]     132 total, 132 rows over 19 page(s)
[17:46:56] [261/10944] נשים @ חולון
[17:47:11]     99 total, 99 rows over 15 page(s)
[17:47:11] [262/10944] נשים @ חיזמא
[17:47:29]     132 total, 132 rows over 19 page(s)
[17:47:29] [263/10944] נשים @ חמרה
[17:47:48]     132 total, 132 rows over 19 page(s)
[17:47:48] [264/10944] נשים @ חצור הגלילית
[17:48:02]     87 total, 87 rows over 13 page(s)
[17:48:02] [265/10944] נשים @ טובא זנגריה
[17:48:16]     87 total, 87 rows over 13 page(s)
[17:48:16] [266/10944] נשים @ טירת כרמל
[17:48:38]     185 total, 139 rows over 21 page(s)  (MISSING 46)
[17:48:38] [267/10944] נשים @ טנא
[17:49:00]     156 total, 139 rows over 21 page(s)  (MISSING 17)
[17:49:00] [268/10944] נשים @ יבנה
[17:49:10]     63 total, 63 rows over 10 page(s)
[17:49:10] [269/10944] נשים @ ידידה
[17:49:28]     132 total, 132 rows over 19 page(s)
[17:49:28] [270/10944] נשים @ יטא יוטה
[17:49:50]     156 total, 139 rows over 21 page(s)  (MISSING 17)
[17:49:50] [271/10944] נשים @ יעד
[17:50:08]     120 total, 120 rows over 18 page(s)
[17:50:08] [272/10944] נשים @ יקום
[17:50:30]     142 total, 139 rows over 21 page(s)  (MISSING 3)
[17:50:30] [273/10944] נשים @ ירכא
[17:50:44]     88 total, 88 rows over 13 page(s)
[17:50:44] [274/10944] נשים @ כברי
[17:50:59]     88 total, 88 rows over 13 page(s)
[17:50:59] [275/10944] נשים @ כור
[17:51:20]     142 total, 139 rows over 21 page(s)  (MISSING 3)
[17:51:20] [276/10944] נשים @ כלנית
[17:51:33]     87 total, 87 rows over 13 page(s)
[17:51:33] [277/10944] נשים @ כפר א דיכ
[17:51:38]     29 total, 29 rows over 5 page(s)
[17:51:38] [278/10944] נשים @ כרזה
[17:51:59]     156 total, 139 rows over 21 page(s)  (MISSING 17)
[17:51:59] [279/10944] נשים @ לא מוכר-דרום
[17:52:20]     156 total, 139 rows over 21 page(s)  (MISSING 17)
[17:52:20] [280/10944] נשים @ לוד
[17:52:34]     88 total, 88 rows over 13 page(s)
[17:52:34] [281/10944] נשים @ מאור
[17:52:57]     203 total, 139 rows over 21 page(s)  (MISSING 64)
[17:52:57] [282/10944] נשים @ מבטחים
[17:53:18]     156 total, 139 rows over 21 page(s)  (MISSING 17)
[17:53:18] [283/10944] נשים @ מגדל עוז
[17:53:37]     132 total, 132 rows over 19 page(s)
[17:53:37] [284/10944] נשים @ מוע'אזי
[17:53:58]     156 total, 139 rows over 21 page(s)  (MISSING 17)
[17:53:58] [285/10944] נשים @ מזרעה א שרקיה
[17:54:16]     132 total, 132 rows over 19 page(s)
[17:54:16] [286/10944] נשים @ מייסר
[17:54:39]     203 total, 139 rows over 21 page(s)  (MISSING 64)
[17:54:39] [287/10944] נשים @ מכמנים
[17:54:59]     175 total, 139 rows over 21 page(s)  (MISSING 36)
[17:54:59] [288/10944] נשים @ מנשית זבדה
[17:55:22]     176 total, 139 rows over 21 page(s)  (MISSING 37)
[17:55:22] [289/10944] נשים @ מעברות
[17:55:45]     142 total, 139 rows over 21 page(s)  (MISSING 3)
[17:55:45] [290/10944] נשים @ מפלסים
[17:56:00]     108 total, 108 rows over 16 page(s)
[17:56:00] [291/10944] נשים @ מצדה
[17:56:23]     156 total, 139 rows over 21 page(s)  (MISSING 17)
[17:56:23] [292/10944] נשים @ מקווה ישראל
[17:56:32]     61 total, 61 rows over 9 page(s)
[17:56:32] [293/10944] נשים @ מרכז אזורי משגב
[17:56:51]     120 total, 120 rows over 18 page(s)
[17:56:51] [294/10944] נשים @ משמר הירדן
[17:57:05]     87 total, 87 rows over 13 page(s)
[17:57:05] [295/10944] נשים @ נאקורה
[17:57:26]     142 total, 139 rows over 21 page(s)  (MISSING 3)
[17:57:26] [296/10944] נשים @ נוגה
[17:57:43]     108 total, 108 rows over 16 page(s)
[17:57:43] [297/10944] נשים @ נזלה אל ע'רביה
[17:58:03]     142 total, 139 rows over 21 page(s)  (MISSING 3)
[17:58:03] [298/10944] נשים @ נחשולים
[17:58:24]     185 total, 139 rows over 21 page(s)  (MISSING 46)
[17:58:24] [299/10944] נשים @ ניעלין
[17:58:41]     113 total, 113 rows over 17 page(s)
[17:58:41] [300/10944] נשים @ נס עמים
[17:58:56]     88 total, 88 rows over 13 page(s)
[17:58:56] [301/10944] נשים @ נשר
[17:59:19]     185 total, 139 rows over 21 page(s)  (MISSING 46)
[17:59:19] [302/10944] נשים @ סאנור
[17:59:40]     142 total, 139 rows over 21 page(s)  (MISSING 3)
[17:59:40] [303/10944] נשים @ סורדה
[17:59:59]     132 total, 132 rows over 19 page(s)
[17:59:59] [304/10944] נשים @ סיר
[18:00:20]     142 total, 139 rows over 21 page(s)  (MISSING 3)
[18:00:20] [305/10944] נשים @ סעוה
[18:00:38]     112 total, 112 rows over 17 page(s)
[18:00:38] [306/10944] נשים @ עאנין
[18:00:59]     142 total, 139 rows over 21 page(s)  (MISSING 3)
[18:00:59] [307/10944] נשים @ עד הלום
[18:01:16]     113 total, 113 rows over 17 page(s)
[18:01:16] [308/10944] נשים @ עוסארין
[18:01:38]     142 total, 139 rows over 21 page(s)  (MISSING 3)
[18:01:38] [309/10944] נשים @ עזריה
[18:01:55]     113 total, 113 rows over 17 page(s)
[18:01:55] [310/10944] נשים @ עילוט
[18:02:09]     88 total, 88 rows over 13 page(s)
[18:02:09] [311/10944] נשים @ עלמה
[18:02:22]     87 total, 87 rows over 13 page(s)
[18:02:22] [312/10944] נשים @ עמנואל
[18:02:44]     189 total, 139 rows over 21 page(s)  (MISSING 50)
[18:02:44] [313/10944] נשים @ עפולה
[18:03:06]     176 total, 139 rows over 21 page(s)  (MISSING 37)
[18:03:06] [314/10944] נשים @ ערב אל נעים
[18:03:26]     175 total, 139 rows over 21 page(s)  (MISSING 36)
[18:03:26] [315/10944] נשים @ עתניאל
[18:03:47]     156 total, 139 rows over 21 page(s)  (MISSING 17)
[18:03:47] [316/10944] נשים @ פדיה
[18:04:01]     88 total, 88 rows over 13 page(s)
[18:04:01] [317/10944] נשים @ פלמחים
[18:04:22]     138 total, 138 rows over 20 page(s)
[18:04:22] [318/10944] נשים @ פקיעין חדשה
[18:04:35]     88 total, 88 rows over 13 page(s)
[18:04:35] [319/10944] נשים @ פתחיה
[18:04:49]     88 total, 88 rows over 13 page(s)
[18:04:49] [320/10944] נשים @ צוקי ים
[18:05:11]     142 total, 139 rows over 21 page(s)  (MISSING 3)
[18:05:11] [321/10944] נשים @ צרופה
[18:05:32]     185 total, 139 rows over 21 page(s)  (MISSING 46)
[18:05:32] [322/10944] נשים @ קדמת צבי
[18:05:45]     87 total, 87 rows over 13 page(s)
[18:05:45] [323/10944] נשים @ קורנית
[18:06:04]     120 total, 120 rows over 18 page(s)
[18:06:04] [324/10944] נשים @ קלע
[18:06:18]     87 total, 87 rows over 13 page(s)
[18:06:18] [325/10944] נשים @ קרית ארבע
[18:06:38]     132 total, 132 rows over 19 page(s)
[18:06:38] [326/10944] נשים @ ראמין
[18:06:59]     142 total, 139 rows over 21 page(s)  (MISSING 3)
[18:06:59] [327/10944] נשים @ רביד
[18:07:12]     87 total, 87 rows over 13 page(s)
[18:07:12] [328/10944] נשים @ רומאנה ממזרח לאום אל פחם
[18:07:35]     142 total, 139 rows over 21 page(s)  (MISSING 3)
[18:07:35] [329/10944] נשים @ רימונים
[18:07:53]     132 total, 132 rows over 19 page(s)
[18:07:53] [330/10944] נשים @ רמות נפתלי
[18:08:07]     87 total, 87 rows over 13 page(s)
[18:08:07] [331/10944] נשים @ רקפת
[18:08:26]     120 total, 120 rows over 18 page(s)
[18:08:26] [332/10944] נשים @ שדה אילן
[18:08:39]     87 total, 87 rows over 13 page(s)
[18:08:39] [333/10944] נשים @ שואבה
[18:08:57]     132 total, 132 rows over 19 page(s)
[18:08:57] [334/10944] נשים @ שזור
[18:09:16]     120 total, 120 rows over 18 page(s)
[18:09:16] [335/10944] נשים @ שילת
[18:09:29]     88 total, 88 rows over 13 page(s)
[18:09:29] [336/10944] נשים @ שמעה
[18:09:51]     156 total, 139 rows over 21 page(s)  (MISSING 17)
[18:09:51] [337/10944] נשים @ שער העמקים
[18:10:13]     185 total, 139 rows over 21 page(s)  (MISSING 46)
[18:10:13] [338/10944] נשים @ שריגים
[18:10:31]     132 total, 132 rows over 19 page(s)
[18:10:31] [339/10944] נשים @ תורמוס עייא
[18:10:50]     132 total, 132 rows over 19 page(s)
[18:10:50] [340/10944] נשים @ תל יוסף
[18:11:12]     176 total, 139 rows over 21 page(s)  (MISSING 37)
[18:11:12] [341/10944] נשים @ תעשיון השרון
[18:11:17]     29 total, 29 rows over 5 page(s)
[18:11:17] [342/10944] נשים @ תקוע
[18:11:35]     132 total, 132 rows over 19 page(s)
[18:11:35] [343/10944] עור @ א ריחייה
[18:11:50]     45 total, 45 rows over 7 page(s)
[18:11:50] [344/10944] עור @ אבו עמרה
[18:12:00]     34 total, 34 rows over 5 page(s)
[18:12:00] [345/10944] עור @ אוהד
[18:12:11]     32 total, 32 rows over 5 page(s)
[18:12:11] [346/10944] עור @ אזור תעשייה אלון התבור
[18:12:20]     53 total, 53 rows over 8 page(s)
[18:12:20] [347/10944] עור @ איבים
[18:12:32]     32 total, 32 rows over 5 page(s)
[18:12:32] [348/10944] עור @ אכסאל
[18:12:47]     85 total, 85 rows over 13 page(s)
[18:12:47] [349/10944] עור @ אל עריאן
[18:12:59]     49 total, 49 rows over 8 page(s)
[18:12:59] [350/10944] עור @ אפיק
[18:13:08]     53 total, 53 rows over 8 page(s)
[18:13:08] [351/10944] עור @ אשבול
[18:13:22]     45 total, 45 rows over 7 page(s)
[18:13:22] [352/10944] עור @ באקה
[18:13:33]     49 total, 49 rows over 8 page(s)
[18:13:33] [353/10944] עור @ בודרוס
[18:13:45]     46 total, 46 rows over 7 page(s)
[18:13:45] [354/10944] עור @ בזאריה
[18:13:56]     49 total, 49 rows over 8 page(s)
[18:13:56] [355/10944] עור @ ביר אל מכסור
[18:14:11]     79 total, 79 rows over 12 page(s)
[18:14:11] [356/10944] עור @ בני יהודה
[18:14:20]     53 total, 53 rows over 8 page(s)
[18:14:20] [357/10944] עור @ בקוע
[18:14:25]     34 total, 34 rows over 5 page(s)
[18:14:25] [358/10944] עור @ ברכיה
[18:14:37]     32 total, 32 rows over 5 page(s)
[18:14:37] [359/10944] עור @ ג'אניה
[18:14:45]     46 total, 46 rows over 7 page(s)
[18:14:45] [360/10944] עור @ גבע כרמל
[18:15:01]     79 total, 79 rows over 12 page(s)
[18:15:01] [361/10944] עור @ גונן
[18:15:11]     53 total, 53 rows over 8 page(s)
[18:15:11] [362/10944] עור @ גינוסר
[18:15:19]     53 total, 53 rows over 8 page(s)
[18:15:19] [363/10944] עור @ גנות
[18:15:25]     34 total, 34 rows over 5 page(s)
[18:15:25] [364/10944] עור @ גפן
[18:15:29]     24 total, 24 rows over 4 page(s)
[18:15:29] [365/10944] עור @ דבירה
[18:15:44]     45 total, 45 rows over 7 page(s)
[18:15:44] [366/10944] עור @ דור
[18:15:59]     79 total, 79 rows over 12 page(s)
[18:15:59] [367/10944] עור @ דיר אבו דעיף
[18:16:11]     49 total, 49 rows over 8 page(s)
[18:16:11] [368/10944] עור @ דקל
[18:16:23]     32 total, 32 rows over 5 page(s)
[18:16:23] [369/10944] עור @ הוואשלה
[18:16:33]     34 total, 34 rows over 5 page(s)
[18:16:33] [370/10944] עור @ הסוללים
[18:16:42]     53 total, 53 rows over 8 page(s)
[18:16:42] [371/10944] עור @ ורד יריחו
[18:16:49]     46 total, 46 rows over 7 page(s)
[18:16:49] [372/10944] עור @ זיבדה
[18:17:01]     49 total, 49 rows over 8 page(s)
[18:17:01] [373/10944] עור @ זעתרה
[18:17:09]     46 total, 46 rows over 7 page(s)
[18:17:09] [374/10944] עור @ חברון
[18:17:17]     46 total, 46 rows over 7 page(s)
[18:17:17] [375/10944] עור @ חולון
[18:17:29]     47 total, 47 rows over 7 page(s)
[18:17:29] [376/10944] עור @ חיזמא
[18:17:36]     46 total, 46 rows over 7 page(s)
[18:17:36] [377/10944] עור @ חמרה
[18:17:44]     46 total, 46 rows over 7 page(s)
[18:17:44] [378/10944] עור @ חצור הגלילית
[18:17:52]     53 total, 53 rows over 8 page(s)
[18:17:52] [379/10944] עור @ טובא זנגריה
[18:18:01]     53 total, 53 rows over 8 page(s)
[18:18:01] [380/10944] עור @ טירת כרמל
[18:18:16]     79 total, 79 rows over 12 page(s)
[18:18:16] [381/10944] עור @ טנא
[18:18:31]     45 total, 45 rows over 7 page(s)
[18:18:31] [382/10944] עור @ יבנה
[18:18:36]     24 total, 24 rows over 4 page(s)
[18:18:36] [383/10944] עור @ ידידה
[18:18:44]     46 total, 46 rows over 7 page(s)
[18:18:44] [384/10944] עור @ יטא יוטה
[18:18:58]     45 total, 45 rows over 7 page(s)
[18:18:58] [385/10944] עור @ יעד
[18:19:08]     52 total, 52 rows over 8 page(s)
[18:19:08] [386/10944] עור @ יקום
[18:19:19]     49 total, 49 rows over 8 page(s)
[18:19:19] [387/10944] עור @ ירכא
[18:19:26]     38 total, 38 rows over 6 page(s)
[18:19:26] [388/10944] עור @ כברי
[18:19:32]     38 total, 38 rows over 6 page(s)
[18:19:32] [389/10944] עור @ כור
[18:19:44]     49 total, 49 rows over 8 page(s)
[18:19:44] [390/10944] עור @ כלנית
[18:19:54]     53 total, 53 rows over 8 page(s)
[18:19:54] [391/10944] עור @ כפר א דיכ
[18:20:06]     46 total, 46 rows over 7 page(s)
[18:20:06] [392/10944] עור @ כרזה
[18:20:20]     45 total, 45 rows over 7 page(s)
[18:20:20] [393/10944] עור @ לא מוכר-דרום
[18:20:36]     45 total, 45 rows over 7 page(s)
[18:20:36] [394/10944] עור @ לוד
[18:20:42]     34 total, 34 rows over 5 page(s)
[18:20:42] [395/10944] עור @ מאור
[18:20:58]     81 total, 81 rows over 12 page(s)
[18:20:58] [396/10944] עור @ מבטחים
[18:21:13]     45 total, 45 rows over 7 page(s)
[18:21:13] [397/10944] עור @ מגדל עוז
[18:21:21]     46 total, 46 rows over 7 page(s)
[18:21:21] [398/10944] עור @ מוע'אזי
[18:21:36]     45 total, 45 rows over 7 page(s)
[18:21:36] [399/10944] עור @ מזרעה א שרקיה
[18:21:44]     46 total, 46 rows over 7 page(s)
[18:21:44] [400/10944] עור @ מייסר
[18:22:00]     81 total, 81 rows over 12 page(s)
[18:22:00] [401/10944] עור @ מכמנים
[18:22:14]     75 total, 75 rows over 11 page(s)
[18:22:14] [402/10944] עור @ מנשית זבדה
[18:22:29]     85 total, 85 rows over 13 page(s)
[18:22:29] [403/10944] עור @ מעברות
[18:22:41]     49 total, 49 rows over 8 page(s)
[18:22:41] [404/10944] עור @ מפלסים
[18:22:52]     32 total, 32 rows over 5 page(s)
[18:22:52] [405/10944] עור @ מצדה
[18:23:06]     45 total, 45 rows over 7 page(s)
[18:23:06] [406/10944] עור @ מקווה ישראל
[18:23:16]     32 total, 32 rows over 5 page(s)
[18:23:16] [407/10944] עור @ מרכז אזורי משגב
[18:23:26]     52 total, 52 rows over 8 page(s)
[18:23:26] [408/10944] עור @ משמר הירדן
[18:23:34]     53 total, 53 rows over 8 page(s)
[18:23:34] [409/10944] עור @ נאקורה
[18:23:46]     49 total, 49 rows over 8 page(s)
[18:23:46] [410/10944] עור @ נוגה
[18:23:56]     32 total, 32 rows over 5 page(s)
[18:23:56] [411/10944] עור @ נזלה אל ע'רביה
[18:24:08]     49 total, 49 rows over 8 page(s)
[18:24:08] [412/10944] עור @ נחשולים
[18:24:23]     79 total, 79 rows over 12 page(s)
[18:24:23] [413/10944] עור @ ניעלין
[18:24:30]     43 total, 43 rows over 7 page(s)
[18:24:30] [414/10944] עור @ נס עמים
[18:24:37]     38 total, 38 rows over 6 page(s)
[18:24:37] [415/10944] עור @ נשר
[18:24:52]     79 total, 79 rows over 12 page(s)
[18:24:52] [416/10944] עור @ סאנור
[18:25:04]     49 total, 49 rows over 8 page(s)
[18:25:04] [417/10944] עור @ סורדה
[18:25:12]     46 total, 46 rows over 7 page(s)
[18:25:12] [418/10944] עור @ סיר
[18:25:23]     49 total, 49 rows over 8 page(s)
[18:25:23] [419/10944] עור @ סעוה
[18:25:34]     34 total, 34 rows over 5 page(s)
[18:25:34] [420/10944] עור @ עאנין
[18:25:45]     49 total, 49 rows over 8 page(s)
[18:25:45] [421/10944] עור @ עד הלום
[18:25:53]     43 total, 43 rows over 7 page(s)
[18:25:53] [422/10944] עור @ עוסארין
[18:26:05]     49 total, 49 rows over 8 page(s)
[18:26:05] [423/10944] עור @ עזריה
[18:26:12]     43 total, 43 rows over 7 page(s)
[18:26:12] [424/10944] עור @ עילוט
[18:26:21]     53 total, 53 rows over 8 page(s)
[18:26:21] [425/10944] עור @ עלמה
[18:26:30]     53 total, 53 rows over 8 page(s)
[18:26:30] [426/10944] עור @ עמנואל
[18:26:51]     85 total, 85 rows over 13 page(s)
[18:26:51] [427/10944] עור @ עפולה
[18:27:06]     85 total, 85 rows over 13 page(s)
[18:27:06] [428/10944] עור @ ערב אל נעים
[18:27:20]     75 total, 75 rows over 11 page(s)
[18:27:20] [429/10944] עור @ עתניאל
[18:27:35]     45 total, 45 rows over 7 page(s)
[18:27:35] [430/10944] עור @ פדיה
[18:27:40]     34 total, 34 rows over 5 page(s)
[18:27:40] [431/10944] עור @ פלמחים
[18:27:51]     52 total, 52 rows over 8 page(s)
[18:27:51] [432/10944] עור @ פקיעין חדשה
[18:27:58]     38 total, 38 rows over 6 page(s)
[18:27:58] [433/10944] עור @ פתחיה
[18:28:03]     34 total, 34 rows over 5 page(s)
[18:28:03] [434/10944] עור @ צוקי ים
[18:28:15]     49 total, 49 rows over 8 page(s)
[18:28:15] [435/10944] עור @ צרופה
[18:28:32]     79 total, 79 rows over 12 page(s)
[18:28:32] [436/10944] עור @ קדמת צבי
[18:28:41]     53 total, 53 rows over 8 page(s)
[18:28:41] [437/10944] עור @ קורנית
[18:28:51]     52 total, 52 rows over 8 page(s)
[18:28:51] [438/10944] עור @ קלע
[18:28:59]     53 total, 53 rows over 8 page(s)
[18:28:59] [439/10944] עור @ קרית ארבע
[18:29:07]     46 total, 46 rows over 7 page(s)
[18:29:07] [440/10944] עור @ ראמין
[18:29:18]     49 total, 49 rows over 8 page(s)
[18:29:18] [441/10944] עור @ רביד
[18:29:27]     53 total, 53 rows over 8 page(s)
[18:29:27] [442/10944] עור @ רומאנה ממזרח לאום אל פחם
[18:29:39]     49 total, 49 rows over 8 page(s)
[18:29:39] [443/10944] עור @ רימונים
[18:29:47]     46 total, 46 rows over 7 page(s)
[18:29:47] [444/10944] עור @ רמות נפתלי
[18:29:56]     53 total, 53 rows over 8 page(s)
[18:29:56] [445/10944] עור @ רקפת
[18:30:07]     52 total, 52 rows over 8 page(s)
[18:30:07] [446/10944] עור @ שדה אילן
[18:30:16]     53 total, 53 rows over 8 page(s)
[18:30:16] [447/10944] עור @ שואבה
[18:30:24]     46 total, 46 rows over 7 page(s)
[18:30:24] [448/10944] עור @ שזור
[18:30:34]     52 total, 52 rows over 8 page(s)
[18:30:34] [449/10944] עור @ שילת
[18:30:39]     34 total, 34 rows over 5 page(s)
[18:30:39] [450/10944] עור @ שמעה
[18:30:53]     45 total, 45 rows over 7 page(s)
[18:30:53] [451/10944] עור @ שער העמקים
[18:31:09]     79 total, 79 rows over 12 page(s)
[18:31:09] [452/10944] עור @ שריגים
[18:31:16]     46 total, 46 rows over 7 page(s)
[18:31:16] [453/10944] עור @ תורמוס עייא
[18:31:24]     46 total, 46 rows over 7 page(s)
[18:31:24] [454/10944] עור @ תל יוסף
[18:31:39]     85 total, 85 rows over 13 page(s)
[18:31:39] [455/10944] עור @ תעשיון השרון
[18:31:51]     46 total, 46 rows over 7 page(s)
[18:31:51] [456/10944] עור @ תקוע
[18:31:59]     46 total, 46 rows over 7 page(s)
[18:31:59] [457/10944] עיניים @ א ריחייה
[18:32:15]     71 total, 71 rows over 11 page(s)
[18:32:15] [458/10944] עיניים @ אבו עמרה
[18:32:28]     51 total, 51 rows over 8 page(s)
[18:32:28] [459/10944] עיניים @ אוהד
[18:32:42]     51 total, 51 rows over 8 page(s)
[18:32:42] [460/10944] עיניים @ אזור תעשייה אלון התבור
[18:32:55]     79 total, 79 rows over 12 page(s)
[18:32:55] [461/10944] עיניים @ איבים
[18:33:08]     51 total, 51 rows over 8 page(s)
[18:33:08] [462/10944] עיניים @ אכסאל
[18:33:27]     125 total, 125 rows over 18 page(s)
[18:33:27] [463/10944] עיניים @ אל עריאן
[18:33:40]     72 total, 72 rows over 11 page(s)
[18:33:40] [464/10944] עיניים @ אפיק
[18:33:52]     79 total, 79 rows over 12 page(s)
[18:33:52] [465/10944] עיניים @ אשבול
[18:34:08]     71 total, 71 rows over 11 page(s)
[18:34:08] [466/10944] עיניים @ באקה
[18:34:21]     72 total, 72 rows over 11 page(s)
[18:34:21] [467/10944] עיניים @ בודרוס
[18:34:30]     59 total, 59 rows over 9 page(s)
[18:34:30] [468/10944] עיניים @ בזאריה
[18:34:43]     72 total, 72 rows over 11 page(s)
[18:34:43] [469/10944] עיניים @ ביר אל מכסור
[18:35:03]     122 total, 122 rows over 18 page(s)
[18:35:03] [470/10944] עיניים @ בני יהודה
[18:35:15]     79 total, 79 rows over 12 page(s)
[18:35:15] [471/10944] עיניים @ בקוע
[18:35:22]     41 total, 41 rows over 6 page(s)
[18:35:22] [472/10944] עיניים @ ברכיה
[18:35:35]     51 total, 51 rows over 8 page(s)
[18:35:35] [473/10944] עיניים @ ג'אניה
[18:35:40]     31 total, 31 rows over 5 page(s)
[18:35:40] [474/10944] עיניים @ גבע כרמל
[18:36:01]     122 total, 122 rows over 18 page(s)
[18:36:01] [475/10944] עיניים @ גונן
[18:36:13]     79 total, 79 rows over 12 page(s)
[18:36:13] [476/10944] עיניים @ גינוסר
[18:36:26]     79 total, 79 rows over 12 page(s)
[18:36:26] [477/10944] עיניים @ גנות
[18:36:33]     41 total, 41 rows over 6 page(s)
[18:36:33] [478/10944] עיניים @ גפן
[18:36:39]     36 total, 36 rows over 6 page(s)
[18:36:39] [479/10944] עיניים @ דבירה
[18:36:56]     71 total, 71 rows over 11 page(s)
[18:36:56] [480/10944] עיניים @ דור
[18:37:17]     122 total, 122 rows over 18 page(s)
[18:37:17] [481/10944] עיניים @ דיר אבו דעיף
[18:37:30]     72 total, 72 rows over 11 page(s)
[18:37:30] [482/10944] עיניים @ דקל
[18:37:43]     51 total, 51 rows over 8 page(s)
[18:37:43] [483/10944] עיניים @ הוואשלה
[18:37:56]     51 total, 51 rows over 8 page(s)
[18:37:56] [484/10944] עיניים @ הסוללים
[18:38:09]     79 total, 79 rows over 12 page(s)
[18:38:09] [485/10944] עיניים @ ורד יריחו
[18:38:14]     31 total, 31 rows over 5 page(s)
[18:38:14] [486/10944] עיניים @ זיבדה
[18:38:28]     72 total, 72 rows over 11 page(s)
[18:38:28] [487/10944] עיניים @ זעתרה
[18:38:33]     31 total, 31 rows over 5 page(s)
[18:38:33] [488/10944] עיניים @ חברון
[18:38:39]     31 total, 31 rows over 5 page(s)
[18:38:39] [489/10944] עיניים @ חולון
[18:38:49]     59 total, 59 rows over 9 page(s)
[18:38:49] [490/10944] עיניים @ חיזמא
[18:38:55]     31 total, 31 rows over 5 page(s)
[18:38:55] [491/10944] עיניים @ חמרה
[18:39:00]     31 total, 31 rows over 5 page(s)
[18:39:00] [492/10944] עיניים @ חצור הגלילית
[18:39:14]     79 total, 79 rows over 12 page(s)
[18:39:14] [493/10944] עיניים @ טובא זנגריה
[18:39:27]     79 total, 79 rows over 12 page(s)
[18:39:27] [494/10944] עיניים @ טירת כרמל
[18:39:48]     122 total, 122 rows over 18 page(s)
[18:39:48] [495/10944] עיניים @ טנא
[18:40:04]     71 total, 71 rows over 11 page(s)
[18:40:04] [496/10944] עיניים @ יבנה
[18:40:11]     37 total, 37 rows over 6 page(s)
[18:40:11] [497/10944] עיניים @ ידידה
[18:40:17]     31 total, 31 rows over 5 page(s)
[18:40:17] [498/10944] עיניים @ יטא יוטה
[18:40:33]     71 total, 71 rows over 11 page(s)
[18:40:33] [499/10944] עיניים @ יעד
[18:40:47]     77 total, 77 rows over 12 page(s)
[18:40:47] [500/10944] עיניים @ יקום
[18:41:00]     72 total, 72 rows over 11 page(s)
[18:41:00] [501/10944] עיניים @ ירכא
[18:41:08]     54 total, 54 rows over 8 page(s)
[18:41:08] [502/10944] עיניים @ כברי
[18:41:17]     54 total, 54 rows over 8 page(s)
[18:41:17] [503/10944] עיניים @ כור
[18:41:30]     72 total, 72 rows over 11 page(s)
[18:41:30] [504/10944] עיניים @ כלנית
[18:41:43]     79 total, 79 rows over 12 page(s)
[18:41:43] [505/10944] עיניים @ כפר א דיכ
[18:41:53]     59 total, 59 rows over 9 page(s)
[18:41:53] [506/10944] עיניים @ כרזה
[18:42:11]     71 total, 71 rows over 11 page(s)
[18:42:11] [507/10944] עיניים @ לא מוכר-דרום
[18:42:27]     71 total, 71 rows over 11 page(s)
[18:42:27] [508/10944] עיניים @ לוד
[18:42:34]     41 total, 41 rows over 6 page(s)
[18:42:34] [509/10944] עיניים @ מאור
[18:42:52]     107 total, 107 rows over 16 page(s)
[18:42:52] [510/10944] עיניים @ מבטחים
[18:43:10]     71 total, 71 rows over 11 page(s)
[18:43:10] [511/10944] עיניים @ מגדל עוז
[18:43:16]     31 total, 31 rows over 5 page(s)
[18:43:16] [512/10944] עיניים @ מוע'אזי
[18:43:33]     71 total, 71 rows over 11 page(s)
[18:43:33] [513/10944] עיניים @ מזרעה א שרקיה
[18:43:39]     31 total, 31 rows over 5 page(s)
[18:43:39] [514/10944] עיניים @ מייסר
[18:43:57]     107 total, 107 rows over 16 page(s)
[18:43:57] [515/10944] עיניים @ מכמנים
[18:44:17]     117 total, 117 rows over 17 page(s)
[18:44:17] [516/10944] עיניים @ מנשית זבדה
[18:44:37]     125 total, 125 rows over 18 page(s)
[18:44:37] [517/10944] עיניים @ מעברות
[18:44:49]     72 total, 72 rows over 11 page(s)
[18:44:49] [518/10944] עיניים @ מפלסים
[18:45:02]     51 total, 51 rows over 8 page(s)
[18:45:02] [519/10944] עיניים @ מצדה
[18:45:19]     71 total, 71 rows over 11 page(s)
[18:45:19] [520/10944] עיניים @ מקווה ישראל
[18:45:26]     36 total, 36 rows over 6 page(s)
[18:45:26] [521/10944] עיניים @ מרכז אזורי משגב
[18:45:40]     77 total, 77 rows over 12 page(s)
[18:45:40] [522/10944] עיניים @ משמר הירדן
[18:45:53]     79 total, 79 rows over 12 page(s)
[18:45:53] [523/10944] עיניים @ נאקורה
[18:46:15]     request error (Error), retry 1/4 in 2s
[18:46:19]     72 total, 62 rows over 10 page(s)  (MISSING 10)
[18:46:19] [524/10944] עיניים @ נוגה
[18:46:19]     Non-HTML payload {'errorType': 2, 'message': None, 'data_type': 'dict'} - re-warming session
[18:46:19] Establishing session (attempt 1/3) ...
  Log in in the browser window (ID, password, CAPTCHA, SMS), then press Enter... 