[16:51:04] Taxonomy from cache: 96 specializations
[16:51:07] Loaded 114 cities from parallel/cities-5.txt
[16:51:07] 96 specializations x 114 cities = 10944 pairs
[16:51:07] 10944 remaining; roughly 120384 requests at ~0.3s apart = ~602 min
[16:51:07] [1/10944] אורתופדיה @ א ראס
[16:51:23]     89 total, 89 rows over 13 page(s)
[16:51:23] [2/10944] אורתופדיה @ אבו עמאר
[16:51:36]     43 total, 43 rows over 7 page(s)
[16:51:36] [3/10944] אורתופדיה @ אודם
[16:51:51]     98 total, 98 rows over 15 page(s)
[16:51:51] [4/10944] אורתופדיה @ אזור תעשייה אכזיב מילואות
[16:52:09]     116 total, 116 rows over 17 page(s)
[16:52:09] [5/10944] אורתופדיה @ אטרש
[16:52:22]     43 total, 43 rows over 7 page(s)
[16:52:22] [6/10944] אורתופדיה @ אילת
[16:52:23]     6 total, 6 rows over 1 page(s)
[16:52:23] [7/10944] אורתופדיה @ אל ערוב
[16:52:31]     50 total, 50 rows over 8 page(s)
[16:52:31] [8/10944] אורתופדיה @ אפיניש
[16:52:44]     43 total, 43 rows over 7 page(s)
[16:52:44] [9/10944] אורתופדיה @ ארסוף
[16:52:58]     89 total, 89 rows over 13 page(s)
[16:52:58] [10/10944] אורתופדיה @ אשקלון
[16:53:12]     47 total, 47 rows over 7 page(s)
[16:53:12] [11/10944] אורתופדיה @ בארות יצחק
[16:53:25]     77 total, 77 rows over 12 page(s)
[16:53:25] [12/10944] אורתופדיה @ בורין
[16:53:40]     89 total, 89 rows over 13 page(s)
[16:53:40] [13/10944] אורתופדיה @ ביצרון
[16:53:48]     37 total, 37 rows over 6 page(s)
[16:53:48] [14/10944] אורתופדיה @ בני דרור
[16:54:03]     89 total, 89 rows over 13 page(s)
[16:54:03] [15/10944] אורתופדיה @ בצת
[16:54:15]     71 total, 71 rows over 11 page(s)
[16:54:15] [16/10944] אורתופדיה @ ברכה
[16:54:29]     89 total, 89 rows over 13 page(s)
[16:54:29] [17/10944] אורתופדיה @ ג'אלוד
[16:54:37]     50 total, 50 rows over 8 page(s)
[16:54:37] [18/10944] אורתופדיה @ גבע בנימין
[16:54:45]     50 total, 50 rows over 8 page(s)
[16:54:45] [19/10944] אורתופדיה @ גדרה
[16:54:53]     37 total, 37 rows over 6 page(s)
[16:54:53] [20/10944] אורתופדיה @ גילת
[16:55:10]     63 total, 63 rows over 10 page(s)
[16:55:10] [21/10944] אורתופדיה @ גמזו
[16:55:21]     61 total, 61 rows over 9 page(s)
[16:55:21] [22/10944] אורתופדיה @ געתון
[16:55:33]     71 total, 71 rows over 11 page(s)
[16:55:33] [23/10944] אורתופדיה @ דבוריה
[16:55:54]     146 total, 139 rows over 21 page(s)  (MISSING 7)
[16:55:54] [24/10944] אורתופדיה @ דומא במרכז שומרון
[16:56:12]     63 total, 63 rows over 10 page(s)
[16:56:12] [25/10944] אורתופדיה @ דיר א סודאן
[16:56:21]     58 total, 58 rows over 9 page(s)
[16:56:21] [26/10944] אורתופדיה @ דפנה
[16:56:38]     98 total, 98 rows over 15 page(s)
[16:56:38] [27/10944] אורתופדיה @ הודיות מוסד חינוכי
[16:56:53]     98 total, 98 rows over 15 page(s)
[16:56:53] [28/10944] אורתופדיה @ המרכז האקדמי רופין
[16:57:08]     89 total, 89 rows over 13 page(s)
[16:57:08] [29/10944] אורתופדיה @ ורד הגליל
[16:57:23]     98 total, 98 rows over 15 page(s)
[16:57:23] [30/10944] אורתופדיה @ זוואתא
[16:57:38]     89 total, 89 rows over 13 page(s)
[16:57:38] [31/10944] אורתופדיה @ זנוח
[16:57:46]     50 total, 50 rows over 8 page(s)
[16:57:46] [32/10944] אורתופדיה @ חבר
[16:58:08]     146 total, 139 rows over 21 page(s)  (MISSING 7)
[16:58:08] [33/10944] אורתופדיה @ חולדה
[16:58:20]     61 total, 61 rows over 9 page(s)
[16:58:20] [34/10944] אורתופדיה @ חיבת ציון
[16:58:41]     128 total, 128 rows over 19 page(s)
[16:58:41] [35/10944] אורתופדיה @ חמדת
[16:58:48]     50 total, 50 rows over 8 page(s)
[16:58:48] [36/10944] אורתופדיה @ חצור אשדוד
[16:58:56]     37 total, 37 rows over 6 page(s)
[16:58:56] [37/10944] אורתופדיה @ טבריה
[16:59:12]     98 total, 98 rows over 15 page(s)
[16:59:12] [38/10944] אורתופדיה @ טירת יהודה
[16:59:26]     77 total, 77 rows over 12 page(s)
[16:59:26] [39/10944] אורתופדיה @ טמרה יזרעאל
[16:59:42]     98 total, 98 rows over 15 page(s)
[16:59:42] [40/10944] אורתופדיה @ יבנאל
[16:59:59]     98 total, 98 rows over 15 page(s)
[16:59:59] [41/10944] אורתופדיה @ יד רמב''ם
[17:00:11]     61 total, 61 rows over 9 page(s)
[17:00:11] [42/10944] אורתופדיה @ יחיעם
[17:00:22]     71 total, 71 rows over 11 page(s)
[17:00:22] [43/10944] אורתופדיה @ יעבד
[17:00:36]     89 total, 89 rows over 13 page(s)
[17:00:36] [44/10944] אורתופדיה @ יציץ
[17:00:55]     97 total, 97 rows over 14 page(s)
[17:00:55] [45/10944] אורתופדיה @ יריחו
[17:01:02]     50 total, 50 rows over 8 page(s)
[17:01:02] [46/10944] אורתופדיה @ כאוכב אבו אל היגא
[17:01:17]     91 total, 91 rows over 14 page(s)
[17:01:17] [47/10944] אורתופדיה @ כופיראת
[17:01:32]     89 total, 89 rows over 13 page(s)
[17:01:32] [48/10944] אורתופדיה @ כליל
[17:01:46]     91 total, 91 rows over 14 page(s)
[17:01:46] [49/10944] אורתופדיה @ כעביה טבאש חג'אג'רה
[17:02:08]     146 total, 139 rows over 21 page(s)  (MISSING 7)
[17:02:08] [50/10944] אורתופדיה @ כפר בן נון
[17:02:20]     61 total, 61 rows over 9 page(s)
[17:02:20] [51/10944] אורתופדיה @ כרמי צור
[17:02:28]     50 total, 50 rows over 8 page(s)
[17:02:28] [52/10944] אורתופדיה @ לובאן שרקיה
[17:02:36]     50 total, 50 rows over 8 page(s)
[17:02:36] [53/10944] אורתופדיה @ לקיה
[17:02:49]     43 total, 43 rows over 7 page(s)
[17:02:49] [54/10944] אורתופדיה @ מבועים
[17:03:07]     63 total, 63 rows over 10 page(s)
[17:03:07] [55/10944] אורתופדיה @ מגדל העמק
[17:03:29]     146 total, 139 rows over 21 page(s)  (MISSING 7)
[17:03:29] [56/10944] אורתופדיה @ מולדת
[17:03:51]     146 total, 139 rows over 21 page(s)  (MISSING 7)
[17:03:51] [57/10944] אורתופדיה @ מזרעה
[17:04:03]     71 total, 71 rows over 11 page(s)
[17:04:03] [58/10944] אורתופדיה @ מיטב
[17:04:24]     146 total, 139 rows over 21 page(s)  (MISSING 7)
[17:04:24] [59/10944] אורתופדיה @ מכמורת
[17:04:39]     89 total, 89 rows over 13 page(s)
[17:04:39] [60/10944] אורתופדיה @ מנרה
[17:04:54]     98 total, 98 rows over 15 page(s)
[17:04:54] [61/10944] אורתופדיה @ מסעודין אל עזאזמה
[17:05:07]     43 total, 43 rows over 7 page(s)
[17:05:07] [62/10944] אורתופדיה @ מעיליא
[17:05:19]     71 total, 71 rows over 11 page(s)
[17:05:19] [63/10944] אורתופדיה @ מפעלי כנות
[17:05:33]     73 total, 73 rows over 11 page(s)
[17:05:33] [64/10944] אורתופדיה @ מצפה רמון
[17:05:46]     43 total, 43 rows over 7 page(s)
[17:05:46] [65/10944] אורתופדיה @ מרכז אזורי מרום הגליל
[17:06:01]     98 total, 98 rows over 15 page(s)
[17:06:01] [66/10944] אורתופדיה @ משמר דוד
[17:06:12]     61 total, 61 rows over 9 page(s)
[17:06:12] [67/10944] אורתופדיה @ נאעורה
[17:06:34]     146 total, 139 rows over 21 page(s)  (MISSING 7)
[17:06:34] [68/10944] אורתופדיה @ נובא
[17:06:41]     50 total, 50 rows over 8 page(s)
[17:06:41] [69/10944] אורתופדיה @ נזלה אל ווסטא
[17:06:56]     89 total, 89 rows over 13 page(s)
[17:06:56] [70/10944] אורתופדיה @ נחף
[17:07:11]     91 total, 91 rows over 14 page(s)
[17:07:11] [71/10944] אורתופדיה @ ניסף ג'וביל
[17:07:24]     89 total, 89 rows over 13 page(s)
[17:07:24] [72/10944] אורתופדיה @ נס הרים
[17:07:32]     50 total, 50 rows over 8 page(s)
[17:07:32] [73/10944] אורתופדיה @ נצרת
[17:07:47]     98 total, 98 rows over 15 page(s)
[17:07:47] [74/10944] אורתופדיה @ סאלם ליד אלון מורה
[17:08:01]     89 total, 89 rows over 13 page(s)
[17:08:01] [75/10944] אורתופדיה @ סופה
[17:08:15]     47 total, 47 rows over 7 page(s)
[17:08:15] [76/10944] אורתופדיה @ סיעיר
[17:08:23]     50 total, 50 rows over 8 page(s)
[17:08:23] [77/10944] אורתופדיה @ סעד
[17:08:37]     47 total, 47 rows over 7 page(s)
[17:08:37] [78/10944] אורתופדיה @ עאבוד
[17:08:46]     58 total, 58 rows over 9 page(s)
[17:08:46] [79/10944] אורתופדיה @ עגור
[17:08:54]     50 total, 50 rows over 8 page(s)
[17:08:54] [80/10944] אורתופדיה @ עומר
[17:09:12]     63 total, 63 rows over 10 page(s)
[17:09:12] [81/10944] אורתופדיה @ עזריאל
[17:09:26]     89 total, 89 rows over 13 page(s)
[17:09:26] [82/10944] אורתופדיה @ עילאר
[17:09:41]     89 total, 89 rows over 13 page(s)
[17:09:41] [83/10944] אורתופדיה @ עלי זהב
[17:09:51]     58 total, 58 rows over 9 page(s)
[17:09:51] [84/10944] אורתופדיה @ עמיר
[17:10:07]     98 total, 98 rows over 15 page(s)
[17:10:07] [85/10944] אורתופדיה @ עספיא
[17:10:25]     116 total, 116 rows over 17 page(s)
[17:10:25] [86/10944] אורתופדיה @ עראנה
[17:10:39]     89 total, 89 rows over 13 page(s)
[17:10:39] [87/10944] אורתופדיה @ עתלית
[17:10:59]     116 total, 116 rows over 17 page(s)
[17:10:59] [88/10944] אורתופדיה @ פדויים
[17:11:16]     63 total, 63 rows over 10 page(s)
[17:11:16] [89/10944] אורתופדיה @ פלך
[17:11:34]     116 total, 116 rows over 17 page(s)
[17:11:34] [90/10944] אורתופדיה @ פקיעין
[17:11:46]     71 total, 71 rows over 11 page(s)
[17:11:46] [91/10944] אורתופדיה @ פתח תקווה
[17:11:55]     58 total, 58 rows over 9 page(s)
[17:11:55] [92/10944] אורתופדיה @ צופר
[17:12:09]     43 total, 43 rows over 7 page(s)
[17:12:09] [93/10944] אורתופדיה @ צפת
[17:12:25]     98 total, 98 rows over 15 page(s)
[17:12:25] [94/10944] אורתופדיה @ קדמה
[17:12:40]     73 total, 73 rows over 11 page(s)
[17:12:40] [95/10944] אורתופדיה @ קוסרה
[17:12:47]     50 total, 50 rows over 8 page(s)
[17:12:47] [96/10944] אורתופדיה @ קלנסווה
[17:13:02]     89 total, 89 rows over 13 page(s)
[17:13:02] [97/10944] אורתופדיה @ קרית אונו
[17:13:12]     58 total, 58 rows over 9 page(s)
[17:13:12] [98/10944] אורתופדיה @ ראמה
[17:13:26]     91 total, 91 rows over 14 page(s)
[17:13:26] [99/10944] אורתופדיה @ רביבים
[17:13:38]     43 total, 43 rows over 7 page(s)
[17:13:38] [100/10944] אורתופדיה @ רומאנה
[17:13:53]     98 total, 98 rows over 15 page(s)
[17:13:53] [101/10944] אורתופדיה @ ריינה
[17:14:08]     98 total, 98 rows over 15 page(s)
[17:14:08] [102/10944] אורתופדיה @ רמות מנשה
[17:14:27]     116 total, 116 rows over 17 page(s)
[17:14:27] [103/10944] אורתופדיה @ רפיח
[17:14:44]     63 total, 63 rows over 10 page(s)
[17:14:44] [104/10944] אורתופדיה @ שגב שלום
[17:14:56]     43 total, 43 rows over 7 page(s)
[17:14:56] [105/10944] אורתופדיה @ שדה משה
[17:15:09]     47 total, 47 rows over 7 page(s)
[17:15:09] [106/10944] אורתופדיה @ שוקדה
[17:15:28]     63 total, 63 rows over 10 page(s)
[17:15:28] [107/10944] אורתופדיה @ שילה
[17:15:36]     50 total, 50 rows over 8 page(s)
[17:15:36] [108/10944] אורתופדיה @ שמיר
[17:15:51]     98 total, 98 rows over 15 page(s)
[17:15:51] [109/10944] אורתופדיה @ שער הגולן
[17:16:07]     98 total, 98 rows over 15 page(s)
[17:16:07] [110/10944] אורתופדיה @ שרונה
[17:16:23]     98 total, 98 rows over 15 page(s)
[17:16:23] [111/10944] אורתופדיה @ תוקוע
[17:16:30]     50 total, 50 rows over 8 page(s)
[17:16:30] [112/10944] אורתופדיה @ תל חי
[17:16:46]     98 total, 98 rows over 15 page(s)
[17:16:46] [113/10944] אורתופדיה @ תעשיון בר לב
[17:17:05]     116 total, 116 rows over 17 page(s)
[17:17:05] [114/10944] אורתופדיה @ תקומה
[17:17:22]     63 total, 63 rows over 10 page(s)
[17:17:22] [115/10944] אף אוזן גרון @ א ראס
[17:17:33]     67 total, 67 rows over 10 page(s)
[17:17:33] [116/10944] אף אוזן גרון @ אבו עמאר
[17:17:46]     47 total, 47 rows over 7 page(s)
[17:17:46] [117/10944] אף אוזן גרון @ אודם
[17:17:56]     59 total, 59 rows over 9 page(s)
[17:17:56] [118/10944] אף אוזן גרון @ אזור תעשייה אכזיב מילואות
[17:18:09]     77 total, 77 rows over 12 page(s)
[17:18:09] [119/10944] אף אוזן גרון @ אטרש
[17:18:20]     47 total, 47 rows over 7 page(s)
[17:18:20] [120/10944] אף אוזן גרון @ אילת
[17:18:21]     4 total, 4 rows over 1 page(s)
[17:18:21] [121/10944] אף אוזן גרון @ אל ערוב
[17:18:28]     42 total, 42 rows over 7 page(s)
[17:18:28] [122/10944] אף אוזן גרון @ אפיניש
[17:18:39]     47 total, 47 rows over 7 page(s)
[17:18:39] [123/10944] אף אוזן גרון @ ארסוף
[17:18:51]     67 total, 67 rows over 10 page(s)
[17:18:51] [124/10944] אף אוזן גרון @ אשקלון
[17:19:02]     41 total, 41 rows over 6 page(s)
[17:19:02] [125/10944] אף אוזן גרון @ בארות יצחק
[17:19:13]     59 total, 59 rows over 9 page(s)
[17:19:13] [126/10944] אף אוזן גרון @ בורין
[17:19:23]     67 total, 67 rows over 10 page(s)
[17:19:23] [127/10944] אף אוזן גרון @ ביצרון
[17:19:29]     27 total, 27 rows over 4 page(s)
[17:19:29] [128/10944] אף אוזן גרון @ בני דרור
[17:19:39]     67 total, 67 rows over 10 page(s)
[17:19:39] [129/10944] אף אוזן גרון @ בצת
[17:19:45]     38 total, 38 rows over 6 page(s)
[17:19:45] [130/10944] אף אוזן גרון @ ברכה
[17:19:56]     67 total, 67 rows over 10 page(s)
[17:19:56] [131/10944] אף אוזן גרון @ ג'אלוד
[17:20:03]     42 total, 42 rows over 7 page(s)
[17:20:03] [132/10944] אף אוזן גרון @ גבע בנימין
[17:20:10]     42 total, 42 rows over 7 page(s)
[17:20:10] [133/10944] אף אוזן גרון @ גדרה
[17:20:16]     27 total, 27 rows over 4 page(s)
[17:20:16] [134/10944] אף אוזן גרון @ גילת
[17:20:31]     63 total, 63 rows over 10 page(s)
[17:20:31] [135/10944] אף אוזן גרון @ גמזו
[17:20:37]     32 total, 32 rows over 5 page(s)
[17:20:37] [136/10944] אף אוזן גרון @ געתון
[17:20:43]     38 total, 38 rows over 6 page(s)
[17:20:43] [137/10944] אף אוזן גרון @ דבוריה
[17:20:59]     95 total, 95 rows over 14 page(s)
[17:20:59] [138/10944] אף אוזן גרון @ דומא במרכז שומרון
[17:21:14]     63 total, 63 rows over 10 page(s)
[17:21:14] [139/10944] אף אוזן גרון @ דיר א סודאן
[17:21:22]     38 total, 38 rows over 6 page(s)
[17:21:22] [140/10944] אף אוזן גרון @ דפנה
[17:21:32]     59 total, 59 rows over 9 page(s)
[17:21:32] [141/10944] אף אוזן גרון @ הודיות מוסד חינוכי
[17:21:41]     59 total, 59 rows over 9 page(s)
[17:21:41] [142/10944] אף אוזן גרון @ המרכז האקדמי רופין
[17:21:53]     67 total, 67 rows over 10 page(s)
[17:21:53] [143/10944] אף אוזן גרון @ ורד הגליל
[17:22:03]     59 total, 59 rows over 9 page(s)
[17:22:03] [144/10944] אף אוזן גרון @ זוואתא
[17:22:13]     67 total, 67 rows over 10 page(s)
[17:22:13] [145/10944] אף אוזן גרון @ זנוח
[17:22:21]     42 total, 42 rows over 7 page(s)
[17:22:21] [146/10944] אף אוזן גרון @ חבר
[17:22:36]     95 total, 95 rows over 14 page(s)
[17:22:36] [147/10944] אף אוזן גרון @ חולדה
[17:22:43]     32 total, 32 rows over 5 page(s)
[17:22:43] [148/10944] אף אוזן גרון @ חיבת ציון
[17:23:00]     92 total, 92 rows over 14 page(s)
[17:23:00] [149/10944] אף אוזן גרון @ חמדת
[17:23:06]     42 total, 42 rows over 7 page(s)
[17:23:06] [150/10944] אף אוזן גרון @ חצור אשדוד
[17:23:11]     27 total, 27 rows over 4 page(s)
[17:23:11] [151/10944] אף אוזן גרון @ טבריה
[17:23:22]     59 total, 59 rows over 9 page(s)
[17:23:22] [152/10944] אף אוזן גרון @ טירת יהודה
[17:23:33]     59 total, 59 rows over 9 page(s)
[17:23:33] [153/10944] אף אוזן גרון @ טמרה יזרעאל
[17:23:43]     59 total, 59 rows over 9 page(s)
[17:23:43] [154/10944] אף אוזן גרון @ יבנאל
[17:23:53]     59 total, 59 rows over 9 page(s)
[17:23:53] [155/10944] אף אוזן גרון @ יד רמב''ם
[17:24:00]     32 total, 32 rows over 5 page(s)
[17:24:00] [156/10944] אף אוזן גרון @ יחיעם
[17:24:07]     38 total, 38 rows over 6 page(s)
[17:24:07] [157/10944] אף אוזן גרון @ יעבד
[17:24:18]     67 total, 67 rows over 10 page(s)
[17:24:18] [158/10944] אף אוזן גרון @ יציץ
[17:24:30]     62 total, 62 rows over 9 page(s)
[17:24:30] [159/10944] אף אוזן גרון @ יריחו
[17:24:37]     42 total, 42 rows over 7 page(s)
[17:24:37] [160/10944] אף אוזן גרון @ כאוכב אבו אל היגא
[17:24:47]     55 total, 55 rows over 8 page(s)
[17:24:47] [161/10944] אף אוזן גרון @ כופיראת
[17:24:58]     67 total, 67 rows over 10 page(s)
[17:24:58] [162/10944] אף אוזן גרון @ כליל
[17:25:08]     55 total, 55 rows over 8 page(s)
[17:25:08] [163/10944] אף אוזן גרון @ כעביה טבאש חג'אג'רה
[17:25:24]     95 total, 95 rows over 14 page(s)
[17:25:24] [164/10944] אף אוזן גרון @ כפר בן נון
[17:25:31]     32 total, 32 rows over 5 page(s)
[17:25:31] [165/10944] אף אוזן גרון @ כרמי צור
[17:25:38]     42 total, 42 rows over 7 page(s)
[17:25:38] [166/10944] אף אוזן גרון @ לובאן שרקיה
[17:25:45]     42 total, 42 rows over 7 page(s)
[17:25:45] [167/10944] אף אוזן גרון @ לקיה
[17:25:57]     47 total, 47 rows over 7 page(s)
[17:25:57] [168/10944] אף אוזן גרון @ מבועים
[17:26:12]     63 total, 63 rows over 10 page(s)
[17:26:12] [169/10944] אף אוזן גרון @ מגדל העמק
[17:26:28]     95 total, 95 rows over 14 page(s)
[17:26:28] [170/10944] אף אוזן גרון @ מולדת
[17:26:44]     95 total, 95 rows over 14 page(s)
[17:26:44] [171/10944] אף אוזן גרון @ מזרעה
[17:26:51]     38 total, 38 rows over 6 page(s)
[17:26:51] [172/10944] אף אוזן גרון @ מיטב
[17:27:07]     95 total, 95 rows over 14 page(s)
[17:27:07] [173/10944] אף אוזן גרון @ מכמורת
[17:27:18]     67 total, 67 rows over 10 page(s)
[17:27:18] [174/10944] אף אוזן גרון @ מנרה
[17:27:27]     59 total, 59 rows over 9 page(s)
[17:27:27] [175/10944] אף אוזן גרון @ מסעודין אל עזאזמה
[17:27:39]     47 total, 47 rows over 7 page(s)
[17:27:39] [176/10944] אף אוזן גרון @ מעיליא
[17:27:46]     38 total, 38 rows over 6 page(s)
[17:27:46] [177/10944] אף אוזן גרון @ מפעלי כנות
[17:27:56]     44 total, 44 rows over 7 page(s)
[17:27:56] [178/10944] אף אוזן גרון @ מצפה רמון
[17:28:08]     47 total, 47 rows over 7 page(s)
[17:28:08] [179/10944] אף אוזן גרון @ מרכז אזורי מרום הגליל
[17:28:18]     59 total, 59 rows over 9 page(s)
[17:28:18] [180/10944] אף אוזן גרון @ משמר דוד
[17:28:25]     32 total, 32 rows over 5 page(s)
[17:28:25] [181/10944] אף אוזן גרון @ נאעורה
[17:28:40]     95 total, 95 rows over 14 page(s)
[17:28:40] [182/10944] אף אוזן גרון @ נובא
[17:28:47]     42 total, 42 rows over 7 page(s)
[17:28:47] [183/10944] אף אוזן גרון @ נזלה אל ווסטא
[17:28:58]     67 total, 67 rows over 10 page(s)
[17:28:58] [184/10944] אף אוזן גרון @ נחף
[17:29:08]     55 total, 55 rows over 8 page(s)
[17:29:08] [185/10944] אף אוזן גרון @ ניסף ג'וביל
[17:29:19]     67 total, 67 rows over 10 page(s)
[17:29:19] [186/10944] אף אוזן גרון @ נס הרים
[17:29:26]     42 total, 42 rows over 7 page(s)
[17:29:26] [187/10944] אף אוזן גרון @ נצרת
[17:29:36]     59 total, 59 rows over 9 page(s)
[17:29:36] [188/10944] אף אוזן גרון @ סאלם ליד אלון מורה
[17:29:47]     67 total, 67 rows over 10 page(s)
[17:29:47] [189/10944] אף אוזן גרון @ סופה
[17:29:58]     41 total, 41 rows over 6 page(s)
[17:29:58] [190/10944] אף אוזן גרון @ סיעיר
[17:30:04]     42 total, 42 rows over 7 page(s)
[17:30:04] [191/10944] אף אוזן גרון @ סעד
[17:30:16]     41 total, 41 rows over 6 page(s)
[17:30:16] [192/10944] אף אוזן גרון @ עאבוד
[17:30:23]     38 total, 38 rows over 6 page(s)
[17:30:23] [193/10944] אף אוזן גרון @ עגור
[17:30:30]     42 total, 42 rows over 7 page(s)
[17:30:30] [194/10944] אף אוזן גרון @ עומר
[17:30:46]     63 total, 63 rows over 10 page(s)
[17:30:46] [195/10944] אף אוזן גרון @ עזריאל
[17:30:57]     67 total, 67 rows over 10 page(s)
[17:30:57] [196/10944] אף אוזן גרון @ עילאר
[17:31:08]     67 total, 67 rows over 10 page(s)
[17:31:08] [197/10944] אף אוזן גרון @ עלי זהב
[17:31:15]     38 total, 38 rows over 6 page(s)
[17:31:15] [198/10944] אף אוזן גרון @ עמיר
[17:31:25]     59 total, 59 rows over 9 page(s)
[17:31:25] [199/10944] אף אוזן גרון @ עספיא
[17:31:39]     82 total, 82 rows over 12 page(s)
[17:31:39] [200/10944] אף אוזן גרון @ עראנה
[17:31:50]     67 total, 67 rows over 10 page(s)
[17:31:50] [201/10944] אף אוזן גרון @ עתלית
[17:32:03]     82 total, 82 rows over 12 page(s)
[17:32:03] [202/10944] אף אוזן גרון @ פדויים
[17:32:18]     63 total, 63 rows over 10 page(s)
[17:32:18] [203/10944] אף אוזן גרון @ פלך
[17:32:31]     77 total, 77 rows over 12 page(s)
[17:32:31] [204/10944] אף אוזן גרון @ פקיעין
[17:32:37]     38 total, 38 rows over 6 page(s)
[17:32:37] [205/10944] אף אוזן גרון @ פתח תקווה
[17:32:44]     38 total, 38 rows over 6 page(s)
[17:32:44] [206/10944] אף אוזן גרון @ צופר
[17:32:56]     47 total, 47 rows over 7 page(s)
[17:32:56] [207/10944] אף אוזן גרון @ צפת
[17:33:06]     59 total, 59 rows over 9 page(s)
[17:33:06] [208/10944] אף אוזן גרון @ קדמה
[17:33:14]     44 total, 44 rows over 7 page(s)
[17:33:14] [209/10944] אף אוזן גרון @ קוסרה
[17:33:21]     42 total, 42 rows over 7 page(s)
[17:33:21] [210/10944] אף אוזן גרון @ קלנסווה
[17:33:32]     67 total, 67 rows over 10 page(s)
[17:33:32] [211/10944] אף אוזן גרון @ קרית אונו
[17:33:39]     38 total, 38 rows over 6 page(s)
[17:33:39] [212/10944] אף אוזן גרון @ ראמה
[17:33:49]     55 total, 55 rows over 8 page(s)
[17:33:49] [213/10944] אף אוזן גרון @ רביבים
[17:34:01]     47 total, 47 rows over 7 page(s)
[17:34:01] [214/10944] אף אוזן גרון @ רומאנה
[17:34:11]     59 total, 59 rows over 9 page(s)
[17:34:11] [215/10944] אף אוזן גרון @ ריינה
[17:34:21]     59 total, 59 rows over 9 page(s)
[17:34:21] [216/10944] אף אוזן גרון @ רמות מנשה
[17:34:36]     82 total, 82 rows over 12 page(s)
[17:34:36] [217/10944] אף אוזן גרון @ רפיח
[17:34:51]     63 total, 63 rows over 10 page(s)
[17:34:51] [218/10944] אף אוזן גרון @ שגב שלום
[17:35:03]     47 total, 47 rows over 7 page(s)
[17:35:03] [219/10944] אף אוזן גרון @ שדה משה
[17:35:13]     41 total, 41 rows over 6 page(s)
[17:35:13] [220/10944] אף אוזן גרון @ שוקדה
[17:35:29]     63 total, 63 rows over 10 page(s)
[17:35:29] [221/10944] אף אוזן גרון @ שילה
[17:35:36]     42 total, 42 rows over 7 page(s)
[17:35:36] [222/10944] אף אוזן גרון @ שמיר
[17:35:45]     59 total, 59 rows over 9 page(s)
[17:35:45] [223/10944] אף אוזן גרון @ שער הגולן
[17:35:54]     59 total, 59 rows over 9 page(s)
[17:35:54] [224/10944] אף אוזן גרון @ שרונה
[17:36:05]     59 total, 59 rows over 9 page(s)
[17:36:05] [225/10944] אף אוזן גרון @ תוקוע
[17:36:12]     42 total, 42 rows over 7 page(s)
[17:36:12] [226/10944] אף אוזן גרון @ תל חי
[17:36:23]     59 total, 59 rows over 9 page(s)
[17:36:23] [227/10944] אף אוזן גרון @ תעשיון בר לב
[17:36:36]     77 total, 77 rows over 12 page(s)
[17:36:36] [228/10944] אף אוזן גרון @ תקומה
[17:36:50]     63 total, 63 rows over 10 page(s)
[17:36:50] [229/10944] נשים @ א ראס
[17:37:14]     142 total, 139 rows over 21 page(s)  (MISSING 3)
[17:37:14] [230/10944] נשים @ אבו עמאר
[17:37:31]     112 total, 112 rows over 17 page(s)
[17:37:31] [231/10944] נשים @ אודם
[17:37:45]     87 total, 87 rows over 13 page(s)
[17:37:45] [232/10944] נשים @ אזור תעשייה אכזיב מילואות
[17:38:07]     175 total, 139 rows over 21 page(s)  (MISSING 36)
[17:38:07] [233/10944] נשים @ אטרש
[17:38:24]     112 total, 112 rows over 17 page(s)
[17:38:24] [234/10944] נשים @ אילת
[17:38:26]     10 total, 10 rows over 2 page(s)
[17:38:26] [235/10944] נשים @ אל ערוב
[17:38:45]     132 total, 132 rows over 19 page(s)
[17:38:45] [236/10944] נשים @ אפיניש
[17:39:02]     112 total, 112 rows over 17 page(s)
[17:39:02] [237/10944] נשים @ ארסוף
[17:39:23]     142 total, 139 rows over 21 page(s)  (MISSING 3)
[17:39:23] [238/10944] נשים @ אשקלון
[17:39:40]     108 total, 108 rows over 16 page(s)
[17:39:40] [239/10944] נשים @ בארות יצחק
[17:39:52]     70 total, 70 rows over 11 page(s)
[17:39:52] [240/10944] נשים @ בורין
[17:40:13]     142 total, 139 rows over 21 page(s)  (MISSING 3)
[17:40:13] [241/10944] נשים @ ביצרון
[17:40:24]     63 total, 63 rows over 10 page(s)
[17:40:24] [242/10944] נשים @ בני דרור
[17:40:45]     142 total, 139 rows over 21 page(s)  (MISSING 3)
[17:40:45] [243/10944] נשים @ בצת
[17:41:00]     88 total, 88 rows over 13 page(s)
[17:41:00] [244/10944] נשים @ ברכה
[17:41:21]     142 total, 139 rows over 21 page(s)  (MISSING 3)
[17:41:21] [245/10944] נשים @ ג'אלוד
[17:41:39]     132 total, 132 rows over 19 page(s)
[17:41:39] [246/10944] נשים @ גבע בנימין
[17:41:57]     132 total, 132 rows over 19 page(s)
[17:41:57] [247/10944] נשים @ גדרה
[17:42:07]     63 total, 63 rows over 10 page(s)
[17:42:07] [248/10944] נשים @ גילת
[17:42:28]     156 total, 139 rows over 21 page(s)  (MISSING 17)
[17:42:28] [249/10944] נשים @ גמזו
[17:42:41]     88 total, 88 rows over 13 page(s)
[17:42:41] [250/10944] נשים @ געתון
[17:42:55]     88 total, 88 rows over 13 page(s)
[17:42:55] [251/10944] נשים @ דבוריה
[17:43:16]     176 total, 139 rows over 21 page(s)  (MISSING 37)
[17:43:16] [252/10944] נשים @ דומא במרכז שומרון
[17:43:37]     156 total, 139 rows over 21 page(s)  (MISSING 17)
[17:43:37] [253/10944] נשים @ דיר א סודאן
[17:43:42]     29 total, 29 rows over 5 page(s)
[17:43:42] [254/10944] נשים @ דפנה
[17:43:56]     87 total, 87 rows over 13 page(s)
[17:43:56] [255/10944] נשים @ הודיות מוסד חינוכי
[17:44:09]     87 total, 87 rows over 13 page(s)
[17:44:09] [256/10944] נשים @ המרכז האקדמי רופין
[17:44:31]     142 total, 139 rows over 21 page(s)  (MISSING 3)
[17:44:31] [257/10944] נשים @ ורד הגליל
[17:44:45]     87 total, 87 rows over 13 page(s)
[17:44:45] [258/10944] נשים @ זוואתא
[17:45:06]     142 total, 139 rows over 21 page(s)  (MISSING 3)
[17:45:06] [259/10944] נשים @ זנוח
[17:45:25]     132 total, 132 rows over 19 page(s)
[17:45:25] [260/10944] נשים @ חבר
[17:45:47]     176 total, 139 rows over 21 page(s)  (MISSING 37)
[17:45:47] [261/10944] נשים @ חולדה
[17:45:59]     88 total, 88 rows over 13 page(s)
[17:45:59] [262/10944] נשים @ חיבת ציון
[17:46:22]     203 total, 139 rows over 21 page(s)  (MISSING 64)
[17:46:22] [263/10944] נשים @ חמדת
[17:46:40]     132 total, 132 rows over 19 page(s)
[17:46:40] [264/10944] נשים @ חצור אשדוד
[17:46:50]     63 total, 63 rows over 10 page(s)
[17:46:50] [265/10944] נשים @ טבריה
[17:47:04]     87 total, 87 rows over 13 page(s)
[17:47:04] [266/10944] נשים @ טירת יהודה
[17:47:16]     70 total, 70 rows over 11 page(s)
[17:47:16] [267/10944] נשים @ טמרה יזרעאל
[17:47:29]     87 total, 87 rows over 13 page(s)
[17:47:29] [268/10944] נשים @ יבנאל
[17:47:44]     87 total, 87 rows over 13 page(s)
[17:47:44] [269/10944] נשים @ יד רמב''ם
[17:47:57]     88 total, 88 rows over 13 page(s)
[17:47:57] [270/10944] נשים @ יחיעם
[17:48:11]     88 total, 88 rows over 13 page(s)
[17:48:11] [271/10944] נשים @ יעבד
[17:48:32]     142 total, 139 rows over 21 page(s)  (MISSING 3)
[17:48:32] [272/10944] נשים @ יציץ
[17:48:53]     138 total, 138 rows over 20 page(s)
[17:48:53] [273/10944] נשים @ יריחו
[17:49:11]     132 total, 132 rows over 19 page(s)
[17:49:11] [274/10944] נשים @ כאוכב אבו אל היגא
[17:49:31]     120 total, 120 rows over 18 page(s)
[17:49:31] [275/10944] נשים @ כופיראת
[17:49:53]     142 total, 139 rows over 21 page(s)  (MISSING 3)
[17:49:53] [276/10944] נשים @ כליל
[17:50:12]     120 total, 120 rows over 18 page(s)
[17:50:12] [277/10944] נשים @ כעביה טבאש חג'אג'רה
[17:50:35]     176 total, 139 rows over 21 page(s)  (MISSING 37)
[17:50:35] [278/10944] נשים @ כפר בן נון
[17:50:49]     88 total, 88 rows over 13 page(s)
[17:50:49] [279/10944] נשים @ כרמי צור
[17:51:08]     132 total, 132 rows over 19 page(s)
[17:51:08] [280/10944] נשים @ לובאן שרקיה
[17:51:27]     132 total, 132 rows over 19 page(s)
[17:51:27] [281/10944] נשים @ לקיה
[17:51:45]     112 total, 112 rows over 17 page(s)
[17:51:46] [282/10944] נשים @ מבועים
[17:52:07]     156 total, 139 rows over 21 page(s)  (MISSING 17)
[17:52:07] [283/10944] נשים @ מגדל העמק
[17:52:30]     176 total, 139 rows over 21 page(s)  (MISSING 37)
[17:52:30] [284/10944] נשים @ מולדת
[17:52:52]     176 total, 139 rows over 21 page(s)  (MISSING 37)
[17:52:52] [285/10944] נשים @ מזרעה
[17:53:06]     88 total, 88 rows over 13 page(s)
[17:53:06] [286/10944] נשים @ מיטב
[17:53:28]     176 total, 139 rows over 21 page(s)  (MISSING 37)
[17:53:28] [287/10944] נשים @ מכמורת
[17:53:49]     142 total, 139 rows over 21 page(s)  (MISSING 3)
[17:53:49] [288/10944] נשים @ מנרה
[17:54:02]     87 total, 87 rows over 13 page(s)
[17:54:02] [289/10944] נשים @ מסעודין אל עזאזמה
[17:54:19]     112 total, 112 rows over 17 page(s)
[17:54:19] [290/10944] נשים @ מעיליא
[17:54:33]     88 total, 88 rows over 13 page(s)
[17:54:33] [291/10944] נשים @ מפעלי כנות
[17:54:50]     113 total, 113 rows over 17 page(s)
[17:54:50] [292/10944] נשים @ מצפה רמון
[17:55:08]     112 total, 112 rows over 17 page(s)
[17:55:08] [293/10944] נשים @ מרכז אזורי מרום הגליל
[17:55:22]     87 total, 87 rows over 13 page(s)
[17:55:22] [294/10944] נשים @ משמר דוד
[17:55:36]     88 total, 88 rows over 13 page(s)
[17:55:36] [295/10944] נשים @ נאעורה
[17:55:57]     176 total, 139 rows over 21 page(s)  (MISSING 37)
[17:55:57] [296/10944] נשים @ נובא
[17:56:15]     132 total, 132 rows over 19 page(s)
[17:56:15] [297/10944] נשים @ נזלה אל ווסטא
[17:56:36]     142 total, 139 rows over 21 page(s)  (MISSING 3)
[17:56:36] [298/10944] נשים @ נחף
[17:56:55]     120 total, 120 rows over 18 page(s)
[17:56:55] [299/10944] נשים @ ניסף ג'וביל
[17:57:16]     142 total, 139 rows over 21 page(s)  (MISSING 3)
[17:57:16] [300/10944] נשים @ נס הרים
[17:57:34]     132 total, 132 rows over 19 page(s)
[17:57:34] [301/10944] נשים @ נצרת
[17:57:48]     87 total, 87 rows over 13 page(s)
[17:57:48] [302/10944] נשים @ סאלם ליד אלון מורה
[17:58:09]     142 total, 139 rows over 21 page(s)  (MISSING 3)
[17:58:09] [303/10944] נשים @ סופה
[17:58:25]     108 total, 108 rows over 16 page(s)
[17:58:25] [304/10944] נשים @ סיעיר
[17:58:45]     132 total, 132 rows over 19 page(s)
[17:58:45] [305/10944] נשים @ סעד
[17:59:02]     108 total, 108 rows over 16 page(s)
[17:59:02] [306/10944] נשים @ עאבוד
[17:59:08]     29 total, 29 rows over 5 page(s)
[17:59:08] [307/10944] נשים @ עגור
[17:59:27]     132 total, 132 rows over 19 page(s)
[17:59:27] [308/10944] נשים @ עומר
[17:59:49]     156 total, 139 rows over 21 page(s)  (MISSING 17)
[17:59:49] [309/10944] נשים @ עזריאל
[18:00:11]     142 total, 139 rows over 21 page(s)  (MISSING 3)
[18:00:11] [310/10944] נשים @ עילאר
[18:00:32]     142 total, 139 rows over 21 page(s)  (MISSING 3)
[18:00:32] [311/10944] נשים @ עלי זהב
[18:00:38]     29 total, 29 rows over 5 page(s)
[18:00:38] [312/10944] נשים @ עמיר
[18:00:52]     87 total, 87 rows over 13 page(s)
[18:00:52] [313/10944] נשים @ עספיא
[18:01:13]     185 total, 139 rows over 21 page(s)  (MISSING 46)
[18:01:13] [314/10944] נשים @ עראנה
[18:01:34]     142 total, 139 rows over 21 page(s)  (MISSING 3)
[18:01:34] [315/10944] נשים @ עתלית
[18:01:56]     185 total, 139 rows over 21 page(s)  (MISSING 46)
[18:01:56] [316/10944] נשים @ פדויים
[18:02:18]     156 total, 139 rows over 21 page(s)  (MISSING 17)
[18:02:18] [317/10944] נשים @ פלך
[18:02:39]     175 total, 139 rows over 21 page(s)  (MISSING 36)
[18:02:39] [318/10944] נשים @ פקיעין
[18:02:52]     88 total, 88 rows over 13 page(s)
[18:02:52] [319/10944] נשים @ פתח תקווה
[18:02:58]     29 total, 29 rows over 5 page(s)
[18:02:58] [320/10944] נשים @ צופר
[18:03:16]     112 total, 112 rows over 17 page(s)
[18:03:16] [321/10944] נשים @ צפת
[18:03:30]     87 total, 87 rows over 13 page(s)
[18:03:30] [322/10944] נשים @ קדמה
[18:03:47]     113 total, 113 rows over 17 page(s)
[18:03:47] [323/10944] נשים @ קוסרה
[18:04:05]     132 total, 132 rows over 19 page(s)
[18:04:05] [324/10944] נשים @ קלנסווה
[18:04:27]     142 total, 139 rows over 21 page(s)  (MISSING 3)
[18:04:27] [325/10944] נשים @ קרית אונו
[18:04:33]     29 total, 29 rows over 5 page(s)
[18:04:33] [326/10944] נשים @ ראמה
[18:04:53]     120 total, 120 rows over 18 page(s)
[18:04:53] [327/10944] נשים @ רביבים
[18:05:10]     112 total, 112 rows over 17 page(s)
[18:05:10] [328/10944] נשים @ רומאנה
[18:05:24]     87 total, 87 rows over 13 page(s)
[18:05:24] [329/10944] נשים @ ריינה
[18:05:37]     87 total, 87 rows over 13 page(s)
[18:05:37] [330/10944] נשים @ רמות מנשה
[18:05:42]     0 results (no availability)
[18:05:42] [331/10944] נשים @ רפיח
[18:06:03]     156 total, 139 rows over 21 page(s)  (MISSING 17)
[18:06:03] [332/10944] נשים @ שגב שלום
[18:06:20]     112 total, 112 rows over 17 page(s)
[18:06:20] [333/10944] נשים @ שדה משה
[18:06:37]     108 total, 108 rows over 16 page(s)
[18:06:37] [334/10944] נשים @ שוקדה
[18:06:58]     156 total, 139 rows over 21 page(s)  (MISSING 17)
[18:06:58] [335/10944] נשים @ שילה
[18:07:16]     132 total, 132 rows over 19 page(s)
[18:07:16] [336/10944] נשים @ שמיר
[18:07:31]     87 total, 87 rows over 13 page(s)
[18:07:31] [337/10944] נשים @ שער הגולן
[18:07:44]     87 total, 87 rows over 13 page(s)
[18:07:44] [338/10944] נשים @ שרונה
[18:07:57]     87 total, 87 rows over 13 page(s)
[18:07:57] [339/10944] נשים @ תוקוע
[18:08:16]     132 total, 132 rows over 19 page(s)
[18:08:16] [340/10944] נשים @ תל חי
[18:08:29]     87 total, 87 rows over 13 page(s)
[18:08:29] [341/10944] נשים @ תעשיון בר לב
[18:08:51]     175 total, 139 rows over 21 page(s)  (MISSING 36)
[18:08:51] [342/10944] נשים @ תקומה
[18:09:12]     156 total, 139 rows over 21 page(s)  (MISSING 17)
[18:09:12] [343/10944] עור @ א ראס
[18:09:24]     49 total, 49 rows over 8 page(s)
[18:09:24] [344/10944] עור @ אבו עמאר
[18:09:34]     34 total, 34 rows over 5 page(s)
[18:09:34] [345/10944] עור @ אודם
[18:09:42]     53 total, 53 rows over 8 page(s)
[18:09:42] [346/10944] עור @ אזור תעשייה אכזיב מילואות
[18:09:57]     75 total, 75 rows over 11 page(s)
[18:09:57] [347/10944] עור @ אטרש
[18:10:07]     34 total, 34 rows over 5 page(s)
[18:10:07] [348/10944] עור @ אילת
[18:10:08]     6 total, 6 rows over 1 page(s)
[18:10:08] [349/10944] עור @ אל ערוב
[18:10:16]     46 total, 46 rows over 7 page(s)
[18:10:16] [350/10944] עור @ אפיניש
[18:10:26]     34 total, 34 rows over 5 page(s)
[18:10:26] [351/10944] עור @ ארסוף
[18:10:38]     49 total, 49 rows over 8 page(s)
[18:10:38] [352/10944] עור @ אשקלון
[18:10:49]     32 total, 32 rows over 5 page(s)
[18:10:49] [353/10944] עור @ בארות יצחק
[18:11:04]     62 total, 62 rows over 9 page(s)
[18:11:04] [354/10944] עור @ בורין
[18:11:16]     49 total, 49 rows over 8 page(s)
[18:11:16] [355/10944] עור @ ביצרון
[18:11:20]     24 total, 24 rows over 4 page(s)
[18:11:20] [356/10944] עור @ בני דרור
[18:11:33]     49 total, 49 rows over 8 page(s)
[18:11:33] [357/10944] עור @ בצת
[18:11:40]     38 total, 38 rows over 6 page(s)
[18:11:40] [358/10944] עור @ ברכה
[18:11:51]     49 total, 49 rows over 8 page(s)
[18:11:51] [359/10944] עור @ ג'אלוד
[18:11:58]     46 total, 46 rows over 7 page(s)
[18:11:58] [360/10944] עור @ גבע בנימין
[18:12:06]     47 total, 47 rows over 7 page(s)
[18:12:06] [361/10944] עור @ גדרה
[18:12:10]     24 total, 24 rows over 4 page(s)
[18:12:10] [362/10944] עור @ גילת
[18:12:25]     45 total, 45 rows over 7 page(s)
[18:12:25] [363/10944] עור @ גמזו
[18:12:30]     34 total, 34 rows over 5 page(s)
[18:12:30] [364/10944] עור @ געתון
[18:12:37]     38 total, 38 rows over 6 page(s)
[18:12:37] [365/10944] עור @ דבוריה
[18:12:51]     85 total, 85 rows over 13 page(s)
[18:12:51] [366/10944] עור @ דומא במרכז שומרון
[18:13:06]     45 total, 45 rows over 7 page(s)
[18:13:06] [367/10944] עור @ דיר א סודאן
[18:13:18]     46 total, 46 rows over 7 page(s)
[18:13:18] [368/10944] עור @ דפנה
[18:13:27]     53 total, 53 rows over 8 page(s)
[18:13:27] [369/10944] עור @ הודיות מוסד חינוכי
[18:13:36]     53 total, 53 rows over 8 page(s)
[18:13:36] [370/10944] עור @ המרכז האקדמי רופין
[18:13:46]     49 total, 49 rows over 8 page(s)
[18:13:46] [371/10944] עור @ ורד הגליל
[18:13:55]     53 total, 53 rows over 8 page(s)
[18:13:55] [372/10944] עור @ זוואתא
[18:14:06]     49 total, 49 rows over 8 page(s)
[18:14:06] [373/10944] עור @ זנוח
[18:14:14]     46 total, 46 rows over 7 page(s)
[18:14:14] [374/10944] עור @ חבר
[18:14:28]     85 total, 85 rows over 13 page(s)
[18:14:28] [375/10944] עור @ חולדה
[18:14:33]     34 total, 34 rows over 5 page(s)
[18:14:33] [376/10944] עור @ חיבת ציון
[18:14:49]     81 total, 81 rows over 12 page(s)
[18:14:49] [377/10944] עור @ חמדת
[18:14:57]     46 total, 46 rows over 7 page(s)
[18:14:57] [378/10944] עור @ חצור אשדוד
[18:15:01]     24 total, 24 rows over 4 page(s)
[18:15:01] [379/10944] עור @ טבריה
[18:15:09]     53 total, 53 rows over 8 page(s)
[18:15:09] [380/10944] עור @ טירת יהודה
[18:15:26]     62 total, 62 rows over 9 page(s)
[18:15:26] [381/10944] עור @ טמרה יזרעאל
[18:15:35]     53 total, 53 rows over 8 page(s)
[18:15:35] [382/10944] עור @ יבנאל
[18:15:44]     53 total, 53 rows over 8 page(s)
[18:15:44] [383/10944] עור @ יד רמב''ם
[18:15:49]     34 total, 34 rows over 5 page(s)
[18:15:49] [384/10944] עור @ יחיעם
[18:15:56]     38 total, 38 rows over 6 page(s)
[18:15:56] [385/10944] עור @ יעבד
[18:16:08]     49 total, 49 rows over 8 page(s)
[18:16:08] [386/10944] עור @ יציץ
[18:16:17]     52 total, 52 rows over 8 page(s)
[18:16:17] [387/10944] עור @ יריחו
[18:16:24]     46 total, 46 rows over 7 page(s)
[18:16:24] [388/10944] עור @ כאוכב אבו אל היגא
[18:16:35]     52 total, 52 rows over 8 page(s)
[18:16:35] [389/10944] עור @ כופיראת
[18:16:46]     49 total, 49 rows over 8 page(s)
[18:16:46] [390/10944] עור @ כליל
[18:16:57]     52 total, 52 rows over 8 page(s)
[18:16:57] [391/10944] עור @ כעביה טבאש חג'אג'רה
[18:17:11]     85 total, 85 rows over 13 page(s)
[18:17:11] [392/10944] עור @ כפר בן נון
[18:17:17]     34 total, 34 rows over 5 page(s)
[18:17:17] [393/10944] עור @ כרמי צור
[18:17:25]     46 total, 46 rows over 7 page(s)
[18:17:25] [394/10944] עור @ לובאן שרקיה
[18:17:33]     46 total, 46 rows over 7 page(s)
[18:17:33] [395/10944] עור @ לקיה
[18:17:43]     34 total, 34 rows over 5 page(s)
[18:17:43] [396/10944] עור @ מבועים
[18:17:58]     45 total, 45 rows over 7 page(s)
[18:17:58] [397/10944] עור @ מגדל העמק
[18:18:13]     85 total, 85 rows over 13 page(s)
[18:18:13] [398/10944] עור @ מולדת
[18:18:27]     85 total, 85 rows over 13 page(s)
[18:18:27] [399/10944] עור @ מזרעה
[18:18:34]     38 total, 38 rows over 6 page(s)
[18:18:34] [400/10944] עור @ מיטב
[18:18:48]     85 total, 85 rows over 13 page(s)
[18:18:48] [401/10944] עור @ מכמורת
[18:19:01]     49 total, 49 rows over 8 page(s)
[18:19:01] [402/10944] עור @ מנרה
[18:19:09]     53 total, 53 rows over 8 page(s)
[18:19:09] [403/10944] עור @ מסעודין אל עזאזמה
[18:19:19]     34 total, 34 rows over 5 page(s)
[18:19:19] [404/10944] עור @ מעיליא
[18:19:27]     38 total, 38 rows over 6 page(s)
[18:19:27] [405/10944] עור @ מפעלי כנות
[18:19:34]     43 total, 43 rows over 7 page(s)
[18:19:34] [406/10944] עור @ מצפה רמון
[18:19:44]     34 total, 34 rows over 5 page(s)
[18:19:44] [407/10944] עור @ מרכז אזורי מרום הגליל
[18:19:53]     53 total, 53 rows over 8 page(s)
[18:19:53] [408/10944] עור @ משמר דוד
[18:19:59]     34 total, 34 rows over 5 page(s)
[18:19:59] [409/10944] עור @ נאעורה
[18:20:14]     85 total, 85 rows over 13 page(s)
[18:20:14] [410/10944] עור @ נובא
[18:20:22]     46 total, 46 rows over 7 page(s)
[18:20:22] [411/10944] עור @ נזלה אל ווסטא
[18:20:33]     49 total, 49 rows over 8 page(s)
[18:20:33] [412/10944] עור @ נחף
[18:20:44]     52 total, 52 rows over 8 page(s)
[18:20:44] [413/10944] עור @ ניסף ג'וביל
[18:20:56]     49 total, 49 rows over 8 page(s)
[18:20:56] [414/10944] עור @ נס הרים
[18:21:04]     46 total, 46 rows over 7 page(s)
[18:21:04] [415/10944] עור @ נצרת
[18:21:13]     53 total, 53 rows over 8 page(s)
[18:21:13] [416/10944] עור @ סאלם ליד אלון מורה
[18:21:24]     49 total, 49 rows over 8 page(s)
[18:21:24] [417/10944] עור @ סופה
[18:21:36]     32 total, 32 rows over 5 page(s)
[18:21:36] [418/10944] עור @ סיעיר
[18:21:45]     46 total, 46 rows over 7 page(s)
[18:21:45] [419/10944] עור @ סעד
[18:21:56]     32 total, 32 rows over 5 page(s)
[18:21:56] [420/10944] עור @ עאבוד
[18:22:07]     46 total, 46 rows over 7 page(s)
[18:22:07] [421/10944] עור @ עגור
[18:22:15]     46 total, 46 rows over 7 page(s)
[18:22:15] [422/10944] עור @ עומר
[18:22:29]     45 total, 45 rows over 7 page(s)
[18:22:29] [423/10944] עור @ עזריאל
[18:22:42]     49 total, 49 rows over 8 page(s)
[18:22:42] [424/10944] עור @ עילאר
[18:22:53]     49 total, 49 rows over 8 page(s)
[18:22:53] [425/10944] עור @ עלי זהב
[18:23:05]     46 total, 46 rows over 7 page(s)
[18:23:05] [426/10944] עור @ עמיר
[18:23:14]     53 total, 53 rows over 8 page(s)
[18:23:14] [427/10944] עור @ עספיא
[18:23:29]     79 total, 79 rows over 12 page(s)
[18:23:29] [428/10944] עור @ עראנה
[18:23:40]     49 total, 49 rows over 8 page(s)
[18:23:40] [429/10944] עור @ עתלית
[18:23:56]     79 total, 79 rows over 12 page(s)
[18:23:56] [430/10944] עור @ פדויים
[18:24:09]     45 total, 45 rows over 7 page(s)
[18:24:09] [431/10944] עור @ פלך
[18:24:24]     75 total, 75 rows over 11 page(s)
[18:24:24] [432/10944] עור @ פקיעין
[18:24:30]     38 total, 38 rows over 6 page(s)
[18:24:30] [433/10944] עור @ פתח תקווה
[18:24:42]     46 total, 46 rows over 7 page(s)
[18:24:42] [434/10944] עור @ צופר
[18:24:52]     34 total, 34 rows over 5 page(s)
[18:24:52] [435/10944] עור @ צפת
[18:25:01]     53 total, 53 rows over 8 page(s)
[18:25:01] [436/10944] עור @ קדמה
[18:25:08]     43 total, 43 rows over 7 page(s)
[18:25:08] [437/10944] עור @ קוסרה
[18:25:15]     46 total, 46 rows over 7 page(s)
[18:25:15] [438/10944] עור @ קלנסווה
[18:25:26]     49 total, 49 rows over 8 page(s)
[18:25:26] [439/10944] עור @ קרית אונו
[18:25:38]     46 total, 46 rows over 7 page(s)
[18:25:38] [440/10944] עור @ ראמה
[18:25:49]     52 total, 52 rows over 8 page(s)
[18:25:49] [441/10944] עור @ רביבים
[18:25:59]     34 total, 34 rows over 5 page(s)
[18:25:59] [442/10944] עור @ רומאנה
[18:26:08]     53 total, 53 rows over 8 page(s)
[18:26:08] [443/10944] עור @ ריינה
[18:26:17]     53 total, 53 rows over 8 page(s)
[18:26:17] [444/10944] עור @ רמות מנשה
[18:26:33]     79 total, 79 rows over 12 page(s)
[18:26:33] [445/10944] עור @ רפיח
[18:26:47]     45 total, 45 rows over 7 page(s)
[18:26:47] [446/10944] עור @ שגב שלום
[18:26:57]     34 total, 34 rows over 5 page(s)
[18:26:57] [447/10944] עור @ שדה משה
[18:27:09]     32 total, 32 rows over 5 page(s)
[18:27:09] [448/10944] עור @ שוקדה
[18:27:24]     45 total, 45 rows over 7 page(s)
[18:27:24] [449/10944] עור @ שילה
[18:27:32]     47 total, 47 rows over 7 page(s)
[18:27:32] [450/10944] עור @ שמיר
[18:27:41]     53 total, 53 rows over 8 page(s)
[18:27:41] [451/10944] עור @ שער הגולן
[18:27:50]     53 total, 53 rows over 8 page(s)
[18:27:50] [452/10944] עור @ שרונה
[18:27:59]     53 total, 53 rows over 8 page(s)
[18:27:59] [453/10944] עור @ תוקוע
[18:28:06]     46 total, 46 rows over 7 page(s)
[18:28:06] [454/10944] עור @ תל חי
[18:28:16]     53 total, 53 rows over 8 page(s)
[18:28:16] [455/10944] עור @ תעשיון בר לב
[18:28:30]     75 total, 75 rows over 11 page(s)
[18:28:30] [456/10944] עור @ תקומה
[18:28:46]     45 total, 45 rows over 7 page(s)
[18:28:46] [457/10944] עיניים @ א ראס
[18:28:59]     72 total, 72 rows over 11 page(s)
[18:28:59] [458/10944] עיניים @ אבו עמאר
[18:29:12]     51 total, 51 rows over 8 page(s)
[18:29:12] [459/10944] עיניים @ אודם
[18:29:25]     79 total, 79 rows over 12 page(s)
[18:29:25] [460/10944] עיניים @ אזור תעשייה אכזיב מילואות
[18:29:44]     117 total, 117 rows over 17 page(s)
[18:29:44] [461/10944] עיניים @ אטרש
[18:29:57]     51 total, 51 rows over 8 page(s)
[18:29:57] [462/10944] עיניים @ אילת
[18:29:58]     4 total, 4 rows over 1 page(s)
[18:29:58] [463/10944] עיניים @ אל ערוב
[18:30:03]     31 total, 31 rows over 5 page(s)
[18:30:03] [464/10944] עיניים @ אפיניש
[18:30:17]     51 total, 51 rows over 8 page(s)
[18:30:17] [465/10944] עיניים @ ארסוף
[18:30:30]     72 total, 72 rows over 11 page(s)
[18:30:30] [466/10944] עיניים @ אשקלון
[18:30:43]     51 total, 51 rows over 8 page(s)
[18:30:43] [467/10944] עיניים @ בארות יצחק
[18:30:56]     76 total, 76 rows over 11 page(s)
[18:30:56] [468/10944] עיניים @ בורין
[18:31:07]     72 total, 72 rows over 11 page(s)
[18:31:07] [469/10944] עיניים @ ביצרון
[18:31:14]     36 total, 36 rows over 6 page(s)
[18:31:14] [470/10944] עיניים @ בני דרור
[18:31:27]     72 total, 72 rows over 11 page(s)
[18:31:27] [471/10944] עיניים @ בצת
[18:31:35]     54 total, 54 rows over 8 page(s)
[18:31:35] [472/10944] עיניים @ ברכה
[18:31:47]     72 total, 72 rows over 11 page(s)
[18:31:47] [473/10944] עיניים @ ג'אלוד
[18:31:53]     31 total, 31 rows over 5 page(s)
[18:31:53] [474/10944] עיניים @ גבע בנימין
[18:31:58]     31 total, 31 rows over 5 page(s)
[18:31:58] [475/10944] עיניים @ גדרה
[18:32:04]     36 total, 36 rows over 6 page(s)
[18:32:04] [476/10944] עיניים @ גילת
[18:32:20]     71 total, 71 rows over 11 page(s)
[18:32:20] [477/10944] עיניים @ גמזו
[18:32:27]     41 total, 41 rows over 6 page(s)
[18:32:27] [478/10944] עיניים @ געתון
[18:32:35]     54 total, 54 rows over 8 page(s)
[18:32:35] [479/10944] עיניים @ דבוריה
[18:32:55]     125 total, 125 rows over 18 page(s)
[18:32:55] [480/10944] עיניים @ דומא במרכז שומרון
[18:33:11]     71 total, 71 rows over 11 page(s)
[18:33:11] [481/10944] עיניים @ דיר א סודאן
[18:33:21]     59 total, 59 rows over 9 page(s)
[18:33:21] [482/10944] עיניים @ דפנה
[18:33:33]     79 total, 79 rows over 12 page(s)
[18:33:33] [483/10944] עיניים @ הודיות מוסד חינוכי
[18:33:46]     79 total, 79 rows over 12 page(s)
[18:33:46] [484/10944] עיניים @ המרכז האקדמי רופין
[18:33:58]     72 total, 72 rows over 11 page(s)
[18:33:58] [485/10944] עיניים @ ורד הגליל
[18:34:10]     79 total, 79 rows over 12 page(s)
[18:34:10] [486/10944] עיניים @ זוואתא
[18:34:22]     72 total, 72 rows over 11 page(s)
[18:34:22] [487/10944] עיניים @ זנוח
[18:34:28]     31 total, 31 rows over 5 page(s)
[18:34:28] [488/10944] עיניים @ חבר
[18:34:47]     125 total, 125 rows over 18 page(s)
[18:34:47] [489/10944] עיניים @ חולדה
[18:34:54]     41 total, 41 rows over 6 page(s)
[18:34:54] [490/10944] עיניים @ חיבת ציון
[18:35:11]     107 total, 107 rows over 16 page(s)
[18:35:11] [491/10944] עיניים @ חמדת
[18:35:17]     31 total, 31 rows over 5 page(s)
[18:35:17] [492/10944] עיניים @ חצור אשדוד
[18:35:23]     36 total, 36 rows over 6 page(s)
[18:35:23] [493/10944] עיניים @ טבריה
[18:35:36]     79 total, 79 rows over 12 page(s)
[18:35:36] [494/10944] עיניים @ טירת יהודה
[18:35:49]     76 total, 76 rows over 11 page(s)
[18:35:49] [495/10944] עיניים @ טמרה יזרעאל
[18:36:01]     79 total, 79 rows over 12 page(s)
[18:36:01] [496/10944] עיניים @ יבנאל
[18:36:14]     79 total, 79 rows over 12 page(s)
[18:36:14] [497/10944] עיניים @ יד רמב''ם
[18:36:21]     41 total, 41 rows over 6 page(s)
[18:36:21] [498/10944] עיניים @ יחיעם
[18:36:30]     54 total, 54 rows over 8 page(s)
[18:36:30] [499/10944] עיניים @ יעבד
[18:36:43]     72 total, 72 rows over 11 page(s)
[18:36:43] [500/10944] עיניים @ יציץ
[18:36:55]     73 total, 73 rows over 11 page(s)
[18:36:55] [501/10944] עיניים @ יריחו
[18:37:01]     31 total, 31 rows over 5 page(s)
[18:37:01] [502/10944] עיניים @ כאוכב אבו אל היגא
[18:37:14]     77 total, 77 rows over 12 page(s)
[18:37:14] [503/10944] עיניים @ כופיראת
[18:37:27]     72 total, 72 rows over 11 page(s)
[18:37:27] [504/10944] עיניים @ כליל
[18:37:40]     77 total, 77 rows over 12 page(s)
[18:37:40] [505/10944] עיניים @ כעביה טבאש חג'אג'רה
[18:38:01]     125 total, 125 rows over 18 page(s)
[18:38:01] [506/10944] עיניים @ כפר בן נון
[18:38:07]     41 total, 41 rows over 6 page(s)
[18:38:07] [507/10944] עיניים @ כרמי צור
[18:38:13]     31 total, 31 rows over 5 page(s)
[18:38:13] [508/10944] עיניים @ לובאן שרקיה
[18:38:18]     31 total, 31 rows over 5 page(s)
[18:38:18] [509/10944] עיניים @ לקיה
[18:38:30]     51 total, 51 rows over 8 page(s)
[18:38:30] [510/10944] עיניים @ מבועים
[18:38:47]     71 total, 71 rows over 11 page(s)
[18:38:47] [511/10944] עיניים @ מגדל העמק
[18:39:06]     125 total, 125 rows over 18 page(s)
[18:39:06] [512/10944] עיניים @ מולדת
[18:39:26]     125 total, 125 rows over 18 page(s)
[18:39:26] [513/10944] עיניים @ מזרעה
[18:39:34]     54 total, 54 rows over 8 page(s)
[18:39:34] [514/10944] עיניים @ מיטב
[18:39:53]     125 total, 125 rows over 18 page(s)
[18:39:53] [515/10944] עיניים @ מכמורת
[18:40:06]     72 total, 72 rows over 11 page(s)
[18:40:06] [516/10944] עיניים @ מנרה
[18:40:18]     79 total, 79 rows over 12 page(s)
[18:40:18] [517/10944] עיניים @ מסעודין אל עזאזמה
[18:40:30]     51 total, 51 rows over 8 page(s)
[18:40:30] [518/10944] עיניים @ מעיליא
[18:40:39]     54 total, 54 rows over 8 page(s)
[18:40:39] [519/10944] עיניים @ מפעלי כנות
[18:40:49]     54 total, 54 rows over 8 page(s)
[18:40:49] [520/10944] עיניים @ מצפה רמון
[18:41:02]     51 total, 51 rows over 8 page(s)
[18:41:02] [521/10944] עיניים @ מרכז אזורי מרום הגליל
[18:41:14]     79 total, 79 rows over 12 page(s)
[18:41:14] [522/10944] עיניים @ משמר דוד
[18:41:22]     41 total, 41 rows over 6 page(s)
[18:41:22] [523/10944] עיניים @ נאעורה
[18:41:42]     125 total, 125 rows over 18 page(s)
[18:41:42] [524/10944] עיניים @ נובא
[18:41:47]     31 total, 31 rows over 5 page(s)
[18:41:47] [525/10944] עיניים @ נזלה אל ווסטא
[18:42:01]     72 total, 72 rows over 11 page(s)
[18:42:01] [526/10944] עיניים @ נחף
[18:42:14]     77 total, 77 rows over 12 page(s)
[18:42:14] [527/10944] עיניים @ ניסף ג'וביל
[18:42:27]     72 total, 72 rows over 11 page(s)
[18:42:27] [528/10944] עיניים @ נס הרים
[18:42:33]     31 total, 31 rows over 5 page(s)
[18:42:33] [529/10944] עיניים @ נצרת
[18:42:46]     79 total, 79 rows over 12 page(s)
[18:42:46] [530/10944] עיניים @ סאלם ליד אלון מורה
[18:43:00]     72 total, 72 rows over 11 page(s)
[18:43:00] [531/10944] עיניים @ סופה
[18:43:14]     51 total, 51 rows over 8 page(s)
[18:43:14] [532/10944] עיניים @ סיעיר
[18:43:19]     31 total, 31 rows over 5 page(s)
[18:43:19] [533/10944] עיניים @ סעד
[18:43:33]     51 total, 51 rows over 8 page(s)
[18:43:33] [534/10944] עיניים @ עאבוד
[18:43:44]     59 total, 59 rows over 9 page(s)
[18:43:44] [535/10944] עיניים @ עגור
[18:43:49]     31 total, 31 rows over 5 page(s)
[18:43:49] [536/10944] עיניים @ עומר
[18:44:06]     71 total, 71 rows over 11 page(s)
[18:44:06] [537/10944] עיניים @ עזריאל
[18:44:20]     72 total, 72 rows over 11 page(s)
[18:44:20] [538/10944] עיניים @ עילאר
[18:44:34]     72 total, 72 rows over 11 page(s)
[18:44:34] [539/10944] עיניים @ עלי זהב
[18:44:44]     59 total, 59 rows over 9 page(s)
[18:44:44] [540/10944] עיניים @ עמיר
[18:44:56]     79 total, 79 rows over 12 page(s)
[18:44:56] [541/10944] עיניים @ עספיא
[18:45:16]     122 total, 122 rows over 18 page(s)
[18:45:16] [542/10944] עיניים @ עראנה
[18:45:29]     72 total, 72 rows over 11 page(s)
[18:45:29] [543/10944] עיניים @ עתלית
[18:45:49]     122 total, 122 rows over 18 page(s)
[18:45:49] [544/10944] עיניים @ פדויים
[18:46:14]     request error (Error), retry 1/4 in 2s
[18:46:18]     71 total, 62 rows over 10 page(s)  (MISSING 9)
[18:46:18] [545/10944] עיניים @ פלך
[18:46:18]     Non-HTML payload {'errorType': 2, 'message': None, 'data_type': 'dict'} - re-warming session
[18:46:18] Establishing session (attempt 1/3) ...
  Log in in the browser window (ID, password, CAPTCHA, SMS), then press Enter... 