[16:51:04] Taxonomy from cache: 96 specializations
[16:51:07] Loaded 114 cities from parallel/cities-3.txt
[16:51:07] 96 specializations x 114 cities = 10944 pairs
[16:51:07] 10944 remaining; roughly 120384 requests at ~0.3s apart = ~602 min
[16:51:07] [1/10944] אורתופדיה @ א סייד שבט
[16:51:21]     43 total, 43 rows over 7 page(s)
[16:51:21] [2/10944] אורתופדיה @ אבו סריחאן
[16:51:33]     43 total, 43 rows over 7 page(s)
[16:51:33] [3/10944] אורתופדיה @ אודים
[16:51:48]     89 total, 89 rows over 13 page(s)
[16:51:48] [4/10944] אורתופדיה @ אזור
[16:52:00]     69 total, 69 rows over 10 page(s)
[16:52:00] [5/10944] אורתופדיה @ אחיסמך
[16:52:12]     61 total, 61 rows over 9 page(s)
[16:52:12] [6/10944] אורתופדיה @ אילות
[16:52:13]     6 total, 6 rows over 1 page(s)
[16:52:13] [7/10944] אורתופדיה @ אל עזי
[16:52:28]     73 total, 73 rows over 11 page(s)
[16:52:28] [8/10944] אורתופדיה @ אעבלין
[16:52:43]     91 total, 91 rows over 14 page(s)
[16:52:43] [9/10944] אורתופדיה @ ארטאס
[16:52:51]     50 total, 50 rows over 8 page(s)
[16:52:51] [10/10944] אורתופדיה @ אשל הנשיא בי''ס אזורי
[16:53:08]     63 total, 63 rows over 10 page(s)
[16:53:08] [11/10944] אורתופדיה @ באר מילכה
[16:53:20]     43 total, 43 rows over 7 page(s)
[16:53:20] [12/10944] אורתופדיה @ בורוקין
[16:53:30]     58 total, 58 rows over 9 page(s)
[16:53:30] [13/10944] אורתופדיה @ בילעין
[16:53:39]     50 total, 50 rows over 8 page(s)
[16:53:39] [14/10944] אורתופדיה @ בני דקלים
[16:53:53]     47 total, 47 rows over 7 page(s)
[16:53:53] [15/10944] אורתופדיה @ בסמת טבעון
[16:54:12]     116 total, 116 rows over 17 page(s)
[16:54:12] [16/10944] אורתופדיה @ ברור חיל
[16:54:25]     47 total, 47 rows over 7 page(s)
[16:54:25] [17/10944] אורתופדיה @ בת שלמה
[16:54:46]     128 total, 128 rows over 19 page(s)
[16:54:46] [18/10944] אורתופדיה @ גבים
[16:55:00]     47 total, 47 rows over 7 page(s)
[16:55:00] [19/10944] אורתופדיה @ גדיש
[16:55:22]     146 total, 139 rows over 21 page(s)  (MISSING 7)
[16:55:22] [20/10944] אורתופדיה @ גיזו
[16:55:30]     50 total, 50 rows over 8 page(s)
[16:55:30] [21/10944] אורתופדיה @ גליל ים
[16:55:52]     130 total, 130 rows over 19 page(s)
[16:55:52] [22/10944] אורתופדיה @ גני תקווה
[16:56:02]     58 total, 58 rows over 9 page(s)
[16:56:02] [23/10944] אורתופדיה @ דאלית אל כרמל
[16:56:21]     116 total, 116 rows over 17 page(s)
[16:56:21] [24/10944] אורתופדיה @ דולב
[16:56:29]     50 total, 50 rows over 8 page(s)
[16:56:29] [25/10944] אורתופדיה @ דייר ראפאת
[16:56:36]     50 total, 50 rows over 8 page(s)
[16:56:36] [26/10944] אורתופדיה @ דמיידה
[16:56:55]     116 total, 116 rows over 17 page(s)
[16:56:55] [27/10944] אורתופדיה @ הוד השרון
[16:57:09]     77 total, 77 rows over 12 page(s)
[16:57:09] [28/10944] אורתופדיה @ הילה
[16:57:24]     91 total, 91 rows over 14 page(s)
[16:57:24] [29/10944] אורתופדיה @ הרצליה
[16:57:45]     130 total, 130 rows over 19 page(s)
[16:57:45] [30/10944] אורתופדיה @ זובובא
[16:58:03]     98 total, 98 rows over 15 page(s)
[16:58:03] [31/10944] אורתופדיה @ זמר
[16:58:24]     128 total, 128 rows over 19 page(s)
[16:58:24] [32/10944] אורתופדיה @ חבלה
[16:58:39]     89 total, 89 rows over 13 page(s)
[16:58:39] [33/10944] אורתופדיה @ חדרה
[16:59:00]     128 total, 128 rows over 19 page(s)
[16:59:00] [34/10944] אורתופדיה @ חוקוק
[16:59:16]     98 total, 98 rows over 15 page(s)
[16:59:16] [35/10944] אורתופדיה @ חמד
[16:59:33]     97 total, 97 rows over 14 page(s)
[16:59:33] [36/10944] אורתופדיה @ חצב
[16:59:42]     37 total, 37 rows over 6 page(s)
[16:59:42] [37/10944] אורתופדיה @ חרשים
[16:59:57]     91 total, 91 rows over 14 page(s)
[16:59:57] [38/10944] אורתופדיה @ טירה
[17:00:21]     130 total, 130 rows over 19 page(s)
[17:00:21] [39/10944] אורתופדיה @ טמון
[17:00:36]     89 total, 89 rows over 13 page(s)
[17:00:36] [40/10944] אורתופדיה @ יבול
[17:00:50]     47 total, 47 rows over 7 page(s)
[17:00:50] [41/10944] אורתופדיה @ יד מרדכי
[17:01:05]     47 total, 47 rows over 7 page(s)
[17:01:05] [42/10944] אורתופדיה @ יושיביה
[17:01:23]     63 total, 63 rows over 10 page(s)
[17:01:23] [43/10944] אורתופדיה @ יסודות
[17:01:32]     37 total, 37 rows over 6 page(s)
[17:01:32] [44/10944] אורתופדיה @ יפתח
[17:01:48]     98 total, 98 rows over 15 page(s)
[17:01:48] [45/10944] אורתופדיה @ ירושלים
[17:01:56]     50 total, 50 rows over 8 page(s)
[17:01:56] [46/10944] אורתופדיה @ יתמא
[17:02:04]     50 total, 50 rows over 8 page(s)
[17:02:04] [47/10944] אורתופדיה @ כוכב מיכאל
[17:02:18]     47 total, 47 rows over 7 page(s)
[17:02:18] [48/10944] אורתופדיה @ כיפל חארת
[17:02:28]     58 total, 58 rows over 9 page(s)
[17:02:28] [49/10944] אורתופדיה @ כסיפה
[17:02:42]     43 total, 43 rows over 7 page(s)
[17:02:42] [50/10944] אורתופדיה @ כפר ביל''ו
[17:03:00]     97 total, 97 rows over 14 page(s)
[17:03:00] [51/10944] אורתופדיה @ כרם שלום
[17:03:14]     47 total, 47 rows over 7 page(s)
[17:03:14] [52/10944] אורתופדיה @ להבות חביבה
[17:03:34]     128 total, 128 rows over 19 page(s)
[17:03:34] [53/10944] אורתופדיה @ לפיד
[17:03:46]     61 total, 61 rows over 9 page(s)
[17:03:46] [54/10944] אורתופדיה @ מבואות ים
[17:04:00]     89 total, 89 rows over 13 page(s)
[17:04:00] [55/10944] אורתופדיה @ מגדים
[17:04:19]     116 total, 116 rows over 17 page(s)
[17:04:19] [56/10944] אורתופדיה @ מוח'יים פארעה
[17:04:33]     89 total, 89 rows over 13 page(s)
[17:04:33] [57/10944] אורתופדיה @ מזכרת בתיה
[17:04:50]     97 total, 97 rows over 14 page(s)
[17:04:50] [58/10944] אורתופדיה @ מי עמי
[17:05:12]     128 total, 128 rows over 19 page(s)
[17:05:12] [59/10944] אורתופדיה @ מכורה
[17:05:20]     50 total, 50 rows over 8 page(s)
[17:05:20] [60/10944] אורתופדיה @ מנות
[17:05:34]     91 total, 91 rows over 14 page(s)
[17:05:34] [61/10944] אורתופדיה @ מסלול
[17:05:52]     63 total, 63 rows over 10 page(s)
[17:05:52] [62/10944] אורתופדיה @ מעיין ברוך
[17:06:08]     98 total, 98 rows over 15 page(s)
[17:06:08] [63/10944] אורתופדיה @ מפעלי חבל יבנה
[17:06:23]     73 total, 73 rows over 11 page(s)
[17:06:23] [64/10944] אורתופדיה @ מצפה יריחו
[17:06:30]     50 total, 50 rows over 8 page(s)
[17:06:30] [65/10944] אורתופדיה @ מרחביה קיבוץ
[17:06:52]     146 total, 139 rows over 21 page(s)  (MISSING 7)
[17:06:52] [66/10944] אורתופדיה @ משכיות
[17:06:59]     50 total, 50 rows over 8 page(s)
[17:06:59] [67/10944] אורתופדיה @ נאות מרדכי
[17:07:15]     98 total, 98 rows over 15 page(s)
[17:07:15] [68/10944] אורתופדיה @ נהריה
[17:07:26]     71 total, 71 rows over 11 page(s)
[17:07:26] [69/10944] אורתופדיה @ נווה זוהר
[17:07:38]     43 total, 43 rows over 7 page(s)
[17:07:38] [70/10944] אורתופדיה @ נחלים
[17:07:52]     77 total, 77 rows over 12 page(s)
[17:07:52] [71/10944] אורתופדיה @ ניל''י
[17:08:02]     58 total, 58 rows over 9 page(s)
[17:08:02] [72/10944] אורתופדיה @ נמל תעופה בן גוריון
[17:08:16]     73 total, 73 rows over 11 page(s)
[17:08:16] [73/10944] אורתופדיה @ נצר חזני
[17:08:30]     73 total, 73 rows over 11 page(s)
[17:08:30] [74/10944] אורתופדיה @ סאג'ור
[17:08:46]     91 total, 91 rows over 14 page(s)
[17:08:46] [75/10944] אורתופדיה @ סומיה
[17:09:04]     63 total, 63 rows over 10 page(s)
[17:09:04] [76/10944] אורתופדיה @ סילת אל ח'רית'יה
[17:09:19]     89 total, 89 rows over 13 page(s)
[17:09:19] [77/10944] אורתופדיה @ סניריא
[17:09:29]     58 total, 58 rows over 9 page(s)
[17:09:29] [78/10944] אורתופדיה @ סרטא
[17:09:39]     58 total, 58 rows over 9 page(s)
[17:09:39] [79/10944] אורתופדיה @ עג'ה
[17:09:53]     89 total, 89 rows over 13 page(s)
[17:09:53] [80/10944] אורתופדיה @ עוזייר
[17:10:09]     98 total, 98 rows over 15 page(s)
[17:10:09] [81/10944] אורתופדיה @ עזמוט
[17:10:25]     89 total, 89 rows over 13 page(s)
[17:10:25] [82/10944] אורתופדיה @ עיילבון
[17:10:41]     98 total, 98 rows over 15 page(s)
[17:10:41] [83/10944] אורתופדיה @ עלומים
[17:10:55]     47 total, 47 rows over 7 page(s)
[17:10:55] [84/10944] אורתופדיה @ עמיעוז
[17:11:08]     47 total, 47 rows over 7 page(s)
[17:11:08] [85/10944] אורתופדיה @ עסירה אל קיבליה
[17:11:24]     89 total, 89 rows over 13 page(s)
[17:11:24] [86/10944] אורתופדיה @ עראבה ליד ג'נין
[17:11:39]     89 total, 89 rows over 13 page(s)
[17:11:39] [87/10944] אורתופדיה @ עשרת
[17:11:48]     37 total, 37 rows over 6 page(s)
[17:11:48] [88/10944] אורתופדיה @ פארק תעשייה חבל מודיעים
[17:11:58]     58 total, 58 rows over 9 page(s)
[17:11:58] [89/10944] אורתופדיה @ פטיש
[17:12:16]     63 total, 63 rows over 10 page(s)
[17:12:16] [90/10944] אורתופדיה @ פצאל
[17:12:24]     50 total, 50 rows over 8 page(s)
[17:12:24] [91/10944] אורתופדיה @ פרעון
[17:12:39]     89 total, 89 rows over 13 page(s)
[17:12:39] [92/10944] אורתופדיה @ צופים
[17:13:00]     130 total, 130 rows over 19 page(s)
[17:13:00] [93/10944] אורתופדיה @ צפריה
[17:13:12]     61 total, 61 rows over 9 page(s)
[17:13:12] [94/10944] אורתופדיה @ קדימה צורן
[17:13:26]     89 total, 89 rows over 13 page(s)
[17:13:26] [95/10944] אורתופדיה @ קוממיות
[17:13:40]     47 total, 47 rows over 7 page(s)
[17:13:40] [96/10944] אורתופדיה @ קליה
[17:13:47]     50 total, 50 rows over 8 page(s)
[17:13:47] [97/10944] אורתופדיה @ קראות בני חסן
[17:13:57]     58 total, 58 rows over 9 page(s)
[17:13:57] [98/10944] אורתופדיה @ ראבא
[17:14:12]     89 total, 89 rows over 13 page(s)
[17:14:12] [99/10944] אורתופדיה @ רבבה
[17:14:25]     77 total, 77 rows over 12 page(s)
[17:14:25] [100/10944] אורתופדיה @ רוח מדבר
[17:14:43]     63 total, 63 rows over 10 page(s)
[17:14:43] [101/10944] אורתופדיה @ ריחאנייה
[17:15:00]     98 total, 98 rows over 15 page(s)
[17:15:00] [102/10944] אורתופדיה @ רמות השבים
[17:15:13]     77 total, 77 rows over 12 page(s)
[17:15:13] [103/10944] אורתופדיה @ רפידא
[17:15:23]     50 total, 50 rows over 8 page(s)
[17:15:23] [104/10944] אורתופדיה @ שבלי
[17:15:44]     146 total, 139 rows over 21 page(s)  (MISSING 7)
[17:15:44] [105/10944] אורתופדיה @ שדה יעקב
[17:16:07]     146 total, 139 rows over 21 page(s)  (MISSING 7)
[17:16:07] [106/10944] אורתופדיה @ שופה
[17:16:22]     89 total, 89 rows over 13 page(s)
[17:16:22] [107/10944] אורתופדיה @ שיטים
[17:16:35]     43 total, 43 rows over 7 page(s)
[17:16:35] [108/10944] אורתופדיה @ שלומית
[17:16:49]     47 total, 47 rows over 7 page(s)
[17:16:49] [109/10944] אורתופדיה @ שעלבים
[17:17:01]     61 total, 61 rows over 9 page(s)
[17:17:01] [110/10944] אורתופדיה @ שקד
[17:17:15]     89 total, 89 rows over 13 page(s)
[17:17:15] [111/10944] אורתופדיה @ תובל
[17:17:30]     91 total, 91 rows over 14 page(s)
[17:17:30] [112/10944] אורתופדיה @ תל אביב יפו
[17:17:44]     77 total, 77 rows over 12 page(s)
[17:17:44] [113/10944] אורתופדיה @ תנובות
[17:17:58]     89 total, 89 rows over 13 page(s)
[17:17:58] [114/10944] אורתופדיה @ תפוח
[17:18:06]     50 total, 50 rows over 8 page(s)
[17:18:06] [115/10944] אף אוזן גרון @ א סייד שבט
[17:18:17]     47 total, 47 rows over 7 page(s)
[17:18:17] [116/10944] אף אוזן גרון @ אבו סריחאן
[17:18:29]     47 total, 47 rows over 7 page(s)
[17:18:29] [117/10944] אף אוזן גרון @ אודים
[17:18:40]     67 total, 67 rows over 10 page(s)
[17:18:40] [118/10944] אף אוזן גרון @ אזור
[17:18:50]     49 total, 49 rows over 8 page(s)
[17:18:50] [119/10944] אף אוזן גרון @ אחיסמך
[17:18:56]     32 total, 32 rows over 5 page(s)
[17:18:56] [120/10944] אף אוזן גרון @ אילות
[17:18:57]     4 total, 4 rows over 1 page(s)
[17:18:57] [121/10944] אף אוזן גרון @ אל עזי
[17:19:06]     44 total, 44 rows over 7 page(s)
[17:19:06] [122/10944] אף אוזן גרון @ אעבלין
[17:19:16]     55 total, 55 rows over 8 page(s)
[17:19:16] [123/10944] אף אוזן גרון @ ארטאס
[17:19:23]     42 total, 42 rows over 7 page(s)
[17:19:23] [124/10944] אף אוזן גרון @ אשל הנשיא בי''ס אזורי
[17:19:38]     63 total, 63 rows over 10 page(s)
[17:19:38] [125/10944] אף אוזן גרון @ באר מילכה
[17:19:49]     47 total, 47 rows over 7 page(s)
[17:19:49] [126/10944] אף אוזן גרון @ בורוקין
[17:19:56]     38 total, 38 rows over 6 page(s)
[17:19:56] [127/10944] אף אוזן גרון @ בילעין
[17:20:04]     42 total, 42 rows over 7 page(s)
[17:20:04] [128/10944] אף אוזן גרון @ בני דקלים
[17:20:14]     41 total, 41 rows over 6 page(s)
[17:20:14] [129/10944] אף אוזן גרון @ בסמת טבעון
[17:20:28]     82 total, 82 rows over 12 page(s)
[17:20:28] [130/10944] אף אוזן גרון @ ברור חיל
[17:20:39]     41 total, 41 rows over 6 page(s)
[17:20:39] [131/10944] אף אוזן גרון @ בת שלמה
[17:20:54]     92 total, 92 rows over 14 page(s)
[17:20:54] [132/10944] אף אוזן גרון @ גבים
[17:21:06]     41 total, 41 rows over 6 page(s)
[17:21:06] [133/10944] אף אוזן גרון @ גדיש
[17:21:22]     95 total, 95 rows over 14 page(s)
[17:21:22] [134/10944] אף אוזן גרון @ גיזו
[17:21:28]     42 total, 42 rows over 7 page(s)
[17:21:28] [135/10944] אף אוזן גרון @ גליל ים
[17:21:44]     91 total, 91 rows over 14 page(s)
[17:21:44] [136/10944] אף אוזן גרון @ גני תקווה
[17:21:51]     38 total, 38 rows over 6 page(s)
[17:21:51] [137/10944] אף אוזן גרון @ דאלית אל כרמל
[17:22:05]     82 total, 82 rows over 12 page(s)
[17:22:05] [138/10944] אף אוזן גרון @ דולב
[17:22:12]     42 total, 42 rows over 7 page(s)
[17:22:12] [139/10944] אף אוזן גרון @ דייר ראפאת
[17:22:19]     42 total, 42 rows over 7 page(s)
[17:22:19] [140/10944] אף אוזן גרון @ דמיידה
[17:22:32]     77 total, 77 rows over 12 page(s)
[17:22:32] [141/10944] אף אוזן גרון @ הוד השרון
[17:22:42]     59 total, 59 rows over 9 page(s)
[17:22:42] [142/10944] אף אוזן גרון @ הילה
[17:22:52]     55 total, 55 rows over 8 page(s)
[17:22:52] [143/10944] אף אוזן גרון @ הרצליה
[17:23:08]     91 total, 91 rows over 14 page(s)
[17:23:08] [144/10944] אף אוזן גרון @ זובובא
[17:23:20]     59 total, 59 rows over 9 page(s)
[17:23:20] [145/10944] אף אוזן גרון @ זמר
[17:23:36]     92 total, 92 rows over 14 page(s)
[17:23:36] [146/10944] אף אוזן גרון @ חבלה
[17:23:48]     67 total, 67 rows over 10 page(s)
[17:23:48] [147/10944] אף אוזן גרון @ חדרה
[17:24:04]     92 total, 92 rows over 14 page(s)
[17:24:04] [148/10944] אף אוזן גרון @ חוקוק
[17:24:15]     59 total, 59 rows over 9 page(s)
[17:24:15] [149/10944] אף אוזן גרון @ חמד
[17:24:27]     62 total, 62 rows over 9 page(s)
[17:24:27] [150/10944] אף אוזן גרון @ חצב
[17:24:32]     27 total, 27 rows over 4 page(s)
[17:24:32] [151/10944] אף אוזן גרון @ חרשים
[17:24:41]     55 total, 55 rows over 8 page(s)
[17:24:41] [152/10944] אף אוזן גרון @ טירה
[17:24:56]     91 total, 91 rows over 14 page(s)
[17:24:56] [153/10944] אף אוזן גרון @ טמון
[17:25:08]     67 total, 67 rows over 10 page(s)
[17:25:08] [154/10944] אף אוזן גרון @ יבול
[17:25:18]     41 total, 41 rows over 6 page(s)
[17:25:18] [155/10944] אף אוזן גרון @ יד מרדכי
[17:25:29]     41 total, 41 rows over 6 page(s)
[17:25:29] [156/10944] אף אוזן גרון @ יושיביה
[17:25:44]     63 total, 63 rows over 10 page(s)
[17:25:44] [157/10944] אף אוזן גרון @ יסודות
[17:25:50]     27 total, 27 rows over 4 page(s)
[17:25:50] [158/10944] אף אוזן גרון @ יפתח
[17:26:00]     59 total, 59 rows over 9 page(s)
[17:26:00] [159/10944] אף אוזן גרון @ ירושלים
[17:26:06]     42 total, 42 rows over 7 page(s)
[17:26:06] [160/10944] אף אוזן גרון @ יתמא
[17:26:14]     42 total, 42 rows over 7 page(s)
[17:26:14] [161/10944] אף אוזן גרון @ כוכב מיכאל
[17:26:24]     41 total, 41 rows over 6 page(s)
[17:26:24] [162/10944] אף אוזן גרון @ כיפל חארת
[17:26:33]     38 total, 38 rows over 6 page(s)
[17:26:33] [163/10944] אף אוזן גרון @ כסיפה
[17:26:45]     47 total, 47 rows over 7 page(s)
[17:26:45] [164/10944] אף אוזן גרון @ כפר ביל''ו
[17:26:56]     62 total, 62 rows over 9 page(s)
[17:26:56] [165/10944] אף אוזן גרון @ כרם שלום
[17:27:07]     41 total, 41 rows over 6 page(s)
[17:27:07] [166/10944] אף אוזן גרון @ להבות חביבה
[17:27:22]     92 total, 92 rows over 14 page(s)
[17:27:22] [167/10944] אף אוזן גרון @ לפיד
[17:27:29]     32 total, 32 rows over 5 page(s)
[17:27:29] [168/10944] אף אוזן גרון @ מבואות ים
[17:27:41]     67 total, 67 rows over 10 page(s)
[17:27:41] [169/10944] אף אוזן גרון @ מגדים
[17:27:55]     82 total, 82 rows over 12 page(s)
[17:27:55] [170/10944] אף אוזן גרון @ מוח'יים פארעה
[17:28:06]     67 total, 67 rows over 10 page(s)
[17:28:06] [171/10944] אף אוזן גרון @ מזכרת בתיה
[17:28:18]     62 total, 62 rows over 9 page(s)
[17:28:18] [172/10944] אף אוזן גרון @ מי עמי
[17:28:34]     92 total, 92 rows over 14 page(s)
[17:28:34] [173/10944] אף אוזן גרון @ מכורה
[17:28:40]     42 total, 42 rows over 7 page(s)
[17:28:40] [174/10944] אף אוזן גרון @ מנות
[17:28:50]     55 total, 55 rows over 8 page(s)
[17:28:50] [175/10944] אף אוזן גרון @ מסלול
[17:29:05]     63 total, 63 rows over 10 page(s)
[17:29:05] [176/10944] אף אוזן גרון @ מעיין ברוך
[17:29:15]     59 total, 59 rows over 9 page(s)
[17:29:15] [177/10944] אף אוזן גרון @ מפעלי חבל יבנה
[17:29:25]     44 total, 44 rows over 7 page(s)
[17:29:25] [178/10944] אף אוזן גרון @ מצפה יריחו
[17:29:32]     42 total, 42 rows over 7 page(s)
[17:29:32] [179/10944] אף אוזן גרון @ מרחביה קיבוץ
[17:29:48]     95 total, 95 rows over 14 page(s)
[17:29:48] [180/10944] אף אוזן גרון @ משכיות
[17:29:56]     42 total, 42 rows over 7 page(s)
[17:29:56] [181/10944] אף אוזן גרון @ נאות מרדכי
[17:30:06]     59 total, 59 rows over 9 page(s)
[17:30:06] [182/10944] אף אוזן גרון @ נהריה
[17:30:13]     38 total, 38 rows over 6 page(s)
[17:30:13] [183/10944] אף אוזן גרון @ נווה זוהר
[17:30:25]     47 total, 47 rows over 7 page(s)
[17:30:25] [184/10944] אף אוזן גרון @ נחלים
[17:30:36]     59 total, 59 rows over 9 page(s)
[17:30:36] [185/10944] אף אוזן גרון @ ניל''י
[17:30:43]     38 total, 38 rows over 6 page(s)
[17:30:43] [186/10944] אף אוזן גרון @ נמל תעופה בן גוריון
[17:30:51]     44 total, 44 rows over 7 page(s)
[17:30:51] [187/10944] אף אוזן גרון @ נצר חזני
[17:31:01]     44 total, 44 rows over 7 page(s)
[17:31:01] [188/10944] אף אוזן גרון @ סאג'ור
[17:31:10]     55 total, 55 rows over 8 page(s)
[17:31:10] [189/10944] אף אוזן גרון @ סומיה
[17:31:25]     63 total, 63 rows over 10 page(s)
[17:31:25] [190/10944] אף אוזן גרון @ סילת אל ח'רית'יה
[17:31:37]     67 total, 67 rows over 10 page(s)
[17:31:37] [191/10944] אף אוזן גרון @ סניריא
[17:31:44]     38 total, 38 rows over 6 page(s)
[17:31:44] [192/10944] אף אוזן גרון @ סרטא
[17:31:51]     38 total, 38 rows over 6 page(s)
[17:31:51] [193/10944] אף אוזן גרון @ עג'ה
[17:32:02]     67 total, 67 rows over 10 page(s)
[17:32:02] [194/10944] אף אוזן גרון @ עוזייר
[17:32:13]     59 total, 59 rows over 9 page(s)
[17:32:13] [195/10944] אף אוזן גרון @ עזמוט
[17:32:25]     67 total, 67 rows over 10 page(s)
[17:32:25] [196/10944] אף אוזן גרון @ עיילבון
[17:32:36]     59 total, 59 rows over 9 page(s)
[17:32:36] [197/10944] אף אוזן גרון @ עלומים
[17:32:47]     41 total, 41 rows over 6 page(s)
[17:32:47] [198/10944] אף אוזן גרון @ עמיעוז
[17:32:58]     41 total, 41 rows over 6 page(s)
[17:32:58] [199/10944] אף אוזן גרון @ עסירה אל קיבליה
[17:33:09]     67 total, 67 rows over 10 page(s)
[17:33:09] [200/10944] אף אוזן גרון @ עראבה ליד ג'נין
[17:33:20]     67 total, 67 rows over 10 page(s)
[17:33:20] [201/10944] אף אוזן גרון @ עשרת
[17:33:25]     27 total, 27 rows over 4 page(s)
[17:33:25] [202/10944] אף אוזן גרון @ פארק תעשייה חבל מודיעים
[17:33:32]     38 total, 38 rows over 6 page(s)
[17:33:32] [203/10944] אף אוזן גרון @ פטיש
[17:33:48]     63 total, 63 rows over 10 page(s)
[17:33:48] [204/10944] אף אוזן גרון @ פצאל
[17:33:55]     42 total, 42 rows over 7 page(s)
[17:33:55] [205/10944] אף אוזן גרון @ פרעון
[17:34:06]     67 total, 67 rows over 10 page(s)
[17:34:06] [206/10944] אף אוזן גרון @ צופים
[17:34:22]     91 total, 91 rows over 14 page(s)
[17:34:22] [207/10944] אף אוזן גרון @ צפריה
[17:34:29]     32 total, 32 rows over 5 page(s)
[17:34:29] [208/10944] אף אוזן גרון @ קדימה צורן
[17:34:40]     67 total, 67 rows over 10 page(s)
[17:34:40] [209/10944] אף אוזן גרון @ קוממיות
[17:34:50]     41 total, 41 rows over 6 page(s)
[17:34:50] [210/10944] אף אוזן גרון @ קליה
[17:34:56]     42 total, 42 rows over 7 page(s)
[17:34:56] [211/10944] אף אוזן גרון @ קראות בני חסן
[17:35:03]     38 total, 38 rows over 6 page(s)
[17:35:03] [212/10944] אף אוזן גרון @ ראבא
[17:35:14]     67 total, 67 rows over 10 page(s)
[17:35:14] [213/10944] אף אוזן גרון @ רבבה
[17:35:25]     59 total, 59 rows over 9 page(s)
[17:35:25] [214/10944] אף אוזן גרון @ רוח מדבר
[17:35:41]     63 total, 63 rows over 10 page(s)
[17:35:41] [215/10944] אף אוזן גרון @ ריחאנייה
[17:35:51]     59 total, 59 rows over 9 page(s)
[17:35:51] [216/10944] אף אוזן גרון @ רמות השבים
[17:36:02]     59 total, 59 rows over 9 page(s)
[17:36:02] [217/10944] אף אוזן גרון @ רפידא
[17:36:09]     42 total, 42 rows over 7 page(s)
[17:36:09] [218/10944] אף אוזן גרון @ שבלי
[17:36:24]     95 total, 95 rows over 14 page(s)
[17:36:24] [219/10944] אף אוזן גרון @ שדה יעקב
[17:36:39]     95 total, 95 rows over 14 page(s)
[17:36:39] [220/10944] אף אוזן גרון @ שופה
[17:36:50]     67 total, 67 rows over 10 page(s)
[17:36:50] [221/10944] אף אוזן גרון @ שיטים
[17:37:01]     47 total, 47 rows over 7 page(s)
[17:37:01] [222/10944] אף אוזן גרון @ שלומית
[17:37:11]     41 total, 41 rows over 6 page(s)
[17:37:11] [223/10944] אף אוזן גרון @ שעלבים
[17:37:18]     32 total, 32 rows over 5 page(s)
[17:37:18] [224/10944] אף אוזן גרון @ שקד
[17:37:29]     67 total, 67 rows over 10 page(s)
[17:37:29] [225/10944] אף אוזן גרון @ תובל
[17:37:38]     55 total, 55 rows over 8 page(s)
[17:37:38] [226/10944] אף אוזן גרון @ תל אביב יפו
[17:37:50]     68 total, 68 rows over 10 page(s)
[17:37:50] [227/10944] אף אוזן גרון @ תנובות
[17:38:01]     67 total, 67 rows over 10 page(s)
[17:38:01] [228/10944] אף אוזן גרון @ תפוח
[17:38:08]     42 total, 42 rows over 7 page(s)
[17:38:08] [229/10944] נשים @ א סייד שבט
[17:38:26]     112 total, 112 rows over 17 page(s)
[17:38:26] [230/10944] נשים @ אבו סריחאן
[17:38:45]     112 total, 112 rows over 17 page(s)
[17:38:45] [231/10944] נשים @ אודים
[17:39:06]     142 total, 139 rows over 21 page(s)  (MISSING 3)
[17:39:06] [232/10944] נשים @ אזור
[17:39:21]     99 total, 99 rows over 15 page(s)
[17:39:21] [233/10944] נשים @ אחיסמך
[17:39:36]     88 total, 88 rows over 13 page(s)
[17:39:36] [234/10944] נשים @ אילות
[17:39:39]     10 total, 10 rows over 2 page(s)
[17:39:39] [235/10944] נשים @ אל עזי
[17:39:57]     113 total, 113 rows over 17 page(s)
[17:39:57] [236/10944] נשים @ אעבלין
[17:40:16]     120 total, 120 rows over 18 page(s)
[17:40:16] [237/10944] נשים @ ארטאס
[17:40:35]     132 total, 132 rows over 19 page(s)
[17:40:35] [238/10944] נשים @ אשל הנשיא בי''ס אזורי
[17:40:57]     156 total, 139 rows over 21 page(s)  (MISSING 17)
[17:40:57] [239/10944] נשים @ באר מילכה
[17:41:15]     112 total, 112 rows over 17 page(s)
[17:41:15] [240/10944] נשים @ בורוקין
[17:41:21]     29 total, 29 rows over 5 page(s)
[17:41:21] [241/10944] נשים @ בילעין
[17:41:39]     132 total, 132 rows over 19 page(s)
[17:41:39] [242/10944] נשים @ בני דקלים
[17:41:56]     108 total, 108 rows over 16 page(s)
[17:41:56] [243/10944] נשים @ בסמת טבעון
[17:42:19]     185 total, 139 rows over 21 page(s)  (MISSING 46)
[17:42:19] [244/10944] נשים @ ברור חיל
[17:42:35]     108 total, 108 rows over 16 page(s)
[17:42:35] [245/10944] נשים @ בת שלמה
[17:42:58]     203 total, 139 rows over 21 page(s)  (MISSING 64)
[17:42:58] [246/10944] נשים @ גבים
[17:43:15]     108 total, 108 rows over 16 page(s)
[17:43:15] [247/10944] נשים @ גדיש
[17:43:38]     176 total, 139 rows over 21 page(s)  (MISSING 37)
[17:43:38] [248/10944] נשים @ גיזו
[17:43:56]     132 total, 132 rows over 19 page(s)
[17:43:56] [249/10944] נשים @ גליל ים
[17:44:19]     189 total, 139 rows over 21 page(s)  (MISSING 50)
[17:44:19] [250/10944] נשים @ גני תקווה
[17:44:25]     29 total, 29 rows over 5 page(s)
[17:44:25] [251/10944] נשים @ דאלית אל כרמל
[17:44:48]     185 total, 139 rows over 21 page(s)  (MISSING 46)
[17:44:48] [252/10944] נשים @ דולב
[17:45:06]     132 total, 132 rows over 19 page(s)
[17:45:06] [253/10944] נשים @ דייר ראפאת
[17:45:24]     132 total, 132 rows over 19 page(s)
[17:45:24] [254/10944] נשים @ דמיידה
[17:45:46]     175 total, 139 rows over 21 page(s)  (MISSING 36)
[17:45:46] [255/10944] נשים @ הוד השרון
[17:45:58]     70 total, 70 rows over 11 page(s)
[17:45:58] [256/10944] נשים @ הילה
[17:46:17]     120 total, 120 rows over 18 page(s)
[17:46:17] [257/10944] נשים @ הרצליה
[17:46:39]     189 total, 139 rows over 21 page(s)  (MISSING 50)
[17:46:39] [258/10944] נשים @ זובובא
[17:46:53]     87 total, 87 rows over 13 page(s)
[17:46:53] [259/10944] נשים @ זמר
[17:47:15]     203 total, 139 rows over 21 page(s)  (MISSING 64)
[17:47:15] [260/10944] נשים @ חבלה
[17:47:36]     142 total, 139 rows over 21 page(s)  (MISSING 3)
[17:47:36] [261/10944] נשים @ חדרה
[17:47:59]     203 total, 139 rows over 21 page(s)  (MISSING 64)
[17:47:59] [262/10944] נשים @ חוקוק
[17:48:12]     87 total, 87 rows over 13 page(s)
[17:48:12] [263/10944] נשים @ חמד
[17:48:33]     138 total, 138 rows over 20 page(s)
[17:48:33] [264/10944] נשים @ חצב
[17:48:44]     63 total, 63 rows over 10 page(s)
[17:48:44] [265/10944] נשים @ חרשים
[17:49:03]     120 total, 120 rows over 18 page(s)
[17:49:03] [266/10944] נשים @ טירה
[17:49:26]     189 total, 139 rows over 21 page(s)  (MISSING 50)
[17:49:26] [267/10944] נשים @ טמון
[17:49:47]     142 total, 139 rows over 21 page(s)  (MISSING 3)
[17:49:47] [268/10944] נשים @ יבול
[17:50:04]     108 total, 108 rows over 16 page(s)
[17:50:04] [269/10944] נשים @ יד מרדכי
[17:50:21]     108 total, 108 rows over 16 page(s)
[17:50:21] [270/10944] נשים @ יושיביה
[17:50:44]     156 total, 139 rows over 21 page(s)  (MISSING 17)
[17:50:44] [271/10944] נשים @ יסודות
[17:50:55]     63 total, 63 rows over 10 page(s)
[17:50:55] [272/10944] נשים @ יפתח
[17:51:08]     87 total, 87 rows over 13 page(s)
[17:51:08] [273/10944] נשים @ ירושלים
[17:51:27]     132 total, 132 rows over 19 page(s)
[17:51:27] [274/10944] נשים @ יתמא
[17:51:46]     132 total, 132 rows over 19 page(s)
[17:51:46] [275/10944] נשים @ כוכב מיכאל
[17:52:04]     108 total, 108 rows over 16 page(s)
[17:52:04] [276/10944] נשים @ כיפל חארת
[17:52:09]     29 total, 29 rows over 5 page(s)
[17:52:09] [277/10944] נשים @ כסיפה
[17:52:28]     112 total, 112 rows over 17 page(s)
[17:52:28] [278/10944] נשים @ כפר ביל''ו
[17:52:51]     138 total, 138 rows over 20 page(s)
[17:52:51] [279/10944] נשים @ כרם שלום
[17:53:09]     108 total, 108 rows over 16 page(s)
[17:53:09] [280/10944] נשים @ להבות חביבה
[17:53:31]     203 total, 139 rows over 21 page(s)  (MISSING 64)
[17:53:31] [281/10944] נשים @ לפיד
[17:53:45]     88 total, 88 rows over 13 page(s)
[17:53:45] [282/10944] נשים @ מבואות ים
[17:54:06]     142 total, 139 rows over 21 page(s)  (MISSING 3)
[17:54:06] [283/10944] נשים @ מגדים
[17:54:29]     185 total, 139 rows over 21 page(s)  (MISSING 46)
[17:54:29] [284/10944] נשים @ מוח'יים פארעה
[17:54:51]     142 total, 139 rows over 21 page(s)  (MISSING 3)
[17:54:51] [285/10944] נשים @ מזכרת בתיה
[17:55:13]     138 total, 138 rows over 20 page(s)
[17:55:13] [286/10944] נשים @ מי עמי
[17:55:36]     203 total, 139 rows over 21 page(s)  (MISSING 64)
[17:55:36] [287/10944] נשים @ מכורה
[17:55:55]     132 total, 132 rows over 19 page(s)
[17:55:55] [288/10944] נשים @ מנות
[17:56:15]     120 total, 120 rows over 18 page(s)
[17:56:15] [289/10944] נשים @ מסלול
[17:56:37]     156 total, 139 rows over 21 page(s)  (MISSING 17)
[17:56:37] [290/10944] נשים @ מעיין ברוך
[17:56:51]     87 total, 87 rows over 13 page(s)
[17:56:51] [291/10944] נשים @ מפעלי חבל יבנה
[17:57:09]     113 total, 113 rows over 17 page(s)
[17:57:09] [292/10944] נשים @ מצפה יריחו
[17:57:28]     132 total, 132 rows over 19 page(s)
[17:57:28] [293/10944] נשים @ מרחביה קיבוץ
[17:57:50]     176 total, 139 rows over 21 page(s)  (MISSING 37)
[17:57:50] [294/10944] נשים @ משכיות
[17:58:09]     132 total, 132 rows over 19 page(s)
[17:58:09] [295/10944] נשים @ נאות מרדכי
[17:58:23]     87 total, 87 rows over 13 page(s)
[17:58:23] [296/10944] נשים @ נהריה
[17:58:38]     88 total, 88 rows over 13 page(s)
[17:58:38] [297/10944] נשים @ נווה זוהר
[17:58:57]     112 total, 112 rows over 17 page(s)
[17:58:57] [298/10944] נשים @ נחלים
[17:59:09]     70 total, 70 rows over 11 page(s)
[17:59:09] [299/10944] נשים @ ניל''י
[17:59:15]     29 total, 29 rows over 5 page(s)
[17:59:15] [300/10944] נשים @ נמל תעופה בן גוריון
[17:59:33]     113 total, 113 rows over 17 page(s)
[17:59:33] [301/10944] נשים @ נצר חזני
[17:59:51]     113 total, 113 rows over 17 page(s)
[17:59:51] [302/10944] נשים @ סאג'ור
[18:00:10]     120 total, 120 rows over 18 page(s)
[18:00:10] [303/10944] נשים @ סומיה
[18:00:32]     156 total, 139 rows over 21 page(s)  (MISSING 17)
[18:00:32] [304/10944] נשים @ סילת אל ח'רית'יה
[18:00:53]     142 total, 139 rows over 21 page(s)  (MISSING 3)
[18:00:53] [305/10944] נשים @ סניריא
[18:00:58]     29 total, 29 rows over 5 page(s)
[18:00:58] [306/10944] נשים @ סרטא
[18:01:03]     29 total, 29 rows over 5 page(s)
[18:01:03] [307/10944] נשים @ עג'ה
[18:01:24]     142 total, 139 rows over 21 page(s)  (MISSING 3)
[18:01:24] [308/10944] נשים @ עוזייר
[18:01:38]     87 total, 87 rows over 13 page(s)
[18:01:38] [309/10944] נשים @ עזמוט
[18:02:00]     142 total, 139 rows over 21 page(s)  (MISSING 3)
[18:02:00] [310/10944] נשים @ עיילבון
[18:02:14]     87 total, 87 rows over 13 page(s)
[18:02:14] [311/10944] נשים @ עלומים
[18:02:31]     108 total, 108 rows over 16 page(s)
[18:02:31] [312/10944] נשים @ עמיעוז
[18:02:49]     108 total, 108 rows over 16 page(s)
[18:02:49] [313/10944] נשים @ עסירה אל קיבליה
[18:03:11]     142 total, 139 rows over 21 page(s)  (MISSING 3)
[18:03:11] [314/10944] נשים @ עראבה ליד ג'נין
[18:03:32]     142 total, 139 rows over 21 page(s)  (MISSING 3)
[18:03:32] [315/10944] נשים @ עשרת
[18:03:43]     63 total, 63 rows over 10 page(s)
[18:03:43] [316/10944] נשים @ פארק תעשייה חבל מודיעים
[18:03:48]     29 total, 29 rows over 5 page(s)
[18:03:48] [317/10944] נשים @ פטיש
[18:04:11]     156 total, 139 rows over 21 page(s)  (MISSING 17)
[18:04:11] [318/10944] נשים @ פצאל
[18:04:30]     132 total, 132 rows over 19 page(s)
[18:04:30] [319/10944] נשים @ פרעון
[18:04:51]     142 total, 139 rows over 21 page(s)  (MISSING 3)
[18:04:51] [320/10944] נשים @ צופים
[18:05:14]     189 total, 139 rows over 21 page(s)  (MISSING 50)
[18:05:14] [321/10944] נשים @ צפריה
[18:05:28]     88 total, 88 rows over 13 page(s)
[18:05:28] [322/10944] נשים @ קדימה צורן
[18:05:49]     142 total, 139 rows over 21 page(s)  (MISSING 3)
[18:05:49] [323/10944] נשים @ קוממיות
[18:06:06]     108 total, 108 rows over 16 page(s)
[18:06:06] [324/10944] נשים @ קליה
[18:06:24]     132 total, 132 rows over 19 page(s)
[18:06:24] [325/10944] נשים @ קראות בני חסן
[18:06:30]     29 total, 29 rows over 5 page(s)
[18:06:30] [326/10944] נשים @ ראבא
[18:06:51]     142 total, 139 rows over 21 page(s)  (MISSING 3)
[18:06:51] [327/10944] נשים @ רבבה
[18:07:03]     70 total, 70 rows over 11 page(s)
[18:07:03] [328/10944] נשים @ רוח מדבר
[18:07:24]     156 total, 139 rows over 21 page(s)  (MISSING 17)
[18:07:24] [329/10944] נשים @ ריחאנייה
[18:07:38]     87 total, 87 rows over 13 page(s)
[18:07:38] [330/10944] נשים @ רמות השבים
[18:07:51]     70 total, 70 rows over 11 page(s)
[18:07:51] [331/10944] נשים @ רפידא
[18:08:09]     132 total, 132 rows over 19 page(s)
[18:08:09] [332/10944] נשים @ שבלי
[18:08:31]     176 total, 139 rows over 21 page(s)  (MISSING 37)
[18:08:31] [333/10944] נשים @ שדה יעקב
[18:08:52]     176 total, 139 rows over 21 page(s)  (MISSING 37)
[18:08:52] [334/10944] נשים @ שופה
[18:09:14]     142 total, 139 rows over 21 page(s)  (MISSING 3)
[18:09:14] [335/10944] נשים @ שיטים
[18:09:32]     112 total, 112 rows over 17 page(s)
[18:09:32] [336/10944] נשים @ שלומית
[18:09:48]     108 total, 108 rows over 16 page(s)
[18:09:48] [337/10944] נשים @ שעלבים
[18:10:02]     88 total, 88 rows over 13 page(s)
[18:10:02] [338/10944] נשים @ שקד
[18:10:24]     142 total, 139 rows over 21 page(s)  (MISSING 3)
[18:10:24] [339/10944] נשים @ תובל
[18:10:44]     120 total, 120 rows over 18 page(s)
[18:10:44] [340/10944] נשים @ תל אביב יפו
[18:11:02]     116 total, 116 rows over 17 page(s)
[18:11:02] [341/10944] נשים @ תנובות
[18:11:24]     142 total, 139 rows over 21 page(s)  (MISSING 3)
[18:11:24] [342/10944] נשים @ תפוח
[18:11:43]     132 total, 132 rows over 19 page(s)
[18:11:43] [343/10944] עור @ א סייד שבט
[18:11:53]     34 total, 34 rows over 5 page(s)
[18:11:53] [344/10944] עור @ אבו סריחאן
[18:12:04]     34 total, 34 rows over 5 page(s)
[18:12:04] [345/10944] עור @ אודים
[18:12:16]     49 total, 49 rows over 8 page(s)
[18:12:16] [346/10944] עור @ אזור
[18:12:28]     47 total, 47 rows over 7 page(s)
[18:12:28] [347/10944] עור @ אחיסמך
[18:12:34]     34 total, 34 rows over 5 page(s)
[18:12:34] [348/10944] עור @ אילות
[18:12:35]     6 total, 6 rows over 1 page(s)
[18:12:35] [349/10944] עור @ אל עזי
[18:12:42]     43 total, 43 rows over 7 page(s)
[18:12:42] [350/10944] עור @ אעבלין
[18:12:52]     52 total, 52 rows over 8 page(s)
[18:12:52] [351/10944] עור @ ארטאס
[18:12:59]     46 total, 46 rows over 7 page(s)
[18:12:59] [352/10944] עור @ אשל הנשיא בי''ס אזורי
[18:13:14]     45 total, 45 rows over 7 page(s)
[18:13:14] [353/10944] עור @ באר מילכה
[18:13:23]     34 total, 34 rows over 5 page(s)
[18:13:23] [354/10944] עור @ בורוקין
[18:13:35]     46 total, 46 rows over 7 page(s)
[18:13:35] [355/10944] עור @ בילעין
[18:13:43]     46 total, 46 rows over 7 page(s)
[18:13:43] [356/10944] עור @ בני דקלים
[18:13:55]     32 total, 32 rows over 5 page(s)
[18:13:55] [357/10944] עור @ בסמת טבעון
[18:14:11]     79 total, 79 rows over 12 page(s)
[18:14:11] [358/10944] עור @ ברור חיל
[18:14:22]     32 total, 32 rows over 5 page(s)
[18:14:22] [359/10944] עור @ בת שלמה
[18:14:39]     81 total, 81 rows over 12 page(s)
[18:14:39] [360/10944] עור @ גבים
[18:14:50]     32 total, 32 rows over 5 page(s)
[18:14:50] [361/10944] עור @ גדיש
[18:15:05]     85 total, 85 rows over 13 page(s)
[18:15:05] [362/10944] עור @ גיזו
[18:15:13]     46 total, 46 rows over 7 page(s)
[18:15:13] [363/10944] עור @ גליל ים
[18:15:34]     85 total, 85 rows over 13 page(s)
[18:15:34] [364/10944] עור @ גני תקווה
[18:15:47]     46 total, 46 rows over 7 page(s)
[18:15:47] [365/10944] עור @ דאלית אל כרמל
[18:16:02]     79 total, 79 rows over 12 page(s)
[18:16:02] [366/10944] עור @ דולב
[18:16:10]     46 total, 46 rows over 7 page(s)
[18:16:10] [367/10944] עור @ דייר ראפאת
[18:16:18]     46 total, 46 rows over 7 page(s)
[18:16:18] [368/10944] עור @ דמיידה
[18:16:32]     75 total, 75 rows over 11 page(s)
[18:16:32] [369/10944] עור @ הוד השרון
[18:16:49]     62 total, 62 rows over 9 page(s)
[18:16:49] [370/10944] עור @ הילה
[18:16:59]     52 total, 52 rows over 8 page(s)
[18:16:59] [371/10944] עור @ הרצליה
[18:17:19]     85 total, 85 rows over 13 page(s)
[18:17:19] [372/10944] עור @ זובובא
[18:17:29]     53 total, 53 rows over 8 page(s)
[18:17:29] [373/10944] עור @ זמר
[18:17:46]     81 total, 81 rows over 12 page(s)
[18:17:46] [374/10944] עור @ חבלה
[18:17:58]     49 total, 49 rows over 8 page(s)
[18:17:58] [375/10944] עור @ חדרה
[18:18:16]     81 total, 81 rows over 12 page(s)
[18:18:16] [376/10944] עור @ חוקוק
[18:18:25]     53 total, 53 rows over 8 page(s)
[18:18:25] [377/10944] עור @ חמד
[18:18:35]     52 total, 52 rows over 8 page(s)
[18:18:35] [378/10944] עור @ חצב
[18:18:39]     24 total, 24 rows over 4 page(s)
[18:18:39] [379/10944] עור @ חרשים
[18:18:49]     52 total, 52 rows over 8 page(s)
[18:18:49] [380/10944] עור @ טירה
[18:19:10]     85 total, 85 rows over 13 page(s)
[18:19:10] [381/10944] עור @ טמון
[18:19:22]     49 total, 49 rows over 8 page(s)
[18:19:22] [382/10944] עור @ יבול
[18:19:34]     32 total, 32 rows over 5 page(s)
[18:19:34] [383/10944] עור @ יד מרדכי
[18:19:47]     32 total, 32 rows over 5 page(s)
[18:19:47] [384/10944] עור @ יושיביה
[18:20:02]     45 total, 45 rows over 7 page(s)
[18:20:02] [385/10944] עור @ יסודות
[18:20:06]     24 total, 24 rows over 4 page(s)
[18:20:06] [386/10944] עור @ יפתח
[18:20:15]     53 total, 53 rows over 8 page(s)
[18:20:15] [387/10944] עור @ ירושלים
[18:20:23]     46 total, 46 rows over 7 page(s)
[18:20:23] [388/10944] עור @ יתמא
[18:20:31]     46 total, 46 rows over 7 page(s)
[18:20:31] [389/10944] עור @ כוכב מיכאל
[18:20:44]     32 total, 32 rows over 5 page(s)
[18:20:44] [390/10944] עור @ כיפל חארת
[18:20:56]     46 total, 46 rows over 7 page(s)
[18:20:56] [391/10944] עור @ כסיפה
[18:21:07]     34 total, 34 rows over 5 page(s)
[18:21:07] [392/10944] עור @ כפר ביל''ו
[18:21:17]     52 total, 52 rows over 8 page(s)
[18:21:17] [393/10944] עור @ כרם שלום
[18:21:30]     32 total, 32 rows over 5 page(s)
[18:21:30] [394/10944] עור @ להבות חביבה
[18:21:47]     81 total, 81 rows over 12 page(s)
[18:21:47] [395/10944] עור @ לפיד
[18:21:53]     34 total, 34 rows over 5 page(s)
[18:21:53] [396/10944] עור @ מבואות ים
[18:22:06]     49 total, 49 rows over 8 page(s)
[18:22:06] [397/10944] עור @ מגדים
[18:22:22]     79 total, 79 rows over 12 page(s)
[18:22:22] [398/10944] עור @ מוח'יים פארעה
[18:22:33]     49 total, 49 rows over 8 page(s)
[18:22:33] [399/10944] עור @ מזכרת בתיה
[18:22:43]     52 total, 52 rows over 8 page(s)
[18:22:43] [400/10944] עור @ מי עמי
[18:23:01]     81 total, 81 rows over 12 page(s)
[18:23:01] [401/10944] עור @ מכורה
[18:23:09]     46 total, 46 rows over 7 page(s)
[18:23:09] [402/10944] עור @ מנות
[18:23:19]     52 total, 52 rows over 8 page(s)
[18:23:19] [403/10944] עור @ מסלול
[18:23:33]     45 total, 45 rows over 7 page(s)
[18:23:33] [404/10944] עור @ מעיין ברוך
[18:23:42]     53 total, 53 rows over 8 page(s)
[18:23:42] [405/10944] עור @ מפעלי חבל יבנה
[18:23:49]     43 total, 43 rows over 7 page(s)
[18:23:49] [406/10944] עור @ מצפה יריחו
[18:23:57]     46 total, 46 rows over 7 page(s)
[18:23:57] [407/10944] עור @ מרחביה קיבוץ
[18:24:11]     85 total, 85 rows over 13 page(s)
[18:24:11] [408/10944] עור @ משכיות
[18:24:19]     46 total, 46 rows over 7 page(s)
[18:24:19] [409/10944] עור @ נאות מרדכי
[18:24:28]     53 total, 53 rows over 8 page(s)
[18:24:28] [410/10944] עור @ נהריה
[18:24:34]     38 total, 38 rows over 6 page(s)
[18:24:34] [411/10944] עור @ נווה זוהר
[18:24:44]     34 total, 34 rows over 5 page(s)
[18:24:44] [412/10944] עור @ נחלים
[18:25:00]     62 total, 62 rows over 9 page(s)
[18:25:00] [413/10944] עור @ ניל''י
[18:25:12]     46 total, 46 rows over 7 page(s)
[18:25:12] [414/10944] עור @ נמל תעופה בן גוריון
[18:25:20]     43 total, 43 rows over 7 page(s)
[18:25:20] [415/10944] עור @ נצר חזני
[18:25:27]     43 total, 43 rows over 7 page(s)
[18:25:27] [416/10944] עור @ סאג'ור
[18:25:38]     52 total, 52 rows over 8 page(s)
[18:25:38] [417/10944] עור @ סומיה
[18:25:52]     45 total, 45 rows over 7 page(s)
[18:25:52] [418/10944] עור @ סילת אל ח'רית'יה
[18:26:03]     49 total, 49 rows over 8 page(s)
[18:26:03] [419/10944] עור @ סניריא
[18:26:15]     46 total, 46 rows over 7 page(s)
[18:26:15] [420/10944] עור @ סרטא
[18:26:28]     46 total, 46 rows over 7 page(s)
[18:26:28] [421/10944] עור @ עג'ה
[18:26:40]     49 total, 49 rows over 8 page(s)
[18:26:40] [422/10944] עור @ עוזייר
[18:26:49]     53 total, 53 rows over 8 page(s)
[18:26:49] [423/10944] עור @ עזמוט
[18:27:01]     49 total, 49 rows over 8 page(s)
[18:27:01] [424/10944] עור @ עיילבון
[18:27:10]     53 total, 53 rows over 8 page(s)
[18:27:10] [425/10944] עור @ עלומים
[18:27:22]     32 total, 32 rows over 5 page(s)
[18:27:22] [426/10944] עור @ עמיעוז
[18:27:35]     32 total, 32 rows over 5 page(s)
[18:27:35] [427/10944] עור @ עסירה אל קיבליה
[18:27:47]     49 total, 49 rows over 8 page(s)
[18:27:47] [428/10944] עור @ עראבה ליד ג'נין
[18:28:00]     49 total, 49 rows over 8 page(s)
[18:28:00] [429/10944] עור @ עשרת
[18:28:04]     24 total, 24 rows over 4 page(s)
[18:28:04] [430/10944] עור @ פארק תעשייה חבל מודיעים
[18:28:17]     46 total, 46 rows over 7 page(s)
[18:28:17] [431/10944] עור @ פטיש
[18:28:32]     45 total, 45 rows over 7 page(s)
[18:28:32] [432/10944] עור @ פצאל
[18:28:40]     46 total, 46 rows over 7 page(s)
[18:28:40] [433/10944] עור @ פרעון
[18:28:53]     49 total, 49 rows over 8 page(s)
[18:28:53] [434/10944] עור @ צופים
[18:29:15]     85 total, 85 rows over 13 page(s)
[18:29:15] [435/10944] עור @ צפריה
[18:29:20]     34 total, 34 rows over 5 page(s)
[18:29:20] [436/10944] עור @ קדימה צורן
[18:29:32]     49 total, 49 rows over 8 page(s)
[18:29:32] [437/10944] עור @ קוממיות
[18:29:44]     32 total, 32 rows over 5 page(s)
[18:29:44] [438/10944] עור @ קליה
[18:29:51]     46 total, 46 rows over 7 page(s)
[18:29:51] [439/10944] עור @ קראות בני חסן
[18:30:04]     46 total, 46 rows over 7 page(s)
[18:30:04] [440/10944] עור @ ראבא
[18:30:18]     49 total, 49 rows over 8 page(s)
[18:30:18] [441/10944] עור @ רבבה
[18:30:36]     62 total, 62 rows over 9 page(s)
[18:30:36] [442/10944] עור @ רוח מדבר
[18:30:50]     45 total, 45 rows over 7 page(s)
[18:30:50] [443/10944] עור @ ריחאנייה
[18:30:59]     53 total, 53 rows over 8 page(s)
[18:30:59] [444/10944] עור @ רמות השבים
[18:31:15]     62 total, 62 rows over 9 page(s)
[18:31:15] [445/10944] עור @ רפידא
[18:31:22]     46 total, 46 rows over 7 page(s)
[18:31:22] [446/10944] עור @ שבלי
[18:31:38]     85 total, 85 rows over 13 page(s)
[18:31:38] [447/10944] עור @ שדה יעקב
[18:31:53]     85 total, 85 rows over 13 page(s)
[18:31:53] [448/10944] עור @ שופה
[18:32:04]     49 total, 49 rows over 8 page(s)
[18:32:04] [449/10944] עור @ שיטים
[18:32:15]     34 total, 34 rows over 5 page(s)
[18:32:15] [450/10944] עור @ שלומית
[18:32:29]     32 total, 32 rows over 5 page(s)
[18:32:29] [451/10944] עור @ שעלבים
[18:32:35]     34 total, 34 rows over 5 page(s)
[18:32:35] [452/10944] עור @ שקד
[18:32:46]     49 total, 49 rows over 8 page(s)
[18:32:46] [453/10944] עור @ תובל
[18:32:56]     52 total, 52 rows over 8 page(s)
[18:32:56] [454/10944] עור @ תל אביב יפו
[18:33:12]     61 total, 61 rows over 9 page(s)
[18:33:12] [455/10944] עור @ תנובות
[18:33:25]     49 total, 49 rows over 8 page(s)
[18:33:25] [456/10944] עור @ תפוח
[18:33:33]     46 total, 46 rows over 7 page(s)
[18:33:33] [457/10944] עיניים @ א סייד שבט
[18:33:46]     51 total, 51 rows over 8 page(s)
[18:33:46] [458/10944] עיניים @ אבו סריחאן
[18:33:58]     51 total, 51 rows over 8 page(s)
[18:33:58] [459/10944] עיניים @ אודים
[18:34:11]     72 total, 72 rows over 11 page(s)
[18:34:11] [460/10944] עיניים @ אזור
[18:34:21]     59 total, 59 rows over 9 page(s)
[18:34:21] [461/10944] עיניים @ אחיסמך
[18:34:28]     41 total, 41 rows over 6 page(s)
[18:34:28] [462/10944] עיניים @ אילות
[18:34:29]     4 total, 4 rows over 1 page(s)
[18:34:29] [463/10944] עיניים @ אל עזי
[18:34:38]     54 total, 54 rows over 8 page(s)
[18:34:38] [464/10944] עיניים @ אעבלין
[18:34:52]     77 total, 77 rows over 12 page(s)
[18:34:52] [465/10944] עיניים @ ארטאס
[18:34:57]     31 total, 31 rows over 5 page(s)
[18:34:57] [466/10944] עיניים @ אשל הנשיא בי''ס אזורי
[18:35:15]     71 total, 71 rows over 11 page(s)
[18:35:15] [467/10944] עיניים @ באר מילכה
[18:35:27]     51 total, 51 rows over 8 page(s)
[18:35:27] [468/10944] עיניים @ בורוקין
[18:35:37]     59 total, 59 rows over 9 page(s)
[18:35:37] [469/10944] עיניים @ בילעין
[18:35:43]     31 total, 31 rows over 5 page(s)
[18:35:43] [470/10944] עיניים @ בני דקלים
[18:35:56]     51 total, 51 rows over 8 page(s)
[18:35:56] [471/10944] עיניים @ בסמת טבעון
[18:36:17]     122 total, 122 rows over 18 page(s)
[18:36:17] [472/10944] עיניים @ ברור חיל
[18:36:31]     51 total, 51 rows over 8 page(s)
[18:36:31] [473/10944] עיניים @ בת שלמה
[18:36:49]     107 total, 107 rows over 16 page(s)
[18:36:49] [474/10944] עיניים @ גבים
[18:37:03]     51 total, 51 rows over 8 page(s)
[18:37:03] [475/10944] עיניים @ גדיש
[18:37:22]     125 total, 125 rows over 18 page(s)
[18:37:22] [476/10944] עיניים @ גיזו
[18:37:27]     31 total, 31 rows over 5 page(s)
[18:37:27] [477/10944] עיניים @ גליל ים
[18:37:47]     112 total, 112 rows over 17 page(s)
[18:37:47] [478/10944] עיניים @ גני תקווה
[18:37:57]     59 total, 59 rows over 9 page(s)
[18:37:57] [479/10944] עיניים @ דאלית אל כרמל
[18:38:18]     122 total, 122 rows over 18 page(s)
[18:38:18] [480/10944] עיניים @ דולב
[18:38:23]     31 total, 31 rows over 5 page(s)
[18:38:23] [481/10944] עיניים @ דייר ראפאת
[18:38:29]     31 total, 31 rows over 5 page(s)
[18:38:29] [482/10944] עיניים @ דמיידה
[18:38:48]     117 total, 117 rows over 17 page(s)
[18:38:48] [483/10944] עיניים @ הוד השרון
[18:39:01]     76 total, 76 rows over 11 page(s)
[18:39:01] [484/10944] עיניים @ הילה
[18:39:14]     77 total, 77 rows over 12 page(s)
[18:39:14] [485/10944] עיניים @ הרצליה
[18:39:33]     112 total, 112 rows over 17 page(s)
[18:39:33] [486/10944] עיניים @ זובובא
[18:39:45]     79 total, 79 rows over 12 page(s)
[18:39:45] [487/10944] עיניים @ זמר
[18:40:04]     107 total, 107 rows over 16 page(s)
[18:40:04] [488/10944] עיניים @ חבלה
[18:40:18]     72 total, 72 rows over 11 page(s)
[18:40:18] [489/10944] עיניים @ חדרה
[18:40:36]     107 total, 107 rows over 16 page(s)
[18:40:36] [490/10944] עיניים @ חוקוק
[18:40:50]     79 total, 79 rows over 12 page(s)
[18:40:50] [491/10944] עיניים @ חמד
[18:41:03]     73 total, 73 rows over 11 page(s)
[18:41:03] [492/10944] עיניים @ חצב
[18:41:10]     36 total, 36 rows over 6 page(s)
[18:41:10] [493/10944] עיניים @ חרשים
[18:41:24]     77 total, 77 rows over 12 page(s)
[18:41:24] [494/10944] עיניים @ טירה
[18:41:46]     112 total, 112 rows over 17 page(s)
[18:41:46] [495/10944] עיניים @ טמון
[18:41:58]     72 total, 72 rows over 11 page(s)
[18:41:58] [496/10944] עיניים @ יבול
[18:42:13]     51 total, 51 rows over 8 page(s)
[18:42:13] [497/10944] עיניים @ יד מרדכי
[18:42:26]     51 total, 51 rows over 8 page(s)
[18:42:26] [498/10944] עיניים @ יושיביה
[18:42:45]     71 total, 71 rows over 11 page(s)
[18:42:45] [499/10944] עיניים @ יסודות
[18:42:51]     36 total, 36 rows over 6 page(s)
[18:42:51] [500/10944] עיניים @ יפתח
[18:43:05]     79 total, 79 rows over 12 page(s)
[18:43:05] [501/10944] עיניים @ ירושלים
[18:43:10]     31 total, 31 rows over 5 page(s)
[18:43:10] [502/10944] עיניים @ יתמא
[18:43:16]     31 total, 31 rows over 5 page(s)
[18:43:16] [503/10944] עיניים @ כוכב מיכאל
[18:43:29]     51 total, 51 rows over 8 page(s)
[18:43:29] [504/10944] עיניים @ כיפל חארת
[18:43:41]     59 total, 59 rows over 9 page(s)
[18:43:41] [505/10944] עיניים @ כסיפה
[18:43:53]     51 total, 51 rows over 8 page(s)
[18:43:53] [506/10944] עיניים @ כפר ביל''ו
[18:44:07]     73 total, 73 rows over 11 page(s)
[18:44:07] [507/10944] עיניים @ כרם שלום
[18:44:20]     51 total, 51 rows over 8 page(s)
[18:44:20] [508/10944] עיניים @ להבות חביבה
[18:44:41]     107 total, 107 rows over 16 page(s)
[18:44:41] [509/10944] עיניים @ לפיד
[18:44:48]     41 total, 41 rows over 6 page(s)
[18:44:48] [510/10944] עיניים @ מבואות ים
[18:45:02]     72 total, 72 rows over 11 page(s)
[18:45:02] [511/10944] עיניים @ מגדים
[18:45:25]     122 total, 122 rows over 18 page(s)
[18:45:25] [512/10944] עיניים @ מוח'יים פארעה
[18:45:37]     72 total, 72 rows over 11 page(s)
[18:45:37] [513/10944] עיניים @ מזכרת בתיה
[18:45:50]     73 total, 73 rows over 11 page(s)
[18:45:50] [514/10944] עיניים @ מי עמי
[18:46:16]     request error (Error), retry 1/4 in 2s
[18:46:19]     107 total, 90 rows over 14 page(s)  (MISSING 17)
[18:46:19] [515/10944] עיניים @ מכורה
[18:46:20]     Non-HTML payload {'errorType': 2, 'message': None, 'data_type': 'dict'} - re-warming session
[18:46:20] Establishing session (attempt 1/3) ...
  Log in in the browser window (ID, password, CAPTCHA, SMS), then press Enter... 