[16:51:04] Taxonomy from cache: 96 specializations
[16:51:08] Loaded 114 cities from parallel/cities-9.txt
[16:51:08] 96 specializations x 114 cities = 10944 pairs
[16:51:08] 10944 remaining; roughly 120384 requests at ~0.3s apart = ~602 min
[16:51:08] [1/10944] אורתופדיה @ אבו גוש
[16:51:16]     50 total, 50 rows over 8 page(s)
[16:51:16] [2/10944] אורתופדיה @ אדורים
[16:51:34]     63 total, 63 rows over 10 page(s)
[16:51:34] [3/10944] אורתופדיה @ אום א תות
[16:51:48]     89 total, 89 rows over 13 page(s)
[16:51:48] [4/10944] אורתופדיה @ אחוזם
[16:52:02]     47 total, 47 rows over 7 page(s)
[16:52:02] [5/10944] אורתופדיה @ אייל
[16:52:23]     130 total, 130 rows over 19 page(s)
[16:52:23] [6/10944] אורתופדיה @ אל הג'רה
[16:52:41]     63 total, 63 rows over 10 page(s)
[16:52:41] [7/10944] אורתופדיה @ אמנון
[16:52:57]     98 total, 98 rows over 15 page(s)
[16:52:57] [8/10944] אורתופדיה @ אפרת
[16:53:04]     50 total, 50 rows over 8 page(s)
[16:53:04] [9/10944] אורתופדיה @ אשדות יעקב איחוד
[16:53:20]     98 total, 98 rows over 15 page(s)
[16:53:20] [10/10944] אורתופדיה @ באר אורה
[16:53:21]     6 total, 6 rows over 1 page(s)
[16:53:21] [11/10944] אורתופדיה @ בוקעתא
[16:53:37]     98 total, 98 rows over 15 page(s)
[16:53:37] [12/10944] אורתופדיה @ בי''ס אזורי מקיף מטה אשר
[16:53:55]     116 total, 116 rows over 17 page(s)
[16:53:55] [13/10944] אורתופדיה @ בלאטה
[16:54:09]     89 total, 89 rows over 13 page(s)
[16:54:09] [14/10944] אורתופדיה @ בני סוהילה
[16:54:26]     63 total, 63 rows over 10 page(s)
[16:54:26] [15/10944] אורתופדיה @ בר יוחאי
[16:54:41]     98 total, 98 rows over 15 page(s)
[16:54:41] [16/10944] אורתופדיה @ בת חן
[16:54:56]     89 total, 89 rows over 13 page(s)
[16:54:56] [17/10944] אורתופדיה @ גאולי תימן
[16:55:17]     128 total, 128 rows over 19 page(s)
[16:55:17] [18/10944] אורתופדיה @ גבעות בר
[16:55:35]     63 total, 63 rows over 10 page(s)
[16:55:35] [19/10944] אורתופדיה @ גזית
[16:55:57]     146 total, 139 rows over 21 page(s)  (MISSING 7)
[16:55:57] [20/10944] אורתופדיה @ גיתה
[16:56:09]     71 total, 71 rows over 11 page(s)
[16:56:09] [21/10944] אורתופדיה @ גני טל
[16:56:23]     73 total, 73 rows over 11 page(s)
[16:56:23] [22/10944] אורתופדיה @ גשר
[16:56:46]     146 total, 139 rows over 21 page(s)  (MISSING 7)
[16:56:46] [23/10944] אורתופדיה @ דגניה ב'
[16:57:01]     98 total, 98 rows over 15 page(s)
[16:57:01] [24/10944] אורתופדיה @ דורות
[16:57:15]     47 total, 47 rows over 7 page(s)
[16:57:15] [25/10944] אורתופדיה @ דיר איסתיא
[16:57:29]     89 total, 89 rows over 13 page(s)
[16:57:29] [26/10944] אורתופדיה @ האשימיה
[16:57:43]     89 total, 89 rows over 13 page(s)
[16:57:43] [27/10944] אורתופדיה @ הזורע
[16:58:02]     116 total, 116 rows over 17 page(s)
[16:58:02] [28/10944] אורתופדיה @ הר גילה
[16:58:09]     50 total, 50 rows over 8 page(s)
[16:58:09] [29/10944] אורתופדיה @ זאוויה בצפון שומרון
[16:58:24]     89 total, 89 rows over 13 page(s)
[16:58:24] [30/10944] אורתופדיה @ זיתא ליד באקה אל ע'רביה
[16:58:38]     89 total, 89 rows over 13 page(s)
[16:58:38] [31/10944] אורתופדיה @ זרחיה
[16:58:47]     37 total, 37 rows over 6 page(s)
[16:58:47] [32/10944] אורתופדיה @ חגי
[16:59:05]     63 total, 63 rows over 10 page(s)
[16:59:05] [33/10944] אורתופדיה @ חוסאן
[16:59:13]     50 total, 50 rows over 8 page(s)
[16:59:13] [34/10944] אורתופדיה @ חלוץ
[16:59:31]     116 total, 116 rows over 17 page(s)
[16:59:31] [35/10944] אורתופדיה @ חנתון
[16:59:50]     98 total, 98 rows over 15 page(s)
[16:59:50] [36/10944] אורתופדיה @ חרוצים
[17:00:11]     130 total, 130 rows over 19 page(s)
[17:00:11] [37/10944] אורתופדיה @ טורה על ע'רביה
[17:00:26]     89 total, 89 rows over 13 page(s)
[17:00:26] [38/10944] אורתופדיה @ טל שחר
[17:00:37]     61 total, 61 rows over 9 page(s)
[17:00:37] [39/10944] אורתופדיה @ יאנוח ג'ת
[17:00:50]     71 total, 71 rows over 11 page(s)
[17:00:50] [40/10944] אורתופדיה @ יגל
[17:01:02]     61 total, 61 rows over 9 page(s)
[17:01:02] [41/10944] אורתופדיה @ יובל
[17:01:18]     98 total, 98 rows over 15 page(s)
[17:01:18] [42/10944] אורתופדיה @ יכיני
[17:01:31]     47 total, 47 rows over 7 page(s)
[17:01:31] [43/10944] אורתופדיה @ יערה
[17:01:43]     71 total, 71 rows over 11 page(s)
[17:01:43] [44/10944] אורתופדיה @ יקנעם עילית
[17:02:01]     116 total, 116 rows over 17 page(s)
[17:02:01] [45/10944] אורתופדיה @ ישעי
[17:02:09]     50 total, 50 rows over 8 page(s)
[17:02:09] [46/10944] אורתופדיה @ כוחלה
[17:02:21]     43 total, 43 rows over 7 page(s)
[17:02:21] [47/10944] אורתופדיה @ כינרת מושבה
[17:02:37]     98 total, 98 rows over 15 page(s)
[17:02:37] [48/10944] אורתופדיה @ כמהין
[17:02:50]     43 total, 43 rows over 7 page(s)
[17:02:50] [49/10944] אורתופדיה @ כפר אדומים
[17:02:57]     50 total, 50 rows over 8 page(s)
[17:02:57] [50/10944] אורתופדיה @ כרם בן זמרה
[17:03:13]     98 total, 98 rows over 15 page(s)
[17:03:13] [51/10944] אורתופדיה @ לביא
[17:03:29]     98 total, 98 rows over 15 page(s)
[17:03:29] [52/10944] אורתופדיה @ לוטם
[17:03:44]     91 total, 91 rows over 14 page(s)
[17:03:44] [53/10944] אורתופדיה @ מבוא דותן
[17:04:04]     128 total, 128 rows over 19 page(s)
[17:04:04] [54/10944] אורתופדיה @ מג'ד אל כרום
[17:04:19]     91 total, 91 rows over 14 page(s)
[17:04:19] [55/10944] אורתופדיה @ מדרך עוז
[17:04:37]     116 total, 116 rows over 17 page(s)
[17:04:37] [56/10944] אורתופדיה @ מוקייבלה
[17:04:59]     146 total, 139 rows over 21 page(s)  (MISSING 7)
[17:04:59] [57/10944] אורתופדיה @ מחניים
[17:05:15]     98 total, 98 rows over 15 page(s)
[17:05:15] [58/10944] אורתופדיה @ מירון
[17:05:31]     98 total, 98 rows over 15 page(s)
[17:05:31] [59/10944] אורתופדיה @ מלכיה
[17:05:46]     98 total, 98 rows over 15 page(s)
[17:05:46] [60/10944] אורתופדיה @ מסחה
[17:05:56]     58 total, 58 rows over 9 page(s)
[17:05:56] [61/10944] אורתופדיה @ מעגן מיכאל
[17:06:17]     128 total, 128 rows over 19 page(s)
[17:06:17] [62/10944] אורתופדיה @ מפעלי ברקן
[17:06:26]     58 total, 58 rows over 9 page(s)
[17:06:26] [63/10944] אורתופדיה @ מצליח
[17:06:38]     61 total, 61 rows over 9 page(s)
[17:06:38] [64/10944] אורתופדיה @ מרדה
[17:06:48]     58 total, 58 rows over 9 page(s)
[17:06:48] [65/10944] אורתופדיה @ משגב עם
[17:07:04]     98 total, 98 rows over 15 page(s)
[17:07:04] [66/10944] אורתופדיה @ מתתיהו
[17:07:15]     61 total, 61 rows over 9 page(s)
[17:07:15] [67/10944] אורתופדיה @ נגבה
[17:07:30]     47 total, 47 rows over 7 page(s)
[17:07:30] [68/10944] אורתופדיה @ נווה אטי''ב
[17:07:46]     98 total, 98 rows over 15 page(s)
[17:07:46] [69/10944] אורתופדיה @ נחושה
[17:07:54]     50 total, 50 rows over 8 page(s)
[17:07:54] [70/10944] אורתופדיה @ נטור
[17:08:10]     98 total, 98 rows over 15 page(s)
[17:08:10] [71/10944] אורתופדיה @ ניצנה קהילה חינוכית
[17:08:23]     43 total, 43 rows over 7 page(s)
[17:08:23] [72/10944] אורתופדיה @ נעלה
[17:08:33]     58 total, 58 rows over 9 page(s)
[17:08:33] [73/10944] אורתופדיה @ נתיב העשרה
[17:08:46]     47 total, 47 rows over 7 page(s)
[17:08:46] [74/10944] אורתופדיה @ סבסטיה
[17:09:00]     89 total, 89 rows over 13 page(s)
[17:09:00] [75/10944] אורתופדיה @ סידא
[17:09:14]     89 total, 89 rows over 13 page(s)
[17:09:14] [76/10944] אורתופדיה @ סלעית
[17:09:36]     130 total, 130 rows over 19 page(s)
[17:09:36] [77/10944] אורתופדיה @ ספארין
[17:09:50]     89 total, 89 rows over 13 page(s)
[17:09:50] [78/10944] אורתופדיה @ עבווין
[17:09:58]     50 total, 50 rows over 8 page(s)
[17:09:58] [79/10944] אורתופדיה @ עובידייה
[17:10:06]     50 total, 50 rows over 8 page(s)
[17:10:06] [80/10944] אורתופדיה @ עזה
[17:10:24]     63 total, 63 rows over 10 page(s)
[17:10:24] [81/10944] אורתופדיה @ עטארה
[17:10:39]     89 total, 89 rows over 13 page(s)
[17:10:39] [82/10944] אורתופדיה @ עין אל אסד
[17:10:54]     91 total, 91 rows over 14 page(s)
[17:10:54] [83/10944] אורתופדיה @ עמוריה
[17:11:03]     58 total, 58 rows over 9 page(s)
[17:11:03] [84/10944] אורתופדיה @ ענב
[17:11:26]     130 total, 130 rows over 19 page(s)
[17:11:26] [85/10944] אורתופדיה @ עקאבת ג'בר מחנה פליטים
[17:11:33]     50 total, 50 rows over 8 page(s)
[17:11:33] [86/10944] אורתופדיה @ ערוגות
[17:11:41]     37 total, 37 rows over 6 page(s)
[17:11:41] [87/10944] אורתופדיה @ פארק תעשיות עמק חפר
[17:11:56]     89 total, 89 rows over 13 page(s)
[17:11:56] [88/10944] אורתופדיה @ פוריה עילית
[17:12:11]     98 total, 98 rows over 15 page(s)
[17:12:11] [89/10944] אורתופדיה @ פסאיל
[17:12:19]     50 total, 50 rows over 8 page(s)
[17:12:19] [90/10944] אורתופדיה @ פרוד
[17:12:34]     98 total, 98 rows over 15 page(s)
[17:12:34] [91/10944] אורתופדיה @ צבעון
[17:12:50]     98 total, 98 rows over 15 page(s)
[17:12:50] [92/10944] אורתופדיה @ צור יצחק
[17:13:11]     130 total, 130 rows over 19 page(s)
[17:13:11] [93/10944] אורתופדיה @ קבועה
[17:13:24]     43 total, 43 rows over 7 page(s)
[17:13:24] [94/10944] אורתופדיה @ קדרים
[17:13:39]     98 total, 98 rows over 15 page(s)
[17:13:39] [95/10944] אורתופדיה @ קיביא
[17:13:49]     58 total, 58 rows over 9 page(s)
[17:13:49] [96/10944] אורתופדיה @ קפין
[17:14:04]     89 total, 89 rows over 13 page(s)
[17:14:04] [97/10944] אורתופדיה @ קרית גת
[17:14:18]     47 total, 47 rows over 7 page(s)
[17:14:18] [98/10944] אורתופדיה @ ראס עלי
[17:14:37]     116 total, 116 rows over 17 page(s)
[17:14:37] [99/10944] אורתופדיה @ רהט
[17:14:49]     43 total, 43 rows over 7 page(s)
[17:14:49] [100/10944] אורתופדיה @ רותם
[17:14:57]     50 total, 50 rows over 8 page(s)
[17:14:57] [101/10944] אורתופדיה @ רמאללה
[17:15:05]     50 total, 50 rows over 8 page(s)
[17:15:05] [102/10944] אורתופדיה @ רנן
[17:15:24]     63 total, 63 rows over 10 page(s)
[17:15:24] [103/10944] אורתופדיה @ שאר ישוב
[17:15:40]     98 total, 98 rows over 15 page(s)
[17:15:40] [104/10944] אורתופדיה @ שדה בוקר
[17:15:52]     43 total, 43 rows over 7 page(s)
[17:15:52] [105/10944] אורתופדיה @ שוהם
[17:16:04]     61 total, 61 rows over 9 page(s)
[17:16:04] [106/10944] אורתופדיה @ שחרית
[17:16:15]     58 total, 58 rows over 9 page(s)
[17:16:15] [107/10944] אורתופדיה @ שלווה
[17:16:28]     47 total, 47 rows over 7 page(s)
[17:16:28] [108/10944] אורתופדיה @ שני ליבנה
[17:16:40]     43 total, 43 rows over 7 page(s)
[17:16:40] [109/10944] אורתופדיה @ שפיים
[17:17:01]     130 total, 130 rows over 19 page(s)
[17:17:01] [110/10944] אורתופדיה @ שתולה
[17:17:12]     71 total, 71 rows over 11 page(s)
[17:17:12] [111/10944] אורתופדיה @ תימורים
[17:17:21]     37 total, 37 rows over 6 page(s)
[17:17:21] [112/10944] אורתופדיה @ תל עדשים
[17:17:42]     146 total, 139 rows over 21 page(s)  (MISSING 7)
[17:17:42] [113/10944] אורתופדיה @ תעשיון ראם
[17:17:55]     73 total, 73 rows over 11 page(s)
[17:17:55] [114/10944] אורתופדיה @ תרדיון
[17:18:13]     116 total, 116 rows over 17 page(s)
[17:18:13] [115/10944] אף אוזן גרון @ אבו גוש
[17:18:20]     42 total, 42 rows over 7 page(s)
[17:18:20] [116/10944] אף אוזן גרון @ אדורים
[17:18:36]     63 total, 63 rows over 10 page(s)
[17:18:36] [117/10944] אף אוזן גרון @ אום א תות
[17:18:47]     67 total, 67 rows over 10 page(s)
[17:18:47] [118/10944] אף אוזן גרון @ אחוזם
[17:18:58]     41 total, 41 rows over 6 page(s)
[17:18:58] [119/10944] אף אוזן גרון @ אייל
[17:19:14]     91 total, 91 rows over 14 page(s)
[17:19:14] [120/10944] אף אוזן גרון @ אל הג'רה
[17:19:29]     63 total, 63 rows over 10 page(s)
[17:19:29] [121/10944] אף אוזן גרון @ אמנון
[17:19:38]     59 total, 59 rows over 9 page(s)
[17:19:38] [122/10944] אף אוזן גרון @ אפרת
[17:19:45]     42 total, 42 rows over 7 page(s)
[17:19:45] [123/10944] אף אוזן גרון @ אשדות יעקב איחוד
[17:19:55]     59 total, 59 rows over 9 page(s)
[17:19:55] [124/10944] אף אוזן גרון @ באר אורה
[17:19:56]     4 total, 4 rows over 1 page(s)
[17:19:56] [125/10944] אף אוזן גרון @ בוקעתא
[17:20:05]     59 total, 59 rows over 9 page(s)
[17:20:05] [126/10944] אף אוזן גרון @ בי''ס אזורי מקיף מטה אשר
[17:20:19]     77 total, 77 rows over 12 page(s)
[17:20:19] [127/10944] אף אוזן גרון @ בלאטה
[17:20:30]     67 total, 67 rows over 10 page(s)
[17:20:30] [128/10944] אף אוזן גרון @ בני סוהילה
[17:20:45]     63 total, 63 rows over 10 page(s)
[17:20:45] [129/10944] אף אוזן גרון @ בר יוחאי
[17:20:54]     59 total, 59 rows over 9 page(s)
[17:20:54] [130/10944] אף אוזן גרון @ בת חן
[17:21:06]     67 total, 67 rows over 10 page(s)
[17:21:06] [131/10944] אף אוזן גרון @ גאולי תימן
[17:21:21]     92 total, 92 rows over 14 page(s)
[17:21:21] [132/10944] אף אוזן גרון @ גבעות בר
[17:21:36]     63 total, 63 rows over 10 page(s)
[17:21:36] [133/10944] אף אוזן גרון @ גזית
[17:21:51]     95 total, 95 rows over 14 page(s)
[17:21:51] [134/10944] אף אוזן גרון @ גיתה
[17:21:57]     38 total, 38 rows over 6 page(s)
[17:21:57] [135/10944] אף אוזן גרון @ גני טל
[17:22:06]     44 total, 44 rows over 7 page(s)
[17:22:06] [136/10944] אף אוזן גרון @ גשר
[17:22:22]     95 total, 95 rows over 14 page(s)
[17:22:22] [137/10944] אף אוזן גרון @ דגניה ב'
[17:22:32]     59 total, 59 rows over 9 page(s)
[17:22:32] [138/10944] אף אוזן גרון @ דורות
[17:22:42]     41 total, 41 rows over 6 page(s)
[17:22:42] [139/10944] אף אוזן גרון @ דיר איסתיא
[17:22:53]     67 total, 67 rows over 10 page(s)
[17:22:53] [140/10944] אף אוזן גרון @ האשימיה
[17:23:05]     67 total, 67 rows over 10 page(s)
[17:23:05] [141/10944] אף אוזן גרון @ הזורע
[17:23:19]     82 total, 82 rows over 12 page(s)
[17:23:19] [142/10944] אף אוזן גרון @ הר גילה
[17:23:26]     42 total, 42 rows over 7 page(s)
[17:23:26] [143/10944] אף אוזן גרון @ זאוויה בצפון שומרון
[17:23:37]     67 total, 67 rows over 10 page(s)
[17:23:37] [144/10944] אף אוזן גרון @ זיתא ליד באקה אל ע'רביה
[17:23:48]     67 total, 67 rows over 10 page(s)
[17:23:48] [145/10944] אף אוזן גרון @ זרחיה
[17:23:54]     27 total, 27 rows over 4 page(s)
[17:23:54] [146/10944] אף אוזן גרון @ חגי
[17:24:08]     63 total, 63 rows over 10 page(s)
[17:24:08] [147/10944] אף אוזן גרון @ חוסאן
[17:24:16]     42 total, 42 rows over 7 page(s)
[17:24:16] [148/10944] אף אוזן גרון @ חלוץ
[17:24:30]     77 total, 77 rows over 12 page(s)
[17:24:30] [149/10944] אף אוזן גרון @ חנתון
[17:24:39]     59 total, 59 rows over 9 page(s)
[17:24:39] [150/10944] אף אוזן גרון @ חרוצים
[17:24:55]     91 total, 91 rows over 14 page(s)
[17:24:55] [151/10944] אף אוזן גרון @ טורה על ע'רביה
[17:25:06]     67 total, 67 rows over 10 page(s)
[17:25:06] [152/10944] אף אוזן גרון @ טל שחר
[17:25:13]     32 total, 32 rows over 5 page(s)
[17:25:13] [153/10944] אף אוזן גרון @ יאנוח ג'ת
[17:25:20]     38 total, 38 rows over 6 page(s)
[17:25:20] [154/10944] אף אוזן גרון @ יגל
[17:25:27]     32 total, 32 rows over 5 page(s)
[17:25:27] [155/10944] אף אוזן גרון @ יובל
[17:25:36]     59 total, 59 rows over 9 page(s)
[17:25:36] [156/10944] אף אוזן גרון @ יכיני
[17:25:48]     41 total, 41 rows over 6 page(s)
[17:25:48] [157/10944] אף אוזן גרון @ יערה
[17:25:55]     38 total, 38 rows over 6 page(s)
[17:25:55] [158/10944] אף אוזן גרון @ יקנעם עילית
[17:26:08]     82 total, 82 rows over 12 page(s)
[17:26:08] [159/10944] אף אוזן גרון @ ישעי
[17:26:15]     42 total, 42 rows over 7 page(s)
[17:26:15] [160/10944] אף אוזן גרון @ כוחלה
[17:26:26]     47 total, 47 rows over 7 page(s)
[17:26:26] [161/10944] אף אוזן גרון @ כינרת מושבה
[17:26:36]     59 total, 59 rows over 9 page(s)
[17:26:36] [162/10944] אף אוזן גרון @ כמהין
[17:26:48]     47 total, 47 rows over 7 page(s)
[17:26:48] [163/10944] אף אוזן גרון @ כפר אדומים
[17:26:54]     42 total, 42 rows over 7 page(s)
[17:26:54] [164/10944] אף אוזן גרון @ כרם בן זמרה
[17:27:04]     59 total, 59 rows over 9 page(s)
[17:27:04] [165/10944] אף אוזן גרון @ לביא
[17:27:14]     59 total, 59 rows over 9 page(s)
[17:27:14] [166/10944] אף אוזן גרון @ לוטם
[17:27:24]     55 total, 55 rows over 8 page(s)
[17:27:24] [167/10944] אף אוזן גרון @ מבוא דותן
[17:27:39]     92 total, 92 rows over 14 page(s)
[17:27:39] [168/10944] אף אוזן גרון @ מג'ד אל כרום
[17:27:49]     55 total, 55 rows over 8 page(s)
[17:27:49] [169/10944] אף אוזן גרון @ מדרך עוז
[17:28:03]     82 total, 82 rows over 12 page(s)
[17:28:03] [170/10944] אף אוזן גרון @ מוקייבלה
[17:28:19]     95 total, 95 rows over 14 page(s)
[17:28:19] [171/10944] אף אוזן גרון @ מחניים
[17:28:28]     59 total, 59 rows over 9 page(s)
[17:28:28] [172/10944] אף אוזן גרון @ מירון
[17:28:38]     59 total, 59 rows over 9 page(s)
[17:28:38] [173/10944] אף אוזן גרון @ מלכיה
[17:28:47]     59 total, 59 rows over 9 page(s)
[17:28:47] [174/10944] אף אוזן גרון @ מסחה
[17:28:55]     38 total, 38 rows over 6 page(s)
[17:28:55] [175/10944] אף אוזן גרון @ מעגן מיכאל
[17:29:10]     92 total, 92 rows over 14 page(s)
[17:29:10] [176/10944] אף אוזן גרון @ מפעלי ברקן
[17:29:18]     38 total, 38 rows over 6 page(s)
[17:29:18] [177/10944] אף אוזן גרון @ מצליח
[17:29:24]     32 total, 32 rows over 5 page(s)
[17:29:24] [178/10944] אף אוזן גרון @ מרדה
[17:29:32]     38 total, 38 rows over 6 page(s)
[17:29:32] [179/10944] אף אוזן גרון @ משגב עם
[17:29:42]     59 total, 59 rows over 9 page(s)
[17:29:42] [180/10944] אף אוזן גרון @ מתתיהו
[17:29:49]     32 total, 32 rows over 5 page(s)
[17:29:49] [181/10944] אף אוזן גרון @ נגבה
[17:30:03]     41 total, 41 rows over 6 page(s)
[17:30:03] [182/10944] אף אוזן גרון @ נווה אטי''ב
[17:30:12]     59 total, 59 rows over 9 page(s)
[17:30:12] [183/10944] אף אוזן גרון @ נחושה
[17:30:19]     42 total, 42 rows over 7 page(s)
[17:30:19] [184/10944] אף אוזן גרון @ נטור
[17:30:29]     59 total, 59 rows over 9 page(s)
[17:30:29] [185/10944] אף אוזן גרון @ ניצנה קהילה חינוכית
[17:30:41]     47 total, 47 rows over 7 page(s)
[17:30:41] [186/10944] אף אוזן גרון @ נעלה
[17:30:47]     38 total, 38 rows over 6 page(s)
[17:30:47] [187/10944] אף אוזן גרון @ נתיב העשרה
[17:30:58]     41 total, 41 rows over 6 page(s)
[17:30:58] [188/10944] אף אוזן גרון @ סבסטיה
[17:31:08]     67 total, 67 rows over 10 page(s)
[17:31:08] [189/10944] אף אוזן גרון @ סידא
[17:31:20]     67 total, 67 rows over 10 page(s)
[17:31:20] [190/10944] אף אוזן גרון @ סלעית
[17:31:35]     91 total, 91 rows over 14 page(s)
[17:31:35] [191/10944] אף אוזן גרון @ ספארין
[17:31:46]     67 total, 67 rows over 10 page(s)
[17:31:46] [192/10944] אף אוזן גרון @ עבווין
[17:31:53]     42 total, 42 rows over 7 page(s)
[17:31:53] [193/10944] אף אוזן גרון @ עובידייה
[17:32:00]     42 total, 42 rows over 7 page(s)
[17:32:00] [194/10944] אף אוזן גרון @ עזה
[17:32:15]     63 total, 63 rows over 10 page(s)
[17:32:15] [195/10944] אף אוזן גרון @ עטארה
[17:32:26]     67 total, 67 rows over 10 page(s)
[17:32:26] [196/10944] אף אוזן גרון @ עין אל אסד
[17:32:35]     55 total, 55 rows over 8 page(s)
[17:32:35] [197/10944] אף אוזן גרון @ עמוריה
[17:32:42]     38 total, 38 rows over 6 page(s)
[17:32:42] [198/10944] אף אוזן גרון @ ענב
[17:32:58]     91 total, 91 rows over 14 page(s)
[17:32:58] [199/10944] אף אוזן גרון @ עקאבת ג'בר מחנה פליטים
[17:33:05]     42 total, 42 rows over 7 page(s)
[17:33:05] [200/10944] אף אוזן גרון @ ערוגות
[17:33:10]     27 total, 27 rows over 4 page(s)
[17:33:10] [201/10944] אף אוזן גרון @ פארק תעשיות עמק חפר
[17:33:21]     67 total, 67 rows over 10 page(s)
[17:33:21] [202/10944] אף אוזן גרון @ פוריה עילית
[17:33:31]     59 total, 59 rows over 9 page(s)
[17:33:31] [203/10944] אף אוזן גרון @ פסאיל
[17:33:38]     42 total, 42 rows over 7 page(s)
[17:33:38] [204/10944] אף אוזן גרון @ פרוד
[17:33:48]     59 total, 59 rows over 9 page(s)
[17:33:48] [205/10944] אף אוזן גרון @ צבעון
[17:33:57]     59 total, 59 rows over 9 page(s)
[17:33:57] [206/10944] אף אוזן גרון @ צור יצחק
[17:34:13]     91 total, 91 rows over 14 page(s)
[17:34:13] [207/10944] אף אוזן גרון @ קבועה
[17:34:24]     47 total, 47 rows over 7 page(s)
[17:34:24] [208/10944] אף אוזן גרון @ קדרים
[17:34:33]     59 total, 59 rows over 9 page(s)
[17:34:33] [209/10944] אף אוזן גרון @ קיביא
[17:34:41]     38 total, 38 rows over 6 page(s)
[17:34:41] [210/10944] אף אוזן גרון @ קפין
[17:34:51]     67 total, 67 rows over 10 page(s)
[17:34:51] [211/10944] אף אוזן גרון @ קרית גת
[17:35:02]     41 total, 41 rows over 6 page(s)
[17:35:02] [212/10944] אף אוזן גרון @ ראס עלי
[17:35:16]     82 total, 82 rows over 12 page(s)
[17:35:16] [213/10944] אף אוזן גרון @ רהט
[17:35:27]     47 total, 47 rows over 7 page(s)
[17:35:27] [214/10944] אף אוזן גרון @ רותם
[17:35:33]     42 total, 42 rows over 7 page(s)
[17:35:33] [215/10944] אף אוזן גרון @ רמאללה
[17:35:40]     42 total, 42 rows over 7 page(s)
[17:35:40] [216/10944] אף אוזן גרון @ רנן
[17:35:55]     63 total, 63 rows over 10 page(s)
[17:35:55] [217/10944] אף אוזן גרון @ שאר ישוב
[17:36:05]     59 total, 59 rows over 9 page(s)
[17:36:05] [218/10944] אף אוזן גרון @ שדה בוקר
[17:36:17]     47 total, 47 rows over 7 page(s)
[17:36:17] [219/10944] אף אוזן גרון @ שוהם
[17:36:24]     32 total, 32 rows over 5 page(s)
[17:36:24] [220/10944] אף אוזן גרון @ שחרית
[17:36:31]     38 total, 38 rows over 6 page(s)
[17:36:31] [221/10944] אף אוזן גרון @ שלווה
[17:36:41]     41 total, 41 rows over 6 page(s)
[17:36:41] [222/10944] אף אוזן גרון @ שני ליבנה
[17:36:52]     47 total, 47 rows over 7 page(s)
[17:36:52] [223/10944] אף אוזן גרון @ שפיים
[17:37:07]     91 total, 91 rows over 14 page(s)
[17:37:07] [224/10944] אף אוזן גרון @ שתולה
[17:37:14]     38 total, 38 rows over 6 page(s)
[17:37:14] [225/10944] אף אוזן גרון @ תימורים
[17:37:19]     27 total, 27 rows over 4 page(s)
[17:37:19] [226/10944] אף אוזן גרון @ תל עדשים
[17:37:35]     95 total, 95 rows over 14 page(s)
[17:37:35] [227/10944] אף אוזן גרון @ תעשיון ראם
[17:37:44]     44 total, 44 rows over 7 page(s)
[17:37:44] [228/10944] אף אוזן גרון @ תרדיון
[17:37:56]     77 total, 77 rows over 12 page(s)
[17:37:56] [229/10944] נשים @ אבו גוש
[17:38:15]     132 total, 132 rows over 19 page(s)
[17:38:15] [230/10944] נשים @ אדורים
[17:38:36]     156 total, 139 rows over 21 page(s)  (MISSING 17)
[17:38:36] [231/10944] נשים @ אום א תות
[17:38:57]     142 total, 139 rows over 21 page(s)  (MISSING 3)
[17:38:57] [232/10944] נשים @ אחוזם
[17:39:13]     108 total, 108 rows over 16 page(s)
[17:39:13] [233/10944] נשים @ אייל
[17:39:35]     189 total, 139 rows over 21 page(s)  (MISSING 50)
[17:39:35] [234/10944] נשים @ אל הג'רה
[17:39:55]     156 total, 139 rows over 21 page(s)  (MISSING 17)
[17:39:55] [235/10944] נשים @ אמנון
[17:40:10]     87 total, 87 rows over 13 page(s)
[17:40:10] [236/10944] נשים @ אפרת
[17:40:28]     132 total, 132 rows over 19 page(s)
[17:40:28] [237/10944] נשים @ אשדות יעקב איחוד
[17:40:42]     87 total, 87 rows over 13 page(s)
[17:40:42] [238/10944] נשים @ באר אורה
[17:40:45]     10 total, 10 rows over 2 page(s)
[17:40:45] [239/10944] נשים @ בוקעתא
[17:40:59]     87 total, 87 rows over 13 page(s)
[17:40:59] [240/10944] נשים @ בי''ס אזורי מקיף מטה אשר
[17:41:20]     175 total, 139 rows over 21 page(s)  (MISSING 36)
[17:41:20] [241/10944] נשים @ בלאטה
[17:41:40]     142 total, 139 rows over 21 page(s)  (MISSING 3)
[17:41:40] [242/10944] נשים @ בני סוהילה
[17:42:02]     156 total, 139 rows over 21 page(s)  (MISSING 17)
[17:42:02] [243/10944] נשים @ בר יוחאי
[17:42:16]     87 total, 87 rows over 13 page(s)
[17:42:16] [244/10944] נשים @ בת חן
[17:42:37]     142 total, 139 rows over 21 page(s)  (MISSING 3)
[17:42:37] [245/10944] נשים @ גאולי תימן
[17:43:00]     203 total, 139 rows over 21 page(s)  (MISSING 64)
[17:43:00] [246/10944] נשים @ גבעות בר
[17:43:22]     156 total, 139 rows over 21 page(s)  (MISSING 17)
[17:43:22] [247/10944] נשים @ גזית
[17:43:45]     176 total, 139 rows over 21 page(s)  (MISSING 37)
[17:43:45] [248/10944] נשים @ גיתה
[17:43:59]     88 total, 88 rows over 13 page(s)
[17:43:59] [249/10944] נשים @ גני טל
[17:44:16]     113 total, 113 rows over 17 page(s)
[17:44:16] [250/10944] נשים @ גשר
[17:44:38]     176 total, 139 rows over 21 page(s)  (MISSING 37)
[17:44:38] [251/10944] נשים @ דגניה ב'
[17:44:51]     87 total, 87 rows over 13 page(s)
[17:44:51] [252/10944] נשים @ דורות
[17:45:08]     108 total, 108 rows over 16 page(s)
[17:45:08] [253/10944] נשים @ דיר איסתיא
[17:45:29]     142 total, 139 rows over 21 page(s)  (MISSING 3)
[17:45:29] [254/10944] נשים @ האשימיה
[17:45:50]     142 total, 139 rows over 21 page(s)  (MISSING 3)
[17:45:50] [255/10944] נשים @ הזורע
[17:46:12]     185 total, 139 rows over 21 page(s)  (MISSING 46)
[17:46:12] [256/10944] נשים @ הר גילה
[17:46:31]     132 total, 132 rows over 19 page(s)
[17:46:31] [257/10944] נשים @ זאוויה בצפון שומרון
[17:46:51]     142 total, 139 rows over 21 page(s)  (MISSING 3)
[17:46:51] [258/10944] נשים @ זיתא ליד באקה אל ע'רביה
[17:47:12]     142 total, 139 rows over 21 page(s)  (MISSING 3)
[17:47:12] [259/10944] נשים @ זרחיה
[17:47:23]     63 total, 63 rows over 10 page(s)
[17:47:23] [260/10944] נשים @ חגי
[17:47:44]     156 total, 139 rows over 21 page(s)  (MISSING 17)
[17:47:44] [261/10944] נשים @ חוסאן
[17:48:02]     132 total, 132 rows over 19 page(s)
[17:48:02] [262/10944] נשים @ חלוץ
[17:48:23]     175 total, 139 rows over 21 page(s)  (MISSING 36)
[17:48:23] [263/10944] נשים @ חנתון
[17:48:36]     87 total, 87 rows over 13 page(s)
[17:48:36] [264/10944] נשים @ חרוצים
[17:48:58]     189 total, 139 rows over 21 page(s)  (MISSING 50)
[17:48:58] [265/10944] נשים @ טורה על ע'רביה
[17:49:21]     142 total, 139 rows over 21 page(s)  (MISSING 3)
[17:49:21] [266/10944] נשים @ טל שחר
[17:49:35]     88 total, 88 rows over 13 page(s)
[17:49:35] [267/10944] נשים @ יאנוח ג'ת
[17:49:49]     88 total, 88 rows over 13 page(s)
[17:49:49] [268/10944] נשים @ יגל
[17:50:02]     88 total, 88 rows over 13 page(s)
[17:50:02] [269/10944] נשים @ יובל
[17:50:18]     87 total, 87 rows over 13 page(s)
[17:50:18] [270/10944] נשים @ יכיני
[17:50:35]     108 total, 108 rows over 16 page(s)
[17:50:35] [271/10944] נשים @ יערה
[17:50:49]     88 total, 88 rows over 13 page(s)
[17:50:49] [272/10944] נשים @ יקנעם עילית
[17:51:11]     185 total, 139 rows over 21 page(s)  (MISSING 46)
[17:51:11] [273/10944] נשים @ ישעי
[17:51:30]     132 total, 132 rows over 19 page(s)
[17:51:30] [274/10944] נשים @ כוחלה
[17:51:47]     112 total, 112 rows over 17 page(s)
[17:51:47] [275/10944] נשים @ כינרת מושבה
[17:52:00]     87 total, 87 rows over 13 page(s)
[17:52:00] [276/10944] נשים @ כמהין
[17:52:18]     112 total, 112 rows over 17 page(s)
[17:52:18] [277/10944] נשים @ כפר אדומים
[17:52:39]     132 total, 132 rows over 19 page(s)
[17:52:39] [278/10944] נשים @ כרם בן זמרה
[17:52:53]     87 total, 87 rows over 13 page(s)
[17:52:53] [279/10944] נשים @ לביא
[17:53:07]     87 total, 87 rows over 13 page(s)
[17:53:07] [280/10944] נשים @ לוטם
[17:53:25]     120 total, 120 rows over 18 page(s)
[17:53:25] [281/10944] נשים @ מבוא דותן
[17:53:47]     203 total, 139 rows over 21 page(s)  (MISSING 64)
[17:53:47] [282/10944] נשים @ מג'ד אל כרום
[17:54:06]     120 total, 120 rows over 18 page(s)
[17:54:06] [283/10944] נשים @ מדרך עוז
[17:54:29]     185 total, 139 rows over 21 page(s)  (MISSING 46)
[17:54:29] [284/10944] נשים @ מוקייבלה
[17:54:51]     176 total, 139 rows over 21 page(s)  (MISSING 37)
[17:54:51] [285/10944] נשים @ מחניים
[17:55:04]     87 total, 87 rows over 13 page(s)
[17:55:04] [286/10944] נשים @ מירון
[17:55:18]     87 total, 87 rows over 13 page(s)
[17:55:18] [287/10944] נשים @ מלכיה
[17:55:32]     87 total, 87 rows over 13 page(s)
[17:55:32] [288/10944] נשים @ מסחה
[17:55:37]     29 total, 29 rows over 5 page(s)
[17:55:37] [289/10944] נשים @ מעגן מיכאל
[17:56:00]     203 total, 139 rows over 21 page(s)  (MISSING 64)
[17:56:00] [290/10944] נשים @ מפעלי ברקן
[17:56:05]     29 total, 29 rows over 5 page(s)
[17:56:05] [291/10944] נשים @ מצליח
[17:56:20]     88 total, 88 rows over 13 page(s)
[17:56:20] [292/10944] נשים @ מרדה
[17:56:25]     29 total, 29 rows over 5 page(s)
[17:56:25] [293/10944] נשים @ משגב עם
[17:56:39]     87 total, 87 rows over 13 page(s)
[17:56:39] [294/10944] נשים @ מתתיהו
[17:56:53]     88 total, 88 rows over 13 page(s)
[17:56:53] [295/10944] נשים @ נגבה
[17:57:09]     108 total, 108 rows over 16 page(s)
[17:57:09] [296/10944] נשים @ נווה אטי''ב
[17:57:23]     87 total, 87 rows over 13 page(s)
[17:57:23] [297/10944] נשים @ נחושה
[17:57:41]     132 total, 132 rows over 19 page(s)
[17:57:41] [298/10944] נשים @ נטור
[17:57:55]     87 total, 87 rows over 13 page(s)
[17:57:55] [299/10944] נשים @ ניצנה קהילה חינוכית
[17:58:14]     112 total, 112 rows over 17 page(s)
[17:58:14] [300/10944] נשים @ נעלה
[17:58:19]     29 total, 29 rows over 5 page(s)
[17:58:19] [301/10944] נשים @ נתיב העשרה
[17:58:36]     108 total, 108 rows over 16 page(s)
[17:58:36] [302/10944] נשים @ סבסטיה
[17:58:57]     142 total, 139 rows over 21 page(s)  (MISSING 3)
[17:58:57] [303/10944] נשים @ סידא
[17:59:19]     142 total, 139 rows over 21 page(s)  (MISSING 3)
[17:59:19] [304/10944] נשים @ סלעית
[17:59:42]     189 total, 139 rows over 21 page(s)  (MISSING 50)
[17:59:42] [305/10944] נשים @ ספארין
[18:00:04]     142 total, 139 rows over 21 page(s)  (MISSING 3)
[18:00:04] [306/10944] נשים @ עבווין
[18:00:23]     132 total, 132 rows over 19 page(s)
[18:00:23] [307/10944] נשים @ עובידייה
[18:00:42]     132 total, 132 rows over 19 page(s)
[18:00:42] [308/10944] נשים @ עזה
[18:01:03]     156 total, 139 rows over 21 page(s)  (MISSING 17)
[18:01:03] [309/10944] נשים @ עטארה
[18:01:24]     142 total, 139 rows over 21 page(s)  (MISSING 3)
[18:01:24] [310/10944] נשים @ עין אל אסד
[18:01:43]     120 total, 120 rows over 18 page(s)
[18:01:43] [311/10944] נשים @ עמוריה
[18:01:48]     29 total, 29 rows over 5 page(s)
[18:01:48] [312/10944] נשים @ ענב
[18:02:11]     189 total, 139 rows over 21 page(s)  (MISSING 50)
[18:02:11] [313/10944] נשים @ עקאבת ג'בר מחנה פליטים
[18:02:31]     132 total, 132 rows over 19 page(s)
[18:02:31] [314/10944] נשים @ ערוגות
[18:02:42]     63 total, 63 rows over 10 page(s)
[18:02:42] [315/10944] נשים @ פארק תעשיות עמק חפר
[18:03:04]     142 total, 139 rows over 21 page(s)  (MISSING 3)
[18:03:04] [316/10944] נשים @ פוריה עילית
[18:03:17]     87 total, 87 rows over 13 page(s)
[18:03:17] [317/10944] נשים @ פסאיל
[18:03:35]     132 total, 132 rows over 19 page(s)
[18:03:35] [318/10944] נשים @ פרוד
[18:03:49]     87 total, 87 rows over 13 page(s)
[18:03:49] [319/10944] נשים @ צבעון
[18:04:03]     87 total, 87 rows over 13 page(s)
[18:04:03] [320/10944] נשים @ צור יצחק
[18:04:26]     189 total, 139 rows over 21 page(s)  (MISSING 50)
[18:04:26] [321/10944] נשים @ קבועה
[18:04:44]     112 total, 112 rows over 17 page(s)
[18:04:44] [322/10944] נשים @ קדרים
[18:04:57]     87 total, 87 rows over 13 page(s)
[18:04:57] [323/10944] נשים @ קיביא
[18:05:02]     29 total, 29 rows over 5 page(s)
[18:05:02] [324/10944] נשים @ קפין
[18:05:24]     142 total, 139 rows over 21 page(s)  (MISSING 3)
[18:05:24] [325/10944] נשים @ קרית גת
[18:05:40]     109 total, 109 rows over 16 page(s)
[18:05:40] [326/10944] נשים @ ראס עלי
[18:06:04]     185 total, 139 rows over 21 page(s)  (MISSING 46)
[18:06:04] [327/10944] נשים @ רהט
[18:06:21]     112 total, 112 rows over 17 page(s)
[18:06:21] [328/10944] נשים @ רותם
[18:06:40]     132 total, 132 rows over 19 page(s)
[18:06:40] [329/10944] נשים @ רמאללה
[18:06:58]     132 total, 132 rows over 19 page(s)
[18:06:58] [330/10944] נשים @ רנן
[18:07:19]     156 total, 139 rows over 21 page(s)  (MISSING 17)
[18:07:19] [331/10944] נשים @ שאר ישוב
[18:07:32]     87 total, 87 rows over 13 page(s)
[18:07:32] [332/10944] נשים @ שדה בוקר
[18:07:50]     112 total, 112 rows over 17 page(s)
[18:07:50] [333/10944] נשים @ שוהם
[18:08:03]     88 total, 88 rows over 13 page(s)
[18:08:03] [334/10944] נשים @ שחרית
[18:08:09]     29 total, 29 rows over 5 page(s)
[18:08:09] [335/10944] נשים @ שלווה
[18:08:26]     108 total, 108 rows over 16 page(s)
[18:08:26] [336/10944] נשים @ שני ליבנה
[18:08:43]     112 total, 112 rows over 17 page(s)
[18:08:43] [337/10944] נשים @ שפיים
[18:09:07]     189 total, 139 rows over 21 page(s)  (MISSING 50)
[18:09:07] [338/10944] נשים @ שתולה
[18:09:21]     88 total, 88 rows over 13 page(s)
[18:09:21] [339/10944] נשים @ תימורים
[18:09:31]     63 total, 63 rows over 10 page(s)
[18:09:31] [340/10944] נשים @ תל עדשים
[18:09:53]     176 total, 139 rows over 21 page(s)  (MISSING 37)
[18:09:53] [341/10944] נשים @ תעשיון ראם
[18:10:11]     113 total, 113 rows over 17 page(s)
[18:10:11] [342/10944] נשים @ תרדיון
[18:10:32]     175 total, 139 rows over 21 page(s)  (MISSING 36)
[18:10:32] [343/10944] עור @ אבו גוש
[18:10:40]     46 total, 46 rows over 7 page(s)
[18:10:40] [344/10944] עור @ אדורים
[18:10:53]     45 total, 45 rows over 7 page(s)
[18:10:53] [345/10944] עור @ אום א תות
[18:11:05]     49 total, 49 rows over 8 page(s)
[18:11:05] [346/10944] עור @ אחוזם
[18:11:16]     32 total, 32 rows over 5 page(s)
[18:11:16] [347/10944] עור @ אייל
[18:11:37]     85 total, 85 rows over 13 page(s)
[18:11:37] [348/10944] עור @ אל הג'רה
[18:11:50]     45 total, 45 rows over 7 page(s)
[18:11:50] [349/10944] עור @ אמנון
[18:11:58]     53 total, 53 rows over 8 page(s)
[18:11:58] [350/10944] עור @ אפרת
[18:12:06]     46 total, 46 rows over 7 page(s)
[18:12:06] [351/10944] עור @ אשדות יעקב איחוד
[18:12:15]     53 total, 53 rows over 8 page(s)
[18:12:15] [352/10944] עור @ באר אורה
[18:12:16]     6 total, 6 rows over 1 page(s)
[18:12:16] [353/10944] עור @ בוקעתא
[18:12:25]     53 total, 53 rows over 8 page(s)
[18:12:25] [354/10944] עור @ בי''ס אזורי מקיף מטה אשר
[18:12:39]     75 total, 75 rows over 11 page(s)
[18:12:39] [355/10944] עור @ בלאטה
[18:12:50]     49 total, 49 rows over 8 page(s)
[18:12:50] [356/10944] עור @ בני סוהילה
[18:13:04]     45 total, 45 rows over 7 page(s)
[18:13:04] [357/10944] עור @ בר יוחאי
[18:13:13]     53 total, 53 rows over 8 page(s)
[18:13:13] [358/10944] עור @ בת חן
[18:13:24]     49 total, 49 rows over 8 page(s)
[18:13:24] [359/10944] עור @ גאולי תימן
[18:13:41]     81 total, 81 rows over 12 page(s)
[18:13:41] [360/10944] עור @ גבעות בר
[18:13:56]     45 total, 45 rows over 7 page(s)
[18:13:56] [361/10944] עור @ גזית
[18:14:10]     85 total, 85 rows over 13 page(s)
[18:14:10] [362/10944] עור @ גיתה
[18:14:18]     38 total, 38 rows over 6 page(s)
[18:14:18] [363/10944] עור @ גני טל
[18:14:25]     43 total, 43 rows over 7 page(s)
[18:14:25] [364/10944] עור @ גשר
[18:14:39]     85 total, 85 rows over 13 page(s)
[18:14:39] [365/10944] עור @ דגניה ב'
[18:14:48]     53 total, 53 rows over 8 page(s)
[18:14:48] [366/10944] עור @ דורות
[18:15:00]     32 total, 32 rows over 5 page(s)
[18:15:00] [367/10944] עור @ דיר איסתיא
[18:15:11]     49 total, 49 rows over 8 page(s)
[18:15:11] [368/10944] עור @ האשימיה
[18:15:24]     49 total, 49 rows over 8 page(s)
[18:15:24] [369/10944] עור @ הזורע
[18:15:39]     79 total, 79 rows over 12 page(s)
[18:15:39] [370/10944] עור @ הר גילה
[18:15:46]     46 total, 46 rows over 7 page(s)
[18:15:46] [371/10944] עור @ זאוויה בצפון שומרון
[18:15:58]     49 total, 49 rows over 8 page(s)
[18:15:58] [372/10944] עור @ זיתא ליד באקה אל ע'רביה
[18:16:10]     49 total, 49 rows over 8 page(s)
[18:16:10] [373/10944] עור @ זרחיה
[18:16:15]     24 total, 24 rows over 4 page(s)
[18:16:15] [374/10944] עור @ חגי
[18:16:29]     45 total, 45 rows over 7 page(s)
[18:16:29] [375/10944] עור @ חוסאן
[18:16:37]     46 total, 46 rows over 7 page(s)
[18:16:37] [376/10944] עור @ חלוץ
[18:16:51]     75 total, 75 rows over 11 page(s)
[18:16:51] [377/10944] עור @ חנתון
[18:17:00]     53 total, 53 rows over 8 page(s)
[18:17:00] [378/10944] עור @ חרוצים
[18:17:22]     85 total, 85 rows over 13 page(s)
[18:17:22] [379/10944] עור @ טורה על ע'רביה
[18:17:34]     49 total, 49 rows over 8 page(s)
[18:17:34] [380/10944] עור @ טל שחר
[18:17:39]     34 total, 34 rows over 5 page(s)
[18:17:39] [381/10944] עור @ יאנוח ג'ת
[18:17:45]     38 total, 38 rows over 6 page(s)
[18:17:45] [382/10944] עור @ יגל
[18:17:51]     34 total, 34 rows over 5 page(s)
[18:17:51] [383/10944] עור @ יובל
[18:18:00]     53 total, 53 rows over 8 page(s)
[18:18:00] [384/10944] עור @ יכיני
[18:18:12]     32 total, 32 rows over 5 page(s)
[18:18:12] [385/10944] עור @ יערה
[18:18:18]     38 total, 38 rows over 6 page(s)
[18:18:18] [386/10944] עור @ יקנעם עילית
[18:18:33]     79 total, 79 rows over 12 page(s)
[18:18:33] [387/10944] עור @ ישעי
[18:18:41]     46 total, 46 rows over 7 page(s)
[18:18:41] [388/10944] עור @ כוחלה
[18:18:51]     34 total, 34 rows over 5 page(s)
[18:18:51] [389/10944] עור @ כינרת מושבה
[18:19:00]     53 total, 53 rows over 8 page(s)
[18:19:00] [390/10944] עור @ כמהין
[18:19:10]     34 total, 34 rows over 5 page(s)
[18:19:10] [391/10944] עור @ כפר אדומים
[18:19:17]     46 total, 46 rows over 7 page(s)
[18:19:17] [392/10944] עור @ כרם בן זמרה
[18:19:26]     53 total, 53 rows over 8 page(s)
[18:19:26] [393/10944] עור @ לביא
[18:19:35]     53 total, 53 rows over 8 page(s)
[18:19:35] [394/10944] עור @ לוטם
[18:19:45]     52 total, 52 rows over 8 page(s)
[18:19:45] [395/10944] עור @ מבוא דותן
[18:20:02]     81 total, 81 rows over 12 page(s)
[18:20:02] [396/10944] עור @ מג'ד אל כרום
[18:20:12]     52 total, 52 rows over 8 page(s)
[18:20:12] [397/10944] עור @ מדרך עוז
[18:20:29]     79 total, 79 rows over 12 page(s)
[18:20:29] [398/10944] עור @ מוקייבלה
[18:20:44]     85 total, 85 rows over 13 page(s)
[18:20:44] [399/10944] עור @ מחניים
[18:20:53]     53 total, 53 rows over 8 page(s)
[18:20:53] [400/10944] עור @ מירון
[18:21:02]     53 total, 53 rows over 8 page(s)
[18:21:02] [401/10944] עור @ מלכיה
[18:21:11]     53 total, 53 rows over 8 page(s)
[18:21:11] [402/10944] עור @ מסחה
[18:21:23]     46 total, 46 rows over 7 page(s)
[18:21:23] [403/10944] עור @ מעגן מיכאל
[18:21:40]     81 total, 81 rows over 12 page(s)
[18:21:40] [404/10944] עור @ מפעלי ברקן
[18:21:53]     46 total, 46 rows over 7 page(s)
[18:21:53] [405/10944] עור @ מצליח
[18:21:59]     34 total, 34 rows over 5 page(s)
[18:21:59] [406/10944] עור @ מרדה
[18:22:11]     46 total, 46 rows over 7 page(s)
[18:22:11] [407/10944] עור @ משגב עם
[18:22:21]     53 total, 53 rows over 8 page(s)
[18:22:21] [408/10944] עור @ מתתיהו
[18:22:26]     34 total, 34 rows over 5 page(s)
[18:22:26] [409/10944] עור @ נגבה
[18:22:38]     32 total, 32 rows over 5 page(s)
[18:22:38] [410/10944] עור @ נווה אטי''ב
[18:22:47]     53 total, 53 rows over 8 page(s)
[18:22:47] [411/10944] עור @ נחושה
[18:22:55]     46 total, 46 rows over 7 page(s)
[18:22:55] [412/10944] עור @ נטור
[18:23:04]     53 total, 53 rows over 8 page(s)
[18:23:04] [413/10944] עור @ ניצנה קהילה חינוכית
[18:23:14]     34 total, 34 rows over 5 page(s)
[18:23:14] [414/10944] עור @ נעלה
[18:23:26]     46 total, 46 rows over 7 page(s)
[18:23:26] [415/10944] עור @ נתיב העשרה
[18:23:37]     32 total, 32 rows over 5 page(s)
[18:23:37] [416/10944] עור @ סבסטיה
[18:23:49]     49 total, 49 rows over 8 page(s)
[18:23:49] [417/10944] עור @ סידא
[18:24:00]     49 total, 49 rows over 8 page(s)
[18:24:00] [418/10944] עור @ סלעית
[18:24:22]     85 total, 85 rows over 13 page(s)
[18:24:22] [419/10944] עור @ ספארין
[18:24:34]     49 total, 49 rows over 8 page(s)
[18:24:34] [420/10944] עור @ עבווין
[18:24:42]     46 total, 46 rows over 7 page(s)
[18:24:42] [421/10944] עור @ עובידייה
[18:24:49]     46 total, 46 rows over 7 page(s)
[18:24:49] [422/10944] עור @ עזה
[18:25:03]     45 total, 45 rows over 7 page(s)
[18:25:03] [423/10944] עור @ עטארה
[18:25:15]     49 total, 49 rows over 8 page(s)
[18:25:15] [424/10944] עור @ עין אל אסד
[18:25:25]     52 total, 52 rows over 8 page(s)
[18:25:25] [425/10944] עור @ עמוריה
[18:25:38]     46 total, 46 rows over 7 page(s)
[18:25:38] [426/10944] עור @ ענב
[18:25:58]     85 total, 85 rows over 13 page(s)
[18:25:58] [427/10944] עור @ עקאבת ג'בר מחנה פליטים
[18:26:06]     46 total, 46 rows over 7 page(s)
[18:26:06] [428/10944] עור @ ערוגות
[18:26:10]     24 total, 24 rows over 4 page(s)
[18:26:10] [429/10944] עור @ פארק תעשיות עמק חפר
[18:26:22]     49 total, 49 rows over 8 page(s)
[18:26:22] [430/10944] עור @ פוריה עילית
[18:26:31]     53 total, 53 rows over 8 page(s)
[18:26:31] [431/10944] עור @ פסאיל
[18:26:38]     46 total, 46 rows over 7 page(s)
[18:26:38] [432/10944] עור @ פרוד
[18:26:46]     53 total, 53 rows over 8 page(s)
[18:26:46] [433/10944] עור @ צבעון
[18:26:55]     53 total, 53 rows over 8 page(s)
[18:26:55] [434/10944] עור @ צור יצחק
[18:27:16]     85 total, 85 rows over 13 page(s)
[18:27:16] [435/10944] עור @ קבועה
[18:27:27]     34 total, 34 rows over 5 page(s)
[18:27:27] [436/10944] עור @ קדרים
[18:27:35]     53 total, 53 rows over 8 page(s)
[18:27:35] [437/10944] עור @ קיביא
[18:27:48]     46 total, 46 rows over 7 page(s)
[18:27:48] [438/10944] עור @ קפין
[18:28:00]     49 total, 49 rows over 8 page(s)
[18:28:00] [439/10944] עור @ קרית גת
[18:28:12]     32 total, 32 rows over 5 page(s)
[18:28:12] [440/10944] עור @ ראס עלי
[18:28:28]     79 total, 79 rows over 12 page(s)
[18:28:28] [441/10944] עור @ רהט
[18:28:39]     34 total, 34 rows over 5 page(s)
[18:28:39] [442/10944] עור @ רותם
[18:28:46]     46 total, 46 rows over 7 page(s)
[18:28:46] [443/10944] עור @ רמאללה
[18:28:53]     46 total, 46 rows over 7 page(s)
[18:28:53] [444/10944] עור @ רנן
[18:29:09]     45 total, 45 rows over 7 page(s)
[18:29:09] [445/10944] עור @ שאר ישוב
[18:29:18]     53 total, 53 rows over 8 page(s)
[18:29:18] [446/10944] עור @ שדה בוקר
[18:29:29]     34 total, 34 rows over 5 page(s)
[18:29:29] [447/10944] עור @ שוהם
[18:29:35]     35 total, 35 rows over 6 page(s)
[18:29:35] [448/10944] עור @ שחרית
[18:29:48]     46 total, 46 rows over 7 page(s)
[18:29:48] [449/10944] עור @ שלווה
[18:29:59]     32 total, 32 rows over 5 page(s)
[18:29:59] [450/10944] עור @ שני ליבנה
[18:30:10]     34 total, 34 rows over 5 page(s)
[18:30:10] [451/10944] עור @ שפיים
[18:30:33]     85 total, 85 rows over 13 page(s)
[18:30:33] [452/10944] עור @ שתולה
[18:30:39]     38 total, 38 rows over 6 page(s)
[18:30:39] [453/10944] עור @ תימורים
[18:30:44]     24 total, 24 rows over 4 page(s)
[18:30:44] [454/10944] עור @ תל עדשים
[18:31:00]     85 total, 85 rows over 13 page(s)
[18:31:00] [455/10944] עור @ תעשיון ראם
[18:31:07]     43 total, 43 rows over 7 page(s)
[18:31:07] [456/10944] עור @ תרדיון
[18:31:21]     75 total, 75 rows over 11 page(s)
[18:31:21] [457/10944] עיניים @ אבו גוש
[18:31:27]     31 total, 31 rows over 5 page(s)
[18:31:27] [458/10944] עיניים @ אדורים
[18:31:44]     71 total, 71 rows over 11 page(s)
[18:31:44] [459/10944] עיניים @ אום א תות
[18:31:56]     72 total, 72 rows over 11 page(s)
[18:31:56] [460/10944] עיניים @ אחוזם
[18:32:10]     51 total, 51 rows over 8 page(s)
[18:32:10] [461/10944] עיניים @ אייל
[18:32:29]     112 total, 112 rows over 17 page(s)
[18:32:29] [462/10944] עיניים @ אל הג'רה
[18:32:47]     71 total, 71 rows over 11 page(s)
[18:32:47] [463/10944] עיניים @ אמנון
[18:32:59]     79 total, 79 rows over 12 page(s)
[18:32:59] [464/10944] עיניים @ אפרת
[18:33:04]     31 total, 31 rows over 5 page(s)
[18:33:04] [465/10944] עיניים @ אשדות יעקב איחוד
[18:33:18]     79 total, 79 rows over 12 page(s)
[18:33:18] [466/10944] עיניים @ באר אורה
[18:33:19]     4 total, 4 rows over 1 page(s)
[18:33:19] [467/10944] עיניים @ בוקעתא
[18:33:32]     79 total, 79 rows over 12 page(s)
[18:33:32] [468/10944] עיניים @ בי''ס אזורי מקיף מטה אשר
[18:33:53]     117 total, 117 rows over 17 page(s)
[18:33:53] [469/10944] עיניים @ בלאטה
[18:34:05]     72 total, 72 rows over 11 page(s)
[18:34:05] [470/10944] עיניים @ בני סוהילה
[18:34:23]     71 total, 71 rows over 11 page(s)
[18:34:23] [471/10944] עיניים @ בר יוחאי
[18:34:35]     79 total, 79 rows over 12 page(s)
[18:34:35] [472/10944] עיניים @ בת חן
[18:34:47]     72 total, 72 rows over 11 page(s)
[18:34:47] [473/10944] עיניים @ גאולי תימן
[18:35:06]     107 total, 107 rows over 16 page(s)
[18:35:06] [474/10944] עיניים @ גבעות בר
[18:35:23]     71 total, 71 rows over 11 page(s)
[18:35:23] [475/10944] עיניים @ גזית
[18:35:41]     125 total, 125 rows over 18 page(s)
[18:35:41] [476/10944] עיניים @ גיתה
[18:35:50]     54 total, 54 rows over 8 page(s)
[18:35:50] [477/10944] עיניים @ גני טל
[18:35:59]     54 total, 54 rows over 8 page(s)
[18:35:59] [478/10944] עיניים @ גשר
[18:36:19]     125 total, 125 rows over 18 page(s)
[18:36:19] [479/10944] עיניים @ דגניה ב'
[18:36:31]     79 total, 79 rows over 12 page(s)
[18:36:31] [480/10944] עיניים @ דורות
[18:36:44]     51 total, 51 rows over 8 page(s)
[18:36:44] [481/10944] עיניים @ דיר איסתיא
[18:36:57]     72 total, 72 rows over 11 page(s)
[18:36:57] [482/10944] עיניים @ האשימיה
[18:37:10]     72 total, 72 rows over 11 page(s)
[18:37:10] [483/10944] עיניים @ הזורע
[18:37:31]     122 total, 122 rows over 18 page(s)
[18:37:31] [484/10944] עיניים @ הר גילה
[18:37:36]     31 total, 31 rows over 5 page(s)
[18:37:36] [485/10944] עיניים @ זאוויה בצפון שומרון
[18:37:49]     72 total, 72 rows over 11 page(s)
[18:37:49] [486/10944] עיניים @ זיתא ליד באקה אל ע'רביה
[18:38:01]     72 total, 72 rows over 11 page(s)
[18:38:01] [487/10944] עיניים @ זרחיה
[18:38:08]     36 total, 36 rows over 6 page(s)
[18:38:08] [488/10944] עיניים @ חגי
[18:38:25]     71 total, 71 rows over 11 page(s)
[18:38:25] [489/10944] עיניים @ חוסאן
[18:38:31]     31 total, 31 rows over 5 page(s)
[18:38:31] [490/10944] עיניים @ חלוץ
[18:38:50]     117 total, 117 rows over 17 page(s)
[18:38:50] [491/10944] עיניים @ חנתון
[18:39:03]     79 total, 79 rows over 12 page(s)
[18:39:03] [492/10944] עיניים @ חרוצים
[18:39:23]     112 total, 112 rows over 17 page(s)
[18:39:23] [493/10944] עיניים @ טורה על ע'רביה
[18:39:35]     72 total, 72 rows over 11 page(s)
[18:39:35] [494/10944] עיניים @ טל שחר
[18:39:43]     41 total, 41 rows over 6 page(s)
[18:39:43] [495/10944] עיניים @ יאנוח ג'ת
[18:39:52]     54 total, 54 rows over 8 page(s)
[18:39:52] [496/10944] עיניים @ יגל
[18:39:58]     41 total, 41 rows over 6 page(s)
[18:39:58] [497/10944] עיניים @ יובל
[18:40:12]     79 total, 79 rows over 12 page(s)
[18:40:12] [498/10944] עיניים @ יכיני
[18:40:25]     51 total, 51 rows over 8 page(s)
[18:40:25] [499/10944] עיניים @ יערה
[18:40:34]     54 total, 54 rows over 8 page(s)
[18:40:34] [500/10944] עיניים @ יקנעם עילית
[18:40:56]     122 total, 122 rows over 18 page(s)
[18:40:56] [501/10944] עיניים @ ישעי
[18:41:02]     31 total, 31 rows over 5 page(s)
[18:41:02] [502/10944] עיניים @ כוחלה
[18:41:14]     51 total, 51 rows over 8 page(s)
[18:41:14] [503/10944] עיניים @ כינרת מושבה
[18:41:28]     79 total, 79 rows over 12 page(s)
[18:41:28] [504/10944] עיניים @ כמהין
[18:41:41]     51 total, 51 rows over 8 page(s)
[18:41:41] [505/10944] עיניים @ כפר אדומים
[18:41:47]     31 total, 31 rows over 5 page(s)
[18:41:47] [506/10944] עיניים @ כרם בן זמרה
[18:42:01]     79 total, 79 rows over 12 page(s)
[18:42:01] [507/10944] עיניים @ לביא
[18:42:14]     79 total, 79 rows over 12 page(s)
[18:42:14] [508/10944] עיניים @ לוטם
[18:42:27]     77 total, 77 rows over 12 page(s)
[18:42:27] [509/10944] עיניים @ מבוא דותן
[18:42:46]     107 total, 107 rows over 16 page(s)
[18:42:46] [510/10944] עיניים @ מג'ד אל כרום
[18:42:59]     77 total, 77 rows over 12 page(s)
[18:42:59] [511/10944] עיניים @ מדרך עוז
[18:43:20]     122 total, 122 rows over 18 page(s)
[18:43:20] [512/10944] עיניים @ מוקייבלה
[18:43:42]     125 total, 125 rows over 18 page(s)
[18:43:42] [513/10944] עיניים @ מחניים
[18:43:54]     79 total, 79 rows over 12 page(s)
[18:43:54] [514/10944] עיניים @ מירון
[18:44:07]     79 total, 79 rows over 12 page(s)
[18:44:07] [515/10944] עיניים @ מלכיה
[18:44:20]     79 total, 79 rows over 12 page(s)
[18:44:20] [516/10944] עיניים @ מסחה
[18:44:30]     59 total, 59 rows over 9 page(s)
[18:44:30] [517/10944] עיניים @ מעגן מיכאל
[18:44:50]     107 total, 107 rows over 16 page(s)
[18:44:50] [518/10944] עיניים @ מפעלי ברקן
[18:44:59]     59 total, 59 rows over 9 page(s)
[18:44:59] [519/10944] עיניים @ מצליח
[18:45:06]     41 total, 41 rows over 6 page(s)
[18:45:06] [520/10944] עיניים @ מרדה
[18:45:16]     59 total, 59 rows over 9 page(s)
[18:45:16] [521/10944] עיניים @ משגב עם
[18:45:29]     79 total, 79 rows over 12 page(s)
[18:45:29] [522/10944] עיניים @ מתתיהו
[18:45:36]     41 total, 41 rows over 6 page(s)
[18:45:36] [523/10944] עיניים @ נגבה
[18:45:50]     51 total, 51 rows over 8 page(s)
[18:45:50] [524/10944] עיניים @ נווה אטי''ב
[18:46:03]     79 total, 79 rows over 12 page(s)
[18:46:03] [525/10944] עיניים @ נחושה
[18:46:16]     request error (Error), retry 1/4 in 2s
[18:46:19]     31 total, 13 rows over 3 page(s)  (MISSING 18)
[18:46:19] [526/10944] עיניים @ נטור
[18:46:20]     Non-HTML payload {'errorType': 2, 'message': None, 'data_type': 'dict'} - re-warming session
[18:46:20] Establishing session (attempt 1/3) ...
  Log in in the browser window (ID, password, CAPTCHA, SMS), then press Enter... 