[16:51:04] Taxonomy from cache: 96 specializations
[16:51:07] Loaded 114 cities from parallel/cities-2.txt
[16:51:07] 96 specializations x 114 cities = 10944 pairs
[16:51:07] 10944 remaining; roughly 120384 requests at ~0.3s apart = ~602 min
[16:51:07] [1/10944] אורתופדיה @ א סייד
[16:51:21]     43 total, 43 rows over 7 page(s)
[16:51:21] [2/10944] אורתופדיה @ אבו סנאן
[16:51:33]     71 total, 71 rows over 11 page(s)
[16:51:33] [3/10944] אורתופדיה @ אדרת
[16:51:41]     50 total, 50 rows over 8 page(s)
[16:51:41] [4/10944] אורתופדיה @ אום סלמונה
[16:51:48]     50 total, 50 rows over 8 page(s)
[16:51:48] [5/10944] אורתופדיה @ אחיטוב
[16:52:12]     128 total, 128 rows over 19 page(s)
[16:52:12] [6/10944] אורתופדיה @ אילון
[16:52:24]     71 total, 71 rows over 11 page(s)
[16:52:24] [7/10944] אורתופדיה @ אל מוע'ייר
[16:52:38]     89 total, 89 rows over 13 page(s)
[16:52:38] [8/10944] אורתופדיה @ אספר
[16:52:47]     50 total, 50 rows over 8 page(s)
[16:52:47] [9/10944] אורתופדיה @ ארז
[16:53:00]     47 total, 47 rows over 7 page(s)
[16:53:00] [10/10944] אורתופדיה @ אשכולות
[16:53:17]     63 total, 63 rows over 10 page(s)
[16:53:17] [11/10944] אורתופדיה @ באר יעקב
[16:53:29]     61 total, 61 rows over 9 page(s)
[16:53:29] [12/10944] אורתופדיה @ בורהאם
[16:53:36]     50 total, 50 rows over 8 page(s)
[16:53:36] [13/10944] אורתופדיה @ ביכורה
[16:53:53]     98 total, 98 rows over 15 page(s)
[16:53:53] [14/10944] אורתופדיה @ בני ברק
[16:54:06]     78 total, 78 rows over 12 page(s)
[16:54:06] [15/10944] אורתופדיה @ בסמ''ה
[16:54:27]     128 total, 128 rows over 19 page(s)
[16:54:27] [16/10944] אורתופדיה @ ברוכין
[16:54:37]     58 total, 58 rows over 9 page(s)
[16:54:37] [17/10944] אורתופדיה @ בת עין
[16:54:44]     50 total, 50 rows over 8 page(s)
[16:54:44] [18/10944] אורתופדיה @ גבולות
[16:54:57]     43 total, 43 rows over 7 page(s)
[16:54:57] [19/10944] אורתופדיה @ גדות
[16:55:12]     98 total, 98 rows over 15 page(s)
[16:55:12] [20/10944] אורתופדיה @ גיבתון
[16:55:20]     37 total, 37 rows over 6 page(s)
[16:55:20] [21/10944] אורתופדיה @ גלגל
[16:55:28]     50 total, 50 rows over 8 page(s)
[16:55:28] [22/10944] אורתופדיה @ גני עם
[16:55:38]     58 total, 58 rows over 9 page(s)
[16:55:38] [23/10944] אורתופדיה @ גת רימון
[16:55:49]     58 total, 58 rows over 9 page(s)
[16:55:49] [24/10944] אורתופדיה @ דוב''ב
[16:56:05]     98 total, 98 rows over 15 page(s)
[16:56:05] [25/10944] אורתופדיה @ דייר חנא
[16:56:21]     91 total, 91 rows over 14 page(s)
[16:56:21] [26/10944] אורתופדיה @ דלתון
[16:56:38]     98 total, 98 rows over 15 page(s)
[16:56:38] [27/10944] אורתופדיה @ הדר עם
[16:56:53]     89 total, 89 rows over 13 page(s)
[16:56:53] [28/10944] אורתופדיה @ היוגב
[16:57:16]     146 total, 139 rows over 21 page(s)  (MISSING 7)
[16:57:16] [29/10944] אורתופדיה @ הרדוף
[16:57:36]     116 total, 116 rows over 17 page(s)
[16:57:36] [30/10944] אורתופדיה @ זבדיאל
[16:57:49]     47 total, 47 rows over 7 page(s)
[16:57:49] [31/10944] אורתופדיה @ זכריה
[16:57:56]     50 total, 50 rows over 8 page(s)
[16:57:56] [32/10944] אורתופדיה @ חארס
[16:58:07]     58 total, 58 rows over 9 page(s)
[16:58:07] [33/10944] אורתופדיה @ חדיד
[16:58:18]     61 total, 61 rows over 9 page(s)
[16:58:18] [34/10944] אורתופדיה @ חופית
[16:58:33]     89 total, 89 rows over 13 page(s)
[16:58:33] [35/10944] אורתופדיה @ חמאם
[16:58:49]     98 total, 98 rows over 15 page(s)
[16:58:49] [36/10944] אורתופדיה @ חפצי בה
[16:59:09]     146 total, 139 rows over 21 page(s)  (MISSING 7)
[16:59:09] [37/10944] אורתופדיה @ חרמש
[16:59:31]     128 total, 128 rows over 19 page(s)
[16:59:31] [38/10944] אורתופדיה @ טייבה ליד עפרה
[16:59:39]     50 total, 50 rows over 8 page(s)
[16:59:39] [39/10944] אורתופדיה @ טלמון
[16:59:47]     50 total, 50 rows over 8 page(s)
[16:59:47] [40/10944] אורתופדיה @ יאסיד
[17:00:02]     89 total, 89 rows over 13 page(s)
[17:00:02] [41/10944] אורתופדיה @ יד חנה
[17:00:17]     89 total, 89 rows over 13 page(s)
[17:00:17] [42/10944] אורתופדיה @ יונתן
[17:00:34]     98 total, 98 rows over 15 page(s)
[17:00:34] [43/10944] אורתופדיה @ יסוד המעלה
[17:00:49]     98 total, 98 rows over 15 page(s)
[17:00:49] [44/10944] אורתופדיה @ יפעת
[17:01:11]     146 total, 139 rows over 21 page(s)  (MISSING 7)
[17:01:11] [45/10944] אורתופדיה @ ירוחם
[17:01:24]     43 total, 43 rows over 7 page(s)
[17:01:24] [46/10944] אורתופדיה @ יתיר
[17:01:42]     63 total, 63 rows over 10 page(s)
[17:01:42] [47/10944] אורתופדיה @ כוכב יעקב
[17:01:50]     50 total, 50 rows over 8 page(s)
[17:01:50] [48/10944] אורתופדיה @ כיסרא סומיע
[17:02:01]     71 total, 71 rows over 11 page(s)
[17:02:01] [49/10944] אורתופדיה @ כנף
[17:02:17]     98 total, 98 rows over 15 page(s)
[17:02:17] [50/10944] אורתופדיה @ כפר ביאליק
[17:02:32]     84 total, 84 rows over 13 page(s)
[17:02:32] [51/10944] אורתופדיה @ כרם מהר''ל
[17:02:51]     116 total, 116 rows over 17 page(s)
[17:02:51] [52/10944] אורתופדיה @ להבות הבשן
[17:03:07]     98 total, 98 rows over 15 page(s)
[17:03:07] [53/10944] אורתופדיה @ לכיש
[17:03:22]     47 total, 47 rows over 7 page(s)
[17:03:22] [54/10944] אורתופדיה @ מבוא מודיעים
[17:03:33]     61 total, 61 rows over 9 page(s)
[17:03:33] [55/10944] אורתופדיה @ מגאר
[17:03:48]     98 total, 98 rows over 15 page(s)
[17:03:48] [56/10944] אורתופדיה @ מודיעין עילית
[17:04:01]     63 total, 63 rows over 10 page(s)
[17:04:01] [57/10944] אורתופדיה @ מזור
[17:04:15]     77 total, 77 rows over 12 page(s)
[17:04:15] [58/10944] אורתופדיה @ מטע
[17:04:23]     50 total, 50 rows over 8 page(s)
[17:04:23] [59/10944] אורתופדיה @ מית'לון
[17:04:38]     89 total, 89 rows over 13 page(s)
[17:04:38] [60/10944] אורתופדיה @ מנוף
[17:04:54]     91 total, 91 rows over 14 page(s)
[17:04:54] [61/10944] אורתופדיה @ מסילת ציון
[17:05:01]     50 total, 50 rows over 8 page(s)
[17:05:01] [62/10944] אורתופדיה @ מעונה
[17:05:15]     71 total, 71 rows over 11 page(s)
[17:05:15] [63/10944] אורתופדיה @ מפעלי העמק
[17:05:31]     98 total, 98 rows over 15 page(s)
[17:05:31] [64/10944] אורתופדיה @ מצפה אילן
[17:05:53]     130 total, 130 rows over 19 page(s)
[17:05:53] [65/10944] אורתופדיה @ מרחביה מושב
[17:06:15]     146 total, 139 rows over 21 page(s)  (MISSING 7)
[17:06:15] [66/10944] אורתופדיה @ משואות יצחק
[17:06:23]     37 total, 37 rows over 6 page(s)
[17:06:23] [67/10944] אורתופדיה @ נאות חובב
[17:06:41]     63 total, 63 rows over 10 page(s)
[17:06:41] [68/10944] אורתופדיה @ נהלל
[17:07:03]     146 total, 139 rows over 21 page(s)  (MISSING 7)
[17:07:03] [69/10944] אורתופדיה @ נווה דניאל
[17:07:10]     50 total, 50 rows over 8 page(s)
[17:07:10] [70/10944] אורתופדיה @ נחליאל
[17:07:18]     50 total, 50 rows over 8 page(s)
[17:07:18] [71/10944] אורתופדיה @ נטף
[17:07:26]     50 total, 50 rows over 8 page(s)
[17:07:26] [72/10944] אורתופדיה @ ניצנים
[17:07:40]     47 total, 47 rows over 7 page(s)
[17:07:40] [73/10944] אורתופדיה @ נצאצרה
[17:07:52]     43 total, 43 rows over 7 page(s)
[17:07:52] [74/10944] אורתופדיה @ נתניה
[17:08:07]     89 total, 89 rows over 13 page(s)
[17:08:07] [75/10944] אורתופדיה @ סולם שונם
[17:08:28]     146 total, 139 rows over 21 page(s)  (MISSING 7)
[17:08:28] [76/10944] אורתופדיה @ סילת א דהר
[17:08:43]     89 total, 89 rows over 13 page(s)
[17:08:43] [77/10944] אורתופדיה @ סמר
[17:08:44]     6 total, 6 rows over 1 page(s)
[17:08:44] [78/10944] אורתופדיה @ סרה
[17:08:59]     89 total, 89 rows over 13 page(s)
[17:08:59] [79/10944] אורתופדיה @ עברון
[17:09:10]     71 total, 71 rows over 11 page(s)
[17:09:10] [80/10944] אורתופדיה @ עוזה
[17:09:25]     47 total, 47 rows over 7 page(s)
[17:09:25] [81/10944] אורתופדיה @ עזון עתמה
[17:09:34]     58 total, 58 rows over 9 page(s)
[17:09:34] [82/10944] אורתופדיה @ עידן
[17:09:47]     43 total, 43 rows over 7 page(s)
[17:09:47] [83/10944] אורתופדיה @ עכו
[17:10:02]     91 total, 91 rows over 14 page(s)
[17:10:02] [84/10944] אורתופדיה @ עמיעד
[17:10:18]     98 total, 98 rows over 15 page(s)
[17:10:18] [85/10944] אורתופדיה @ עסירה א שמאליה
[17:10:33]     89 total, 89 rows over 13 page(s)
[17:10:33] [86/10944] אורתופדיה @ עראבה
[17:10:48]     91 total, 91 rows over 14 page(s)
[17:10:48] [87/10944] אורתופדיה @ עשהאל
[17:11:06]     63 total, 63 rows over 10 page(s)
[17:11:06] [88/10944] אורתופדיה @ פארק תעשיות רמת דלתון
[17:11:22]     98 total, 98 rows over 15 page(s)
[17:11:22] [89/10944] אורתופדיה @ פחמה
[17:11:37]     89 total, 89 rows over 13 page(s)
[17:11:37] [90/10944] אורתופדיה @ פעמי תש''ז
[17:11:56]     63 total, 63 rows over 10 page(s)
[17:11:56] [91/10944] אורתופדיה @ פרי גן
[17:12:10]     47 total, 47 rows over 7 page(s)
[17:12:10] [92/10944] אורתופדיה @ צופיה
[17:12:25]     73 total, 73 rows over 11 page(s)
[17:12:25] [93/10944] אורתופדיה @ צנדלה
[17:12:47]     146 total, 139 rows over 21 page(s)  (MISSING 7)
[17:12:47] [94/10944] אורתופדיה @ קדומים
[17:13:09]     130 total, 130 rows over 19 page(s)
[17:13:09] [95/10944] אורתופדיה @ קוואעין
[17:13:22]     43 total, 43 rows over 7 page(s)
[17:13:22] [96/10944] אורתופדיה @ קלחים
[17:13:40]     63 total, 63 rows over 10 page(s)
[17:13:40] [97/10944] אורתופדיה @ קראות בני זיד
[17:13:49]     58 total, 58 rows over 9 page(s)
[17:13:49] [98/10944] אורתופדיה @ קשת
[17:14:06]     98 total, 98 rows over 15 page(s)
[17:14:06] [99/10944] אורתופדיה @ ראפאת ליד פדואל
[17:14:15]     58 total, 58 rows over 9 page(s)
[17:14:15] [100/10944] אורתופדיה @ רוויה
[17:14:36]     146 total, 139 rows over 21 page(s)  (MISSING 7)
[17:14:36] [101/10944] אורתופדיה @ רחלים
[17:14:44]     50 total, 50 rows over 8 page(s)
[17:14:44] [102/10944] אורתופדיה @ רמות
[17:15:00]     98 total, 98 rows over 15 page(s)
[17:15:00] [103/10944] אורתופדיה @ רעננה
[17:15:22]     130 total, 130 rows over 19 page(s)
[17:15:22] [104/10944] אורתופדיה @ שבי שומרון
[17:15:43]     130 total, 130 rows over 19 page(s)
[17:15:43] [105/10944] אורתופדיה @ שדה יואב
[17:15:59]     47 total, 47 rows over 7 page(s)
[17:15:59] [106/10944] אורתופדיה @ שומריה
[17:16:18]     63 total, 63 rows over 10 page(s)
[17:16:18] [107/10944] אורתופדיה @ שיזף
[17:16:31]     43 total, 43 rows over 7 page(s)
[17:16:31] [108/10944] אורתופדיה @ שלומי
[17:16:44]     71 total, 71 rows over 11 page(s)
[17:16:44] [109/10944] אורתופדיה @ שעל
[17:16:59]     98 total, 98 rows over 15 page(s)
[17:16:59] [110/10944] אורתופדיה @ שפרעם
[17:17:18]     116 total, 116 rows over 17 page(s)
[17:17:18] [111/10944] אורתופדיה @ תדהר
[17:17:35]     63 total, 63 rows over 10 page(s)
[17:17:35] [112/10944] אורתופדיה @ תל
[17:17:49]     89 total, 89 rows over 13 page(s)
[17:17:49] [113/10944] אורתופדיה @ תמרת
[17:18:11]     146 total, 139 rows over 21 page(s)  (MISSING 7)
[17:18:11] [114/10944] אורתופדיה @ תעשיות שער הנגב
[17:18:29]     63 total, 63 rows over 10 page(s)
[17:18:29] [115/10944] אף אוזן גרון @ א סייד
[17:18:40]     47 total, 47 rows over 7 page(s)
[17:18:40] [116/10944] אף אוזן גרון @ אבו סנאן
[17:18:47]     38 total, 38 rows over 6 page(s)
[17:18:47] [117/10944] אף אוזן גרון @ אדרת
[17:18:54]     42 total, 42 rows over 7 page(s)
[17:18:54] [118/10944] אף אוזן גרון @ אום סלמונה
[17:19:01]     42 total, 42 rows over 7 page(s)
[17:19:01] [119/10944] אף אוזן גרון @ אחיטוב
[17:19:16]     92 total, 92 rows over 14 page(s)
[17:19:16] [120/10944] אף אוזן גרון @ אילון
[17:19:23]     38 total, 38 rows over 6 page(s)
[17:19:23] [121/10944] אף אוזן גרון @ אל מוע'ייר
[17:19:34]     67 total, 67 rows over 10 page(s)
[17:19:34] [122/10944] אף אוזן גרון @ אספר
[17:19:41]     42 total, 42 rows over 7 page(s)
[17:19:41] [123/10944] אף אוזן גרון @ ארז
[17:19:52]     41 total, 41 rows over 6 page(s)
[17:19:52] [124/10944] אף אוזן גרון @ אשכולות
[17:20:07]     63 total, 63 rows over 10 page(s)
[17:20:07] [125/10944] אף אוזן גרון @ באר יעקב
[17:20:13]     32 total, 32 rows over 5 page(s)
[17:20:13] [126/10944] אף אוזן גרון @ בורהאם
[17:20:20]     42 total, 42 rows over 7 page(s)
[17:20:20] [127/10944] אף אוזן גרון @ ביכורה
[17:20:30]     59 total, 59 rows over 9 page(s)
[17:20:30] [128/10944] אף אוזן גרון @ בני ברק
[17:20:40]     53 total, 53 rows over 8 page(s)
[17:20:40] [129/10944] אף אוזן גרון @ בסמ''ה
[17:20:56]     92 total, 92 rows over 14 page(s)
[17:20:56] [130/10944] אף אוזן גרון @ ברוכין
[17:21:04]     38 total, 38 rows over 6 page(s)
[17:21:04] [131/10944] אף אוזן גרון @ בת עין
[17:21:11]     42 total, 42 rows over 7 page(s)
[17:21:11] [132/10944] אף אוזן גרון @ גבולות
[17:21:23]     47 total, 47 rows over 7 page(s)
[17:21:23] [133/10944] אף אוזן גרון @ גדות
[17:21:33]     59 total, 59 rows over 9 page(s)
[17:21:33] [134/10944] אף אוזן גרון @ גיבתון
[17:21:38]     27 total, 27 rows over 4 page(s)
[17:21:38] [135/10944] אף אוזן גרון @ גלגל
[17:21:44]     42 total, 42 rows over 7 page(s)
[17:21:44] [136/10944] אף אוזן גרון @ גני עם
[17:21:52]     38 total, 38 rows over 6 page(s)
[17:21:52] [137/10944] אף אוזן גרון @ גת רימון
[17:22:00]     38 total, 38 rows over 6 page(s)
[17:22:00] [138/10944] אף אוזן גרון @ דוב''ב
[17:22:11]     59 total, 59 rows over 9 page(s)
[17:22:11] [139/10944] אף אוזן גרון @ דייר חנא
[17:22:20]     55 total, 55 rows over 8 page(s)
[17:22:20] [140/10944] אף אוזן גרון @ דלתון
[17:22:30]     59 total, 59 rows over 9 page(s)
[17:22:30] [141/10944] אף אוזן גרון @ הדר עם
[17:22:41]     67 total, 67 rows over 10 page(s)
[17:22:41] [142/10944] אף אוזן גרון @ היוגב
[17:22:56]     95 total, 95 rows over 14 page(s)
[17:22:56] [143/10944] אף אוזן גרון @ הרדוף
[17:23:12]     82 total, 82 rows over 12 page(s)
[17:23:12] [144/10944] אף אוזן גרון @ זבדיאל
[17:23:22]     41 total, 41 rows over 6 page(s)
[17:23:22] [145/10944] אף אוזן גרון @ זכריה
[17:23:29]     42 total, 42 rows over 7 page(s)
[17:23:29] [146/10944] אף אוזן גרון @ חארס
[17:23:37]     38 total, 38 rows over 6 page(s)
[17:23:37] [147/10944] אף אוזן גרון @ חדיד
[17:23:43]     32 total, 32 rows over 5 page(s)
[17:23:43] [148/10944] אף אוזן גרון @ חופית
[17:23:55]     67 total, 67 rows over 10 page(s)
[17:23:55] [149/10944] אף אוזן גרון @ חמאם
[17:24:05]     59 total, 59 rows over 9 page(s)
[17:24:05] [150/10944] אף אוזן גרון @ חפצי בה
[17:24:22]     95 total, 95 rows over 14 page(s)
[17:24:22] [151/10944] אף אוזן גרון @ חרמש
[17:24:38]     92 total, 92 rows over 14 page(s)
[17:24:38] [152/10944] אף אוזן גרון @ טייבה ליד עפרה
[17:24:45]     42 total, 42 rows over 7 page(s)
[17:24:45] [153/10944] אף אוזן גרון @ טלמון
[17:24:52]     42 total, 42 rows over 7 page(s)
[17:24:52] [154/10944] אף אוזן גרון @ יאסיד
[17:25:04]     67 total, 67 rows over 10 page(s)
[17:25:04] [155/10944] אף אוזן גרון @ יד חנה
[17:25:16]     67 total, 67 rows over 10 page(s)
[17:25:16] [156/10944] אף אוזן גרון @ יונתן
[17:25:25]     59 total, 59 rows over 9 page(s)
[17:25:25] [157/10944] אף אוזן גרון @ יסוד המעלה
[17:25:35]     59 total, 59 rows over 9 page(s)
[17:25:35] [158/10944] אף אוזן גרון @ יפעת
[17:25:51]     95 total, 95 rows over 14 page(s)
[17:25:51] [159/10944] אף אוזן גרון @ ירוחם
[17:26:03]     47 total, 47 rows over 7 page(s)
[17:26:03] [160/10944] אף אוזן גרון @ יתיר
[17:26:18]     63 total, 63 rows over 10 page(s)
[17:26:18] [161/10944] אף אוזן גרון @ כוכב יעקב
[17:26:25]     42 total, 42 rows over 7 page(s)
[17:26:25] [162/10944] אף אוזן גרון @ כיסרא סומיע
[17:26:32]     38 total, 38 rows over 6 page(s)
[17:26:32] [163/10944] אף אוזן גרון @ כנף
[17:26:42]     59 total, 59 rows over 9 page(s)
[17:26:42] [164/10944] אף אוזן גרון @ כפר ביאליק
[17:26:52]     61 total, 61 rows over 9 page(s)
[17:26:52] [165/10944] אף אוזן גרון @ כרם מהר''ל
[17:27:07]     82 total, 82 rows over 12 page(s)
[17:27:07] [166/10944] אף אוזן גרון @ להבות הבשן
[17:27:16]     59 total, 59 rows over 9 page(s)
[17:27:16] [167/10944] אף אוזן גרון @ לכיש
[17:27:27]     41 total, 41 rows over 6 page(s)
[17:27:27] [168/10944] אף אוזן גרון @ מבוא מודיעים
[17:27:34]     32 total, 32 rows over 5 page(s)
[17:27:34] [169/10944] אף אוזן גרון @ מגאר
[17:27:44]     59 total, 59 rows over 9 page(s)
[17:27:44] [170/10944] אף אוזן גרון @ מודיעין עילית
[17:27:50]     34 total, 34 rows over 5 page(s)
[17:27:50] [171/10944] אף אוזן גרון @ מזור
[17:28:02]     59 total, 59 rows over 9 page(s)
[17:28:02] [172/10944] אף אוזן גרון @ מטע
[17:28:09]     42 total, 42 rows over 7 page(s)
[17:28:09] [173/10944] אף אוזן גרון @ מית'לון
[17:28:21]     67 total, 67 rows over 10 page(s)
[17:28:21] [174/10944] אף אוזן גרון @ מנוף
[17:28:30]     55 total, 55 rows over 8 page(s)
[17:28:30] [175/10944] אף אוזן גרון @ מסילת ציון
[17:28:37]     42 total, 42 rows over 7 page(s)
[17:28:37] [176/10944] אף אוזן גרון @ מעונה
[17:28:43]     38 total, 38 rows over 6 page(s)
[17:28:43] [177/10944] אף אוזן גרון @ מפעלי העמק
[17:28:53]     59 total, 59 rows over 9 page(s)
[17:28:53] [178/10944] אף אוזן גרון @ מצפה אילן
[17:29:08]     91 total, 91 rows over 14 page(s)
[17:29:08] [179/10944] אף אוזן גרון @ מרחביה מושב
[17:29:24]     95 total, 95 rows over 14 page(s)
[17:29:24] [180/10944] אף אוזן גרון @ משואות יצחק
[17:29:29]     27 total, 27 rows over 4 page(s)
[17:29:29] [181/10944] אף אוזן גרון @ נאות חובב
[17:29:49]     63 total, 63 rows over 10 page(s)
[17:29:49] [182/10944] אף אוזן גרון @ נהלל
[17:30:05]     95 total, 95 rows over 14 page(s)
[17:30:05] [183/10944] אף אוזן גרון @ נווה דניאל
[17:30:11]     42 total, 42 rows over 7 page(s)
[17:30:11] [184/10944] אף אוזן גרון @ נחליאל
[17:30:18]     42 total, 42 rows over 7 page(s)
[17:30:18] [185/10944] אף אוזן גרון @ נטף
[17:30:25]     42 total, 42 rows over 7 page(s)
[17:30:25] [186/10944] אף אוזן גרון @ ניצנים
[17:30:36]     41 total, 41 rows over 6 page(s)
[17:30:36] [187/10944] אף אוזן גרון @ נצאצרה
[17:30:48]     47 total, 47 rows over 7 page(s)
[17:30:48] [188/10944] אף אוזן גרון @ נתניה
[17:30:59]     67 total, 67 rows over 10 page(s)
[17:30:59] [189/10944] אף אוזן גרון @ סולם שונם
[17:31:15]     95 total, 95 rows over 14 page(s)
[17:31:15] [190/10944] אף אוזן גרון @ סילת א דהר
[17:31:26]     67 total, 67 rows over 10 page(s)
[17:31:26] [191/10944] אף אוזן גרון @ סמר
[17:31:27]     4 total, 4 rows over 1 page(s)
[17:31:27] [192/10944] אף אוזן גרון @ סרה
[17:31:38]     67 total, 67 rows over 10 page(s)
[17:31:38] [193/10944] אף אוזן גרון @ עברון
[17:31:44]     38 total, 38 rows over 6 page(s)
[17:31:44] [194/10944] אף אוזן גרון @ עוזה
[17:31:55]     41 total, 41 rows over 6 page(s)
[17:31:55] [195/10944] אף אוזן גרון @ עזון עתמה
[17:32:02]     38 total, 38 rows over 6 page(s)
[17:32:02] [196/10944] אף אוזן גרון @ עידן
[17:32:15]     47 total, 47 rows over 7 page(s)
[17:32:15] [197/10944] אף אוזן גרון @ עכו
[17:32:23]     55 total, 55 rows over 8 page(s)
[17:32:23] [198/10944] אף אוזן גרון @ עמיעד
[17:32:33]     59 total, 59 rows over 9 page(s)
[17:32:33] [199/10944] אף אוזן גרון @ עסירה א שמאליה
[17:32:44]     67 total, 67 rows over 10 page(s)
[17:32:44] [200/10944] אף אוזן גרון @ עראבה
[17:32:53]     55 total, 55 rows over 8 page(s)
[17:32:53] [201/10944] אף אוזן גרון @ עשהאל
[17:33:08]     63 total, 63 rows over 10 page(s)
[17:33:08] [202/10944] אף אוזן גרון @ פארק תעשיות רמת דלתון
[17:33:18]     59 total, 59 rows over 9 page(s)
[17:33:18] [203/10944] אף אוזן גרון @ פחמה
[17:33:28]     67 total, 67 rows over 10 page(s)
[17:33:28] [204/10944] אף אוזן גרון @ פעמי תש''ז
[17:33:42]     63 total, 63 rows over 10 page(s)
[17:33:42] [205/10944] אף אוזן גרון @ פרי גן
[17:33:54]     41 total, 41 rows over 6 page(s)
[17:33:54] [206/10944] אף אוזן גרון @ צופיה
[17:34:04]     44 total, 44 rows over 7 page(s)
[17:34:04] [207/10944] אף אוזן גרון @ צנדלה
[17:34:20]     95 total, 95 rows over 14 page(s)
[17:34:20] [208/10944] אף אוזן גרון @ קדומים
[17:34:36]     91 total, 91 rows over 14 page(s)
[17:34:36] [209/10944] אף אוזן גרון @ קוואעין
[17:34:48]     47 total, 47 rows over 7 page(s)
[17:34:48] [210/10944] אף אוזן גרון @ קלחים
[17:35:02]     63 total, 63 rows over 10 page(s)
[17:35:02] [211/10944] אף אוזן גרון @ קראות בני זיד
[17:35:10]     38 total, 38 rows over 6 page(s)
[17:35:10] [212/10944] אף אוזן גרון @ קשת
[17:35:19]     59 total, 59 rows over 9 page(s)
[17:35:19] [213/10944] אף אוזן גרון @ ראפאת ליד פדואל
[17:35:26]     38 total, 38 rows over 6 page(s)
[17:35:26] [214/10944] אף אוזן גרון @ רוויה
[17:35:41]     95 total, 95 rows over 14 page(s)
[17:35:41] [215/10944] אף אוזן גרון @ רחלים
[17:35:48]     42 total, 42 rows over 7 page(s)
[17:35:48] [216/10944] אף אוזן גרון @ רמות
[17:35:57]     59 total, 59 rows over 9 page(s)
[17:35:57] [217/10944] אף אוזן גרון @ רעננה
[17:36:13]     91 total, 91 rows over 14 page(s)
[17:36:13] [218/10944] אף אוזן גרון @ שבי שומרון
[17:36:29]     91 total, 91 rows over 14 page(s)
[17:36:29] [219/10944] אף אוזן גרון @ שדה יואב
[17:36:40]     41 total, 41 rows over 6 page(s)
[17:36:40] [220/10944] אף אוזן גרון @ שומריה
[17:36:55]     63 total, 63 rows over 10 page(s)
[17:36:55] [221/10944] אף אוזן גרון @ שיזף
[17:37:07]     47 total, 47 rows over 7 page(s)
[17:37:07] [222/10944] אף אוזן גרון @ שלומי
[17:37:14]     38 total, 38 rows over 6 page(s)
[17:37:14] [223/10944] אף אוזן גרון @ שעל
[17:37:23]     59 total, 59 rows over 9 page(s)
[17:37:23] [224/10944] אף אוזן גרון @ שפרעם
[17:37:37]     82 total, 82 rows over 12 page(s)
[17:37:37] [225/10944] אף אוזן גרון @ תדהר
[17:37:51]     63 total, 63 rows over 10 page(s)
[17:37:51] [226/10944] אף אוזן גרון @ תל
[17:38:02]     67 total, 67 rows over 10 page(s)
[17:38:02] [227/10944] אף אוזן גרון @ תמרת
[17:38:17]     95 total, 95 rows over 14 page(s)
[17:38:17] [228/10944] אף אוזן גרון @ תעשיות שער הנגב
[17:38:31]     63 total, 63 rows over 10 page(s)
[17:38:31] [229/10944] נשים @ א סייד
[17:38:49]     112 total, 112 rows over 17 page(s)
[17:38:49] [230/10944] נשים @ אבו סנאן
[17:39:02]     88 total, 88 rows over 13 page(s)
[17:39:02] [231/10944] נשים @ אדרת
[17:39:22]     132 total, 132 rows over 19 page(s)
[17:39:22] [232/10944] נשים @ אום סלמונה
[17:39:41]     132 total, 132 rows over 19 page(s)
[17:39:41] [233/10944] נשים @ אחיטוב
[17:40:04]     203 total, 139 rows over 21 page(s)  (MISSING 64)
[17:40:04] [234/10944] נשים @ אילון
[17:40:19]     88 total, 88 rows over 13 page(s)
[17:40:19] [235/10944] נשים @ אל מוע'ייר
[17:40:40]     142 total, 139 rows over 21 page(s)  (MISSING 3)
[17:40:40] [236/10944] נשים @ אספר
[17:40:59]     132 total, 132 rows over 19 page(s)
[17:40:59] [237/10944] נשים @ ארז
[17:41:14]     108 total, 108 rows over 16 page(s)
[17:41:14] [238/10944] נשים @ אשכולות
[17:41:35]     156 total, 139 rows over 21 page(s)  (MISSING 17)
[17:41:35] [239/10944] נשים @ באר יעקב
[17:41:48]     88 total, 88 rows over 13 page(s)
[17:41:48] [240/10944] נשים @ בורהאם
[17:42:07]     132 total, 132 rows over 19 page(s)
[17:42:07] [241/10944] נשים @ ביכורה
[17:42:20]     87 total, 87 rows over 13 page(s)
[17:42:20] [242/10944] נשים @ בני ברק
[17:42:30]     65 total, 65 rows over 10 page(s)
[17:42:30] [243/10944] נשים @ בסמ''ה
[17:42:54]     203 total, 139 rows over 21 page(s)  (MISSING 64)
[17:42:54] [244/10944] נשים @ ברוכין
[17:43:00]     29 total, 29 rows over 5 page(s)
[17:43:00] [245/10944] נשים @ בת עין
[17:43:19]     132 total, 132 rows over 19 page(s)
[17:43:19] [246/10944] נשים @ גבולות
[17:43:36]     112 total, 112 rows over 17 page(s)
[17:43:36] [247/10944] נשים @ גדות
[17:43:50]     87 total, 87 rows over 13 page(s)
[17:43:50] [248/10944] נשים @ גיבתון
[17:44:00]     63 total, 63 rows over 10 page(s)
[17:44:00] [249/10944] נשים @ גלגל
[17:44:19]     132 total, 132 rows over 19 page(s)
[17:44:19] [250/10944] נשים @ גני עם
[17:44:24]     29 total, 29 rows over 5 page(s)
[17:44:24] [251/10944] נשים @ גת רימון
[17:44:29]     29 total, 29 rows over 5 page(s)
[17:44:29] [252/10944] נשים @ דוב''ב
[17:44:44]     87 total, 87 rows over 13 page(s)
[17:44:44] [253/10944] נשים @ דייר חנא
[17:45:03]     120 total, 120 rows over 18 page(s)
[17:45:03] [254/10944] נשים @ דלתון
[17:45:17]     87 total, 87 rows over 13 page(s)
[17:45:17] [255/10944] נשים @ הדר עם
[17:45:39]     142 total, 139 rows over 21 page(s)  (MISSING 3)
[17:45:39] [256/10944] נשים @ היוגב
[17:46:01]     176 total, 139 rows over 21 page(s)  (MISSING 37)
[17:46:01] [257/10944] נשים @ הרדוף
[17:46:25]     185 total, 139 rows over 21 page(s)  (MISSING 46)
[17:46:25] [258/10944] נשים @ זבדיאל
[17:46:41]     108 total, 108 rows over 16 page(s)
[17:46:41] [259/10944] נשים @ זכריה
[17:46:59]     132 total, 132 rows over 19 page(s)
[17:46:59] [260/10944] נשים @ חארס
[17:47:04]     29 total, 29 rows over 5 page(s)
[17:47:04] [261/10944] נשים @ חדיד
[17:47:18]     88 total, 88 rows over 13 page(s)
[17:47:18] [262/10944] נשים @ חופית
[17:47:39]     142 total, 139 rows over 21 page(s)  (MISSING 3)
[17:47:39] [263/10944] נשים @ חמאם
[17:47:53]     87 total, 87 rows over 13 page(s)
[17:47:53] [264/10944] נשים @ חפצי בה
[17:48:16]     176 total, 139 rows over 21 page(s)  (MISSING 37)
[17:48:16] [265/10944] נשים @ חרמש
[17:48:38]     203 total, 139 rows over 21 page(s)  (MISSING 64)
[17:48:38] [266/10944] נשים @ טייבה ליד עפרה
[17:48:57]     132 total, 132 rows over 19 page(s)
[17:48:57] [267/10944] נשים @ טלמון
[17:49:16]     132 total, 132 rows over 19 page(s)
[17:49:16] [268/10944] נשים @ יאסיד
[17:49:39]     142 total, 139 rows over 21 page(s)  (MISSING 3)
[17:49:39] [269/10944] נשים @ יד חנה
[17:50:00]     142 total, 139 rows over 21 page(s)  (MISSING 3)
[17:50:00] [270/10944] נשים @ יונתן
[17:50:15]     87 total, 87 rows over 13 page(s)
[17:50:15] [271/10944] נשים @ יסוד המעלה
[17:50:28]     87 total, 87 rows over 13 page(s)
[17:50:28] [272/10944] נשים @ יפעת
[17:50:50]     176 total, 139 rows over 21 page(s)  (MISSING 37)
[17:50:50] [273/10944] נשים @ ירוחם
[17:51:09]     112 total, 112 rows over 17 page(s)
[17:51:09] [274/10944] נשים @ יתיר
[17:51:30]     156 total, 139 rows over 21 page(s)  (MISSING 17)
[17:51:30] [275/10944] נשים @ כוכב יעקב
[17:51:49]     132 total, 132 rows over 19 page(s)
[17:51:49] [276/10944] נשים @ כיסרא סומיע
[17:52:04]     88 total, 88 rows over 13 page(s)
[17:52:04] [277/10944] נשים @ כנף
[17:52:17]     87 total, 87 rows over 13 page(s)
[17:52:17] [278/10944] נשים @ כפר ביאליק
[17:52:38]     132 total, 132 rows over 19 page(s)
[17:52:38] [279/10944] נשים @ כרם מהר''ל
[17:53:01]     185 total, 139 rows over 21 page(s)  (MISSING 46)
[17:53:01] [280/10944] נשים @ להבות הבשן
[17:53:14]     87 total, 87 rows over 13 page(s)
[17:53:14] [281/10944] נשים @ לכיש
[17:53:30]     108 total, 108 rows over 16 page(s)
[17:53:30] [282/10944] נשים @ מבוא מודיעים
[17:53:44]     88 total, 88 rows over 13 page(s)
[17:53:44] [283/10944] נשים @ מגאר
[17:53:58]     87 total, 87 rows over 13 page(s)
[17:53:58] [284/10944] נשים @ מודיעין עילית
[17:54:13]     89 total, 89 rows over 13 page(s)
[17:54:13] [285/10944] נשים @ מזור
[17:54:25]     70 total, 70 rows over 11 page(s)
[17:54:25] [286/10944] נשים @ מטע
[17:54:43]     132 total, 132 rows over 19 page(s)
[17:54:43] [287/10944] נשים @ מית'לון
[17:55:05]     142 total, 139 rows over 21 page(s)  (MISSING 3)
[17:55:05] [288/10944] נשים @ מנוף
[17:55:24]     120 total, 120 rows over 18 page(s)
[17:55:24] [289/10944] נשים @ מסילת ציון
[17:55:43]     132 total, 132 rows over 19 page(s)
[17:55:43] [290/10944] נשים @ מעונה
[17:55:57]     88 total, 88 rows over 13 page(s)
[17:55:57] [291/10944] נשים @ מפעלי העמק
[17:56:11]     87 total, 87 rows over 13 page(s)
[17:56:11] [292/10944] נשים @ מצפה אילן
[17:56:33]     189 total, 139 rows over 21 page(s)  (MISSING 50)
[17:56:33] [293/10944] נשים @ מרחביה מושב
[17:56:55]     176 total, 139 rows over 21 page(s)  (MISSING 37)
[17:56:55] [294/10944] נשים @ משואות יצחק
[17:57:05]     63 total, 63 rows over 10 page(s)
[17:57:05] [295/10944] נשים @ נאות חובב
[17:57:26]     156 total, 139 rows over 21 page(s)  (MISSING 17)
[17:57:26] [296/10944] נשים @ נהלל
[17:57:48]     176 total, 139 rows over 21 page(s)  (MISSING 37)
[17:57:48] [297/10944] נשים @ נווה דניאל
[17:58:07]     132 total, 132 rows over 19 page(s)
[17:58:07] [298/10944] נשים @ נחליאל
[17:58:26]     132 total, 132 rows over 19 page(s)
[17:58:26] [299/10944] נשים @ נטף
[17:58:44]     132 total, 132 rows over 19 page(s)
[17:58:44] [300/10944] נשים @ ניצנים
[17:59:02]     108 total, 108 rows over 16 page(s)
[17:59:02] [301/10944] נשים @ נצאצרה
[17:59:20]     112 total, 112 rows over 17 page(s)
[17:59:20] [302/10944] נשים @ נתניה
[17:59:41]     142 total, 139 rows over 21 page(s)  (MISSING 3)
[17:59:41] [303/10944] נשים @ סולם שונם
[18:00:03]     176 total, 139 rows over 21 page(s)  (MISSING 37)
[18:00:03] [304/10944] נשים @ סילת א דהר
[18:00:25]     142 total, 139 rows over 21 page(s)  (MISSING 3)
[18:00:25] [305/10944] נשים @ סמר
[18:00:27]     10 total, 10 rows over 2 page(s)
[18:00:27] [306/10944] נשים @ סרה
[18:00:48]     142 total, 139 rows over 21 page(s)  (MISSING 3)
[18:00:48] [307/10944] נשים @ עברון
[18:01:03]     88 total, 88 rows over 13 page(s)
[18:01:03] [308/10944] נשים @ עוזה
[18:01:20]     108 total, 108 rows over 16 page(s)
[18:01:20] [309/10944] נשים @ עזון עתמה
[18:01:26]     29 total, 29 rows over 5 page(s)
[18:01:26] [310/10944] נשים @ עידן
[18:01:43]     112 total, 112 rows over 17 page(s)
[18:01:43] [311/10944] נשים @ עכו
[18:02:02]     120 total, 120 rows over 18 page(s)
[18:02:02] [312/10944] נשים @ עמיעד
[18:02:16]     87 total, 87 rows over 13 page(s)
[18:02:16] [313/10944] נשים @ עסירה א שמאליה
[18:02:37]     142 total, 139 rows over 21 page(s)  (MISSING 3)
[18:02:37] [314/10944] נשים @ עראבה
[18:02:56]     120 total, 120 rows over 18 page(s)
[18:02:56] [315/10944] נשים @ עשהאל
[18:03:17]     156 total, 139 rows over 21 page(s)  (MISSING 17)
[18:03:17] [316/10944] נשים @ פארק תעשיות רמת דלתון
[18:03:31]     87 total, 87 rows over 13 page(s)
[18:03:31] [317/10944] נשים @ פחמה
[18:03:53]     142 total, 139 rows over 21 page(s)  (MISSING 3)
[18:03:53] [318/10944] נשים @ פעמי תש''ז
[18:04:14]     156 total, 139 rows over 21 page(s)  (MISSING 17)
[18:04:14] [319/10944] נשים @ פרי גן
[18:04:31]     108 total, 108 rows over 16 page(s)
[18:04:31] [320/10944] נשים @ צופיה
[18:04:48]     113 total, 113 rows over 17 page(s)
[18:04:48] [321/10944] נשים @ צנדלה
[18:05:10]     176 total, 139 rows over 21 page(s)  (MISSING 37)
[18:05:10] [322/10944] נשים @ קדומים
[18:05:32]     189 total, 139 rows over 21 page(s)  (MISSING 50)
[18:05:32] [323/10944] נשים @ קוואעין
[18:05:50]     112 total, 112 rows over 17 page(s)
[18:05:50] [324/10944] נשים @ קלחים
[18:06:11]     156 total, 139 rows over 21 page(s)  (MISSING 17)
[18:06:11] [325/10944] נשים @ קראות בני זיד
[18:06:16]     29 total, 29 rows over 5 page(s)
[18:06:16] [326/10944] נשים @ קשת
[18:06:30]     87 total, 87 rows over 13 page(s)
[18:06:30] [327/10944] נשים @ ראפאת ליד פדואל
[18:06:36]     29 total, 29 rows over 5 page(s)
[18:06:36] [328/10944] נשים @ רוויה
[18:06:58]     176 total, 139 rows over 21 page(s)  (MISSING 37)
[18:06:58] [329/10944] נשים @ רחלים
[18:07:16]     132 total, 132 rows over 19 page(s)
[18:07:16] [330/10944] נשים @ רמות
[18:07:31]     87 total, 87 rows over 13 page(s)
[18:07:31] [331/10944] נשים @ רעננה
[18:07:53]     189 total, 139 rows over 21 page(s)  (MISSING 50)
[18:07:53] [332/10944] נשים @ שבי שומרון
[18:08:15]     189 total, 139 rows over 21 page(s)  (MISSING 50)
[18:08:15] [333/10944] נשים @ שדה יואב
[18:08:31]     108 total, 108 rows over 16 page(s)
[18:08:31] [334/10944] נשים @ שומריה
[18:08:52]     156 total, 139 rows over 21 page(s)  (MISSING 17)
[18:08:52] [335/10944] נשים @ שיזף
[18:09:11]     112 total, 112 rows over 17 page(s)
[18:09:11] [336/10944] נשים @ שלומי
[18:09:25]     88 total, 88 rows over 13 page(s)
[18:09:25] [337/10944] נשים @ שעל
[18:09:39]     87 total, 87 rows over 13 page(s)
[18:09:39] [338/10944] נשים @ שפרעם
[18:10:00]     185 total, 139 rows over 21 page(s)  (MISSING 46)
[18:10:00] [339/10944] נשים @ תדהר
[18:10:22]     156 total, 139 rows over 21 page(s)  (MISSING 17)
[18:10:22] [340/10944] נשים @ תל
[18:10:43]     142 total, 139 rows over 21 page(s)  (MISSING 3)
[18:10:43] [341/10944] נשים @ תמרת
[18:11:04]     176 total, 139 rows over 21 page(s)  (MISSING 37)
[18:11:04] [342/10944] נשים @ תעשיות שער הנגב
[18:11:25]     156 total, 139 rows over 21 page(s)  (MISSING 17)
[18:11:25] [343/10944] עור @ א סייד
[18:11:35]     34 total, 34 rows over 5 page(s)
[18:11:35] [344/10944] עור @ אבו סנאן
[18:11:42]     38 total, 38 rows over 6 page(s)
[18:11:42] [345/10944] עור @ אדרת
[18:11:50]     46 total, 46 rows over 7 page(s)
[18:11:50] [346/10944] עור @ אום סלמונה
[18:11:58]     46 total, 46 rows over 7 page(s)
[18:11:58] [347/10944] עור @ אחיטוב
[18:12:14]     81 total, 81 rows over 12 page(s)
[18:12:14] [348/10944] עור @ אילון
[18:12:21]     38 total, 38 rows over 6 page(s)
[18:12:21] [349/10944] עור @ אל מוע'ייר
[18:12:32]     49 total, 49 rows over 8 page(s)
[18:12:32] [350/10944] עור @ אספר
[18:12:40]     46 total, 46 rows over 7 page(s)
[18:12:40] [351/10944] עור @ ארז
[18:12:53]     32 total, 32 rows over 5 page(s)
[18:12:53] [352/10944] עור @ אשכולות
[18:13:07]     45 total, 45 rows over 7 page(s)
[18:13:07] [353/10944] עור @ באר יעקב
[18:13:13]     34 total, 34 rows over 5 page(s)
[18:13:13] [354/10944] עור @ בורהאם
[18:13:21]     46 total, 46 rows over 7 page(s)
[18:13:21] [355/10944] עור @ ביכורה
[18:13:30]     53 total, 53 rows over 8 page(s)
[18:13:30] [356/10944] עור @ בני ברק
[18:13:48]     67 total, 67 rows over 10 page(s)
[18:13:48] [357/10944] עור @ בסמ''ה
[18:14:04]     81 total, 81 rows over 12 page(s)
[18:14:04] [358/10944] עור @ ברוכין
[18:14:16]     46 total, 46 rows over 7 page(s)
[18:14:16] [359/10944] עור @ בת עין
[18:14:24]     46 total, 46 rows over 7 page(s)
[18:14:24] [360/10944] עור @ גבולות
[18:14:34]     34 total, 34 rows over 5 page(s)
[18:14:34] [361/10944] עור @ גדות
[18:14:43]     53 total, 53 rows over 8 page(s)
[18:14:43] [362/10944] עור @ גיבתון
[18:14:47]     24 total, 24 rows over 4 page(s)
[18:14:47] [363/10944] עור @ גלגל
[18:14:54]     46 total, 46 rows over 7 page(s)
[18:14:54] [364/10944] עור @ גני עם
[18:15:08]     46 total, 46 rows over 7 page(s)
[18:15:08] [365/10944] עור @ גת רימון
[18:15:22]     46 total, 46 rows over 7 page(s)
[18:15:22] [366/10944] עור @ דוב''ב
[18:15:30]     53 total, 53 rows over 8 page(s)
[18:15:30] [367/10944] עור @ דייר חנא
[18:15:41]     52 total, 52 rows over 8 page(s)
[18:15:41] [368/10944] עור @ דלתון
[18:15:49]     53 total, 53 rows over 8 page(s)
[18:15:49] [369/10944] עור @ הדר עם
[18:16:01]     49 total, 49 rows over 8 page(s)
[18:16:01] [370/10944] עור @ היוגב
[18:16:15]     85 total, 85 rows over 13 page(s)
[18:16:15] [371/10944] עור @ הרדוף
[18:16:32]     79 total, 79 rows over 12 page(s)
[18:16:32] [372/10944] עור @ זבדיאל
[18:16:44]     32 total, 32 rows over 5 page(s)
[18:16:44] [373/10944] עור @ זכריה
[18:16:52]     46 total, 46 rows over 7 page(s)
[18:16:52] [374/10944] עור @ חארס
[18:17:04]     46 total, 46 rows over 7 page(s)
[18:17:04] [375/10944] עור @ חדיד
[18:17:11]     34 total, 34 rows over 5 page(s)
[18:17:11] [376/10944] עור @ חופית
[18:17:23]     49 total, 49 rows over 8 page(s)
[18:17:23] [377/10944] עור @ חמאם
[18:17:32]     53 total, 53 rows over 8 page(s)
[18:17:32] [378/10944] עור @ חפצי בה
[18:17:46]     85 total, 85 rows over 13 page(s)
[18:17:46] [379/10944] עור @ חרמש
[18:18:04]     81 total, 81 rows over 12 page(s)
[18:18:04] [380/10944] עור @ טייבה ליד עפרה
[18:18:12]     46 total, 46 rows over 7 page(s)
[18:18:12] [381/10944] עור @ טלמון
[18:18:20]     46 total, 46 rows over 7 page(s)
[18:18:20] [382/10944] עור @ יאסיד
[18:18:32]     49 total, 49 rows over 8 page(s)
[18:18:32] [383/10944] עור @ יד חנה
[18:18:44]     49 total, 49 rows over 8 page(s)
[18:18:44] [384/10944] עור @ יונתן
[18:18:53]     53 total, 53 rows over 8 page(s)
[18:18:53] [385/10944] עור @ יסוד המעלה
[18:19:01]     53 total, 53 rows over 8 page(s)
[18:19:01] [386/10944] עור @ יפעת
[18:19:16]     85 total, 85 rows over 13 page(s)
[18:19:16] [387/10944] עור @ ירוחם
[18:19:27]     34 total, 34 rows over 5 page(s)
[18:19:27] [388/10944] עור @ יתיר
[18:19:43]     45 total, 45 rows over 7 page(s)
[18:19:43] [389/10944] עור @ כוכב יעקב
[18:19:50]     47 total, 47 rows over 7 page(s)
[18:19:50] [390/10944] עור @ כיסרא סומיע
[18:19:58]     38 total, 38 rows over 6 page(s)
[18:19:58] [391/10944] עור @ כנף
[18:20:06]     53 total, 53 rows over 8 page(s)
[18:20:06] [392/10944] עור @ כפר ביאליק
[18:20:20]     60 total, 60 rows over 9 page(s)
[18:20:20] [393/10944] עור @ כרם מהר''ל
[18:20:37]     79 total, 79 rows over 12 page(s)
[18:20:37] [394/10944] עור @ להבות הבשן
[18:20:45]     53 total, 53 rows over 8 page(s)
[18:20:45] [395/10944] עור @ לכיש
[18:20:57]     32 total, 32 rows over 5 page(s)
[18:20:57] [396/10944] עור @ מבוא מודיעים
[18:21:02]     34 total, 34 rows over 5 page(s)
[18:21:02] [397/10944] עור @ מגאר
[18:21:11]     53 total, 53 rows over 8 page(s)
[18:21:11] [398/10944] עור @ מודיעין עילית
[18:21:17]     37 total, 37 rows over 6 page(s)
[18:21:17] [399/10944] עור @ מזור
[18:21:34]     62 total, 62 rows over 9 page(s)
[18:21:34] [400/10944] עור @ מטע
[18:21:42]     46 total, 46 rows over 7 page(s)
[18:21:42] [401/10944] עור @ מית'לון
[18:21:53]     49 total, 49 rows over 8 page(s)
[18:21:53] [402/10944] עור @ מנוף
[18:22:04]     52 total, 52 rows over 8 page(s)
[18:22:04] [403/10944] עור @ מסילת ציון
[18:22:12]     46 total, 46 rows over 7 page(s)
[18:22:12] [404/10944] עור @ מעונה
[18:22:19]     38 total, 38 rows over 6 page(s)
[18:22:19] [405/10944] עור @ מפעלי העמק
[18:22:29]     53 total, 53 rows over 8 page(s)
[18:22:29] [406/10944] עור @ מצפה אילן
[18:22:51]     85 total, 85 rows over 13 page(s)
[18:22:51] [407/10944] עור @ מרחביה מושב
[18:23:06]     85 total, 85 rows over 13 page(s)
[18:23:06] [408/10944] עור @ משואות יצחק
[18:23:10]     24 total, 24 rows over 4 page(s)
[18:23:10] [409/10944] עור @ נאות חובב
[18:23:25]     45 total, 45 rows over 7 page(s)
[18:23:25] [410/10944] עור @ נהלל
[18:23:39]     85 total, 85 rows over 13 page(s)
[18:23:39] [411/10944] עור @ נווה דניאל
[18:23:47]     46 total, 46 rows over 7 page(s)
[18:23:47] [412/10944] עור @ נחליאל
[18:23:56]     46 total, 46 rows over 7 page(s)
[18:23:56] [413/10944] עור @ נטף
[18:24:03]     46 total, 46 rows over 7 page(s)
[18:24:03] [414/10944] עור @ ניצנים
[18:24:14]     32 total, 32 rows over 5 page(s)
[18:24:14] [415/10944] עור @ נצאצרה
[18:24:24]     34 total, 34 rows over 5 page(s)
[18:24:24] [416/10944] עור @ נתניה
[18:24:35]     49 total, 49 rows over 8 page(s)
[18:24:35] [417/10944] עור @ סולם שונם
[18:24:50]     85 total, 85 rows over 13 page(s)
[18:24:50] [418/10944] עור @ סילת א דהר
[18:25:01]     49 total, 49 rows over 8 page(s)
[18:25:01] [419/10944] עור @ סמר
[18:25:02]     6 total, 6 rows over 1 page(s)
[18:25:02] [420/10944] עור @ סרה
[18:25:14]     49 total, 49 rows over 8 page(s)
[18:25:14] [421/10944] עור @ עברון
[18:25:20]     38 total, 38 rows over 6 page(s)
[18:25:20] [422/10944] עור @ עוזה
[18:25:32]     32 total, 32 rows over 5 page(s)
[18:25:32] [423/10944] עור @ עזון עתמה
[18:25:44]     46 total, 46 rows over 7 page(s)
[18:25:44] [424/10944] עור @ עידן
[18:25:53]     34 total, 34 rows over 5 page(s)
[18:25:53] [425/10944] עור @ עכו
[18:26:04]     52 total, 52 rows over 8 page(s)
[18:26:04] [426/10944] עור @ עמיעד
[18:26:12]     53 total, 53 rows over 8 page(s)
[18:26:12] [427/10944] עור @ עסירה א שמאליה
[18:26:24]     49 total, 49 rows over 8 page(s)
[18:26:24] [428/10944] עור @ עראבה
[18:26:35]     52 total, 52 rows over 8 page(s)
[18:26:35] [429/10944] עור @ עשהאל
[18:26:49]     45 total, 45 rows over 7 page(s)
[18:26:49] [430/10944] עור @ פארק תעשיות רמת דלתון
[18:26:58]     53 total, 53 rows over 8 page(s)
[18:26:58] [431/10944] עור @ פחמה
[18:27:10]     49 total, 49 rows over 8 page(s)
[18:27:10] [432/10944] עור @ פעמי תש''ז
[18:27:24]     45 total, 45 rows over 7 page(s)
[18:27:24] [433/10944] עור @ פרי גן
[18:27:38]     32 total, 32 rows over 5 page(s)
[18:27:38] [434/10944] עור @ צופיה
[18:27:45]     43 total, 43 rows over 7 page(s)
[18:27:45] [435/10944] עור @ צנדלה
[18:28:00]     85 total, 85 rows over 13 page(s)
[18:28:00] [436/10944] עור @ קדומים
[18:28:22]     85 total, 85 rows over 13 page(s)
[18:28:22] [437/10944] עור @ קוואעין
[18:28:32]     34 total, 34 rows over 5 page(s)
[18:28:32] [438/10944] עור @ קלחים
[18:28:49]     45 total, 45 rows over 7 page(s)
[18:28:49] [439/10944] עור @ קראות בני זיד
[18:29:01]     46 total, 46 rows over 7 page(s)
[18:29:01] [440/10944] עור @ קשת
[18:29:10]     53 total, 53 rows over 8 page(s)
[18:29:10] [441/10944] עור @ ראפאת ליד פדואל
[18:29:22]     46 total, 46 rows over 7 page(s)
[18:29:22] [442/10944] עור @ רוויה
[18:29:37]     85 total, 85 rows over 13 page(s)
[18:29:37] [443/10944] עור @ רחלים
[18:29:45]     46 total, 46 rows over 7 page(s)
[18:29:45] [444/10944] עור @ רמות
[18:29:54]     53 total, 53 rows over 8 page(s)
[18:29:54] [445/10944] עור @ רעננה
[18:30:17]     85 total, 85 rows over 13 page(s)
[18:30:17] [446/10944] עור @ שבי שומרון
[18:30:39]     85 total, 85 rows over 13 page(s)
[18:30:39] [447/10944] עור @ שדה יואב
[18:30:50]     32 total, 32 rows over 5 page(s)
[18:30:50] [448/10944] עור @ שומריה
[18:31:04]     45 total, 45 rows over 7 page(s)
[18:31:04] [449/10944] עור @ שיזף
[18:31:15]     34 total, 34 rows over 5 page(s)
[18:31:15] [450/10944] עור @ שלומי
[18:31:22]     38 total, 38 rows over 6 page(s)
[18:31:22] [451/10944] עור @ שעל
[18:31:32]     53 total, 53 rows over 8 page(s)
[18:31:32] [452/10944] עור @ שפרעם
[18:31:47]     79 total, 79 rows over 12 page(s)
[18:31:47] [453/10944] עור @ תדהר
[18:32:02]     45 total, 45 rows over 7 page(s)
[18:32:02] [454/10944] עור @ תל
[18:32:13]     49 total, 49 rows over 8 page(s)
[18:32:13] [455/10944] עור @ תמרת
[18:32:28]     85 total, 85 rows over 13 page(s)
[18:32:28] [456/10944] עור @ תעשיות שער הנגב
[18:32:42]     45 total, 45 rows over 7 page(s)
[18:32:42] [457/10944] עיניים @ א סייד
[18:32:54]     51 total, 51 rows over 8 page(s)
[18:32:54] [458/10944] עיניים @ אבו סנאן
[18:33:04]     54 total, 54 rows over 8 page(s)
[18:33:04] [459/10944] עיניים @ אדרת
[18:33:09]     31 total, 31 rows over 5 page(s)
[18:33:09] [460/10944] עיניים @ אום סלמונה
[18:33:15]     31 total, 31 rows over 5 page(s)
[18:33:15] [461/10944] עיניים @ אחיטוב
[18:33:33]     107 total, 107 rows over 16 page(s)
[18:33:33] [462/10944] עיניים @ אילון
[18:33:43]     54 total, 54 rows over 8 page(s)
[18:33:43] [463/10944] עיניים @ אל מוע'ייר
[18:33:55]     72 total, 72 rows over 11 page(s)
[18:33:55] [464/10944] עיניים @ אספר
[18:34:00]     31 total, 31 rows over 5 page(s)
[18:34:00] [465/10944] עיניים @ ארז
[18:34:13]     51 total, 51 rows over 8 page(s)
[18:34:13] [466/10944] עיניים @ אשכולות
[18:34:31]     71 total, 71 rows over 11 page(s)
[18:34:31] [467/10944] עיניים @ באר יעקב
[18:34:38]     41 total, 41 rows over 6 page(s)
[18:34:38] [468/10944] עיניים @ בורהאם
[18:34:44]     31 total, 31 rows over 5 page(s)
[18:34:44] [469/10944] עיניים @ ביכורה
[18:34:57]     79 total, 79 rows over 12 page(s)
[18:34:57] [470/10944] עיניים @ בני ברק
[18:35:10]     76 total, 76 rows over 11 page(s)
[18:35:10] [471/10944] עיניים @ בסמ''ה
[18:35:28]     107 total, 107 rows over 16 page(s)
[18:35:28] [472/10944] עיניים @ ברוכין
[18:35:38]     59 total, 59 rows over 9 page(s)
[18:35:38] [473/10944] עיניים @ בת עין
[18:35:43]     31 total, 31 rows over 5 page(s)
[18:35:43] [474/10944] עיניים @ גבולות
[18:35:55]     51 total, 51 rows over 8 page(s)
[18:35:55] [475/10944] עיניים @ גדות
[18:36:09]     79 total, 79 rows over 12 page(s)
[18:36:09] [476/10944] עיניים @ גיבתון
[18:36:16]     36 total, 36 rows over 6 page(s)
[18:36:16] [477/10944] עיניים @ גלגל
[18:36:21]     31 total, 31 rows over 5 page(s)
[18:36:21] [478/10944] עיניים @ גני עם
[18:36:32]     59 total, 59 rows over 9 page(s)
[18:36:32] [479/10944] עיניים @ גת רימון
[18:36:42]     59 total, 59 rows over 9 page(s)
[18:36:42] [480/10944] עיניים @ דוב''ב
[18:36:56]     79 total, 79 rows over 12 page(s)
[18:36:56] [481/10944] עיניים @ דייר חנא
[18:37:10]     77 total, 77 rows over 12 page(s)
[18:37:10] [482/10944] עיניים @ דלתון
[18:37:23]     79 total, 79 rows over 12 page(s)
[18:37:23] [483/10944] עיניים @ הדר עם
[18:37:36]     72 total, 72 rows over 11 page(s)
[18:37:36] [484/10944] עיניים @ היוגב
[18:37:55]     125 total, 125 rows over 18 page(s)
[18:37:55] [485/10944] עיניים @ הרדוף
[18:38:15]     122 total, 122 rows over 18 page(s)
[18:38:15] [486/10944] עיניים @ זבדיאל
[18:38:30]     51 total, 51 rows over 8 page(s)
[18:38:30] [487/10944] עיניים @ זכריה
[18:38:35]     31 total, 31 rows over 5 page(s)
[18:38:35] [488/10944] עיניים @ חארס
[18:38:46]     59 total, 59 rows over 9 page(s)
[18:38:46] [489/10944] עיניים @ חדיד
[18:38:52]     41 total, 41 rows over 6 page(s)
[18:38:52] [490/10944] עיניים @ חופית
[18:39:06]     72 total, 72 rows over 11 page(s)
[18:39:06] [491/10944] עיניים @ חמאם
[18:39:20]     79 total, 79 rows over 12 page(s)
[18:39:20] [492/10944] עיניים @ חפצי בה
[18:39:39]     125 total, 125 rows over 18 page(s)
[18:39:39] [493/10944] עיניים @ חרמש
[18:39:57]     107 total, 107 rows over 16 page(s)
[18:39:57] [494/10944] עיניים @ טייבה ליד עפרה
[18:40:02]     31 total, 31 rows over 5 page(s)
[18:40:02] [495/10944] עיניים @ טלמון
[18:40:08]     31 total, 31 rows over 5 page(s)
[18:40:08] [496/10944] עיניים @ יאסיד
[18:40:21]     72 total, 72 rows over 11 page(s)
[18:40:21] [497/10944] עיניים @ יד חנה
[18:40:34]     72 total, 72 rows over 11 page(s)
[18:40:34] [498/10944] עיניים @ יונתן
[18:40:47]     79 total, 79 rows over 12 page(s)
[18:40:47] [499/10944] עיניים @ יסוד המעלה
[18:41:01]     79 total, 79 rows over 12 page(s)
[18:41:01] [500/10944] עיניים @ יפעת
[18:41:20]     125 total, 125 rows over 18 page(s)
[18:41:20] [501/10944] עיניים @ ירוחם
[18:41:34]     51 total, 51 rows over 8 page(s)
[18:41:34] [502/10944] עיניים @ יתיר
[18:41:52]     71 total, 71 rows over 11 page(s)
[18:41:52] [503/10944] עיניים @ כוכב יעקב
[18:41:58]     31 total, 31 rows over 5 page(s)
[18:41:58] [504/10944] עיניים @ כיסרא סומיע
[18:42:08]     54 total, 54 rows over 8 page(s)
[18:42:08] [505/10944] עיניים @ כנף
[18:42:23]     79 total, 79 rows over 12 page(s)
[18:42:23] [506/10944] עיניים @ כפר ביאליק
[18:42:40]     91 total, 91 rows over 14 page(s)
[18:42:40] [507/10944] עיניים @ כרם מהר''ל
[18:43:01]     122 total, 122 rows over 18 page(s)
[18:43:01] [508/10944] עיניים @ להבות הבשן
[18:43:14]     79 total, 79 rows over 12 page(s)
[18:43:14] [509/10944] עיניים @ לכיש
[18:43:27]     51 total, 51 rows over 8 page(s)
[18:43:27] [510/10944] עיניים @ מבוא מודיעים
[18:43:34]     41 total, 41 rows over 6 page(s)
[18:43:34] [511/10944] עיניים @ מגאר
[18:43:47]     79 total, 79 rows over 12 page(s)
[18:43:47] [512/10944] עיניים @ מודיעין עילית
[18:43:56]     43 total, 43 rows over 7 page(s)
[18:43:56] [513/10944] עיניים @ מזור
[18:44:10]     76 total, 76 rows over 11 page(s)
[18:44:10] [514/10944] עיניים @ מטע
[18:44:15]     31 total, 31 rows over 5 page(s)
[18:44:15] [515/10944] עיניים @ מית'לון
[18:44:29]     72 total, 72 rows over 11 page(s)
[18:44:29] [516/10944] עיניים @ מנוף
[18:44:42]     77 total, 77 rows over 12 page(s)
[18:44:42] [517/10944] עיניים @ מסילת ציון
[18:44:48]     31 total, 31 rows over 5 page(s)
[18:44:48] [518/10944] עיניים @ מעונה
[18:44:57]     54 total, 54 rows over 8 page(s)
[18:44:57] [519/10944] עיניים @ מפעלי העמק
[18:45:09]     79 total, 79 rows over 12 page(s)
[18:45:09] [520/10944] עיניים @ מצפה אילן
[18:45:29]     112 total, 112 rows over 17 page(s)
[18:45:29] [521/10944] עיניים @ מרחביה מושב
[18:45:50]     125 total, 125 rows over 18 page(s)
[18:45:50] [522/10944] עיניים @ משואות יצחק
[18:45:56]     36 total, 36 rows over 6 page(s)
[18:45:56] [523/10944] עיניים @ נאות חובב
[18:46:15]     request error (Error), retry 1/4 in 2s
[18:46:19]     71 total, 27 rows over 5 page(s)  (MISSING 44)
[18:46:19] [524/10944] עיניים @ נהלל
[18:46:19]     Non-HTML payload {'errorType': 2, 'message': None, 'data_type': 'dict'} - re-warming session
[18:46:19] Establishing session (attempt 1/3) ...
  Log in in the browser window (ID, password, CAPTCHA, SMS), then press Enter... 